# The configurations that used for the recording, feel free to edit them
config:

  # Specify a command to be executed
  # like `/bin/bash -l`, `ls`, or any other commands
  # the default is bash for Linux
  # or powershell.exe for Windows
  command: powershell.exe
  
  # Specify the current working directory path
  # the default is the current working directory path
  cwd: C:\Windows\System32
  
  # Export additional ENV variables
  env:
    recording: true
  
  # Explicitly set the number of columns
  # or use `auto` to take the current
  # number of columns of your shell
  cols: 168
  
  # Explicitly set the number of rows
  # or use `auto` to take the current
  # number of rows of your shell
  rows: 43
  
  # Amount of times to repeat GIF
  # If value is -1, play once
  # If value is 0, loop indefinitely
  # If value is a positive number, loop n times
  repeat: 0
  
  # Quality
  # 1 - 100
  quality: 100
  
  # Delay between frames in ms
  # If the value is `auto` use the actual recording delays
  frameDelay: auto
  
  # Maximum delay between frames in ms
  # Ignored if the `frameDelay` isn't set to `auto`
  # Set to `auto` to prevent limiting the max idle time
  maxIdleTime: 2000
  
  # The surrounding frame box
  # The `type` can be null, window, floating, or solid`
  # To hide the title use the value null
  # Don't forget to add a backgroundColor style with a null as type
  frameBox:
    type: floating
    title: Terminalizer
    style:
      border: 0px black solid
      # boxShadow: none
      # margin: 0px
  
  # Add a watermark image to the rendered gif
  # You need to specify an absolute path for
  # the image on your machine or a URL, and you can also
  # add your own CSS styles
  watermark:
    imagePath: null
    style:
      position: absolute
      right: 15px
      bottom: 15px
      width: 100px
      opacity: 0.9
  
  # Cursor style can be one of
  # `block`, `underline`, or `bar`
  cursorStyle: block
  
  # Font family
  # You can use any font that is installed on your machine
  # in CSS-like syntax
  fontFamily: "Monaco, Lucida Console, Ubuntu Mono, Monospace"
  
  # The size of the font
  fontSize: 12
  
  # The height of lines
  lineHeight: 1
  
  # The spacing between letters
  letterSpacing: 0
  
  # Theme
  theme:
    background: "transparent"
    foreground: "#afafaf"
    cursor: "#c7c7c7"
    black: "#232628"
    red: "#fc4384"
    green: "#b3e33b"
    yellow: "#ffa727"
    blue: "#75dff2"
    magenta: "#ae89fe"
    cyan: "#708387"
    white: "#d5d5d0"
    brightBlack: "#626566"
    brightRed: "#ff7fac"
    brightGreen: "#c8ed71"
    brightYellow: "#ebdf86"
    brightBlue: "#75dff2"
    brightMagenta: "#ae89fe"
    brightCyan: "#b1c6ca"
    brightWhite: "#f9f9f4"
  
# Records, feel free to edit them
records:
  - delay: 621
    content: "\e[?9001h\e[?1004h"
  - delay: 103
    content: "\e[?25l\e[2J\e[m\e[HWindows PowerShell\r\nCopyright (C) Microsoft Corporation. All rights reserved.\e[4;1HInstall the latest PowerShell for new features and improvements! https://aka.ms/PSWindows\e]0;C:\\WINDOWS\\System32\\WindowsPowerShell\\v1.0\\powershell.exe\a\e[?25h"
  - delay: 12
    content: "\e[?25l\e[6;1H\e]0;Administrator: C:\\WINDOWS\\System32\\WindowsPowerShell\\v1.0\\powershell.exe\a\e[?25h"
  - delay: 157
    content: 'PS C:\Windows\System32> '
  - delay: 566564
    content: "\e[?25l"
  - delay: 12
    content: "\e[93ms\e[?25h"
  - delay: 343
    content: "\e[m\e[?25l"
  - delay: 19
    content: "\e[93m\bss\e[?25h"
  - delay: 236
    content: "\e[m\e[?25l"
  - delay: 21
    content: "\e[93m\e[6;25Hssh\e[?25h"
  - delay: 812
    content: "\e[m\e[?25l"
  - delay: 21
    content: "\e[93m\e[6;25Hssh \e[?25h"
  - delay: 221
    content: "\e[m\e[?25l"
  - delay: 12
    content: "\e[93m\e[6;25Hssh \e[37mr\e[?25h"
  - delay: 224
    content: "\e[m\e[?25l"
  - delay: 15
    content: "\e[93m\e[6;25Hssh \e[37mro\e[?25h"
  - delay: 135
    content: "\e[m\e[?25l"
  - delay: 10
    content: "\e[93m\e[6;25Hssh \e[37mroo\e[?25h"
  - delay: 227
    content: "\e[m\e[?25l"
  - delay: 17
    content: "\e[93m\e[6;25Hssh \e[37mroot\e[?25h"
  - delay: 4131
    content: "\e[m\e[?25l"
  - delay: 16
    content: "\e[93m\e[6;25Hssh \e[37mroot@\e[?25h"
  - delay: 2785
    content: "\e[m\e[?25l"
  - delay: 20
    content: "\e[93m\e[6;25Hssh \e[37mroot@1\e[?25h"
  - delay: 331
    content: "\e[m\e[?25l"
  - delay: 12
    content: "\e[93m\e[6;25Hssh \e[37mroot@10\e[?25h"
  - delay: 723
    content: "\e[m\e[?25l"
  - delay: 11
    content: "\e[93m\e[6;25Hssh \e[37mroot@10.\e[?25h"
  - delay: 290
    content: "\e[m\e[?25l"
  - delay: 16
    content: "\e[93m\e[6;25Hssh \e[37mroot@10.1\e[?25h"
  - delay: 974
    content: "\e[m\e[?25l"
  - delay: 13
    content: "\e[93m\e[6;25Hssh \e[37mroot@10.18\e[?25h"
  - delay: 250
    content: "\e[m\e[?25l"
  - delay: 12
    content: "\e[93m\e[6;25Hssh \e[37mroot@10.180\e[?25h"
  - delay: 521
    content: "\e[m\e[?25l"
  - delay: 15
    content: "\e[93m\e[6;25Hssh \e[37mroot@10.180.\e[?25h"
  - delay: 340
    content: "\e[m\e[?25l"
  - delay: 17
    content: "\e[93m\e[6;25Hssh \e[37mroot@10.180.3\e[?25h"
  - delay: 896
    content: "\e[m\e[?25l"
  - delay: 13
    content: "\e[93m\e[6;25Hssh \e[37mroot@10.180.3.\e[?25h"
  - delay: 300
    content: "\e[m\e[?25l"
  - delay: 18
    content: "\e[93m\e[6;25Hssh \e[37mroot@10.180.3.5\e[?25h"
  - delay: 256
    content: "\e[m\e[?25l"
  - delay: 24
    content: "\e[93m\e[6;25Hssh \e[37mroot@10.180.3.50\e[?25h"
  - delay: 18540
    content: "\e[m"
  - delay: 22
    content: "\r\n"
  - delay: 446
    content: 'root@10.180.3.50''s password: '
  - delay: 2986
    content: "\r\n"
  - delay: 211
    content: "\e[?25lTo install \e[38;2;23;147;209mArch Linux \e[mfollow the installation guide:\r\nhttps://wiki.archlinux.org/title/Installation_guide\e[11;1HFor Wi-Fi, authenticate to the wireless network using the \e[35miwctl \e[mutility.\r\nFor mobile broadband (WWAN) modems, connect with the \e[35mmmcli \e[mutility.\r\nEthernet, WLAN and WWAN interfaces using DHCP should work automatically.\e[15;1HAfter connecting to the internet, the installation guide can be accessed\r\nvia the convenience script \e[35mInstallation_guide\e[m.\e[41m\e[18;1H   \e[40m \e[44m \e[40m \e[41m \e[46m \e[45m \e[41m \e[46m \e[43m \e[41m \e[44m \e[45m \e[40m \e[44m \e[40m \e[41m \e[44m \e[41m  \e[46m \e[42m \e[41m \e[44m \e[43m \e[41m \e[45m \e[40m  \e[44m \e[40m \e[41m \e[44m \e[42m \e[41m \e[46m \e[44m \e[41m \e[46m \e[47m \r\n\e[?25h"
  - delay: 16
    content: "\e[m"
  - delay: 110
    content: "                                                                                                                                                                        \e[19;1H"
  - delay: 7
    content: "\e[?1h\e=\e[?2004h"
  - delay: 18
    content: "\e[?25l\e[31m\e[1mroot\e[m@archiso \e[1m~ \e[22m#                                                                                                                                                        \r\n\e[K\r\n\e[K\r\n\e[K\r\n\e[K\r\n\e[K\r\n\e[K\r\n\e[K\r\n\e[K\r\n\e[K\r\n\e[K\r\n\e[K\r\n\e[K\r\n\e[K\r\n\e[K\r\n\e[K\r\n\e[K\r\n\e[K\r\n\e[K\r\n\e[K\r\n\e[K\r\n\e[K\r\n\e[K\r\n\e[K\r\n\e[K\e[19;18H\e]0;root@archiso: ~\a\e[?25h"
  - delay: 520717
    content: l
  - delay: 473
    content: "\bls"
  - delay: 1229
    content: b
  - delay: 369
    content: l
  - delay: 312
    content: k
  - delay: 32667
    content: "\e[?1l\e>\e[?2004l"
  - delay: 10
    content: "\e[?1h\e=\e[?2004h\e[?25l\r\nNAME        MAJ:MIN RM   SIZE RO TYPE MOUNTPOINTS\r\nloop0         7:0    0 973.1M  1 loop /run/archiso/airootfs\r\nsda           8:0    1   7.5G  0 disk \r\n├─sda1        8:1    1   1.2G  0 part \r\n└─sda2        8:2    1   253M  0 part \r\nnvme0n1     259:0    0 238.5G  0 disk \r\n├─nvme0n1p1 259:1    0   260M  0 part \r\n├─nvme0n1p2 259:2    0    16M  0 part \r\n├─nvme0n1p3 259:3    0 187.9G  0 part \r\n├─nvme0n1p4 259:4    0   1.2G  0 part \r\n└─nvme0n1p5 259:5    0   260M  0 part \e[31m\e[1m\r\nroot\e[m@archiso \e[1m~ \e[22m#                                                                                                                                                        \r\n\e[K\r\n\e[K\r\n\e[K\r\n\e[K\r\n\e[K\r\n\e[K\r\n\e[K\r\n\e[K\r\n\e[K\r\n\e[K\r\n\e[K\r\n\e[K\e[31;18H\e[?25h"
  - delay: 12067
    content: c
  - delay: 206
    content: "\bcf"
  - delay: 205
    content: d
  - delay: 512
    content: i
  - delay: 511
    content: s
  - delay: 614
    content: k
  - delay: 62671
    content: ' '
  - delay: 1056
    content: /
  - delay: 1811
    content: d
  - delay: 230
    content: e
  - delay: 556
    content: v
  - delay: 487
    content: /
  - delay: 2548
    content: 'n'
  - delay: 421
    content: v
  - delay: 1988
    content: m
  - delay: 3802
    content: e
  - delay: 5325
    content: '0'
  - delay: 409
    content: 'n'
  - delay: 1701
    content: '1'
  - delay: 23904
    content: "\e[?1l\e>\e[?2004l\r\n"
  - delay: 14
    content: "\e]0;root@archiso: cfdisk /dev/nvme0n1\a"
  - delay: 58
    content: "\e[?1049h\e[22;0;0t\e[?1h\e="
  - delay: 8
    content: "\e[?25l\e[H\e[K\r\n\e[K\r\n\e[K\r\n\e[K\r\n\e[K\r\n\e[K\r\n\e[K\r\n\e[K\r\n\e[K\r\n\e[K\r\n\e[K\r\n\e[K\r\n\e[K\r\n\e[K\r\n\e[K\r\n\e[K\r\n\e[K\r\n\e[K\r\n\e[K\r\n\e[K\r\n\e[K\r\n\e[K\r\n\e[K\r\n\e[K\r\n\e[K\r\n\e[K\r\n\e[K\r\n\e[K\r\n\e[K\r\n\e[K\r\n\e[K\r\n\e[K\r\n\e[K\r\n\e[K\r\n\e[K\r\n\e[K\r\n\e[K\r\n\e[K\r\n\e[K\r\n\e[K\r\n\e[K\r\n\e[K\r\n\e[K\e[168C\e[2J\e[H\e[75X\e[1m\e[75CDisk: /dev/nvme0n1\e[22m\e[K\r\n                                                        Size: 238.47 GiB, 256060514304 bytes, 500118192 sectors\e[K\r\n                                                      Label: gpt, identifier: 953489EF-1512-4549-A17F-E41DBA9C2946\e[K\r\n\e[K\r\n    \e[1mDevice\e[22m\e[41X\e[1m\e[41CStart\e[22m\e[21X\e[1m\e[21CEnd\e[22m\e[17X\e[1m\e[17CSectors\e[22m\e[17X\e[1m\e[17CSize Type\e[22m\e[K\r\n\e[K\r\n\e[K\r\n\e[K\r\n\e[K\r\n\e[K\r\n\e[K\r\n\e[K\r\n\e[K\r\n\e[K\r\n\e[K\r\n\e[K\r\n\e[K\r\n\e[K\r\n\e[K\r\n\e[K\r\n\e[K\r\n\e[K\r\n\e[K\r\n\e[K\r\n\e[K\r\n\e[K\r\n\e[K\r\n\e[K\r\n\e[K\r\n\e[K\r\n\e[K\r\n\e[K\r\n\e[K\r\n\e[K\r\n\e[K\r\n\e[K\r\n\e[K\r\n\e[K\r\n\e[K\r\n\e[K\r\n\e[K\r\n\e[K\r\n\e[K\e[168C\e[2J"
  - delay: 18
    content: "\e[H\e[75X\e[1m\e[75CDisk: /dev/nvme0n1\e[22m\e[K\r\n                                                        Size: 238.47 GiB, 256060514304 bytes, 500118192 sectors\e[K\r\n                                                      Label: gpt, identifier: 953489EF-1512-4549-A17F-E41DBA9C2946\e[K\r\n\e[K\r\n    \e[1mDevice\e[22m\e[41X\e[1m\e[41CStart\e[22m\e[21X\e[1m\e[21CEnd\e[22m\e[17X\e[1m\e[17CSectors\e[22m\e[17X\e[1m\e[17CSize Type\e[22m\e[K\e[7m\r\n>>  /dev/nvme0n1p1                                  2048                  534527                  532480                 260M EFI System                                \e[27m    /dev/nvme0n1p2                                534528                  567295                   32768                  16M Microsoft reserved\e[K\r\n    /dev/nvme0n1p3                                567296               394574478               394007183               187.9G Microsoft basic data\e[K\e[32m\r\n    Free space                                 394575872               496975871               102400000                48.8G\e[K\e[m\r\n    /dev/nvme0n1p4                             496975872               499585023                 2609152                 1.2G Windows recovery environment\e[K\r\n    /dev/nvme0n1p5                             499585024               500117503                  532480                 260M Windows recovery environment\e[K\r\n\e[K\r\n\e[K\r\n\e[K\r\n\e[K\r\n\e[K\r\n\e[K\r\n\e[K\r\n\e[K\r\n\e[K\r\n\e[K\r\n\e[K\r\n\e[K\r\n\e[K\r\n\e[K\r\n\e[K\r\n\e[K\r\n\e[K\r\n\e[K\r\n\e[K\r\n\e[K\r\n\e[K\r\n\e[K\r\n\e[K\r\n\e[K\r\n\e[K\r\n\e[K\r\n\e[K\r\n\e[K\r\n                                           [ Delete ]  [ Resize ]  \e[7m[  Quit  ]\e[27m  [  Type  ]  [  Help  ]  [  Write ]  [  Dump  ]\e[K\r\n\e[K\r\n\e[K\r\n\e[66X\e[1m\e[66CQuit program without writing changes\e[22m\e[K\e[66C"
  - delay: 371
    content: "\e[32;1H ┌────────────────────────────────────────────────────────────────────────────────────────────────────────────────────────────────────────────────────────────────────┐\r\n │  Partition name: EFI system partition\e[126C│\r\n │  Partition UUID: F9D7E64F-61AF-4832-A217-ADAE84D0C4BB\e[110C│\r\n │  Partition type: EFI System (C12A7328-F81F-11D2-BA4B-00A0C93EC93B)\e[97C│\r\n │ Filesystem UUID: 56E1-C25E\e[137C│\r\n │Filesystem LABEL: SYSTEM\e[140C│\r\n │\e[6CFilesystem: vfat\e[142C│\r\n └────────────────────────────────────────────────────────────────────────────────────────────────────────────────────────────────────────────────────────────────────┘"
  - delay: 49496
    content: "\e[35;1H ┌────────────────────────────────────────────────────────────────────────────────────────────────────────────────────────────────────────────────────────────────────┐\e[36;3HPartition name: Microsoft reserved partition\e[37;3HPartition UUID: 3971AA50-41F1-455F-BEC4-5E1276B67DCE\e[38;3HPartition type: Microsoft reserved (E3C9E316-0B5C-4DB8-817D-F92DF00215AE)"
  - delay: 10
    content: "\e[6;1H    /dev/nvme0n1p1                                  2048                  534527                  532480                 260M EFI System                                \e[7m>>  /dev/nvme0n1p2                                534528                  567295                   32768                  16M Microsoft reserved                        \e[27m\e[32;1H\e[K\r\n\e[K\r\n\e[K\e[168C"
  - delay: 247
    content: "\e[7;1H    /dev/nvme0n1p2                                534528                  567295                   32768                  16M Microsoft reserved                        \e[7m>>  /dev/nvme0n1p3                                567296               394574478               394007183               187.9G Microsoft basic data                      \e[27m\e[12;1H\e[K\r\n\e[K\r\n\e[K\r\n\e[K\r\n\e[K\r\n\e[K\r\n\e[K\r\n\e[K\r\n\e[K\r\n\e[K\r\n\e[K\r\n\e[K\r\n\e[K\r\n\e[K\r\n\e[K\r\n\e[K\r\n\e[K\r\n\e[K\r\n\e[K\r\n\e[K\r\n ┌────────────────────────────────────────────────────────────────────────────────────────────────────────────────────────────────────────────────────────────────────┐ \r\n │  Partition name: Basic data partition                                                                                                                              │ \r\n │  Partition UUID: 9FC9B22F-8FFC-4215-8113-ACA9191DCB95                                                                                                              │ \r\n │  Partition type: Microsoft basic data (EBD0A0A2-B9E5-4433-87C0-68B6B72699C7)                                                                                       │ \r\n │ Filesystem UUID: 0810E36910E35C66                                                                                                                                  │ \r\n │Filesystem LABEL: OS                                                                                                                                                │ \r\n │      Filesystem: ntfs                                                                                                                                              │ "
  - delay: 344
    content: "\e[8;1H    /dev/nvme0n1p3                                567296               394574478               394007183               187.9G Microsoft basic data                      \e[8;191H"
  - delay: 12
    content: "\e[7m\r\n>>  Free space                                 394575872               496975871               102400000                48.8G                                           \e[27m\e[32;1H\e[K\r\n\e[K\r\n\e[K\r\n\e[K\r\n\e[K\r\n\e[K\r\n\e[K\r\n\e[K\r\n\e[55X\e[7m\e[55C[   New  ]\e[27m  [  Quit  ]  [  Help  ]  [  Write ]  [  Dump  ]\e[K\e[1m\e[43;67HCreate new partition from free space"
  - delay: 573030
    content: "\e[?12l\e[22m\e[40;1H Partition size: 48.8G\e[K\e[1m\e[43;50HMay be followed by M for MiB, G for GiB, T for TiB, or S for sectors.\e[40;23H\e[?25h"
  - delay: 3608
    content: "\e[22m\b \b"
  - delay: 271
    content: "\b \b"
  - delay: 243
    content: "\b \b"
  - delay: 163
    content: "\b \b"
  - delay: 162
    content: "\b \b"
  - delay: 132
    content: "\a"
  - delay: 1129
    content: '3'
  - delay: 2894
    content: G
  - delay: 1879
    content: "\b \b"
  - delay: 2741
    content: G
  - delay: 3778
    content: "\r\e[K\e[?25l\e[168C\e[2J"
  - delay: 6
    content: "\e[H\e[75X\e[1m\e[75CDisk: /dev/nvme0n1\e[22m\e[K\r\n                                                        Size: 238.47 GiB, 256060514304 bytes, 500118192 sectors\e[K\r\n\e[K\r\n\e[K\r\n\e[K\r\n\e[K\r\n\e[K\r\n\e[K\r\n\e[K\r\n\e[K\r\n\e[K\r\n\e[K\r\n\e[K\r\n\e[K\r\n\e[K\r\n\e[K\r\n\e[K\r\n\e[K\r\n\e[K\r\n\e[K\r\n\e[K\r\n\e[K\r\n\e[K\r\n\e[K\r\n\e[K\r\n\e[K\r\n\e[K\r\n\e[K\r\n\e[K\r\n\e[K\r\n\e[K\r\n\e[K\r\n\e[K\r\n\e[K\r\n\e[K\r\n\e[K\r\n\e[K\r\n\e[K\r\n\e[K\r\n\e[K\r\n\e[K\r\n\e[K\r\n\e[K\e[168C"
  - delay: 18
    content: "\e[3;55HLabel: gpt, identifier: 953489EF-1512-4549-A17F-E41DBA9C2946\e[1m\e[5;5HDevice\e[22m\e[41X\e[1m\e[41CStart\e[22m\e[21X\e[1m\e[21CEnd\e[22m\e[17X\e[1m\e[17CSectors\e[22m\e[17X\e[1m\e[17CSize Type\e[22m\e[K\e[6;5H/dev/nvme0n1p1\e[34C2048\e[18C534527\e[18C532480\e[17C260M EFI System\e[7;5H/dev/nvme0n1p2\e[32C534528\e[18C567295\e[19C32768\e[18C16M Microsoft reserved\e[8;5H/dev/nvme0n1p3\e[32C567296\e[15C394574478\e[15C394007183\e[15C187.9G Microsoft basic data\e[7m\r\n>>  /dev/nvme0n1p4                             496975872               499585023                 2609152                 1.2G Windows recovery environment              \e[27m\e[10;5H/dev/nvme0n1p5\e[29C499585024\e[15C500117503\e[18C532480\e[17C260M Windows recovery environment\e[11;5H/dev/nvme0n1p6\e[29C394575872\e[15C400867327\e[17C6291456\e[19C3G Linux filesystem\e[32m\r\n    Free space                                 400867328               496975871                96108544                45.8G\e[K\e[m\e[40;38H[ Delete ]  [ Resize ]  \e[7m[  Quit  ]\e[27m  [  Type  ]  [  Help  ]  [  Sort  ]  [  Write ]  [  Dump  ]\e[1m\e[43;67HQuit program without writing changes"
  - delay: 17
    content: "\e[22m\e[33;1H ┌────────────────────────────────────────────────────────────────────────────────────────────────────────────────────────────────────────────────────────────────────┐\r\n │ Partition UUID: 803D3B14-1AA8-420B-BC7B-D43BCDB55291\e[111C│\r\n │ Partition type: Windows recovery environment (DE94BBA4-06D1-4D40-A16A-BFD50179D6AC)\e[80C│\r\n │     Attributes: RequiredPartition GUID:63"
  - delay: 15
    content: "\e[122C│\r\n │Filesystem UUID: 54B8C928B8C90A06\e[131C│\r\n │     Filesystem: ntfs\e[143C│\r\n └────────────────────────────────────────────────────────────────────────────────────────────────────────────────────────────────────────────────────────────────────┘\e[34m\e[42;55HNote that partition table entries are not in disk order now.\e[m\r\n\e[K\e[168C"
  - delay: 5507
    content: "\e[32m\e[12;1H    Free space                                 400867328               496975871                96108544\e[K\e[m\r\n\e[K\r\n\e[K\r\n\e[K\r\n\e[K\r\n\e[K\r\n\e[K\r\n\e[K\r\n\e[K\r\n\e[K\r\n\e[K\r\n\e[K\r\n\e[K\r\n\e[K\r\n\e[K\r\n\e[K\r\n\e[K\r\n\e[K\r\n\e[K\r\n ┌────────────────────────────────────────────────────────────────────────────────────────────────────────────────────────────────────────────────────────────────────┐ \r\n\e[K\r\n\e[K\e[168C"
  - delay: 12
    content: "\e[9;1H    /dev/nvme0n1p4                             496975872               499585023                 2609152                 1.2G Windows recovery environment              \e[7m>>  /dev/nvme0n1p5                             499585024               500117503                  532480                 260M Windows recovery environment              \e[32m\e[27m\e[12;121H45.8G\e[K\e[m\e[32;2H│  Partition name: Basic data partition\e[126C│\r\n │  Partition UUID: 22E64C0B-44DC-47F9-AFED-C4A1FBA1FE68\e[110C│\e[34;4H Partition type: Windows recovery environment (DE94BBA4-06D1-4D40-A16A-BFD50179D6AC)\e[35;4H     Attributes: RequiredPartition GUID:63\e[41X\e[36;4HFilesystem UUID: D64C-9316\e[15X\e[37;14HLABEL: MYASUS\e[9X\e[38;8H Filesystem: vfat\e[42;1H\e[K\e[1m\e[43;67HQuit program without writing changes"
  - delay: 373
    content: "\e[22m\e[36;1H ┌────────────────────────────────────────────────────────────────────────────────────────────────────────────────────────────────────────────────────────────────────┐"
  - delay: 14
    content: "\e[10;1H    /dev/nvme0n1p5                             499585024               500117503                  532480                 260M Windows recovery environment              \e[7m>>  /dev/nvme0n1p6                             394575872               400867327                 6291456                   3G Linux filesystem                          \e[27m\e[31;1H\e[K\r\n\e[K\r\n\e[K\r\n\e[K\r\n\e[K\e[37;3HPartition UUID: B548929C-223E-4698-8F73-93AA6DF5B2FB\e[38;3HPartition type: Linux filesystem (0FC63DAF-8483-4772-8E79-3D69D8477DE4)"
  - delay: 3200
    content: "\e[40;62H[  Quit  ]  \e[7m[  Type  ]\e[27m\e[43;1H\e[71X\e[1m\e[71CChange the partition type\e[22m\e[K\e[72C"
  - delay: 1919
    content: "\e[1;64H┌\e[1m Select partition type \e[22m─────────────────┐\r\n\e[63X\e[63C"
  - delay: 16
    content: "│ EFI System                             │\e[K\r\n                                                               │ MBR partition scheme                   │\e[K\e[4;64H│ Intel Fast Flash\e[23C│\r\n                                                               │ BIOS boot                              │\e[K\r\n                                                               │ Sony boot partition\e[14C      │\e[K\r\n                                                               │ Lenovo boot partition\e[13C     │\e[K\r\n                                                               │ PowerPC PReP boot\e[13C         │\e[K\r\n                                                               │ ONIE boot      \e[17C       │                                                                                                                              │ ONIE config    \e[18C      │                                                                                                                              │ Microsoft reserved                     │                                                                                                                              │ Microsoft basic data                   │\e[K\e[13;64H│ Microsoft LDM metadata\e[17C│\e[14;64H│ Microsoft LDM data\e[21C│\e[15;64H│ Windows recovery environment\e[11C│\e[16;64H│ IBM General Parallel Fs\e[16C│\e[17;64H│ Microsoft Storage Spaces\e[15C│\e[18;64H│ HP-UX data\e[29C│\e[19;64H│ HP-UX service\e[26C│\e[20;64H│ Linux swap\e[29C│\e[21;64H│\e[7m Linux filesystem                       \e[27m│\e[22;64H│ Linux server data\e[22C│\e[23;64H│ Linux root (x86)\e[23C│\e[24;64H│ Linux root (x86-64)\e[20C│\e[25;64H│ Linux root (Alpha)\e[21C│\e[26;64H│ Linux root (ARC)\e[23C│\e[27;64H│ Linux root (ARM)\e[23C│\e[28;64H│ Linux root (ARM-64)\e[20C│\e[29;64H│ Linux root (IA-64)\e[21C│\e[30;64H│ Linux root (LoongArch-64)\e[14C│\e[31;64H│ Linux root (MIPS-32 LE)\e[16C│\e[32;64H│ Linux root (MIPS-64 LE)\e[16C│\e[33;64H│ Linux root (HPPA/PARISC)\e[15C│\e[34;64H│ Linux root (PPC)\e[23C│\e[35;64H│ Linux root (PPC64)\e[21C│\r\n                                                               │ Linux root (PPC64LE)                   │\e[K\r\n                                                               │ Linux root (RISC-V-32)                 │\e[K\r\n                                                               │ Linux root (RISC-V-64)                 │\e[K\r\n                                                               │ Linux root (S390)                      │\e[K\r\n                                                               │ Linux root (S390X)                     │\e[K\e[41;64H└──────────────────────────────────────↓─┘\e[1m\e[43;67H0FC63DAF-8483-4772-8E79-3D69D8477DE4"
  - delay: 3034
    content: "\e[22m"
  - delay: 15
    content: "\e[7m\e[20;65H Linux swap                             \e[27m\e[21;65H Linux filesystem\e[23X\e[1m\e[43;68H657FD6D-A4AB-43C4-84E5-0933C84B4F4F"
  - delay: 400
    content: "\e[22m\e[7m\e[19;65H HP-UX service                          \e[27m\e[20;65H Linux swap\e[29X\e[29C"
  - delay: 19
    content: "\e[1m\e[43;67HE2A1E728-32E3-11D6-A682-7B03A0000000"
  - delay: 391
    content: "\e[22m\e[7m\e[18;65H HP-UX data                             \e[27m\e[19;65H HP-UX service\e[26X\e[1m\e[43;67H75894C1E-3AEB-11D3-B7C1"
  - delay: 17
    content: "\e[22m\e[7m\e[15;65H Windows recovery environment           \e[27m\e[16;65H IBM General Parallel Fs\e[16X\e[17;65H Microsoft Storage Spaces\e[15X\e[18;65H HP-UX data\e[29X\e[1m\e[43;67HDE94BBA4-06D1-4D40-A16A-BFD50179D6AC"
  - delay: 20
    content: "\e[22m\e[7m\e[14;65H Microsoft LDM data                     \e[27m\e[15;65H Windows recovery environment\e[11X\e[1m\e[43;67HAF9B60A0-1431-4F62-BC68-3311714A69AD"
  - delay: 20
    content: "\e[22m\e[7m\e[13;65H Microsoft LDM metadata                 \e[27m\e[14;65H Microsoft LDM data\e[21X\e[1m\e[43;67H5808C8AA-7E8F-42E0-85D2-E1E90434CFB3"
  - delay: 85
    content: "\e[22m\e[7m\e[12;65H Microsoft basic data                   \e[27m\e[13;65H Microsoft LDM metadata\e[17X\e[1m\e[43;67HEBD0A0A2-B9E5-4433-87C0-68B6B72699C7"
  - delay: 8
    content: "\e[22m\e[7m\e[11;65H Microsoft reserved                     \e[27m\e[12;65H Microsoft basic data\e[19X\e[1m\e[43;68H3C9E316-0B5C-4DB8-817D-F92DF00215AE"
  - delay: 20
    content: "\e[22m\e[7m\e[10;65H ONIE config                            \e[27m\e[11;65H Microsoft reserved\e[21X\e[1m\e[43;67HD4E6E2CD-4469-46F3-B5CB-1BFF57AFC149"
  - delay: 27
    content: "\e[22m\e[7m\e[9;65H ONIE boot                              \e[27m\e[10;65H ONIE config\e[28X\e[28C"
  - delay: 18
    content: "\e[1m\e[43;67H7412F7D5-A156-4B13-81DC-867174929325"
  - delay: 16
    content: "\e[22m\e[7m\e[8;65H PowerPC PReP boot                      \e[27m\e[9;65H ONIE boot\e[30X\e[1m\e[43;67H9E1A2D38-C612-4316-AA26-8B49521E5A8B"
  - delay: 24
    content: "\e[22m\e[7m\e[7;65H Lenovo boot partition                  "
  - delay: 16
    content: "\e[27m\e[8;65H PowerPC PReP boot\e[22X\e[1m\e[43;67HBFBFAFE7-A34F-448A-9A5B-6213EB736C22"
  - delay: 246
    content: "\e[22m\e[7m\e[6;65H Sony boot partition                    \e[27m\e[7;65H Lenovo boot partition\e[18X\e[1m\e[43;67HF4019732-066E-4E12-8273-346C5641494F"
  - delay: 24
    content: "\e[22m"
  - delay: 138
    content: "\e[7m\e[5;65H BIOS boot                              \e[27m\e[6;65H Sony boot partition\e[20X\e[1m\e[43;67H21686148-6449-6E6F-744E-656564454649"
  - delay: 25
    content: "\e[22m"
  - delay: 137
    content: "\e[7m\e[4;65H Intel Fast Flash                       \e[27m\e[5;65H BIOS boot\e[30X\e[1m\e[43;67HD3BFE2DE-3DAF-11DF-BA40-E3A556D89593"
  - delay: 25
    content: "\e[22m"
  - delay: 153
    content: "\e[7m\e[3;65H MBR partition scheme                   \e[27m\e[4;65H Intel Fast Flash\e[23X\e[1m\e[43;67H024DEE41-33E7-11D3-9D69-0008C781F39F"
  - delay: 10
    content: "\e[22m"
  - delay: 365
    content: "\e[7m\e[2;65H EFI System                             \e[27m\e[3;65H MBR partition scheme\e[19X\e[1m\e[43;67HC12A7328-F81F-11D2-BA4B-00A0C93EC93B"
  - delay: 24
    content: "\e[22m"
  - delay: 2684
    content: "\e[2J"
  - delay: 8
    content: "\e[H\e[75X\e[1m\e[75CDisk: /dev/nvme0n1\e[22m\e[K\r\n                                                        Size: 238.47 GiB, 256060514304 bytes, 500118192 sectors\e[K\r\n                                                      Label: gpt, identifier: 953489EF-1512-4549-A17F-E41DBA9C2946\e[K\r\n\e[K\r\n\e[K\r\n\e[K\r\n\e[K\r\n\e[K\r\n\e[K\r\n\e[K\r\n\e[K\r\n\e[K\r\n\e[K\r\n\e[K\r\n\e[K\r\n\e[K\r\n\e[K\r\n\e[K\r\n\e[K\r\n\e[K\r\n\e[K\r\n\e[K\r\n\e[K\r\n\e[K\r\n\e[K\r\n\e[K\r\n\e[K\r\n\e[K\r\n\e[K\r\n\e[K\r\n\e[K\r\n\e[K\r\n\e[K\r\n\e[K\r\n\e[K\r\n\e[K\r\n\e[K\r\n\e[K\r\n\e[K\r\n\e[K\r\n\e[K\r\n\e[K\r\n\e[K\e[168C"
  - delay: 5
    content: "\e[1m\e[5;5HDevice\e[22m\e[41X\e[1m\e[41CStart\e[22m\e[21X\e[1m\e[21CEnd\e[22m\e[17X\e[1m\e[17CSectors\e[22m\e[17X\e[1m\e[17CSize Type\e[22m\e[K\e[6;5H/dev/nvme0n1p1\e[34C2048\e[18C534527\e[18C532480\e[17C260M EFI System\e[7;5H/dev/nvme0n1p2\e[32C534528\e[18C567295\e[19C32768\e[18C16M Microsoft reserved\e[8;5H/dev/nvme0n1p3\e[32C567296\e[15C394574478\e[15C394007183\e[15C187.9G Microsoft basic data\e[9;5H/dev/nvme0n1p4\e[29C496975872\e[15C499585023\e[17C2609152\e[17C1.2G Windows recovery environment\e[10;5H/dev/nvme0n1p5\e[29C499585024\e[15C500117503\e[18C532480\e[17C260M Windows recovery environment\e[7m\r\n>>  /dev/nvme0n1p6                             394575872               400867327                 6291456                   3G EFI System                                \e[32m\e[27m    Free space                                 400867328               496975871                96108544                45.8G\e[K\e[m\e[36;1H ┌────────────────────────────────────────────────────────────────────────────────────────────────────────────────────────────────────────────────────────────────────┐\r\n │Partition UUID: B548929C-223E-4698-8F73-93AA6DF5B2FB\e[112C│\r\n │Partition type: EFI System (C12A7328-F81F-11D2-BA4B-00A0C93EC93B)\e[99C│\r\n └────────────────────────────────────────────────────────────────────────────────────────────────────────────────────────────────────────────────────────────────────┘\e[40;38H[ Delete ]  [ Resize ]  [  Quit  ]  \e[7m[  Type  ]\e[27m  [  Help  ]  [  Sort  ]  [  Write ]  [  Dump  ]\e[34m\e[42;71HChanged type of partition 6.\e[m\r\n\e[K\e[168C"
  - delay: 6539
    content: "\e[11;1H    /dev/nvme0n1p6                             394575872               400867327                 6291456                   3G EFI System                                \e[11;201H"
  - delay: 12
    content: "\e[7m\r\n>>  Free space                                 400867328               496975871                96108544                45.8G                                           \e[27m\e[36;1H\e[K\r\n\e[K\r\n\e[K\r\n\e[K\r\n\e[49X\e[7m\e[49C[   New  ]\e[27m\e[12C  [  Help  ]  [  Sort  ]  [  Write ]  [  Dump  ]\e[K\e[42;1H\e[K\e[1m\e[43;67HCreate new partition from free space"
  - delay: 10217
    content: "\e[?12l\e[22m\e[40;120H\e[?25h"
  - delay: 15
    content: "\e[?25l\r Partition size: 45.8G\e[K\e[1m\e[43;50HMay be followed by M for MiB, G for GiB, T for TiB, or S for sectors.\e[40;23H\e[?25h"
  - delay: 12889
    content: "\e[22m\r\e[K\e[?25l\e[168C\e[2J"
  - delay: 29
    content: "\e[H\e[75X\e[1m\e[75CDisk: /dev/nvme0n1\e[22m\e[K\r\n                                                        Size: 238.47 GiB, 256060514304 bytes, 500118192 sectors\e[K\r\n                                                      Label: gpt, identifier: 953489EF-1512-4549-A17F-E41DBA9C2946\e[K\r\n\e[K\r\n    \e[1mDevice\e[22m\e[41X\e[1m\e[41CStart\e[22m\e[21X\e[1m\e[21CEnd\e[22m\e[17X\e[1m\e[17CSectors\e[22m\e[17X\e[1m\e[17CSize Type\e[22m\e[K\r\n    /dev/nvme0n1p1                                  2048                  534527                  532480                 260M EFI System\e[K\r\n    /dev/nvme0n1p2                                534528                  567295                   32768                  16M Microsoft reserved\e[K\r\n    /dev/nvme0n1p3                                567296               394574478               394007183               187.9G Microsoft basic data\e[K\r\n    /dev/nvme0n1p4                             496975872               499585023                 2609152                 1.2G Windows recovery environment\e[K\r\n    /dev/nvme0n1p5                             499585024               500117503                  532480                 260M Windows recovery environment\e[K\r\n    /dev/nvme0n1p6                             394575872               400867327                 6291456                   3G EFI System\e[K\e[7m\r\n>>  /dev/nvme0n1p7                             400867328               496975871                96108544                45.8G Linux filesystem                          \e[27m\r\n\e[K\r\n\e[K\r\n\e[K\r\n\e[K\r\n\e[K\r\n\e[K\r\n\e[K\r\n\e[K\r\n\e[K\r\n\e[K\r\n\e[K\r\n\e[K\r\n\e[K\r\n\e[K\r\n\e[K\r\n\e[K\r\n\e[K\r\n\e[K\r\n\e[K\r\n\e[K\r\n\e[K\r\n\e[K\r\n\e[K\r\n ┌────────────────────────────────────────────────────────────────────────────────────────────────────────────────────────────────────────────────────────────────────┐ \r\n │Partition UUID: 7A3932F4-3A68-4516-A3DE-C7CFC352615A                                                                                                                │ \r\n │Partition type: Linux filesystem (0FC63DAF-8483-4772-8E79-3D69D8477DE4)                                                                                             │ \r\n └────────────────────────────────────────────────────────────────────────────────────────────────────────────────────────────────────────────────────────────────────┘ \r\n                                     [ Delete ]  [ Resize ]  \e[7m[  Quit  ]\e[27m  [  Type  ]  [  Help  ]  [  Sort  ]  [  Write ]  [  Dump  ]\e[K\r\n\e[K\r\n\e[K\r\n\e[K\e[168C"
  - delay: 18194
    content: "\e[40;62H[  Quit  ]  \e[7m[  Type  ]"
  - delay: 18
    content: "\e[27m\e[1m\e[43;72HChange the partition type"
  - delay: 9199
    content: "\e[22m\e[1;64H┌\e[1m Select partition type \e[22m─────────────────┐\r\n\e[63X\e[63C"
  - delay: 22
    content: "│ EFI System                             │\e[K\r\n                                                               │ MBR partition scheme                   │\e[K\e[4;64H│ Intel Fast Flash\e[23C│\r\n                                                               │ BIOS boot                              │\e[K\r\n                                                               │ Sony boot partition\e[14C      │\e[K\r\n                                                               │ Lenovo boot partition\e[13C     │\e[K\r\n                                                               │ PowerPC PReP boot\e[13C         │\e[K\r\n                                                               │ ONIE boot      \e[17C       │\e[K\r\n                                                               │ ONIE config    \e[18C      │\e[K\r\n                                                               │ Microsoft reserved\e[14C       │\e[K\r\n                                                               │ Microsoft basic data                   │                                                               \e[13;64H│ Microsoft LDM metadata\e[17C│\e[14;64H│ Microsoft LDM data\e[21C│\e[15;64H│ Windows recovery environment\e[11C│\e[16;64H│ IBM General Parallel Fs\e[16C│\e[17;64H│ Microsoft Storage Spaces\e[15C│\e[18;64H│ HP-UX data\e[29C│\e[19;64H│ HP-UX service\e[26C│\e[20;64H│ Linux swap\e[29C│\e[21;64H│\e[7m Linux filesystem                       \e[27m│\e[22;64H│ Linux server data\e[22C│\e[23;64H│ Linux root (x86)\e[23C│\e[24;64H│ Linux root (x86-64)\e[20C│\e[25;64H│ Linux root (Alpha)\e[21C│\e[26;64H│ Linux root (ARC)\e[23C│\e[27;64H│ Linux root (ARM)\e[23C│\e[28;64H│ Linux root (ARM-64)\e[20C│\e[29;64H│ Linux root (IA-64)\e[21C│\e[30;64H│ Linux root (LoongArch-64)\e[14C│\e[31;64H│ Linux root (MIPS-32 LE)\e[16C│\e[32;64H│ Linux root (MIPS-64 LE)\e[16C│\e[33;64H│ Linux root (HPPA/PARISC)\e[15C│\e[34;64H│ Linux root (PPC)\e[23C│\e[35;64H│ Linux root (PPC64)\e[21C│\r\n                                                               │ Linux root (PPC64LE)                   │\e[K\r\n                                                               │ Linux root (RISC-V-32)                 │\e[K\r\n                                                               │ Linux root (RISC-V-64)                 │\e[K\r\n                                                               │ Linux root (S390)                      │\e[K\r\n                                                               │ Linux root (S390X)                     │\e[K\e[41;64H└──────────────────────────────────────↓─┘\e[1m\e[43;67H0FC63DAF-8483-4772-8E79-3D69D8477DE4"
  - delay: 7559
    content: "\e[22m\e[2J"
  - delay: 6
    content: "\e[H\e[75X\e[1m\e[75CDisk: /dev/nvme0n1\e[22m\e[K\r\n                                                        Size: 238.47 GiB, 256060514304 bytes, 500118192 sectors\e[K\r\n                                                      Label: gpt, identifier: 953489EF-1512-4549-A17F-E41DBA9C2946\e[K\r\n\e[K\r\n    \e[1mDevice\e[22m\e[41X\e[1m\e[41CStart\e[22m\e[21X\e[1m\e[21CEnd\e[22m\e[17X\e[1m\e[17CSectors\e[22m\e[17X\e[1m\e[17CSize Type\e[22m\e[K\r\n    /dev/nvme0n1p1                                  2048                  534527                  532480                 260M EFI System\e[K\r\n    /dev/nvme0n1p2                                534528                  567295                   32768                  16M Microsoft reserved\e[K\r\n    /dev/nvme0n1p3                                567296               394574478               394007183               187.9G Microsoft basic data\e[K\r\n    /dev/nvme0n1p4                             496975872               499585023                 2609152                 1.2G Windows recovery environment\e[K\r\n    /dev/nvme0n1p5                             499585024               500117503                  532480                 260M Windows recovery environment\e[K\r\n    /dev/nvme0n1p6                             394575872               400867327                 6291456                   3G EFI System\e[K\e[7m\r\n>>  /dev/nvme0n1p7                             400867328               496975871                96108544                45.8G Linux filesystem                          \e[27m\r\n\e[K\r\n\e[K\r\n\e[K\r\n\e[K\r\n\e[K\r\n\e[K\r\n\e[K\r\n\e[K\r\n\e[K\r\n\e[K\r\n\e[K\r\n\e[K\r\n\e[K\r\n\e[K\r\n\e[K\r\n\e[K\r\n\e[K\r\n\e[K\r\n\e[K\r\n\e[K\r\n\e[K\r\n\e[K\r\n\e[K\r\n\e[K\r\n\e[K\r\n\e[K\r\n\e[K\r\n                                     [ Delete ]  [ Resize ]  [  Quit  ]  \e[7m[  Type  ]\e[27m  [  Help  ]  [  Sort  ]  [  Write ]  [  Dump  ]\e[K\r\n\e[K\r\n\e[K\r\n\e[71X\e[1m\e[71CChange the partition type\e[22m\e[K\e[72C"
  - delay: 15
    content: "\e[36;1H ┌────────────────────────────────────────────────────────────────────────────────────────────────────────────────────────────────────────────────────────────────────┐\r\n │Partition UUID: 7A3932F4-3A68-4516-A3DE-C7CFC352615A\e[112C│\r\n │Partition type: Linux filesystem (0FC63DAF-8483-4772-8E79-3D69D8477DE4)\e[93C│\r\n └────────────────────────────────────────────────────────────────────────────────────────────────────────────────────────────────────────────────────────────────────┘\e[34m\e[42;71HChanged type of partition 7.\e[m\r\n\e[K\e[168C"
  - delay: 71859
    content: "\e[40;74H[  Type  ]  \e[7m[  Help  ]\e[27m\e[42;1H\e[K\e[1m\e[43;76HPrint help screen"
  - delay: 9
    content: "\e[22m"
  - delay: 398
    content: "\e[40;86H[  Help  ]  \e[7m[  Sort  ]\e[1m\e[27m\e[43;75HFix partitions order"
  - delay: 205
    content: "\e[22m\e[40;98H[  Sort  ]  \e[7m[  Write ]\e[1m\e[27m\e[43;57HWrite partition table to disk (this might destroy data)"
  - delay: 205
    content: "\e[22m\e[40;110H[  Write ]  \e[7m[  Dump  ]\e[27m\e[43;57H \e[1mDump\e[20Csfdisk compatible script file\e[22m\e[K\e[58C"
  - delay: 894
    content: "\e[7m\e[40;110H[  Write ]\e[27m  [  Dump  ]\e[1m\e[43;57HWrite\e[20Cdisk (this might destroy data)"
  - delay: 14
    content: "\e[22m"
  - delay: 5645
    content: "\e[?12l\e[40;1H Are you sure you want to write the partition table to disk?\e[K\e[43;57H \e[1mType \"yes\" or \"no\", or press ESC to leave this dialog.\e[40;62H\e[?25h"
  - delay: 3176
    content: "\e[22ms"
  - delay: 1331
    content: "\b \b"
  - delay: 411
    content: 'y'
  - delay: 408
    content: e
  - delay: 410
    content: s
  - delay: 2098
    content: "\e[?25l"
  - delay: 14
    content: "\r\e[K\e[168C\e[2J"
  - delay: 15
    content: "\e[H\e[75X\e[1m\e[75CDisk: /dev/nvme0n1\e[22m\e[K\r\n                                                        Size: 238.47 GiB, 256060514304 bytes, 500118192 sectors\e[K\r\n                                                      Label: gpt, identifier: 953489EF-1512-4549-A17F-E41DBA9C2946\e[K\r\n\e[K\r\n    \e[1mDevice\e[22m\e[41X\e[1m\e[41CStart\e[22m\e[21X\e[1m\e[21CEnd\e[22m\e[17X\e[1m\e[17CSectors\e[22m\e[17X\e[1m\e[17CSize Type\e[22m\e[K\r\n    /dev/nvme0n1p1                                  2048                  534527                  532480                 260M EFI System\e[K\r\n    /dev/nvme0n1p2                                534528                  567295                   32768                  16M Microsoft reserved\e[K\r\n    /dev/nvme0n1p3                                567296               394574478               394007183               187.9G Microsoft basic data\e[K\r\n    /dev/nvme0n1p4                             496975872               499585023                 2609152                 1.2G Windows recovery environment\e[K\r\n    /dev/nvme0n1p5                             499585024               500117503                  532480                 260M Windows recovery environment\e[K\r\n    /dev/nvme0n1p6                             394575872               400867327                 6291456                   3G EFI System\e[K\e[7m\r\n>>  /dev/nvme0n1p7                             400867328               496975871                96108544                45.8G Linux filesystem                          \e[27m\r\n\e[K\r\n\e[K\r\n\e[K\r\n\e[K\r\n\e[K\r\n\e[K\r\n\e[K\r\n\e[K\r\n\e[K\r\n\e[K\r\n\e[K\r\n\e[K\r\n\e[K\r\n\e[K\r\n\e[K\r\n\e[K\r\n\e[K\r\n\e[K\r\n\e[K\r\n\e[K\r\n\e[K\r\n\e[K\r\n\e[K\r\n ┌────────────────────────────────────────────────────────────────────────────────────────────────────────────────────────────────────────────────────────────────────┐ \r\n │Partition UUID: 7A3932F4-3A68-4516-A3DE-C7CFC352615A                                                                                                                │ \r\n │Partition type: Linux filesystem (0FC63DAF-8483-4772-8E79-3D69D8477DE4)                                                                                             │ \r\n └────────────────────────────────────────────────────────────────────────────────────────────────────────────────────────────────────────────────────────────────────┘ \r\n                                     [ Delete ]  [ Resize ]  \e[7m[  Quit  ]\e[27m  [  Type  ]  [  Help  ]  [  Sort  ]  [  Write ]  [  Dump  ]\e[K\r\n\e[K\r\n\e[65X\e[34m\e[65CThe partition table has been altered.\e[K\e[m\r\n\e[K\e[168C"
  - delay: 6068
    content: "\e[?25l\e[?12l\r\e[?25h\e[?1049l\e[23;0;0t\e[?1l\e>\e[HWindows PowerShell\e[K\r\nCopyright (C) Microsoft Corporation. All rights reserved.\e[K\r\n\e[K\r\nInstall the latest PowerShell for new features and improvements! https://aka.ms/PSWindows\e[K\r\n\e[K\r\nPS C:\\Windows\\System32> \e[93mssh \e[37mroot@10.180.3.50\e[K\e[m\r\nroot@10.180.3.50's password:\e[K\r\nTo install \e[38;2;23;147;209mArch Linux \e[mfollow the installation guide:\e[K\r\nhttps://wiki.archlinux.org/title/Installation_guide\e[K\r\n\e[K\r\nFor Wi-Fi, authenticate to the wireless network using the \e[35miwctl \e[mutility.\e[K\r\nFor mobile broadband (WWAN) modems, connect with the \e[35mmmcli \e[mutility.\e[K\r\nEthernet, WLAN and WWAN interfaces using DHCP should work automatically.\e[K\r\n\e[K\r\nAfter connecting to the internet, the installation guide can be accessed\e[K\r\nvia the convenience script \e[35mInstallation_guide\e[m.\e[K\r\n\e[K\e[41m\r\n   \e[40m \e[44m \e[40m \e[41m \e[46m \e[45m \e[41m \e[46m \e[43m \e[41m \e[44m \e[45m \e[40m \e[44m \e[40m \e[41m \e[44m \e[41m  \e[46m \e[42m \e[41m \e[44m \e[43m \e[41m \e[45m \e[40m  \e[44m \e[40m \e[41m \e[44m \e[42m \e[41m \e[46m \e[44m \e[41m \e[46m \e[47m \e[m\e[K\e[31m\e[1m\r\nroot\e[m@archiso \e[1m~ \e[22m# lsblk\e[K\r\nNAME        MAJ:MIN RM   SIZE RO TYPE MOUNTPOINTS\e[K\r\nloop0         7:0    0 973.1M  1 loop /run/archiso/airootfs\e[K\r\nsda           8:0    1   7.5G  0 disk\e[K\r\n├─sda1        8:1    1   1.2G  0 part\e[K\r\n└─sda2        8:2    1   253M  0 part\e[K\r\nnvme0n1     259:0    0 238.5G  0 disk\e[K\r\n├─nvme0n1p1 259:1    0   260M  0 part\e[K\r\n├─nvme0n1p2 259:2    0    16M  0 part\e[K\r\n├─nvme0n1p3 259:3    0 187.9G  0 part\e[K\r\n├─nvme0n1p4 259:4    0   1.2G  0 part\e[K\r\n└─nvme0n1p5 259:5    0   260M  0 part\e[K\e[31m\e[1m\r\nroot\e[m@archiso \e[1m~ \e[22m# cfdisk /dev/nvme0n1\e[K\r\n\e[K\r\n\e[K\r\n\e[K\r\n\e[K\r\n\e[K\r\n\e[K\r\n\e[K\r\n\e[K\r\n\e[K\r\n\e[K\r\n\e[K\r\n\e[K\e[?25h"
  - delay: 8
    content: "\nSyncing disks.\r"
  - delay: 7
    content: "\e[?1h\e=\e[?2004h\n\e[31m\e[1mroot\e[m@archiso \e[1m~ \e[22m#                                                                                                                                                        \e[43;18H\e]0;root@archiso: ~\a"
  - delay: 7298
    content: l
  - delay: 1195
    content: "\bls"
  - delay: 226
    content: b
  - delay: 268
    content: l
  - delay: 204
    content: k
  - delay: 3691
    content: "\e[?1l\e>\e[?2004l\r"
  - delay: 9
    content: "\nNAME        MAJ:MIN RM   SIZE RO TYPE MOUNTPOINTS\r\e]0;root@archiso: lsblk\a\nloop0         7:0    0 973.1M  1 loop /run/archiso/airootfs\r\nsda           8:0    1   7.5G  0 disk\r\n├─sda1        8:1    1   1.2G  0 part\r\n└─sda2        8:2    1   253M  0 part\r\nnvme0n1     259:0    0 238.5G  0 disk\r\n├─nvme0n1p1 259:1    0   260M  0 part\r\n├─nvme0n1p2 259:2    0    16M  0 part\r\n├─nvme0n1p3 259:6    0 187.9G  0 part\r\n├─nvme0n1p4 259:7    0   1.2G  0 part\r\n├─nvme0n1p5 259:8    0   260M  0 part\r\n├─nvme0n1p6 259:9    0     3G  0 part\r\n└─nvme0n1p7 259:10   0  45.8G  0 part\r\e[?1h\e=\e[?2004h"
  - delay: 10
    content: "\n\e[31m\e[1mroot\e[m@archiso \e[1m~ \e[22m#                                                                                                                                                        \e[43;18H\e]0;root@archiso: ~\a"
  - delay: 87013
    content: p
  - delay: 819
    content: "\bpv"
  - delay: 409
    content: c
  - delay: 212
    content: r
  - delay: 196
    content: a
  - delay: 207
    content: t
  - delay: 204
    content: e
  - delay: 5326
    content: ' '
  - delay: 615
    content: /
  - delay: 409
    content: d
  - delay: 205
    content: e
  - delay: 409
    content: v
  - delay: 2321
    content: /
  - delay: 2797
    content: 'n'
  - delay: 263
    content: u
  - delay: 351
    content: m
  - delay: 412
    content: e
  - delay: 409
    content: '0'
  - delay: 2565
    content: 'n'
  - delay: 18947
    content: "\b \b"
  - delay: 193
    content: "\b \b"
  - delay: 194
    content: "\b \b"
  - delay: 233
    content: "\b \b"
  - delay: 322
    content: "\b \b"
  - delay: 902
    content: v
  - delay: 1230
    content: m
  - delay: 1699
    content: e
  - delay: 1635
    content: '0'
  - delay: 1051
    content: '1'
  - delay: 2229
    content: p
  - delay: 2120
    content: '7'
  - delay: 5796
    content: "\b \b"
  - delay: 205
    content: "\b \b"
  - delay: 38
    content: "\b \b"
  - delay: 3648
    content: 'n'
  - delay: 820
    content: '1'
  - delay: 614
    content: p
  - delay: 1308
    content: '7'
  - delay: 1739
    content: "\b \b"
  - delay: 513
    content: "\b \b"
  - delay: 32
    content: "\b \b"
  - delay: 33
    content: "\b \b"
  - delay: 33
    content: "\b \b"
  - delay: 38
    content: "\b \b"
  - delay: 24
    content: "\b \b"
  - delay: 35
    content: "\b \b"
  - delay: 32
    content: "\b \b"
  - delay: 194
    content: "\b \b"
  - delay: 161
    content: "\b \b"
  - delay: 181
    content: "\b \b"
  - delay: 162
    content: "\b \b"
  - delay: 149
    content: "\b \b"
  - delay: 165
    content: "\b"
  - delay: 157
    content: "\b \b"
  - delay: 154
    content: "\b \b"
  - delay: 355
    content: "\b \b"
  - delay: 297
    content: w
  - delay: 609
    content: "\b \b"
  - delay: 184
    content: e
  - delay: 263
    content: a
  - delay: 204
    content: t
  - delay: 170
    content: e
  - delay: 5503
    content: ' '
  - delay: 410
    content: /
  - delay: 613
    content: d
  - delay: 205
    content: e
  - delay: 621
    content: v
  - delay: 522
    content: /
  - delay: 435
    content: 'n'
  - delay: 646
    content: v
  - delay: 1580
    content: m
  - delay: 723
    content: e
  - delay: 1561
    content: '0'
  - delay: 1642
    content: 'n'
  - delay: 1409
    content: '1'
  - delay: 622
    content: p
  - delay: 1541
    content: '7'
  - delay: 16556
    content: "\e[?1l\e>\e[?2004l\r\n"
  - delay: 22
    content: "\e]0;root@archiso: pvcreate /dev/nvme0n1p7\a"
  - delay: 31
    content: "  Physical volume \"/dev/nvme0n1p7\" successfully created.\r\n"
  - delay: 15
    content: "\e[?1h\e=\e[?2004h\e[31m\e[1mroot\e[m@archiso \e[1m~ \e[22m#                                                                                                                                                        \e[43;18H\e]0;root@archiso: ~\a"
  - delay: 18770
    content: v
  - delay: 408
    content: "\bvg"
  - delay: 2715
    content: c
  - delay: 1594
    content: c
  - delay: 607
    content: r
  - delay: 254
    content: e
  - delay: 487
    content: a
  - delay: 310
    content: t
  - delay: 147
    content: e
  - delay: 1725
    content: ' '
  - delay: 409
    content: p
  - delay: 224
    content: r
  - delay: 220
    content: o
  - delay: 228
    content: c
  - delay: 3625
    content: ' '
  - delay: 707
    content: /
  - delay: 2738
    content: d
  - delay: 249
    content: e
  - delay: 214
    content: v
  - delay: 2183
    content: /
  - delay: 2520
    content: 'n'
  - delay: 348
    content: u
  - delay: 204
    content: m
  - delay: 410
    content: e
  - delay: 2471
    content: o
  - delay: 507
    content: 'n'
  - delay: 2967
    content: "\b \b"
  - delay: 264
    content: "\b \b"
  - delay: 178
    content: "\b \b"
  - delay: 165
    content: "\b \b"
  - delay: 199
    content: "\b \b"
  - delay: 1645
    content: v
  - delay: 410
    content: m
  - delay: 1252
    content: e
  - delay: 946
    content: '0'
  - delay: 785
    content: 'n'
  - delay: 818
    content: '1'
  - delay: 1932
    content: p
  - delay: 476
    content: '7'
  - delay: 12503
    content: "\b \b"
  - delay: 523
    content: "\b \b"
  - delay: 32
    content: "\b \b"
  - delay: 33
    content: "\b \b"
  - delay: 32
    content: "\b \b"
  - delay: 41
    content: "\b \b"
  - delay: 43
    content: "\b \b"
  - delay: 31
    content: "\b \b"
  - delay: 33
    content: "\b \b"
  - delay: 35
    content: "\b \b"
  - delay: 29
    content: "\b \b"
  - delay: 34
    content: "\b \b"
  - delay: 33
    content: "\b \b"
  - delay: 41
    content: "\b \b"
  - delay: 22
    content: "\b"
  - delay: 34
    content: "\b \b"
  - delay: 32
    content: "\b \b"
  - delay: 32
    content: "\b \b"
  - delay: 32
    content: "\b \b"
  - delay: 33
    content: "\b"
  - delay: 34
    content: "\b \b"
  - delay: 195
    content: "\b \b"
  - delay: 163
    content: "\b \b"
  - delay: 130
    content: "\b \b"
  - delay: 161
    content: "\b \b"
  - delay: 163
    content: "\b \b"
  - delay: 1298
    content: r
  - delay: 293
    content: e
  - delay: 618
    content: a
  - delay: 362
    content: t
  - delay: 228
    content: e
  - delay: 1586
    content: /
  - delay: 286
    content: d
  - delay: 229
    content: e
  - delay: 358
    content: v
  - delay: 1563
    content: "\b \b"
  - delay: 189
    content: "\b \b"
  - delay: 164
    content: "\b \b"
  - delay: 408
    content: "\b \b"
  - delay: 568
    content: ' '
  - delay: 500
    content: p
  - delay: 267
    content: r
  - delay: 129
    content: o
  - delay: 332
    content: c
  - delay: 655
    content: ' '
  - delay: 748
    content: "\b"
  - delay: 1506
    content: /
  - delay: 3688
    content: "\b \b"
  - delay: 819
    content: ' '
  - delay: 597
    content: /
  - delay: 12304
    content: d
  - delay: 205
    content: e
  - delay: 205
    content: v
  - delay: 2114
    content: /
  - delay: 773
    content: 'n'
  - delay: 1406
    content: v
  - delay: 426
    content: m
  - delay: 462
    content: e
  - delay: 4242
    content: '0'
  - delay: 613
    content: 'n'
  - delay: 1230
    content: '1'
  - delay: 407
    content: p
  - delay: 329
    content: '7'
  - delay: 5820
    content: "\e[?1l\e>\e[?2004l\r"
  - delay: 16
    content: "\n\e]0;root@archiso: vgcreate proc /dev/nvme0n1p7\a"
  - delay: 50
    content: "  Volume group \"proc\" successfully created\r\n"
  - delay: 16
    content: "\e[?1h\e=\e[?2004h\e[31m\e[1mroot\e[m@archiso \e[1m~ \e[22m#                                                                                                                                                        \e[43;18H\e]0;root@archiso: ~\a"
  - delay: 30019
    content: l
  - delay: 408
    content: "\blv"
  - delay: 409
    content: c
  - delay: 205
    content: r
  - delay: 207
    content: e
  - delay: 407
    content: a
  - delay: 34
    content: t
  - delay: 157
    content: e
  - delay: 7797
    content: ' '
  - delay: 1639
    content: '-'
  - delay: 5121
    content: L
  - delay: 8806
    content: '5'
  - delay: 1843
    content: "\b \b"
  - delay: 1591
    content: ' '
  - delay: 489
    content: '5'
  - delay: 1076
    content: G
  - delay: 1803
    content: ' '
  - delay: 540
    content: p
  - delay: 240
    content: r
  - delay: 151
    content: o
  - delay: 240
    content: c
  - delay: 1462
    content: ' '
  - delay: 644
    content: '-'
  - delay: 455
    content: 'n'
  - delay: 1640
    content: ' '
  - delay: 322
    content: r
  - delay: 197
    content: o
  - delay: 154
    content: o
  - delay: 183
    content: t
  - delay: 14415
    content: "\e[?1l\e>\e[?2004l\r\n"
  - delay: 7
    content: "\e]0;root@archiso: lvcreate -L 5G proc -n root\a"
  - delay: 99
    content: "  Logical volume \"root\" created.\r\n"
  - delay: 17
    content: "                                                                                                                                                                        \e[43;1H\e[?1h\e=\e[?2004h"
  - delay: 14
    content: "\e[31m\e[1mroot\e[m@archiso \e[1m~ \e[22m#                                                                                                                                                        \e[43;18H\e]0;root@archiso: ~\a"
  - delay: 6614
    content: l
  - delay: 205
    content: "\bls"
  - delay: 307
    content: b
  - delay: 512
    content: l
  - delay: 242
    content: k
  - delay: 7355
    content: "\e[?1l\e>\e[?2004l\r\n"
  - delay: 7
    content: "NAME          MAJ:MIN RM   SIZE RO TYPE MOUNTPOINTS\r\e]0;root@archiso: lsblk\a\nloop0           7:0    0 973.1M  1 loop /run/archiso/airootfs\r\nsda             8:0    1   7.5G  0 disk\r\n├─sda1          8:1    1   1.2G  0 part\r\n└─sda2          8:2    1   253M  0 part\r\nnvme0n1       259:0    0 238.5G  0 disk\r\n├─nvme0n1p1   259:1    0   260M  0 part\r\n├─nvme0n1p2   259:2    0    16M  0 part\r\n├─nvme0n1p3   259:6    0 187.9G  0 part\r\n├─nvme0n1p4   259:7    0   1.2G  0 part\r\n├─nvme0n1p5   259:8    0   260M  0 part\r\n├─nvme0n1p6   259:9    0     3G  0 part\r\n└─nvme0n1p7   259:10   0  45.8G  0 part\r\n  └─proc-root 253:0    0     5G  0 lvm\r\e[?1h\e=\e[?2004h"
  - delay: 8
    content: "\n\e[31m\e[1mroot\e[m@archiso \e[1m~ \e[22m#                                                                                                                                                        \e[43;18H\e]0;root@archiso: ~\a"
  - delay: 72462
    content: m
  - delay: 208
    content: "\bmk"
  - delay: 815
    content: f
  - delay: 327
    content: s
  - delay: 6015
    content: .
  - delay: 489
    content: e
  - delay: 447
    content: x
  - delay: 250
    content: t
  - delay: 6264
    content: '4'
  - delay: 1810
    content: ' '
  - delay: 597
    content: /
  - delay: 158
    content: d
  - delay: 233
    content: e
  - delay: 158
    content: v
  - delay: 1404
    content: /
  - delay: 687
    content: p
  - delay: 193
    content: r
  - delay: 194
    content: o
  - delay: 229
    content: c
  - delay: 981
    content: /
  - delay: 1344
    content: r
  - delay: 389
    content: o
  - delay: 188
    content: o
  - delay: 158
    content: t
  - delay: 73656
    content: "\e[?1l\e>\e[?2004l\r"
  - delay: 21
    content: "\n\e]0;root@archiso: mkfs.ext4 /dev/proc/root\a"
  - delay: 37
    content: "mke2fs 1.47.4 (6-Mar-2025)\r\n"
  - delay: 140
    content: "\e[?25lDiscarding device blocks:       0/1310720\e[43;27H\e[?25hdone\e[28X\r\nCreating filesystem with 1310720 4k blocks and 327680 inodes\r\nFilesystem UUID: ba452172-8bee-46a1-82b1-f3450aa4b700\r\nSuperblock backups stored on blocks:\r\n        32768, 98304, 163840, 229376, 294912, 819200, 884736\r\n\nAllocating group tables: done\r\nWriting inode tables: done\r"
  - delay: 11
    content: "\nCreating journal (16384 blocks):\e[1Cdone\r"
  - delay: 6
    content: "\nWriting superblocks and filesystem accounting information: done\r\n\e[?1h\e=\e[?2004h"
  - delay: 7
    content: "\n\e[31m\e[1mroot\e[m@archiso \e[1m~ \e[22m#                                                                                                                                                        \e[43;18H\e]0;root@archiso: ~\a"
  - delay: 105323
    content: m
  - delay: 204
    content: "\bmo"
  - delay: 265
    content: u
  - delay: 589
    content: 'n'
  - delay: 852
    content: t
  - delay: 585
    content: ' '
  - delay: 3142
    content: /
  - delay: 811
    content: d
  - delay: 311
    content: e
  - delay: 205
    content: v
  - delay: 2037
    content: /
  - delay: 650
    content: p
  - delay: 186
    content: r
  - delay: 1631
    content: o
  - delay: 203
    content: c
  - delay: 430
    content: /
  - delay: 392
    content: r
  - delay: 128
    content: o
  - delay: 135
    content: o
  - delay: 194
    content: t
  - delay: 5482
    content: ' '
  - delay: 414
    content: /
  - delay: 1019
    content: r
  - delay: 205
    content: m
  - delay: 1095
    content: t
  - delay: 3616
    content: "\b \b"
  - delay: 204
    content: "\b \b"
  - delay: 1025
    content: m
  - delay: 206
    content: 'n'
  - delay: 304
    content: t
  - delay: 7498
    content: "\b \b"
  - delay: 30
    content: "\b \b"
  - delay: 153
    content: "\b \b"
  - delay: 204
    content: "\b \b"
  - delay: 709
    content: m
  - delay: 188
    content: 'n'
  - delay: 601
    content: t
  - delay: 41310
    content: "\e[?1l\e>\e[?2004l\r\n"
  - delay: 18
    content: "\e]0;root@archiso: mount /dev/proc/root /mnt\a"
  - delay: 33
    content: "                                                                                                                                                                        \e[43;1H\e[?1h\e=\e[?2004h"
  - delay: 14
    content: "\e[31m\e[1mroot\e[m@archiso \e[1m~ \e[22m#                                                                                                                                                        \e[43;18H\e]0;root@archiso: ~\a"
  - delay: 1975
    content: l
  - delay: 410
    content: "\bls"
  - delay: 410
    content: b
  - delay: 204
    content: l
  - delay: 205
    content: k
  - delay: 3921
    content: "\e[?1l\e>\e[?2004l\r\n"
  - delay: 8
    content: "NAME          MAJ:MIN RM   SIZE RO TYPE MOUNTPOINTS\r\e]0;root@archiso: lsblk\a\nloop0           7:0    0 973.1M  1 loop /run/archiso/airootfs\r\nsda             8:0    1   7.5G  0 disk\r\n├─sda1          8:1    1   1.2G  0 part\r\n└─sda2          8:2    1   253M  0 part\r\nnvme0n1       259:0    0 238.5G  0 disk\r\n├─nvme0n1p1   259:1    0   260M  0 part\r\n├─nvme0n1p2   259:2    0    16M  0 part\r\n├─nvme0n1p3   259:6    0 187.9G  0 part\r\n├─nvme0n1p4   259:7    0   1.2G  0 part\r\n├─nvme0n1p5   259:8    0   260M  0 part\r\n├─nvme0n1p6   259:9    0     3G  0 part\r\n└─nvme0n1p7   259:10   0  45.8G  0 part\r\n  └─proc-root 253:0    0     5G  0 lvm  /mnt\r\e[?1h\e=\e[?2004h"
  - delay: 10
    content: "\n\e[31m\e[1mroot\e[m@archiso \e[1m~ \e[22m#                                                                                                                                                        \e[43;18H\e]0;root@archiso: ~\a"
  - delay: 64257
    content: m
  - delay: 409
    content: "\bmk"
  - delay: 4096
    content: f
  - delay: 218
    content: s
  - delay: 601
    content: .
  - delay: 614
    content: v
  - delay: 410
    content: f
  - delay: 3093
    content: a
  - delay: 249
    content: t
  - delay: 5874
    content: ' '
  - delay: 614
    content: '-'
  - delay: 2752
    content: F
  - delay: 746
    content: '3'
  - delay: 599
    content: '2'
  - delay: 6758
    content: ' '
  - delay: 818
    content: '-'
  - delay: 2539
    content: 'n'
  - delay: 689
    content: ' '
  - delay: 2716
    content: B
  - delay: 611
    content: O
  - delay: 204
    content: O
  - delay: 839
    content: T
  - delay: 489
    content: ' '
  - delay: 3520
    content: /
  - delay: 887
    content: d
  - delay: 206
    content: e
  - delay: 204
    content: v
  - delay: 1394
    content: /
  - delay: 2907
    content: 'n'
  - delay: 204
    content: v
  - delay: 410
    content: m
  - delay: 112
    content: e
  - delay: 2191
    content: '0'
  - delay: 9371
    content: 'n'
  - delay: 1228
    content: '1'
  - delay: 1477
    content: p
  - delay: 1670
    content: '6'
  - delay: 67922
    content: "\e[?1l\e>\e[?2004l\r"
  - delay: 14
    content: "\n\e]0;root@archiso: mkfs.vfat -F32 -n BOOT /dev/nvme0n1p6\a"
  - delay: 22
    content: "mkfs.fat 4.2 (2021-01-31)\r\n"
  - delay: 151
    content: "                                                                                                                                                                        \e[43;1H\e[?1h\e=\e[?2004h"
  - delay: 20
    content: "\e[31m\e[1mroot\e[m@archiso \e[1m~ \e[22m#                                                                                                                                                        \e[43;18H\e]0;root@archiso: ~\a"
  - delay: 16579
    content: l
  - delay: 205
    content: "\bls"
  - delay: 410
    content: b
  - delay: 208
    content: l
  - delay: 474
    content: k
  - delay: 4648
    content: "\e[?1l\e>\e[?2004l\r"
  - delay: 8
    content: "\nNAME          MAJ:MIN RM   SIZE RO TYPE MOUNTPOINTS\r\e]0;root@archiso: lsblk\a\nloop0           7:0    0 973.1M  1 loop /run/archiso/airootfs\r\nsda             8:0    1   7.5G  0 disk \r\n├─sda1          8:1    1   1.2G  0 part\r\n└─sda2          8:2    1   253M  0 part\r\nnvme0n1       259:0    0 238.5G  0 disk\r\n├─nvme0n1p1   259:1    0   260M  0 part\r\n├─nvme0n1p2   259:2    0    16M  0 part\r\n├─nvme0n1p3   259:6    0 187.9G  0 part\r\n├─nvme0n1p4   259:7    0   1.2G  0 part\r\n├─nvme0n1p5   259:8    0   260M  0 part\r\n├─nvme0n1p6   259:9    0     3G  0 part\r\n└─nvme0n1p7   259:10   0  45.8G  0 part\r\n  └─proc-root 253:0    0     5G  0 lvm  /mnt\r\e[?1h\e=\e[?2004h"
  - delay: 16
    content: "\n\e[31m\e[1mroot\e[m@archiso \e[1m~ \e[22m#                                                                                                                                                        \e[43;18H\e]0;root@archiso: ~\a"
  - delay: 26386
    content: m
  - delay: 408
    content: "\bmk"
  - delay: 240
    content: d
  - delay: 376
    content: i
  - delay: 205
    content: r
  - delay: 2215
    content: ' '
  - delay: 807
    content: /
  - delay: 456
    content: m
  - delay: 230
    content: 'n'
  - delay: 227
    content: t
  - delay: 1842
    content: /
  - delay: 358
    content: b
  - delay: 298
    content: o
  - delay: 161
    content: o
  - delay: 195
    content: t
  - delay: 20864
    content: "\e[?1l\e>\e[?2004l\r"
  - delay: 15
    content: "\n\e]0;root@archiso: mkdir /mnt/boot\a"
  - delay: 8
    content: "\e[?1h\e=\e[?2004h"
  - delay: 8
    content: "\e[31m\e[1mroot\e[m@archiso \e[1m~ \e[22m#                                                                                                                                                        \e[43;18H\e]0;root@archiso: ~\a"
  - delay: 3443
    content: m
  - delay: 205
    content: "\bmo"
  - delay: 204
    content: u
  - delay: 410
    content: 'n'
  - delay: 26
    content: t
  - delay: 1408
    content: ' '
  - delay: 540
    content: '-'
  - delay: 929
    content: D
  - delay: 1090
    content: "\b \b"
  - delay: 670
    content: O
  - delay: 1298
    content: ' '
  - delay: 397
    content: u
  - delay: 195
    content: i
  - delay: 391
    content: d
  - delay: 2251
    content: '='
  - delay: 2889
    content: '0'
  - delay: 2147
    content: ','
  - delay: 482
    content: g
  - delay: 2169
    content: i
  - delay: 223
    content: d
  - delay: 2350
    content: '='
  - delay: 711
    content: '0'
  - delay: 2427
    content: ','
  - delay: 2803
    content: f
  - delay: 1433
    content: m
  - delay: 205
    content: a
  - delay: 408
    content: s
  - delay: 33
    content: k
  - delay: 1843
    content: '='
  - delay: 1401
    content: '0'
  - delay: 205
    content: '0'
  - delay: 410
    content: '7'
  - delay: 2345
    content: '7'
  - delay: 2845
    content: ','
  - delay: 1603
    content: d
  - delay: 989
    content: m
  - delay: 938
    content: "\b \b"
  - delay: 424
    content: a
  - delay: 190
    content: m
  - delay: 181
    content: s
  - delay: 2491
    content: k
  - delay: 2555
    content: "\b \b"
  - delay: 165
    content: "\b \b"
  - delay: 131
    content: "\b \b"
  - delay: 165
    content: "\b \b"
  - delay: 667
    content: m
  - delay: 230
    content: a
  - delay: 262
    content: s
  - delay: 193
    content: k
  - delay: 1728
    content: '='
  - delay: 486
    content: '0'
  - delay: 162
    content: '0'
  - delay: 485
    content: '7'
  - delay: 163
    content: '7'
  - delay: 1371
    content: ' '
  - delay: 490
    content: /
  - delay: 517
    content: d
  - delay: 594
    content: e
  - delay: 162
    content: v
  - delay: 3026
    content: /
  - delay: 8028
    content: 'n'
  - delay: 414
    content: v
  - delay: 616
    content: m
  - delay: 1424
    content: e
  - delay: 3691
    content: '0'
  - delay: 816
    content: 'n'
  - delay: 1435
    content: '1'
  - delay: 1634
    content: p
  - delay: 1957
    content: '6'
  - delay: 19834
    content: ' '
  - delay: 3099
    content: /
  - delay: 510
    content: m
  - delay: 204
    content: 'n'
  - delay: 412
    content: t
  - delay: 1692
    content: /
  - delay: 382
    content: b
  - delay: 427
    content: o
  - delay: 129
    content: o
  - delay: 804
    content: t
  - delay: 107160
    content: "\e[?1l\e>\e[?2004l\r"
  - delay: 22
    content: "\n\e]0;root@archiso: mount -O uid=0,gid=0,fmask=0077,dmask=0077 /dev/nvme0n1p6 /mnt/boot\a"
  - delay: 26
    content: "                                                                                                                                                                        \e[43;1H\e[?1h\e=\e[?2004h"
  - delay: 16
    content: "\e[31m\e[1mroot\e[m@archiso \e[1m~ \e[22m#                                                                                                                                                        \e[43;18H\e]0;root@archiso: ~\a"
  - delay: 49485
    content: l
  - delay: 415
    content: "\bls"
  - delay: 479
    content: b
  - delay: 393
    content: l
  - delay: 277
    content: k
  - delay: 2858
    content: "\e[?1l\e>\e[?2004l\r\n"
  - delay: 8
    content: "NAME          MAJ:MIN RM   SIZE RO TYPE MOUNTPOINTS\r\e]0;root@archiso: lsblk\a\nloop0           7:0    0 973.1M  1 loop /run/archiso/airootfs\r\nsda             8:0    1   7.5G  0 disk\r\n├─sda1          8:1    1   1.2G  0 part\r\n└─sda2          8:2    1   253M  0 part\r\nnvme0n1       259:0    0 238.5G  0 disk\r\n├─nvme0n1p1   259:1    0   260M  0 part\r\n├─nvme0n1p2   259:2    0    16M  0 part\r\n├─nvme0n1p3   259:6    0 187.9G  0 part\r\n├─nvme0n1p4   259:7    0   1.2G  0 part\r\n├─nvme0n1p5   259:8    0   260M  0 part\r\n├─nvme0n1p6   259:9    0     3G  0 part /mnt/boot\r\n└─nvme0n1p7   259:10   0  45.8G  0 part\r\n  └─proc-root 253:0    0     5G  0 lvm  /mnt\r"
  - delay: 7
    content: "\e[?1h\e=\n\e[31m\e[1mroot\e[m@archiso \e[1m~ \e[22m#                                                                                                                                                        \e[43;18H\e]0;root@archiso: ~\a\e[?2004h"
  - delay: 129909
    content: l
  - delay: 408
    content: "\blv"
  - delay: 1028
    content: c
  - delay: 406
    content: r
  - delay: 306
    content: e
  - delay: 460
    content: a
  - delay: 457
    content: t
  - delay: 223
    content: e
  - delay: 14529
    content: ' '
  - delay: 651
    content: '-'
  - delay: 988
    content: L
  - delay: 1948
    content: ' '
  - delay: 720
    content: '5'
  - delay: 620
    content: G
  - delay: 2138
    content: ' '
  - delay: 478
    content: p
  - delay: 176
    content: r
  - delay: 322
    content: o
  - delay: 152
    content: c
  - delay: 2113
    content: ' '
  - delay: 419
    content: '-'
  - delay: 489
    content: 'n'
  - delay: 7218
    content: ' '
  - delay: 410
    content: v
  - delay: 204
    content: a
  - delay: 206
    content: r
  - delay: 204
    content: s
  - delay: 28471
    content: "\e[?1l\e>\e[?2004l\r"
  - delay: 15
    content: "\n\e]0;root@archiso: lvcreate -L 5G proc -n vars\a"
  - delay: 76
    content: "  Logical volume \"vars\" created.\r\n"
  - delay: 9
    content: "\e[?1h\e=\e[?2004h"
  - delay: 15
    content: "\e[31m\e[1mroot\e[m@archiso \e[1m~ \e[22m#                                                                                                                                                        \e[43;18H\e]0;root@archiso: ~\a"
  - delay: 5616
    content: l
  - delay: 1227
    content: "\b \b"
  - delay: 3384
    content: l
  - delay: 309
    content: "\bls"
  - delay: 405
    content: b
  - delay: 1229
    content: l
  - delay: 204
    content: k
  - delay: 2125
    content: "\e[?1l\e>\e[?2004l\r\n"
  - delay: 10
    content: "NAME          MAJ:MIN RM   SIZE RO TYPE MOUNTPOINTS\r\e]0;root@archiso: lsblk\a\nloop0           7:0    0 973.1M  1 loop /run/archiso/airootfs\r\nsda             8:0    1   7.5G  0 disk\r\n├─sda1          8:1    1   1.2G  0 part\r\n└─sda2          8:2    1   253M  0 part\r\nnvme0n1       259:0    0 238.5G  0 disk\r\n├─nvme0n1p1   259:1    0   260M  0 part\r\n├─nvme0n1p2   259:2    0    16M  0 part\r\n├─nvme0n1p3   259:6    0 187.9G  0 part\r\n├─nvme0n1p4   259:7    0   1.2G  0 part\r\n├─nvme0n1p5   259:8    0   260M  0 part\r\n├─nvme0n1p6   259:9    0     3G  0 part /mnt/boot\r\n└─nvme0n1p7   259:10   0  45.8G  0 part\r\n  ├─proc-root 253:0    0     5G  0 lvm  /mnt\r\n  └─proc-vars 253:1    0     5G  0 lvm\r\e[?1h\e=\e[?2004h"
  - delay: 13
    content: "\n\e[31m\e[1mroot\e[m@archiso \e[1m~ \e[22m#                                                                                                                                                        \e[43;18H\e]0;root@archiso: ~\a"
  - delay: 16456
    content: m
  - delay: 310
    content: "\bmk"
  - delay: 198
    content: s
  - delay: 873
    content: "\b \b"
  - delay: 868
    content: f
  - delay: 237
    content: s
  - delay: 2243
    content: .
  - delay: 4313
    content: e
  - delay: 407
    content: x
  - delay: 409
    content: t
  - delay: 1039
    content: '4'
  - delay: 1952
    content: ' '
  - delay: 1010
    content: /
  - delay: 917
    content: d
  - delay: 291
    content: e
  - delay: 195
    content: v
  - delay: 1651
    content: /
  - delay: 688
    content: p
  - delay: 127
    content: r
  - delay: 262
    content: o
  - delay: 262
    content: c
  - delay: 556
    content: /
  - delay: 3543
    content: v
  - delay: 212
    content: a
  - delay: 403
    content: rs
  - delay: 15977
    content: "\e[?1l\e>\e[?2004l\r"
  - delay: 6
    content: "\nmke2fs 1.47.4 (6-Mar-2025)\r\e]0;root@archiso: mkfs.ext4 /dev/proc/vars\a\n"
  - delay: 93
    content: "\e[?25lDiscarding device blocks:       0/1310720\e[43;27H\e[?25h"
  - delay: 6
    content: "done\e[28X\r\nCreating filesystem with 1310720 4k blocks and 327680 inodes\r\nFilesystem UUID: 02052553-e540-409e-8281-547edaa200e9\r\nSuperblock backups stored on blocks:\r\n        32768, 98304, 163840, 229376, 294912, 819200, 884736\r\n\nAllocating group tables: done\r\nWriting inode tables: done\r"
  - delay: 20
    content: "\nCreating journal (16384 blocks):\e[1Cdone\r\nWriting superblocks and filesystem accounting information: done\r\n\e[?1h\e=\e[?2004h"
  - delay: 7
    content: "\n\e[31m\e[1mroot\e[m@archiso \e[1m~ \e[22m#                                                                                                                                                        \e[43;18H\e]0;root@archiso: ~\a"
  - delay: 64777
    content: s
  - delay: 819
    content: "\b \b"
  - delay: 25192
    content: m
  - delay: 238
    content: "\bmo"
  - delay: 375
    content: u
  - delay: 205
    content: 'n'
  - delay: 205
    content: t
  - delay: 1487
    content: ' '
  - delay: 850
    content: '-'
  - delay: 427
    content: m
  - delay: 229
    content: k
  - delay: 293
    content: d
  - delay: 1451
    content: i
  - delay: 182
    content: r
  - delay: 3373
    content: "\b \b"
  - delay: 222
    content: "\b \b"
  - delay: 190
    content: "\b \b"
  - delay: 107
    content: "\b \b"
  - delay: 410
    content: "\b \b"
  - delay: 1224
    content: '-'
  - delay: 742
    content: m
  - delay: 400
    content: k
  - delay: 196
    content: d
  - delay: 653
    content: i
  - delay: 167
    content: r
  - delay: 1422
    content: ' '
  - delay: 552
    content: '-'
  - delay: 1722
    content: o
  - delay: 700
    content: ' '
  - delay: 2176
    content: r
  - delay: 490
    content: w
  - delay: 651
    content: .
  - delay: 5896
    content: 'n'
  - delay: 409
    content: o
  - delay: 412
    content: s
  - delay: 204
    content: u
  - delay: 820
    content: l
  - delay: 204
    content: d
  - delay: 7374
    content: ','
  - delay: 1844
    content: 'n'
  - delay: 210
    content: o
  - delay: 363
    content: d
  - delay: 244
    content: e
  - delay: 205
    content: v
  - delay: 3687
    content: ','
  - delay: 204
    content: r
  - delay: 307
    content: e
  - delay: 306
    content: l
  - delay: 204
    content: a
  - delay: 2490
    content: t
  - delay: 2425
    content: i
  - delay: 513
    content: m
  - delay: 307
    content: e
  - delay: 2236
    content: ' '
  - delay: 738
    content: /
  - delay: 456
    content: d
  - delay: 291
    content: e
  - delay: 330
    content: v
  - delay: 5370
    content: /
  - delay: 453
    content: p
  - delay: 366
    content: r
  - delay: 205
    content: o
  - delay: 205
    content: c
  - delay: 1429
    content: /
  - delay: 1165
    content: v
  - delay: 161
    content: a
  - delay: 339
    content: r
  - delay: 199
    content: s
  - delay: 1435
    content: ' '
  - delay: 900
    content: /
  - delay: 1370
    content: m
  - delay: 260
    content: 'n'
  - delay: 360
    content: t
  - delay: 797
    content: /
  - delay: 4077
    content: v
  - delay: 409
    content: a
  - delay: 410
    content: r
  - delay: 22118
    content: "\b"
  - delay: 409
    content: "\b"
  - delay: 615
    content: "\e[?25l\e[43;79H\e[?25h"
  - delay: 11
    content: "\e[?25l\e[43;75H\e[?25h"
  - delay: 17
    content: "\b"
  - delay: 22
    content: "\b"
  - delay: 154
    content: "\e[?25l\e[43;71H\e[?25h"
  - delay: 19
    content: "\e[?25l\e[43;69H\e[?25h"
  - delay: 16
    content: "\b"
  - delay: 168
    content: "\e[?25l\e[43;63H\e[?25h"
  - delay: 22
    content: "\b"
  - delay: 33
    content: "\b"
  - delay: 105
    content: "\e[?25l\e[43;58H\e[?25h"
  - delay: 23
    content: "\b"
  - delay: 329
    content: "\b"
  - delay: 518
    content: "\b"
  - delay: 33
    content: "\b"
  - delay: 37
    content: "\b"
  - delay: 31
    content: "\b"
  - delay: 32
    content: "\b"
  - delay: 35
    content: "\b"
  - delay: 32
    content: "\b"
  - delay: 262
    content: "\b"
  - delay: 519
    content: "\b"
  - delay: 36
    content: "\b"
  - delay: 27
    content: "\b"
  - delay: 31
    content: "\b"
  - delay: 30
    content: "\b"
  - delay: 36
    content: "\b"
  - delay: 259
    content: "\b"
  - delay: 686
    content: "\b"
  - delay: 195
    content: "\b"
  - delay: 231
    content: "\b"
  - delay: 128
    content: "\b"
  - delay: 3704
    content: "\e[1C"
  - delay: 1024
    content: "\bnosuld,nodev,relatime /dev/proc/vars /mnt/var                                                                                       \e[43;37H"
  - delay: 1435
    content: "\e[?25l,nosuld,nodev,relatime /dev/proc/vars /mnt/var\e[43;38H\e[?25h"
  - delay: 11468
    content: "\e[1C"
  - delay: 615
    content: "\e[2C"
  - delay: 15
    content: "\e[4C"
  - delay: 189
    content: "\e[2C"
  - delay: 10
    content: "\e[3C"
  - delay: 398
    content: "\e[1C"
  - delay: 204
    content: "\e[1C"
  - delay: 364
    content: "\e[1C"
  - delay: 13
    content: "\e[1C"
  - delay: 238
    content: "\e[1C"
  - delay: 17
    content: "\e[1C"
  - delay: 186
    content: "\e[1C"
  - delay: 206
    content: "\e[1C"
  - delay: 205
    content: "\e[1C"
  - delay: 192
    content: "\e[1C"
  - delay: 23
    content: "\e[1C"
  - delay: 301
    content: "\e[1C"
  - delay: 160
    content: "\e[1C"
  - delay: 177
    content: "\e[1C"
  - delay: 409
    content: "\e[1C"
  - delay: 526
    content: "\e[1C"
  - delay: 31
    content: "\e[1C"
  - delay: 49
    content: "\e[1C"
  - delay: 250
    content: "\e[1C"
  - delay: 521
    content: "\e[1C"
  - delay: 31
    content: "\e[1C"
  - delay: 33
    content: "\e[1C"
  - delay: 33
    content: "\e[1C"
  - delay: 360
    content: "\e[1C"
  - delay: 200
    content: "\e[1C"
  - delay: 190
    content: "\e[1C"
  - delay: 179
    content: "\e[1C"
  - delay: 156
    content: "\e[1C"
  - delay: 171
    content: "\e[1C"
  - delay: 263
    content: "\e[1C"
  - delay: 1313
    content: "\e[1C"
  - delay: 587
    content: "\e[1C"
  - delay: 461
    content: "\e[1C"
  - delay: 11564
    content: "\e[?1l\e>\e[?2004l\r\n"
  - delay: 7
    content: "mount: /mnt/var: fsconfig() failed: ext4: Unknown parameter 'nosuld'.\r\e]0;root@archiso: mount --mkdir -o rw,nosuld,nodev,relatime /dev/proc/vars /mnt/var\a\n       dmesg(1) may have more information after failed mount system call.\r\e[?1h\e=\e[?2004h"
  - delay: 13
    content: "\n\e[31m\e[1m32 root\e[m@archiso \e[1m~ \e[22m#                                                                                                                                                  :( \e[43;21H\e]0;root@archiso: ~\a"
  - delay: 34431
    content: m
  - delay: 410
    content: "\bmo"
  - delay: 209
    content: u
  - delay: 404
    content: 'n'
  - delay: 206
    content: t
  - delay: 624
    content: ' '
  - delay: 889
    content: '-'
  - delay: 161
    content: '-'
  - delay: 676
    content: m
  - delay: 225
    content: k
  - delay: 263
    content: d
  - delay: 222
    content: i
  - delay: 155
    content: r
  - delay: 778
    content: ' '
  - delay: 388
    content: '-'
  - delay: 408
    content: o
  - delay: 1005
    content: ' '
  - delay: 1109
    content: r
  - delay: 356
    content: w
  - delay: 753
    content: ','
  - delay: 457
    content: 'n'
  - delay: 296
    content: o
  - delay: 881
    content: s
  - delay: 458
    content: u
  - delay: 291
    content: i
  - delay: 1674
    content: t
  - delay: 6157
    content: "\b \b"
  - delay: 819
    content: d
  - delay: 3238
    content: ','
  - delay: 1062
    content: 'n'
  - delay: 411
    content: o
  - delay: 204
    content: d
  - delay: 205
    content: e
  - delay: 35
    content: v
  - delay: 1827
    content: ','
  - delay: 490
    content: r
  - delay: 842
    content: e
  - delay: 590
    content: l
  - delay: 194
    content: a
  - delay: 456
    content: t
  - delay: 486
    content: i
  - delay: 261
    content: m
  - delay: 264
    content: e
  - delay: 1551
    content: ' '
  - delay: 422
    content: /
  - delay: 429
    content: d
  - delay: 504
    content: e
  - delay: 246
    content: v
  - delay: 1267
    content: /
  - delay: 523
    content: p
  - delay: 163
    content: r
  - delay: 229
    content: o
  - delay: 229
    content: c
  - delay: 1404
    content: /
  - delay: 456
    content: v
  - delay: 260
    content: a
  - delay: 197
    content: r
  - delay: 261
    content: s
  - delay: 1340
    content: ' '
  - delay: 459
    content: /
  - delay: 389
    content: m
  - delay: 279
    content: 'n'
  - delay: 268
    content: t
  - delay: 1711
    content: /
  - delay: 484
    content: v
  - delay: 244
    content: a
  - delay: 306
    content: r
  - delay: 33979
    content: "\e[?1l\e>\e[?2004l\e[K\r"
  - delay: 14
    content: "\n\e]0;root@archiso: mount --mkdir -o rw,nosuid,nodev,relatime /dev/proc/vars /mnt/var\a"
  - delay: 17
    content: "                                                                                                                                                                        \e[43;1H\e[?1h\e=\e[?2004h"
  - delay: 13
    content: "\e[31m\e[1mroot\e[m@archiso \e[1m~ \e[22m#                                                                                                                                                        \e[43;18H\e]0;root@archiso: ~\a"
  - delay: 3638
    content: l
  - delay: 202
    content: "\bls"
  - delay: 415
    content: b
  - delay: 392
    content: lk
  - delay: 6563
    content: "\e[?1l\e>\e[?2004l\r"
  - delay: 6
    content: "\nNAME          MAJ:MIN RM   SIZE RO TYPE MOUNTPOINTS\r\e]0;root@archiso: lsblk\a\nloop0           7:0    0 973.1M  1 loop /run/archiso/airootfs\r\nsda             8:0    1   7.5G  0 disk\r\n├─sda1          8:1    1   1.2G  0 part\r\n└─sda2          8:2    1   253M  0 part\r\nnvme0n1       259:0    0 238.5G  0 disk\r\n├─nvme0n1p1   259:1    0   260M  0 part\r\n├─nvme0n1p2   259:2    0    16M  0 part\r\n├─nvme0n1p3   259:6    0 187.9G  0 part\r\n├─nvme0n1p4   259:7    0   1.2G  0 part\r\n├─nvme0n1p5   259:8    0   260M  0 part\r\n├─nvme0n1p6   259:9    0     3G  0 part /mnt/boot\r\n└─nvme0n1p7   259:10   0  45.8G  0 part\r\n  ├─proc-root 253:0    0     5G  0 lvm  /mnt\r\n  └─proc-vars 253:1    0     5G  0 lvm  /mnt/var\r"
  - delay: 12
    content: "\n                                                                                                                                                                        \e[43;1H\e]0;root@archiso: ~\a\e[?1h\e=\e[?2004h"
  - delay: 13
    content: "\e[31m\e[1mroot\e[m@archiso \e[1m~ \e[22m#                                                                                                                                                        \e[43;18H"
  - delay: 26391
    content: l
  - delay: 413
    content: "\blv"
  - delay: 454
    content: c
  - delay: 1995
    content: r
  - delay: 589
    content: e
  - delay: 482
    content: a
  - delay: 294
    content: t
  - delay: 275
    content: e
  - delay: 4712
    content: ' '
  - delay: 621
    content: '-'
  - delay: 625
    content: L
  - delay: 6123
    content: ' '
  - delay: 24
    content: '1'
  - delay: 765
    content: G
  - delay: 1716
    content: ' '
  - delay: 631
    content: p
  - delay: 119
    content: r
  - delay: 226
    content: o
  - delay: 162
    content: c
  - delay: 1273
    content: ' '
  - delay: 1659
    content: '-'
  - delay: 391
    content: 'n'
  - delay: 3374
    content: ' '
  - delay: 657
    content: v
  - delay: 368
    content: t
  - delay: 343
    content: m
  - delay: 131
    content: p
  - delay: 9735
    content: "\e[?1l\e>\e[?2004l\r"
  - delay: 20
    content: "\n\e]0;root@archiso: lvcreate -L 1G proc -n vtmp\a"
  - delay: 34
    content: "  Logical volume \"vtmp\" created.\r\n"
  - delay: 17
    content: "\e[?1h\e=\e[?2004h"
  - delay: 13
    content: "\e[31m\e[1mroot\e[m@archiso \e[1m~ \e[22m#                                                                                                                                                        \e[43;18H\e]0;root@archiso: ~\a"
  - delay: 7010
    content: l
  - delay: 205
    content: "\bls"
  - delay: 238
    content: b
  - delay: 377
    content: l
  - delay: 204
    content: k
  - delay: 4102
    content: "\e[?1l\e>\e[?2004l\r\n"
  - delay: 10
    content: "NAME          MAJ:MIN RM   SIZE RO TYPE MOUNTPOINTS\r\e]0;root@archiso: lsblk\a\nloop0           7:0    0 973.1M  1 loop /run/archiso/airootfs\r\nsda             8:0    1   7.5G  0 disk\r\n├─sda1          8:1    1   1.2G  0 part\r\n└─sda2          8:2    1   253M  0 part\r\nnvme0n1       259:0    0 238.5G  0 disk\r\n├─nvme0n1p1   259:1    0   260M  0 part\r\n├─nvme0n1p2   259:2    0    16M  0 part\r\n├─nvme0n1p3   259:6    0 187.9G  0 part\r\n├─nvme0n1p4   259:7    0   1.2G  0 part\r\n├─nvme0n1p5   259:8    0   260M  0 part\r\n├─nvme0n1p6   259:9    0     3G  0 part /mnt/boot\r\n└─nvme0n1p7   259:10   0  45.8G  0 part\r\n  ├─proc-root 253:0    0     5G  0 lvm  /mnt\r\n  ├─proc-vars 253:1    0     5G  0 lvm  /mnt/var\r\n  └─proc-vtmp 253:2    0     1G  0 lvm\r\e[?1h\e=\e[?2004h"
  - delay: 7
    content: "\n\e[31m\e[1mroot\e[m@archiso \e[1m~ \e[22m#                                                                                                                                                        \e[43;18H\e]0;root@archiso: ~\a"
  - delay: 13696
    content: m
  - delay: 206
    content: "\bmk"
  - delay: 5527
    content: f
  - delay: 1061
    content: a
  - delay: 914
    content: "\b \b"
  - delay: 421
    content: s
  - delay: 9494
    content: .
  - delay: 322
    content: e
  - delay: 471
    content: x
  - delay: 245
    content: t
  - delay: 2186
    content: '4'
  - delay: 3935
    content: ' '
  - delay: 407
    content: /
  - delay: 207
    content: d
  - delay: 203
    content: e
  - delay: 410
    content: v
  - delay: 1802
    content: /
  - delay: 492
    content: r
  - delay: 407
    content: "\b \b"
  - delay: 330
    content: p
  - delay: 147
    content: r
  - delay: 445
    content: o
  - delay: 174
    content: c
  - delay: 986
    content: /
  - delay: 1996
    content: v
  - delay: 293
    content: t
  - delay: 360
    content: m
  - delay: 259
    content: p
  - delay: 53297
    content: "\e[?1l\e>\e[?2004l\r\n\e]0;root@archiso: mkfs.ext4 /dev/proc/vtmp\a"
  - delay: 9
    content: "mke2fs 1.47.4 (6-Mar-2025)\r"
  - delay: 13
    content: |+

  - delay: 79
    content: "\e[?25lDiscarding device blocks:      0/262144\e[43;27H\e[?25hdone\e[28X\r"
  - delay: 15
    content: "\nCreating filesystem with 262144 4k blocks and 65536 inodes\r\nFilesystem UUID: ea0d29ae-c5da-4a7a-9c1e-98c18f6f7537\r\nSuperblock backups stored on blocks:\r\n        32768, 98304, 163840, 229376\r\n\nAllocating group tables: done\r\nWriting inode tables: done\r\nCreating journal (8192 blocks): done\r\nWriting superblocks and filesystem accounting information: done\r\n\e[?1h\e=\e[?2004h"
  - delay: 7
    content: "\n\e[31m\e[1mroot\e[m@archiso \e[1m~ \e[22m#                                                                                                                                                        \e[43;18H\e]0;root@archiso: ~\a"
  - delay: 22685
    content: m
  - delay: 320
    content: "\bmo"
  - delay: 312
    content: u
  - delay: 195
    content: 'n'
  - delay: 326
    content: t
  - delay: 10061
    content: ' '
  - delay: 409
    content: '-'
  - delay: 204
    content: '-'
  - delay: 819
    content: m
  - delay: 207
    content: k
  - delay: 202
    content: d
  - delay: 206
    content: i
  - delay: 186
    content: r
  - delay: 2684
    content: ' '
  - delay: 556
    content: '-'
  - delay: 1859
    content: o
  - delay: 1512
    content: ' '
  - delay: 784
    content: r
  - delay: 1092
    content: w
  - delay: 2880
    content: 'n'
  - delay: 1144
    content: "\b \b"
  - delay: 409
    content: ','
  - delay: 205
    content: 'n'
  - delay: 409
    content: o
  - delay: 204
    content: d
  - delay: 206
    content: e
  - delay: 133
    content: v
  - delay: 928
    content: ','
  - delay: 4673
    content: 'n'
  - delay: 5734
    content: o
  - delay: 820
    content: s
  - delay: 205
    content: u
  - delay: 204
    content: i
  - delay: 206
    content: d
  - delay: 1023
    content: ','
  - delay: 2462
    content: 'n'
  - delay: 404
    content: o
  - delay: 614
    content: e
  - delay: 3482
    content: x
  - delay: 2661
    content: e
  - delay: 4716
    content: c
  - delay: 4296
    content: ','
  - delay: 1843
    content: r
  - delay: 207
    content: e
  - delay: 211
    content: l
  - delay: 402
    content: a
  - delay: 656
    content: ti
  - delay: 148
    content: m
  - delay: 98
    content: e
  - delay: 783
    content: ','
  - delay: 2023
    content: "\b \b"
  - delay: 490
    content: ' '
  - delay: 409
    content: /
  - delay: 372
    content: d
  - delay: 262
    content: e
  - delay: 195
    content: v
  - delay: 3584
    content: /
  - delay: 401
    content: p
  - delay: 208
    content: r
  - delay: 202
    content: o
  - delay: 410
    content: c
  - delay: 1083
    content: /
  - delay: 5470
    content: v
  - delay: 642
    content: t
  - delay: 793
    content: m
  - delay: 380
    content: p
  - delay: 1754
    content: ' '
  - delay: 525
    content: /
  - delay: 429
    content: m
  - delay: 217
    content: 'n'
  - delay: 229
    content: t
  - delay: 2005
    content: /
  - delay: 577
    content: v
  - delay: 290
    content: a
  - delay: 231
    content: r
  - delay: 811
    content: /
  - delay: 4632
    content: t
  - delay: 205
    content: m
  - delay: 411
    content: p
  - delay: 37865
    content: "\e[?1l\e>\e[?2004l\r"
  - delay: 11
    content: "\n\e]0;root@archiso: mount --mkdir -o rw,nodev,nosuid,noexec,relatime /dev/proc/vtmp /mnt/var/tmp\a"
  - delay: 16
    content: "                                                                                                                                                                        \e[43;1H"
  - delay: 10
    content: "\e[?1h\e=\e[?2004h"
  - delay: 6
    content: "\e[31m\e[1mroot\e[m@archiso \e[1m~ \e[22m#                                                                                                                                                        \e[43;18H\e]0;root@archiso: ~\a"
  - delay: 11238
    content: l
  - delay: 205
    content: "\bls"
  - delay: 230
    content: b
  - delay: 383
    content: l
  - delay: 410
    content: k
  - delay: 5127
    content: "\e[?1l\e>\e[?2004l\r\n"
  - delay: 6
    content: "NAME          MAJ:MIN RM   SIZE RO TYPE MOUNTPOINTS\r\e]0;root@archiso: lsblk\a\nloop0           7:0    0 973.1M  1 loop /run/archiso/airootfs\r\nsda             8:0    1   7.5G  0 disk\r\n├─sda1          8:1    1   1.2G  0 part\r\n└─sda2          8:2    1   253M  0 part\r\nnvme0n1       259:0    0 238.5G  0 disk\r\n├─nvme0n1p1   259:1    0   260M  0 part\r\n├─nvme0n1p2   259:2    0    16M  0 part\r\n├─nvme0n1p3   259:6    0 187.9G  0 part\r\n├─nvme0n1p4   259:7    0   1.2G  0 part\r\n├─nvme0n1p5   259:8    0   260M  0 part\r\n├─nvme0n1p6   259:9    0     3G  0 part /mnt/boot\r\n└─nvme0n1p7   259:10   0  45.8G  0 part\r\n  ├─proc-root 253:0    0     5G  0 lvm  /mnt\r\n  ├─proc-vars 253:1    0     5G  0 lvm  /mnt/var\r\n  └─proc-vtmp 253:2    0     1G  0 lvm  /mnt/var/tmp\r"
  - delay: 5
    content: "\e[?1h\e=\e[?2004h"
  - delay: 12
    content: "\n\e[31m\e[1mroot\e[m@archiso \e[1m~ \e[22m#                                                                                                                                                        \e[43;18H\e]0;root@archiso: ~\a"
  - delay: 55065
    content: l
  - delay: 199
    content: "\blv"
  - delay: 421
    content: c
  - delay: 399
    content: r
  - delay: 344
    content: e
  - delay: 928
    content: a
  - delay: 160
    content: t
  - delay: 198
    content: e
  - delay: 1435
    content: ' '
  - delay: 586
    content: '-'
  - delay: 623
    content: L
  - delay: 1054
    content: '1'
  - delay: 591
    content: "\b \b"
  - delay: 488
    content: ' '
  - delay: 193
    content: '1'
  - delay: 916
    content: G
  - delay: 1671
    content: ' '
  - delay: 682
    content: p
  - delay: 197
    content: r
  - delay: 276
    content: o
  - delay: 195
    content: c
  - delay: 1587
    content: ' '
  - delay: 1486
    content: 'n'
  - delay: 260
    content: ' '
  - delay: 347
    content: v
  - delay: 469
    content: l
  - delay: 179
    content: o
  - delay: 357
    content: g
  - delay: 8947
    content: "\b \b"
  - delay: 39
    content: "\b \b"
  - delay: 176
    content: "\b \b"
  - delay: 144
    content: "\b \b"
  - delay: 252
    content: "\b"
  - delay: 615
    content: "\b \b"
  - delay: 1289
    content: '-'
  - delay: 462
    content: 'n'
  - delay: 408
    content: ' '
  - delay: 296
    content: v
  - delay: 358
    content: l
  - delay: 233
    content: o
  - delay: 319
    content: g
  - delay: 8518
    content: "\e[?1l\e>\e[?2004l\r"
  - delay: 17
    content: "\n\e]0;root@archiso: lvcreate -L 1G proc -n vlog\a"
  - delay: 18
    content: "  Logical volume \"vlog\" created.\r\n"
  - delay: 16
    content: "                                                                                                                                                                        \e[43;1H\e[?1h\e=\e[?2004h"
  - delay: 9
    content: "\e[31m\e[1mroot\e[m@archiso \e[1m~ \e[22m#                                                                                                                                                        \e[43;18H\e]0;root@archiso: ~\a"
  - delay: 5261
    content: m
  - delay: 199
    content: "\bmk"
  - delay: 1028
    content: f
  - delay: 406
    content: s
  - delay: 786
    content: .
  - delay: 336
    content: e
  - delay: 438
    content: x
  - delay: 317
    content: t
  - delay: 591
    content: '4'
  - delay: 4712
    content: ' '
  - delay: 399
    content: /
  - delay: 408
    content: d
  - delay: 135
    content: e
  - delay: 276
    content: v
  - delay: 2182
    content: /
  - delay: 318
    content: p
  - delay: 198
    content: r
  - delay: 196
    content: o
  - delay: 292
    content: c
  - delay: 1647
    content: /
  - delay: 567
    content: v
  - delay: 379
    content: l
  - delay: 178
    content: o
  - delay: 297
    content: g
  - delay: 20265
    content: "\e[?1l\e>\e[?2004l\r\n\e]0;root@archiso: mkfs.ext4 /dev/proc/vlog\amke2fs 1.47.4 (6-Mar-2025)\r"
  - delay: 14
    content: |+

  - delay: 62
    content: "\e[?25lDiscarding device blocks:      0/262144\e[43;27H\e[?25hdone\e[28X\r\nCreating filesystem with 262144 4k blocks and 65536 inodes\r\nFilesystem UUID: 34885cb3-4499-4e00-9661-bd19169a8c71\r\nSuperblock backups stored on blocks:\r\n        32768, 98304, 163840, 229376\r\n\nAllocating group tables: done\r\nWriting inode tables: done\r"
  - delay: 12
    content: "\nCreating journal (8192 blocks): done\r\nWriting superblocks and filesystem accounting information: done\r\n"
  - delay: 9
    content: "\e[?1h\e=\e[?2004h\n\e[31m\e[1mroot\e[m@archiso \e[1m~ \e[22m#                                                                                                                                                        \e[43;18H\e]0;root@archiso: ~\a"
  - delay: 9318
    content: m
  - delay: 313
    content: "\bmo"
  - delay: 407
    content: u
  - delay: 816
    content: t
  - delay: 962
    content: "\b \b"
  - delay: 406
    content: 'n'
  - delay: 316
    content: t
  - delay: 2165
    content: ' '
  - delay: 455
    content: '-'
  - delay: 272
    content: '-'
  - delay: 3403
    content: m
  - delay: 418
    content: k
  - delay: 25
    content: d
  - delay: 385
    content: i
  - delay: 205
    content: r
  - delay: 1514
    content: ' '
  - delay: 522
    content: '-'
  - delay: 458
    content: o
  - delay: 2492
    content: r
  - delay: 425
    content: w
  - delay: 327
    content: ','
  - delay: 1345
    content: "\b \b"
  - delay: 177
    content: "\b \b"
  - delay: 198
    content: "\b \b"
  - delay: 682
    content: ' '
  - delay: 427
    content: r
  - delay: 393
    content: w
  - delay: 720
    content: ','
  - delay: 1846
    content: ' '
  - delay: 460
    content: "\b"
  - delay: 654
    content: 'n'
  - delay: 229
    content: o
  - delay: 291
    content: d
  - delay: 264
    content: e
  - delay: 230
    content: v
  - delay: 2282
    content: ','
  - delay: 383
    content: 'n'
  - delay: 300
    content: o
  - delay: 538
    content: s
  - delay: 453
    content: u
  - delay: 411
    content: i
  - delay: 12
    content: d
  - delay: 1210
    content: ','
  - delay: 4513
    content: 'n'
  - delay: 408
    content: o
  - delay: 206
    content: e
  - delay: 2252
    content: x
  - delay: 410
    content: e
  - delay: 1023
    content: c
  - delay: 7583
    content: ','
  - delay: 2462
    content: r
  - delay: 299
    content: e
  - delay: 488
    content: l
  - delay: 164
    content: a
  - delay: 476
    content: t
  - delay: 204
    content: i
  - delay: 203
    content: m
  - delay: 232
    content: e
  - delay: 587
    content: ' '
  - delay: 204
    content: /
  - delay: 206
    content: d
  - delay: 168
    content: e
  - delay: 219
    content: v
  - delay: 5552
    content: /
  - delay: 619
    content: p
  - delay: 350
    content: ro
  - delay: 257
    content: c
  - delay: 206
    content: c
  - delay: 411
    content: /
  - delay: 1029
    content: "\b \b"
  - delay: 166
    content: "\b \b"
  - delay: 934
    content: /
  - delay: 2079
    content: v
  - delay: 305
    content: l
  - delay: 235
    content: o
  - delay: 371
    content: g
  - delay: 1194
    content: ' '
  - delay: 520
    content: /
  - delay: 1173
    content: m
  - delay: 159
    content: 'n'
  - delay: 344
    content: t
  - delay: 2213
    content: /
  - delay: 4638
    content: v
  - delay: 204
    content: a
  - delay: 205
    content: r
  - delay: 1230
    content: /
  - delay: 2100
    content: l
  - delay: 259
    content: o
  - delay: 325
    content: g
  - delay: 110372
    content: "\e[?1l\e>\e[?2004l\r"
  - delay: 10
    content: "\n\e]0;root@archiso: mount --mkdir -o rw,nodev,nosuid,noexec,relatime /dev/proc/vlog /mnt/var/log\a"
  - delay: 28
    content: "                                                                                                                                                                        \e[43;1H"
  - delay: 5
    content: "\e[?1h\e=\e[?2004h"
  - delay: 14
    content: "\e[31m\e[1mroot\e[m@archiso \e[1m~ \e[22m#                                                                                                                                                        \e[43;18H\e]0;root@archiso: ~\a"
  - delay: 5694
    content: l
  - delay: 486
    content: "\blv"
  - delay: 308
    content: c
  - delay: 409
    content: r
  - delay: 29
    content: e
  - delay: 995
    content: a
  - delay: 536
    content: t
  - delay: 237
    content: e
  - delay: 1988
    content: ' '
  - delay: 12394
    content: '-'
  - delay: 1023
    content: L
  - delay: 409
    content: ' '
  - delay: 15
    content: '1'
  - delay: 809
    content: G
  - delay: 2714
    content: "\b \b"
  - delay: 181
    content: "\b \b"
  - delay: 4063
    content: '5'
