# The configurations that used for the recording, feel free to edit them
config:

  # Specify a command to be executed
  # like `/bin/bash -l`, `ls`, or any other commands
  # the default is bash for Linux
  # or powershell.exe for Windows
  command: bash -l
  
  # Specify the current working directory path
  # the default is the current working directory path
  cwd: /home/user
  
  # Export additional ENV variables
  env:
    recording: true
  
  # Explicitly set the number of columns
  # or use `auto` to take the current
  # number of columns of your shell
  cols: 151
  
  # Explicitly set the number of rows
  # or use `auto` to take the current
  # number of rows of your shell
  rows: 37
  
  # Amount of times to repeat GIF
  # If value is -1, play once
  # If value is 0, loop indefinitely
  # If value is a positive number, loop n times
  repeat: 0
  
  # Quality
  # 1 - 100
  quality: 100
  
  # Delay between frames in ms
  # If the value is `auto` use the actual recording delays
  frameDelay: auto
  
  # Maximum delay between frames in ms
  # Ignored if the `frameDelay` isn't set to `auto`
  # Set to `auto` to prevent limiting the max idle time
  maxIdleTime: 2000
  
  # The surrounding frame box
  # The `type` can be null, window, floating, or solid`
  # To hide the title use the value null
  # Don't forget to add a backgroundColor style with a null as type
  frameBox:
    type: floating
    title: Terminalizer
    style:
      border: 0px black solid
      # boxShadow: none
      # margin: 0px
  
  # Add a watermark image to the rendered gif
  # You need to specify an absolute path for
  # the image on your machine or a URL, and you can also
  # add your own CSS styles
  watermark:
    imagePath: null
    style:
      position: absolute
      right: 15px
      bottom: 15px
      width: 100px
      opacity: 0.9
  
  # Cursor style can be one of
  # `block`, `underline`, or `bar`
  cursorStyle: block
  
  # Font family
  # You can use any font that is installed on your machine
  # in CSS-like syntax
  fontFamily: "Monaco, Lucida Console, Ubuntu Mono, Monospace"
  
  # The size of the font
  fontSize: 12
  
  # The height of lines
  lineHeight: 1
  
  # The spacing between letters
  letterSpacing: 0
  
  # Theme
  theme:
    background: "transparent"
    foreground: "#afafaf"
    cursor: "#c7c7c7"
    black: "#232628"
    red: "#fc4384"
    green: "#b3e33b"
    yellow: "#ffa727"
    blue: "#75dff2"
    magenta: "#ae89fe"
    cyan: "#708387"
    white: "#d5d5d0"
    brightBlack: "#626566"
    brightRed: "#ff7fac"
    brightGreen: "#c8ed71"
    brightYellow: "#ebdf86"
    brightBlue: "#75dff2"
    brightMagenta: "#ae89fe"
    brightCyan: "#b1c6ca"
    brightWhite: "#f9f9f4"
  
# Records, feel free to edit them
records:
  - delay: 587
    content: "\e]3008;start=0d03cbcd-4781-4f9b-b2ec-9ba0a34d62fe;machineid=f6c35ae3992c4e8b89fcf7b948278459;user=user;hostname=archlinux;bootid=8cf8ac20-5bf9-4875-bf9b-8393c9c532bf;pid=00000000000000007081;type=shell;cwd=/home/user\e\\\e]0;user@archlinux:~\a\e[?2004h[user@archlinux ~]$ "
  - delay: 1266
    content: s
  - delay: 159
    content: s
  - delay: 279
    content: h
  - delay: 468
    content: ' '
  - delay: 350
    content: r
  - delay: 424
    content: o
  - delay: 159
    content: o
  - delay: 184
    content: t
  - delay: 801
    content: '@'
  - delay: 1726
    content: '1'
  - delay: 514
    content: '9'
  - delay: 471
    content: '2'
  - delay: 536
    content: .
  - delay: 457
    content: '1'
  - delay: 280
    content: '6'
  - delay: 303
    content: '8'
  - delay: 361
    content: .
  - delay: 304
    content: '1'
  - delay: 311
    content: '8'
  - delay: 401
    content: '1'
  - delay: 1016
    content: "\b\e[K"
  - delay: 568
    content: .
  - delay: 568
    content: '1'
  - delay: 232
    content: '2'
  - delay: 639
    content: "\r\n\e[?2004l\r"
  - delay: 39
    content: "\e]3008;start=e0f70ec2-4d20-4598-92ce-5d0a986a5b2d;machineid=f6c35ae3992c4e8b89fcf7b948278459;user=user;hostname=archlinux;bootid=8cf8ac20-5bf9-4875-bf9b-8393c9c532bf;pid=00000000000000007081;type=command;cwd=/home/user\e\\"
  - delay: 250
    content: "\rThe authenticity of host '192.168.18.12 (192.168.18.12)' can't be established.\r\nED25519 key fingerprint is: SHA256:i9110ylybtPMus5dDD5wnoKqIAWKBS/X9f6CDSlsSU8\r\nThis key is not known by any other names.\r\nAre you sure you want to continue connecting (yes/no/[fingerprint])? "
  - delay: 1415
    content: 'y'
  - delay: 353
    content: e
  - delay: 287
    content: s
  - delay: 1111
    content: "\r\nWarning: Permanently added '192.168.18.12' (ED25519) to the list of known hosts.\r\r\n"
  - delay: 77
    content: "\rroot@192.168.18.12's password: "
  - delay: 2053
    content: "\r\n"
  - delay: 401
    content: "To install \e[38;2;23;147;209mArch Linux\e[0m follow the installation guide:\r\nhttps://wiki.archlinux.org/title/Installation_guide\r\n\r\nFor Wi-Fi, authenticate to the wireless network using the \e[35miwctl\e[0m utility.\r\nFor mobile broadband (WWAN) modems, connect with the \e[35mmmcli\e[0m utility.\r\nEthernet, WLAN and WWAN interfaces using DHCP should work automatically.\r\n\r\nAfter connecting to the internet, the installation guide can be accessed\r\nvia the convenience script \e[35mInstallation_guide\e[0m.\r\n\r\n\e[41m \e[41m \e[41m \e[40m \e[44m \e[40m \e[41m \e[46m \e[45m \e[41m \e[46m \e[43m \e[41m \e[44m \e[45m \e[40m \e[44m \e[40m \e[41m \e[44m \e[41m \e[41m \e[46m \e[42m \e[41m \e[44m \e[43m \e[41m \e[45m \e[40m \e[40m \e[44m \e[40m \e[41m \e[44m \e[42m \e[41m \e[46m \e[44m \e[41m \e[46m \e[47m \e[0m\r\n"
  - delay: 659
    content: "\e[1m\e[7m#\e[27m\e[1m\e[0m                                                                                                                                                      \r \r\e]0;root@archiso: ~\a\r\e[0m\e[27m\e[24m\e[J\e[1m\e[31m\e[39m\e[0m\e[1m\e[31mroot\e[39m\e[0m@archiso \e[1m~ \e[0m# \e[K\e[?1h\e[?2004h"
  - delay: 3904
    content: l
  - delay: 132
    content: "\bls"
  - delay: 396
    content: b
  - delay: 178
    content: l
  - delay: 235
    content: k
  - delay: 2438
    content: "\e[?1l\e[?2004l\r\r\n\e]0;root@archiso: lsblk\a"
  - delay: 34
    content: "NAME          MAJ:MIN RM   SIZE RO TYPE MOUNTPOINTS\r\nloop0           7:0    0 973.1M  1 loop /run/archiso/airootfs\r\nsda             8:0    1  14.6G  0 disk \r\n└─sda1          8:1    1  14.6G  0 part /run/archiso/bootmnt\r\nmmcblk0       179:0    0 116.5G  0 disk \r\n├─mmcblk0p1   179:1    0     3G  0 part \r\n└─mmcblk0p2   179:2    0 113.5G  0 part \r\n  ├─proc-root 253:0    0     5G  0 lvm  \r\n  ├─proc-vars 253:1    0     5G  0 lvm  \r\n  ├─proc-vtmp 253:2    0     1G  0 lvm  \r\n  ├─proc-vlog 253:3    0     1G  0 lvm  \r\n  ├─proc-vaud 253:4    0   512M  0 lvm  \r\n  ├─proc-home 253:5    0     1G  0 lvm  \r\n  └─proc-priv 253:6    0    50G  0 lvm  \r\nmmcblk0boot0  179:8    0     4M  1 disk \r\nmmcblk0boot1  179:16   0     4M  1 disk \r\nmmcblk1       179:24   0  14.8G  0 disk \r\n└─mmcblk1p1   179:25   0  14.8G  0 part \r\n\e[1m\e[7m#\e[27m\e[1m\e[0m                                                                                                                                                      \r \r"
  - delay: 35
    content: "\e]0;root@archiso: ~\a\r\e[0m\e[27m\e[24m\e[J\e[1m\e[31m\e[39m\e[0m\e[1m\e[31mroot\e[39m\e[0m@archiso \e[1m~ \e[0m# \e[K\e[?1h\e[?2004h"
  - delay: 8211
    content: m
  - delay: 232
    content: "\bmk"
  - delay: 424
    content: f
  - delay: 276
    content: s
  - delay: 959
    content: .
  - delay: 333
    content: e
  - delay: 292
    content: x
  - delay: 339
    content: t
  - delay: 318
    content: '4'
  - delay: 1333
    content: ' '
  - delay: 513
    content: /
  - delay: 192
    content: d
  - delay: 225
    content: e
  - delay: 207
    content: v
  - delay: 705
    content: /
  - delay: 2263
    content: p
  - delay: 138
    content: r
  - delay: 173
    content: o
  - delay: 329
    content: c
  - delay: 2231
    content: /
  - delay: 392
    content: r
  - delay: 269
    content: o
  - delay: 167
    content: o
  - delay: 205
    content: t
  - delay: 2689
    content: "\e[?1l\e[?2004l\r\r\n\e]0;root@archiso: mkfs.ext4 /dev/proc/root\a"
  - delay: 92
    content: "mke2fs 1.47.4 (6-Mar-2025)\r\n"
  - delay: 73
    content: "/dev/proc/root contains a ext4 file system\r\n\tlast mounted on /mnt on Mon Jun  1 19:07:51 2026\r\n"
  - delay: 5
    content: 'Proceed anyway? (y,N) '
  - delay: 1725
    content: 'y'
  - delay: 1027
    content: "\r\n"
  - delay: 34
    content: "Discarding device blocks:       0/1310720\b\b\b\b\b\b\b\b\b\b\b\b\b\b\b"
  - delay: 878
    content: " 524288/1310720\b\b\b\b\b\b\b\b\b\b\b\b\b\b\b"
  - delay: 1231
    content: "1048576/1310720\b\b\b\b\b\b\b\b\b\b\b\b\b\b\b"
  - delay: 728
    content: "               \b\b\b\b\b\b\b\b\b\b\b\b\b\b\bdone                            \r\nCreating filesystem with 1310720 4k blocks and 327680 inodes\r\nFilesystem UUID: 6aeddf4d-398f-4058-9148-230d582d315a\r\nSuperblock backups stored on blocks: \r\n\t32768, 98304, 163840, 229376, 294912, 819200, 884736\r\n\r\nAllocating group tables:  0/40\b\b\b\b\b     \b\b\b\b\bdone                            \r\nWriting inode tables:  0/40\b\b\b\b\b     \b\b\b\b\bdone                            \r\nCreating journal (16384 blocks): done\r\nWriting superblocks and filesystem accounting information:  0/40\b\b\b\b\b     \b\b\b\b\b"
  - delay: 81
    content: "done\r\n\r\n\e[1m\e[7m#\e[27m\e[1m\e[0m                                                                                                                                                      \r \r"
  - delay: 11
    content: "\e]0;root@archiso: ~\a\r\e[0m\e[27m\e[24m\e[J\e[1m\e[31m\e[39m\e[0m\e[1m\e[31mroot\e[39m\e[0m@archiso \e[1m~ \e[0m# \e[K\e[?1h\e[?2004h"
  - delay: 4389
    content: m
  - delay: 118
    content: "\bmk"
  - delay: 431
    content: f
  - delay: 363
    content: s
  - delay: 409
    content: .
  - delay: 400
    content: v
  - delay: 260
    content: f
  - delay: 193
    content: a
  - delay: 232
    content: t
  - delay: 4560
    content: ' '
  - delay: 457
    content: '-'
  - delay: 765
    content: F
  - delay: 413
    content: '3'
  - delay: 224
    content: '2'
  - delay: 4296
    content: ' '
  - delay: 459
    content: '-'
  - delay: 351
    content: 'n'
  - delay: 1751
    content: ' '
  - delay: 1672
    content: B
  - delay: 454
    content: O
  - delay: 896
    content: O
  - delay: 1129
    content: T
  - delay: 1287
    content: ' '
  - delay: 649
    content: /
  - delay: 247
    content: d
  - delay: 205
    content: e
  - delay: 200
    content: v
  - delay: 2023
    content: /
  - delay: 1592
    content: m
  - delay: 205
    content: m
  - delay: 650
    content: c
  - delay: 349
    content: b
  - delay: 410
    content: l
  - delay: 328
    content: k
  - delay: 3460
    content: '0'
  - delay: 897
    content: p
  - delay: 213
    content: '1'
  - delay: 2904
    content: "\e[?1l\e[?2004l\r\r\n\e]0;root@archiso: mkfs.vfat -F32 -n BOOT /dev/mmcblk0p1\a"
  - delay: 84
    content: "mkfs.fat 4.2 (2021-01-31)\r\n"
  - delay: 870
    content: "\e[1m\e[7m#\e[27m\e[1m\e[0m                                                                                                                                                      \r \r"
  - delay: 12
    content: "\e]0;root@archiso: ~\a\r\e[0m\e[27m\e[24m\e[J\e[1m\e[31m\e[39m\e[0m\e[1m\e[31mroot\e[39m\e[0m@archiso \e[1m~ \e[0m# \e[K\e[?1h\e[?2004h"
  - delay: 4661
    content: m
  - delay: 276
    content: "\bmk"
  - delay: 982
    content: g
  - delay: 354
    content: s
  - delay: 528
    content: .
  - delay: 267
    content: e
  - delay: 353
    content: x
  - delay: 362
    content: t
  - delay: 1293
    content: '4'
  - delay: 417
    content: ' '
  - delay: 482
    content: /
  - delay: 189
    content: d
  - delay: 188
    content: e
  - delay: 187
    content: v
  - delay: 527
    content: /
  - delay: 421
    content: p
  - delay: 149
    content: r
  - delay: 166
    content: o
  - delay: 1575
    content: c
  - delay: 978
    content: /
  - delay: 505
    content: v
  - delay: 182
    content: a
  - delay: 160
    content: r
  - delay: 227
    content: s
  - delay: 2147
    content: "\e[?1l\e[?2004l\r\r\n"
  - delay: 10
    content: 'zsh: correct ''mkgs.ext4'' to ''mkfs.ext4'' [nyae]? '
  - delay: 2209
    content: "y\r\n\e]0;root@archiso: mkfs.ext4 /dev/proc/vars\a"
  - delay: 16
    content: "mke2fs 1.47.4 (6-Mar-2025)\r\n"
  - delay: 68
    content: "/dev/proc/vars contains a ext4 file system\r\n\tlast mounted on /mnt/var on Mon Jun  1 19:14:03 2026\r\nProceed anyway? (y,N) "
  - delay: 1762
    content: 'y'
  - delay: 1160
    content: "\r\n"
  - delay: 36
    content: "Discarding device blocks:       0/1310720\b\b\b\b\b\b\b\b\b\b\b\b\b\b\b"
  - delay: 1625
    content: "1048576/1310720\b\b\b\b\b\b\b\b\b\b\b\b\b\b\b"
  - delay: 299
    content: "               \b\b\b\b\b\b\b\b\b\b\b\b\b\b\bdone                            \r\nCreating filesystem with 1310720 4k blocks and 327680 inodes\r\nFilesystem UUID: 53d288f9-a55b-41ed-bb16-4ef265f8db9a\r\nSuperblock backups stored on blocks: \r\n\t32768, 98304, 163840, 229376, 294912, 819200, 884736\r\n\r\nAllocating group tables:  0/40\b\b\b\b\b     \b\b\b\b\bdone                            \r\nWriting inode tables:  0/40\b\b\b\b\b     \b\b\b\b\bdone                            \r\n"
  - delay: 37
    content: 'Creating journal (16384 blocks): '
  - delay: 26
    content: "done\r\n"
  - delay: 31
    content: "Writing superblocks and filesystem accounting information:  0/40\b\b\b\b\b"
  - delay: 9
    content: "     \b\b\b\b\b"
  - delay: 103
    content: "done\r\n\r\n\e[1m\e[7m#\e[27m\e[1m\e[0m                                                                                                                                                      \r \r"
  - delay: 12
    content: "\e]0;root@archiso: ~\a\r\e[0m\e[27m\e[24m\e[J\e[1m\e[31m\e[39m\e[0m\e[1m\e[31mroot\e[39m\e[0m@archiso \e[1m~ \e[0m# \e[K\e[?1h\e[?2004h"
  - delay: 1459
    content: mkfs.ext4 /dev/proc/vars
  - delay: 1055
    content: "\b \b"
  - delay: 215
    content: "\b \b"
  - delay: 195
    content: "\b \b"
  - delay: 874
    content: "\b \b"
  - delay: 945
    content: v
  - delay: 243
    content: t
  - delay: 548
    content: m
  - delay: 362
    content: p
  - delay: 678
    content: "\e[?1l\e[?2004l\r\r\n\e]0;root@archiso: mkfs.ext4 /dev/proc/vtmp\a"
  - delay: 14
    content: "mke2fs 1.47.4 (6-Mar-2025)\r\n"
  - delay: 54
    content: "/dev/proc/vtmp contains a ext4 file system\r\n\tlast mounted on Mon Jun  1 19:15:34 2026\r\nProceed anyway? (y,N) "
  - delay: 1294
    content: 'y'
  - delay: 1151
    content: "\r\n"
  - delay: 38
    content: "Discarding device blocks:      0/262144\b\b\b\b\b\b\b\b\b\b\b\b\b"
  - delay: 290
    content: "             \b\b\b\b\b\b\b\b\b\b\b\b\bdone                            \r\nCreating filesystem with 262144 4k blocks and 65536 inodes\r\nFilesystem UUID: 0a053aec-2916-409e-bce0-5edab02fdef0\r\nSuperblock backups stored on blocks: \r\n\t32768, 98304, 163840, 229376\r\n\r\nAllocating group tables: 0/8\b\b\b   \b\b\bdone                            \r\nWriting inode tables: 0/8\b\b\b   \b\b\bdone                            \r\n"
  - delay: 12
    content: 'Creating journal (8192 blocks): '
  - delay: 18
    content: "done\r\n"
  - delay: 5
    content: "Writing superblocks and filesystem accounting information: 0/8\b\b\b   \b\b\b"
  - delay: 34
    content: "done\r\n\r\n\e[1m\e[7m#\e[27m\e[1m\e[0m                                                                                                                                                      \r \r"
  - delay: 39
    content: "\e]0;root@archiso: ~\a\r\e[0m\e[27m\e[24m\e[J\e[1m\e[31m\e[39m\e[0m\e[1m\e[31mroot\e[39m\e[0m@archiso \e[1m~ \e[0m# \e[K\e[?1h\e[?2004h"
  - delay: 1951
    content: mkfs.ext4 /dev/proc/vtmp
  - delay: 1082
    content: "\b \b"
  - delay: 249
    content: "\b \b"
  - delay: 230
    content: "\b \b"
  - delay: 825
    content: l
  - delay: 220
    content: o
  - delay: 355
    content: g
  - delay: 1530
    content: "\e[?1l\e[?2004l\r\r\n\e]0;root@archiso: mkfs.ext4 /dev/proc/vlog\a"
  - delay: 14
    content: "mke2fs 1.47.4 (6-Mar-2025)\r\n"
  - delay: 81
    content: "/dev/proc/vlog contains a ext4 file system\r\n"
  - delay: 7
    content: "\tlast mounted on /mnt/var/log on Mon Jun  1 19:16:53 2026\r\nProceed anyway? (y,N) "
  - delay: 1292
    content: 'y'
  - delay: 724
    content: "\r\n"
  - delay: 43
    content: "Discarding device blocks:      0/262144\b\b\b\b\b\b\b\b\b\b\b\b\b"
  - delay: 357
    content: "             \b\b\b\b\b\b\b\b\b\b\b\b\bdone                            \r\nCreating filesystem with 262144 4k blocks and 65536 inodes\r\nFilesystem UUID: 5588ba9b-5bf0-4825-ad8d-48a38be1b0b0\r\nSuperblock backups stored on blocks: \r\n\t32768, 98304, 163840, 229376\r\n\r\nAllocating group tables: 0/8\b\b\b   \b\b\bdone                            \r\nWriting inode tables: 0/8\b\b\b"
  - delay: 5
    content: "   \b\b\bdone                            \r\n"
  - delay: 10
    content: 'Creating journal (8192 blocks): '
  - delay: 20
    content: "done\r\n"
  - delay: 7
    content: "Writing superblocks and filesystem accounting information: 0/8\b\b\b"
  - delay: 5
    content: "   \b\b\b"
  - delay: 30
    content: "done\r\n\r\n\e[1m\e[7m#\e[27m\e[1m\e[0m                                                                                                                                                      \r \r"
  - delay: 39
    content: "\e]0;root@archiso: ~\a\r\e[0m\e[27m\e[24m\e[J\e[1m\e[31m\e[39m\e[0m\e[1m\e[31mroot\e[39m\e[0m@archiso \e[1m~ \e[0m# \e[K\e[?1h\e[?2004h"
  - delay: 3915
    content: mkfs.ext4 /dev/proc/vlog
  - delay: 2474
    content: "\b \b"
  - delay: 178
    content: "\b \b"
  - delay: 294
    content: "\b \b"
  - delay: 781
    content: a
  - delay: 226
    content: u
  - delay: 317
    content: d
  - delay: 1114
    content: "\e[?1l\e[?2004l\r\r\n\e]0;root@archiso: mkfs.ext4 /dev/proc/vaud\a"
  - delay: 16
    content: "mke2fs 1.47.4 (6-Mar-2025)\r\n"
  - delay: 84
    content: "/dev/proc/vaud contains a ext4 file system\r\n\tlast mounted on Mon Jun  1 19:18:19 2026\r\nProceed anyway? (y,N) "
  - delay: 1205
    content: 'y'
  - delay: 671
    content: "\r\n"
  - delay: 31
    content: "Discarding device blocks:      0/131072\b\b\b\b\b\b\b\b\b\b\b\b\b"
  - delay: 155
    content: "             \b\b\b\b\b\b\b\b\b\b\b\b\bdone                            \r\n"
  - delay: 5
    content: "Creating filesystem with 131072 4k blocks and 32768 inodes\r\nFilesystem UUID: 00236e82-61c2-4591-833b-439bcf89a978\r\nSuperblock backups stored on blocks: \r\n\t32768, 98304\r\n\r\nAllocating group tables: 0/4\b\b\b   \b\b\bdone                            \r\nWriting inode tables: 0/4\b\b\b   \b\b\bdone                            \r\n"
  - delay: 6
    content: 'Creating journal (4096 blocks): '
  - delay: 19
    content: "done\r\nWriting superblocks and filesystem accounting information: 0/4\b\b\b"
  - delay: 6
    content: "   \b\b\b"
  - delay: 16
    content: "done\r\n\r\n"
  - delay: 5
    content: "\e[1m\e[7m#\e[27m\e[1m\e[0m                                                                                                                                                      \r \r"
  - delay: 21
    content: "\e]0;root@archiso: ~\a\r\e[0m\e[27m\e[24m\e[J\e[1m\e[31m\e[39m\e[0m\e[1m\e[31mroot\e[39m\e[0m@archiso \e[1m~ \e[0m# \e[K\e[?1h\e[?2004h"
  - delay: 4386
    content: mkfs.ext4 /dev/proc/vaud
  - delay: 1002
    content: "\b \b"
  - delay: 231
    content: "\b \b"
  - delay: 196
    content: "\b \b"
  - delay: 347
    content: "\b \b"
  - delay: 701
    content: h
  - delay: 313
    content: o
  - delay: 268
    content: m
  - delay: 445
    content: e
  - delay: 1271
    content: "\e[?1l\e[?2004l\r\r\n\e]0;root@archiso: mkfs.ext4 /dev/proc/home\a"
  - delay: 12
    content: "mke2fs 1.47.4 (6-Mar-2025)\r\n"
  - delay: 80
    content: "/dev/proc/home contains a ext4 file system\r\n\tlast mounted on /home on Mon Jun  1 19:19:37 2026\r\nProceed anyway? (y,N) "
  - delay: 1171
    content: 'y'
  - delay: 701
    content: "\r\n"
  - delay: 33
    content: "Discarding device blocks:      0/262144\b\b\b\b\b\b\b\b\b\b\b\b\b"
  - delay: 297
    content: "             \b\b\b\b\b\b\b\b\b\b\b\b\bdone                            \r\nCreating filesystem with 262144 4k blocks and 65536 inodes\r\nFilesystem UUID: 16809c1d-1735-4683-a08e-d453bf568cb3\r\nSuperblock backups stored on blocks: \r\n\t32768, 98304, 163840, 229376\r\n\r\nAllocating group tables: 0/8\b\b\b   \b\b\bdone                            \r\nWriting inode tables: 0/8\b\b\b   \b\b\bdone                            \r\n"
  - delay: 12
    content: 'Creating journal (8192 blocks): '
  - delay: 18
    content: "done\r\n"
  - delay: 7
    content: "Writing superblocks and filesystem accounting information: 0/8\b\b\b   \b\b\b"
  - delay: 28
    content: "done\r\n\r\n\e[1m\e[7m#\e[27m\e[1m\e[0m                                                                                                                                                      \r \r"
  - delay: 11
    content: "\e]0;root@archiso: ~\a\r\e[0m\e[27m\e[24m\e[J\e[1m\e[31m\e[39m\e[0m\e[1m\e[31mroot\e[39m\e[0m@archiso \e[1m~ \e[0m# \e[K\e[?1h\e[?2004h"
  - delay: 12660
    content: mkfs.ext4 /dev/proc/home
  - delay: 1036
    content: "\b \b"
  - delay: 222
    content: "\b \b"
  - delay: 223
    content: "\b \b"
  - delay: 223
    content: "\b \b"
  - delay: 747
    content: r
  - delay: 188
    content: e
  - delay: 299
    content: h
  - delay: 142
    content: a
  - delay: 204
    content: 'n'
  - delay: 618
    content: "\e[?1l\e[?2004l\r\r\n"
  - delay: 5
    content: "\e]0;root@archiso: mkfs.ext4 /dev/proc/rehan\a"
  - delay: 18
    content: "mke2fs 1.47.4 (6-Mar-2025)\r\nThe file /dev/proc/rehan does not exist and no size was specified.\r\n\e[1m\e[7m#\e[27m\e[1m\e[0m                                                                                                                                                      \r \r"
  - delay: 30
    content: "\e]0;root@archiso: ~\a\r\e[0m\e[27m\e[24m\e[J\e[1m\e[31m1 \e[39m\e[0m\e[1m\e[31mroot\e[39m\e[0m@archiso \e[1m~ \e[0m# \e[K\e[129C:(\e[131D\e[?1h\e[?2004h"
  - delay: 6996
    content: l
  - delay: 94
    content: "\bls"
  - delay: 371
    content: b
  - delay: 136
    content: l
  - delay: 197
    content: k
  - delay: 1132
    content: "\e[?1l\e[?2004l\e[K\r\r\n\e]0;root@archiso: lsblk\a"
  - delay: 34
    content: "NAME          MAJ:MIN RM   SIZE RO TYPE MOUNTPOINTS\r\nloop0           7:0    0 973.1M  1 loop /run/archiso/airootfs\r\nsda             8:0    1  14.6G  0 disk \r\n└─sda1          8:1    1  14.6G  0 part /run/archiso/bootmnt\r\nmmcblk0       179:0    0 116.5G  0 disk \r\n├─mmcblk0p1   179:1    0     3G  0 part \r\n└─mmcblk0p2   179:2    0 113.5G  0 part \r\n  ├─proc-root 253:0    0     5G  0 lvm  \r\n  ├─proc-vars 253:1    0     5G  0 lvm  \r\n  ├─proc-vtmp 253:2    0     1G  0 lvm  \r\n  ├─proc-vlog 253:3    0     1G  0 lvm  \r\n  ├─proc-vaud 253:4    0   512M  0 lvm  \r\n  ├─proc-home 253:5    0     1G  0 lvm  \r\n  └─proc-priv 253:6    0    50G  0 lvm  \r\nmmcblk0boot0  179:8    0     4M  1 disk \r\nmmcblk0boot1  179:16   0     4M  1 disk \r\nmmcblk1       179:24   0  14.8G  0 disk \r\n└─mmcblk1p1   179:25   0  14.8G  0 part \r\n\e[1m\e[7m#\e[27m\e[1m\e[0m                                                                                                                                                      \r \r"
  - delay: 38
    content: "\e]0;root@archiso: ~\a\r\e[0m\e[27m\e[24m\e[J\e[1m\e[31m\e[39m\e[0m\e[1m\e[31mroot\e[39m\e[0m@archiso \e[1m~ \e[0m# \e[K\e[?1h\e[?2004h"
  - delay: 3259
    content: lsblk
  - delay: 502
    content: "\b\b\b\b\bmkfs.ext4 /dev/proc/rehan"
  - delay: 1015
    content: "\b \b"
  - delay: 185
    content: "\b \b"
  - delay: 145
    content: "\b \b"
  - delay: 200
    content: "\b \b"
  - delay: 460
    content: "\b \b"
  - delay: 4431
    content: p
  - delay: 193
    content: r
  - delay: 130
    content: i
  - delay: 312
    content: v
  - delay: 973
    content: "\e[?1l\e[?2004l\r\r\n\e]0;root@archiso: mkfs.ext4 /dev/proc/priv\a"
  - delay: 13
    content: "mke2fs 1.47.4 (6-Mar-2025)\r\n"
  - delay: 53
    content: "/dev/proc/priv contains a crypto_LUKS file system\r\nProceed anyway? (y,N) "
  - delay: 2117
    content: 'y'
  - delay: 921
    content: "\r\n"
  - delay: 35
    content: "Discarding device blocks:        0/13104128\b\b\b\b\b\b\b\b\b\b\b\b\b\b\b\b\b"
  - delay: 1013
    content: "  524288/13104128\b\b\b\b\b\b\b\b\b\b\b\b\b\b\b\b\b"
  - delay: 1182
    content: " 1048576/13104128\b\b\b\b\b\b\b\b\b\b\b\b\b\b\b\b\b"
  - delay: 1125
    content: " 1572864/13104128\b\b\b\b\b\b\b\b\b\b\b\b\b\b\b\b\b"
  - delay: 1230
    content: " 2097152/13104128\b\b\b\b\b\b\b\b\b\b\b\b\b\b\b\b\b"
  - delay: 1240
    content: " 2621440/13104128\b\b\b\b\b\b\b\b\b\b\b\b\b\b\b\b\b"
  - delay: 1217
    content: " 3145728/13104128\b\b\b\b\b\b\b\b\b\b\b\b\b\b\b\b\b"
  - delay: 1230
    content: " 3670016/13104128\b\b\b\b\b\b\b\b\b\b\b\b\b\b\b\b\b"
  - delay: 1044
    content: " 4194304/13104128\b\b\b\b\b\b\b\b\b\b\b\b\b\b\b\b\b"
  - delay: 1208
    content: " 4718592/13104128\b\b\b\b\b\b\b\b\b\b\b\b\b\b\b\b\b"
  - delay: 1029
    content: " 5242880/13104128\b\b\b\b\b\b\b\b\b\b\b\b\b\b\b\b\b"
  - delay: 1121
    content: " 5767168/13104128\b\b\b\b\b\b\b\b\b\b\b\b\b\b\b\b\b"
  - delay: 1126
    content: " 6291456/13104128\b\b\b\b\b\b\b\b\b\b\b\b\b\b\b\b\b"
  - delay: 1026
    content: " 6815744/13104128\b\b\b\b\b\b\b\b\b\b\b\b\b\b\b\b\b"
  - delay: 1227
    content: " 7340032/13104128\b\b\b\b\b\b\b\b\b\b\b\b\b\b\b\b\b"
  - delay: 1024
    content: " 7864320/13104128\b\b\b\b\b\b\b\b\b\b\b\b\b\b\b\b\b"
  - delay: 1126
    content: " 8388608/13104128\b\b\b\b\b\b\b\b\b\b\b\b\b\b\b\b\b"
  - delay: 1134
    content: " 8912896/13104128\b\b\b\b\b\b\b\b\b\b\b\b\b\b\b\b\b"
  - delay: 1083
    content: " 9437184/13104128\b\b\b\b\b\b\b\b\b\b\b\b\b\b\b\b\b"
  - delay: 1060
    content: " 9961472/13104128\b\b\b\b\b\b\b\b\b\b\b\b\b\b\b\b\b"
  - delay: 959
    content: "10485760/13104128\b\b\b\b\b\b\b\b\b\b\b\b\b\b\b\b\b"
  - delay: 1089
    content: "11010048/13104128\b\b\b\b\b\b\b\b\b\b\b\b\b\b\b\b\b"
  - delay: 1026
    content: "11534336/13104128\b\b\b\b\b\b\b\b\b\b\b\b\b\b\b\b\b"
  - delay: 1024
    content: "12058624/13104128\b\b\b\b\b\b\b\b\b\b\b\b\b\b\b\b\b"
  - delay: 919
    content: "12582912/13104128\b\b\b\b\b\b\b\b\b\b\b\b\b\b\b\b\b"
  - delay: 1025
    content: "                 \b\b\b\b\b\b\b\b\b\b\b\b\b\b\b\b\bdone                            \r\nCreating filesystem with 13104128 4k blocks and 3276800 inodes\r\nFilesystem UUID: 51d1fc6b-9575-4090-8621-614c2d89fc0e\r\nSuperblock backups stored on blocks: \r\n\t32768, 98304, 163840, 229376, 294912, 819200, 884736, 1605632, 2654208, \r\n\t4096000, 7962624, 11239424\r\n\r\nAllocating group tables:   0/400\b\b\b\b\b\b\b       \b\b\b\b\b\b\bdone                            \r\nWriting inode tables:   0/400\b\b\b\b\b\b\b       \b\b\b\b\b\b\bdone                            \r\nCreating journal (65536 blocks): "
  - delay: 62
    content: "done\r\nWriting superblocks and filesystem accounting information:   0/400\b\b\b\b\b\b\b"
  - delay: 12
    content: "       \b\b\b\b\b\b\b"
  - delay: 242
    content: "done\r\n\r\n\e[1m\e[7m#\e[27m\e[1m\e[0m                                                                                                                                                      \r \r\e]0;root@archiso: ~\a\r\e[0m\e[27m\e[24m\e[J\e[1m\e[31m\e[39m\e[0m\e[1m\e[31mroot\e[39m\e[0m@archiso \e[1m~ \e[0m# \e[K\e[?1h\e[?2004h"
  - delay: 7570
    content: c
  - delay: 199
    content: "\bcr"
  - delay: 204
    content: 'y'
  - delay: 515
    content: p
  - delay: 1957
    content: s
  - delay: 194
    content: e
  - delay: 210
    content: t
  - delay: 358
    content: u
  - delay: 497
    content: p
  - delay: 1421
    content: ' '
  - delay: 507
    content: l
  - delay: 309
    content: u
  - delay: 252
    content: k
  - delay: 194
    content: s
  - delay: 557
    content: F
  - delay: 481
    content: o
  - delay: 215
    content: r
  - delay: 290
    content: m
  - delay: 239
    content: a
  - delay: 173
    content: t
  - delay: 1234
    content: ' '
  - delay: 602
    content: /
  - delay: 448
    content: d
  - delay: 214
    content: e
  - delay: 333
    content: v
  - delay: 1623
    content: /
  - delay: 322
    content: p
  - delay: 227
    content: r
  - delay: 217
    content: o
  - delay: 359
    content: c
  - delay: 4706
    content: /
  - delay: 2179
    content: p
  - delay: 261
    content: r
  - delay: 221
    content: i
  - delay: 383
    content: v
  - delay: 819
    content: "\e[?1l\e[?2004l\r\r\nzsh: correct 'crypsetup' to 'cryptsetup' [nyae]? "
  - delay: 2050
    content: "y\r\n\e]0;root@archiso: cryptsetup luksFormat /dev/proc/priv\a"
  - delay: 168
    content: "WARNING: Device /dev/proc/priv already contains a 'ext4' superblock signature.\r\n"
  - delay: 8
    content: "\r\nWARNING!\r\n========\r\nThis will overwrite data on /dev/proc/priv irrevocably.\r\n\r\nAre you sure? (Type 'yes' in capital letters): "
  - delay: 1974
    content: 'y'
  - delay: 216
    content: e
  - delay: 272
    content: s
  - delay: 256
    content: "\r\nOperation aborted.\r\n\r\n\e[1m\e[7m#\e[27m\e[1m\e[0m                                                                                                                                                      \r \r"
  - delay: 40
    content: "\e]0;root@archiso: ~\a\r\e[0m\e[27m\e[24m\e[J\e[1m\e[31m1 \e[39m\e[0m\e[1m\e[31mroot\e[39m\e[0m@archiso \e[1m~ \e[0m# \e[K\e[129C:(\e[131D\e[?1h\e[?2004h"
  - delay: 4957
    content: cryptsetup luksFormat /dev/proc/priv
  - delay: 1072
    content: "\e[?1l\e[?2004l\e[K\r\r\n\e]0;root@archiso: cryptsetup luksFormat /dev/proc/priv\a"
  - delay: 87
    content: "WARNING: Device /dev/proc/priv already contains a 'ext4' superblock signature.\r\n"
  - delay: 10
    content: "\r\nWARNING!\r\n========\r\nThis will overwrite data on /dev/proc/priv irrevocably.\r\n\r\nAre you sure? (Type 'yes' in capital letters): "
  - delay: 1606
    content: 'Y'
  - delay: 379
    content: E
  - delay: 230
    content: S
  - delay: 857
    content: "\r\nEnter passphrase for /dev/proc/priv: "
  - delay: 2277
    content: "\r\nVerify passphrase: "
  - delay: 1667
    content: "\r\n"
  - delay: 10243
    content: "cryptsetup luksFormat /dev/proc/priv  24.16s user 1.25s system 146% cpu 17.303 total\r\n\e[1m\e[7m#\e[27m\e[1m\e[0m                                                                                                                                                      \r \r\e]0;root@archiso: ~\a\r\e[0m\e[27m\e[24m\e[J\e[1m\e[31m\e[39m\e[0m\e[1m\e[31mroot\e[39m\e[0m@archiso \e[1m~ \e[0m# \e[K\e[?1h\e[?2004h"
  - delay: 35951
    content: c
  - delay: 236
    content: "\bcr"
  - delay: 226
    content: 'y'
  - delay: 546
    content: p
  - delay: 2267
    content: t
  - delay: 136
    content: s
  - delay: 233
    content: e
  - delay: 214
    content: t
  - delay: 514
    content: u
  - delay: 359
    content: p
  - delay: 829
    content: ' '
  - delay: 453
    content: l
  - delay: 329
    content: u
  - delay: 237
    content: k
  - delay: 249
    content: s
  - delay: 1457
    content: O
  - delay: 352
    content: p
  - delay: 328
    content: e
  - delay: 389
    content: 'n'
  - delay: 1632
    content: ' '
  - delay: 881
    content: /
  - delay: 216
    content: d
  - delay: 204
    content: e
  - delay: 244
    content: v
  - delay: 1087
    content: /
  - delay: 443
    content: p
  - delay: 210
    content: r
  - delay: 172
    content: o
  - delay: 363
    content: c
  - delay: 2365
    content: /
  - delay: 881
    content: p
  - delay: 239
    content: r
  - delay: 205
    content: i
  - delay: 218
    content: v
  - delay: 1634
    content: ' '
  - delay: 453
    content: i
  - delay: 256
    content: 'n'
  - delay: 325
    content: t
  - delay: 183
    content: e
  - delay: 199
    content: r
  - delay: 203
    content: 'n'
  - delay: 283
    content: a
  - delay: 244
    content: l
  - delay: 718
    content: "\e[?1l\e[?2004l\r\r\n"
  - delay: 5
    content: "\e]0;root@archiso: cryptsetup luksOpen /dev/proc/priv internal\a"
  - delay: 68
    content: 'Enter passphrase for /dev/proc/priv: '
  - delay: 1835
    content: "\r\n"
  - delay: 2658
    content: "cryptsetup luksOpen /dev/proc/priv internal  6.97s user 0.22s system 157% cpu 4.563 total\r\n\e[1m\e[7m#\e[27m\e[1m\e[0m                                                                                                                                                      \r \r"
  - delay: 9
    content: "\e]0;root@archiso: ~\a\r\e[0m\e[27m\e[24m\e[J\e[1m\e[31m\e[39m\e[0m\e[1m\e[31mroot\e[39m\e[0m@archiso \e[1m~ \e[0m# \e[K\e[?1h\e[?2004h"
  - delay: 11119
    content: m
  - delay: 154
    content: "\bmk"
  - delay: 442
    content: f
  - delay: 236
    content: s
  - delay: 483
    content: .
  - delay: 233
    content: e
  - delay: 329
    content: x
  - delay: 216
    content: t
  - delay: 414
    content: '4'
  - delay: 4900
    content: ' '
  - delay: 1121
    content: /
  - delay: 261
    content: d
  - delay: 217
    content: e
  - delay: 243
    content: v
  - delay: 1421
    content: /
  - delay: 357
    content: m
  - delay: 239
    content: a
  - delay: 261
    content: p
  - delay: 160
    content: p
  - delay: 137
    content: e
  - delay: 199
    content: r
  - delay: 2719
    content: /
  - delay: 1875
    content: ' '
  - delay: 701
    content: i
  - delay: 205
    content: 'n'
  - delay: 307
    content: t
  - delay: 174
    content: e
  - delay: 198
    content: r
  - delay: 202
    content: 'n'
  - delay: 477
    content: a
  - delay: 204
    content: l
  - delay: 620
    content: "\e[?1l\e[?2004l\r\r\n\e]0;root@archiso: mkfs.ext4 /dev/mapper/ internal\a"
  - delay: 18
    content: "mke2fs 1.47.4 (6-Mar-2025)\r\nmkfs.ext4: invalid blocks 'internal' on device '/dev/mapper/'\r\n\e[1m\e[7m#\e[27m\e[1m\e[0m                                                                                                                                                      \r \r"
  - delay: 36
    content: "\e]0;root@archiso: ~\a\r\e[0m\e[27m\e[24m\e[J\e[1m\e[31m1 \e[39m\e[0m\e[1m\e[31mroot\e[39m\e[0m@archiso \e[1m~ \e[0m# \e[K\e[129C:(\e[131D\e[?1h\e[?2004h"
  - delay: 23690
    content: mkfs.ext4 /dev/mapper/ internal
  - delay: 686
    content: "\b"
  - delay: 209
    content: "\b"
  - delay: 187
    content: "\b"
  - delay: 183
    content: "\b"
  - delay: 189
    content: "\b"
  - delay: 187
    content: "\b"
  - delay: 186
    content: "\b"
  - delay: 409
    content: "\b"
  - delay: 3156
    content: "\binternal \e[9D"
  - delay: 1344
    content: "\e[?1l\e[?2004l\e[8C\e[K\e[8D\r\r\n\e]0;root@archiso: mkfs.ext4 /dev/mapper/internal\a"
  - delay: 25
    content: "mke2fs 1.47.4 (6-Mar-2025)\r\n"
  - delay: 529
    content: "Creating filesystem with 13100032 4k blocks and 3276800 inodes\r\nFilesystem UUID: c9f48e23-e37c-4553-b35a-b58719d1b47a\r\nSuperblock backups stored on blocks: \r\n\t32768, 98304, 163840, 229376, 294912, 819200, 884736, 1605632, 2654208, \r\n\t4096000, 7962624, 11239424\r\n\r\nAllocating group tables:   0/400\b\b\b\b\b\b\b       \b\b\b\b\b\b\bdone                            \r\n"
  - delay: 15
    content: "Writing inode tables:   0/400\b\b\b\b\b\b\b       \b\b\b\b\b\b\bdone                            \r\n"
  - delay: 21
    content: 'Creating journal (65536 blocks): '
  - delay: 6346
    content: "done\r\nWriting superblocks and filesystem accounting information:   0/400\b\b\b\b\b\b\b       \b\b\b\b\b\b\b"
  - delay: 69
    content: "done\r\n\r\n\e[1m\e[7m#\e[27m\e[1m\e[0m                                                                                                                                                      \r \r"
  - delay: 16
    content: "\e]0;root@archiso: ~\a\r\e[0m\e[27m\e[24m\e[J\e[1m\e[31m\e[39m\e[0m\e[1m\e[31mroot\e[39m\e[0m@archiso \e[1m~ \e[0m# \e[K\e[?1h\e[?2004h"
  - delay: 12446
    content: m
  - delay: 46
    content: "\bmo"
  - delay: 204
    content: u
  - delay: 228
    content: 'n'
  - delay: 248
    content: t
  - delay: 1047
    content: ' '
  - delay: 1553
    content: /
  - delay: 328
    content: d
  - delay: 206
    content: e
  - delay: 226
    content: v
  - delay: 1226
    content: /
  - delay: 432
    content: p
  - delay: 184
    content: r
  - delay: 163
    content: o
  - delay: 334
    content: c
  - delay: 1439
    content: /
  - delay: 466
    content: r
  - delay: 595
    content: o
  - delay: 226
    content: o
  - delay: 148
    content: t
  - delay: 5829
    content: ' '
  - delay: 561
    content: /
  - delay: 383
    content: m
  - delay: 211
    content: 'n'
  - delay: 370
    content: t
  - delay: 1256
    content: "\e[?1l\e[?2004l\r\r\n\e]0;root@archiso: mount /dev/proc/root /mnt\a"
  - delay: 289
    content: "\e[1m\e[7m#\e[27m\e[1m\e[0m                                                                                                                                                      \r \r"
  - delay: 14
    content: "\e]0;root@archiso: ~\a\r\e[0m\e[27m\e[24m\e[J\e[1m\e[31m\e[39m\e[0m\e[1m\e[31mroot\e[39m\e[0m@archiso \e[1m~ \e[0m# \e[K\e[?1h\e[?2004h"
  - delay: 2848
    content: m
  - delay: 104
    content: "\bmo"
  - delay: 225
    content: u
  - delay: 244
    content: 'n'
  - delay: 292
    content: t
  - delay: 1326
    content: ' '
  - delay: 1216
    content: '-'
  - delay: 172
    content: '-'
  - delay: 356
    content: m
  - delay: 248
    content: k
  - delay: 327
    content: d
  - delay: 187
    content: i
  - delay: 266
    content: r
  - delay: 1254
    content: ' '
  - delay: 590
    content: '-'
  - delay: 317
    content: o
  - delay: 1579
    content: ' '
  - delay: 513
    content: u
  - delay: 211
    content: i
  - delay: 302
    content: d
  - delay: 448
    content: '='
  - delay: 2524
    content: '0'
  - delay: 612
    content: ','
  - delay: 591
    content: g
  - delay: 471
    content: i
  - delay: 620
    content: d
  - delay: 512
    content: '='
  - delay: 470
    content: '0'
  - delay: 2159
    content: ','
  - delay: 383
    content: d
  - delay: 204
    content: m
  - delay: 220
    content: a
  - delay: 246
    content: s
  - delay: 161
    content: k
  - delay: 2466
    content: '='
  - delay: 628
    content: '0'
  - delay: 164
    content: '0'
  - delay: 912
    content: '7'
  - delay: 248
    content: '7'
  - delay: 1019
    content: ' '
  - delay: 422
    content: /
  - delay: 243
    content: d
  - delay: 225
    content: e
  - delay: 177
    content: v
  - delay: 632
    content: /
  - delay: 6277
    content: m
  - delay: 104
    content: m
  - delay: 718
    content: c
  - delay: 828
    content: b
  - delay: 1097
    content: l
  - delay: 356
    content: k
  - delay: 9394
    content: '0'
  - delay: 498
    content: p
  - delay: 861
    content: '1'
  - delay: 2529
    content: ' '
  - delay: 602
    content: /
  - delay: 381
    content: m
  - delay: 215
    content: 'n'
  - delay: 412
    content: t
  - delay: 361
    content: /
  - delay: 615
    content: b
  - delay: 414
    content: o
  - delay: 163
    content: o
  - delay: 154
    content: t
  - delay: 582
    content: "\e[?1l\e[?2004l\r\r\n\e]0;root@archiso: mount --mkdir -o uid=0,gid=0,dmask=0077 /dev/mmcblk0p1 /mnt/boot\a"
  - delay: 67
    content: "\e[1m\e[7m#\e[27m\e[1m\e[0m                                                                                                                                                      \r \r"
  - delay: 37
    content: "\e]0;root@archiso: ~\a\r\e[0m\e[27m\e[24m\e[J\e[1m\e[31m\e[39m\e[0m\e[1m\e[31mroot\e[39m\e[0m@archiso \e[1m~ \e[0m# \e[K\e[?1h\e[?2004h"
  - delay: 1783
    content: l
  - delay: 446
    content: "\bls"
  - delay: 357
    content: b
  - delay: 161
    content: l
  - delay: 203
    content: k
  - delay: 672
    content: "\e[?1l\e[?2004l\r\r\n\e]0;root@archiso: lsblk\a"
  - delay: 29
    content: "NAME           MAJ:MIN RM   SIZE RO TYPE  MOUNTPOINTS\r\nloop0            7:0    0 973.1M  1 loop  /run/archiso/airootfs\r\nsda              8:0    1  14.6G  0 disk  \r\n└─sda1           8:1    1  14.6G  0 part  /run/archiso/bootmnt\r\nmmcblk0        179:0    0 116.5G  0 disk  \r\n├─mmcblk0p1    179:1    0     3G  0 part  /mnt/boot\r\n└─mmcblk0p2    179:2    0 113.5G  0 part  \r\n  ├─proc-root  253:0    0     5G  0 lvm   /mnt\r\n  ├─proc-vars  253:1    0     5G  0 lvm   \r\n  ├─proc-vtmp  253:2    0     1G  0 lvm   \r\n  ├─proc-vlog  253:3    0     1G  0 lvm   \r\n  ├─proc-vaud  253:4    0   512M  0 lvm   \r\n  ├─proc-home  253:5    0     1G  0 lvm   \r\n  └─proc-priv  253:6    0    50G  0 lvm   \r\n    └─internal 253:7    0    50G  0 crypt \r\nmmcblk0boot0   179:8    0     4M  1 disk  \r\nmmcblk0boot1   179:16   0     4M  1 disk  \r\nmmcblk1        179:24   0  14.8G  0 disk  \r\n└─mmcblk1p1    179:25   0  14.8G  0 part  \r\n\e[1m\e[7m#\e[27m\e[1m\e[0m                                                                                                                                                      \r \r"
  - delay: 37
    content: "\e]0;root@archiso: ~\a\r\e[0m\e[27m\e[24m\e[J\e[1m\e[31m\e[39m\e[0m\e[1m\e[31mroot\e[39m\e[0m@archiso \e[1m~ \e[0m# \e[K\e[?1h\e[?2004h"
  - delay: 7866
    content: m
  - delay: 188
    content: "\bmo"
  - delay: 321
    content: u
  - delay: 261
    content: 'n'
  - delay: 309
    content: t
  - delay: 1049
    content: ' '
  - delay: 466
    content: '-'
  - delay: 150
    content: '-'
  - delay: 338
    content: m
  - delay: 163
    content: k
  - delay: 242
    content: d
  - delay: 160
    content: i
  - delay: 191
    content: r
  - delay: 865
    content: ' '
  - delay: 664
    content: '-'
  - delay: 688
    content: o
  - delay: 917
    content: ' '
  - delay: 498
    content: r
  - delay: 348
    content: w
  - delay: 441
    content: ','
  - delay: 1627
    content: 'n'
  - delay: 219
    content: o
  - delay: 181
    content: d
  - delay: 201
    content: e
  - delay: 265
    content: v
  - delay: 777
    content: ','
  - delay: 321
    content: s
  - delay: 225
    content: u
  - delay: 385
    content: i
  - delay: 242
    content: d
  - delay: 2260
    content: ','
  - delay: 565
    content: r
  - delay: 174
    content: e
  - delay: 492
    content: l
  - delay: 167
    content: a
  - delay: 416
    content: t
  - delay: 179
    content: i
  - delay: 320
    content: m
  - delay: 147
    content: e
  - delay: 2089
    content: ' '
  - delay: 854
    content: /
  - delay: 256
    content: d
  - delay: 245
    content: e
  - delay: 244
    content: v
  - delay: 980
    content: /
  - delay: 381
    content: p
  - delay: 202
    content: r
  - delay: 144
    content: o
  - delay: 303
    content: c
  - delay: 362
    content: /
  - delay: 406
    content: v
  - delay: 200
    content: a
  - delay: 176
    content: r
  - delay: 205
    content: s
  - delay: 8399
    content: ' '
  - delay: 313
    content: /
  - delay: 332
    content: m
  - delay: 281
    content: 'n'
  - delay: 262
    content: t
  - delay: 1444
    content: /
  - delay: 698
    content: v
  - delay: 211
    content: a
  - delay: 232
    content: r
  - delay: 1141
    content: "\e[?1l\e[?2004l\r\r\n\e]0;root@archiso: mount --mkdir -o rw,nodev,suid,relatime /dev/proc/vars /mnt/var\a"
  - delay: 177
    content: "\e[1m\e[7m#\e[27m\e[1m\e[0m                                                                                                                                                      \r \r"
  - delay: 17
    content: "\e]0;root@archiso: ~\a\r\e[0m\e[27m\e[24m\e[J\e[1m\e[31m\e[39m\e[0m\e[1m\e[31mroot\e[39m\e[0m@archiso \e[1m~ \e[0m# \e[K\e[?1h\e[?2004h"
  - delay: 10457
    content: m
  - delay: 168
    content: "\bmo"
  - delay: 176
    content: u
  - delay: 249
    content: 'n'
  - delay: 283
    content: t
  - delay: 520
    content: ' '
  - delay: 389
    content: '-'
  - delay: 137
    content: '-'
  - delay: 329
    content: m
  - delay: 154
    content: k
  - delay: 250
    content: d
  - delay: 173
    content: i
  - delay: 200
    content: r
  - delay: 1509
    content: ' '
  - delay: 818
    content: '-'
  - delay: 255
    content: o
  - delay: 1196
    content: ' '
  - delay: 437
    content: r
  - delay: 1126
    content: w
  - delay: 1045
    content: ','
  - delay: 1292
    content: b
  - delay: 2002
    content: "\b \b"
  - delay: 332
    content: 'n'
  - delay: 230
    content: o
  - delay: 335
    content: d
  - delay: 229
    content: e
  - delay: 165
    content: v
  - delay: 650
    content: ','
  - delay: 1649
    content: s
  - delay: 231
    content: u
  - delay: 271
    content: i
  - delay: 251
    content: d
  - delay: 379
    content: ','
  - delay: 7576
    content: relatime /dev/proc/vars /mnt/var
  - delay: 157
    content: "\e[46Duid=0,gid=0,dmask=0077\e[6Cmmcblk0p1\e[6Cboot"
  - delay: 334
    content: "\e[58D/dev/proc/root /mnt                                       \e[39D"
  - delay: 420
    content: "\e[19D--mkdir -o uid=0,gid=0,dmask=0077 /dev/mmcblk0p1 /mnt/boot"
  - delay: 703
    content: "\e[47Drw,nodev,suid,relatime\e[6Cproc/vars\e[6Cvar \b"
  - delay: 579
    content: "\b"
  - delay: 600
    content: "\b"
  - delay: 38
    content: "\b"
  - delay: 41
    content: "\b"
  - delay: 35
    content: "\b"
  - delay: 41
    content: "\b"
  - delay: 35
    content: "\b"
  - delay: 52
    content: "\b"
  - delay: 29
    content: "\b"
  - delay: 38
    content: "\b"
  - delay: 42
    content: "\b"
  - delay: 37
    content: "\b"
  - delay: 39
    content: "\b"
  - delay: 86
    content: "\b"
  - delay: 10
    content: "\b"
  - delay: 40
    content: "\b"
  - delay: 38
    content: "\b"
  - delay: 38
    content: "\b"
  - delay: 38
    content: "\b"
  - delay: 41
    content: "\b"
  - delay: 39
    content: "\b"
  - delay: 38
    content: "\b"
  - delay: 40
    content: "\b"
  - delay: 42
    content: "\b"
  - delay: 750
    content: "\b"
  - delay: 155
    content: "\b"
  - delay: 173
    content: "\b"
  - delay: 160
    content: "\b"
  - delay: 151
    content: "\b"
  - delay: 153
    content: "\b"
  - delay: 158
    content: "\b"
  - delay: 152
    content: "\b"
  - delay: 175
    content: "\b"
  - delay: 153
    content: "\b"
  - delay: 192
    content: "\b"
  - delay: 157
    content: "\b"
  - delay: 388
    content: "\b"
  - delay: 957
    content: "nsuid,relatime /dev/proc/vars /mnt/var\e[37D"
  - delay: 267
    content: "osuid,relatime /dev/proc/vars /mnt/var\e[37D"
  - delay: 1799
    content: "\e[1C"
  - delay: 3264
    content: "\e[1C"
  - delay: 513
    content: "\e[1C"
  - delay: 40
    content: "\e[1C"
  - delay: 47
    content: "\e[1C"
  - delay: 31
    content: "\e[1C"
  - delay: 40
    content: "\e[1C"
  - delay: 41
    content: "\e[1C"
  - delay: 38
    content: "\e[1C"
  - delay: 39
    content: "\e[1C"
  - delay: 41
    content: "\e[1C"
  - delay: 41
    content: "\e[1C"
  - delay: 37
    content: "\e[1C"
  - delay: 40
    content: "\e[1C"
  - delay: 40
    content: "\e[1C"
  - delay: 40
    content: "\e[1C"
  - delay: 41
    content: "\e[1C"
  - delay: 40
    content: "\e[1C"
  - delay: 39
    content: "\e[1C"
  - delay: 39
    content: "\e[1C"
  - delay: 40
    content: "\e[1C"
  - delay: 41
    content: "\e[1C"
  - delay: 40
    content: "\e[1C"
  - delay: 39
    content: "\e[1C"
  - delay: 39
    content: "\e[1C"
  - delay: 42
    content: "\e[1C"
  - delay: 39
    content: "\e[1C"
  - delay: 41
    content: "\e[1C"
  - delay: 41
    content: "\e[1C"
  - delay: 39
    content: "\e[1C"
  - delay: 41
    content: "\e[1C"
  - delay: 40
    content: "\e[1C"
  - delay: 36
    content: "\e[1C"
  - delay: 40
    content: "\e[1C"
  - delay: 39
    content: "\e[1C"
  - delay: 218
    content: "\e[1C"
  - delay: 198
    content: "\e[1C"
  - delay: 1690
    content: "\e[?1l\e[?2004l\r\r\n\e]0;root@archiso: mount --mkdir -o rw,nodev,nosuid,relatime /dev/proc/vars /mnt/var\a"
  - delay: 27
    content: "\e[1m\e[7m#\e[27m\e[1m\e[0m                                                                                                                                                      \r \r"
  - delay: 34
    content: "\e]0;root@archiso: ~\a\r\e[0m\e[27m\e[24m\e[J\e[1m\e[31m\e[39m\e[0m\e[1m\e[31mroot\e[39m\e[0m@archiso \e[1m~ \e[0m# \e[K\e[?1h\e[?2004h"
  - delay: 5153
    content: m
  - delay: 103
    content: "\bmk"
  - delay: 258
    content: d
  - delay: 191
    content: i
  - delay: 287
    content: r
  - delay: 548
    content: ' '
  - delay: 271
    content: '-'
  - delay: 216
    content: '-'
  - delay: 2329
    content: "\b \b"
  - delay: 543
    content: "\b \b"
  - delay: 38
    content: "\b"
  - delay: 39
    content: "\b \b"
  - delay: 38
    content: "\b \b"
  - delay: 37
    content: "\b \b"
  - delay: 40
    content: "\b\bm \b"
  - delay: 39
    content: "\b \b"
  - delay: 774
    content: m
  - delay: 189
    content: "\bmo"
  - delay: 197
    content: u
  - delay: 230
    content: 'n'
  - delay: 291
    content: t
  - delay: 369
    content: ' '
  - delay: 408
    content: '-'
  - delay: 181
    content: '-'
  - delay: 319
    content: m
  - delay: 192
    content: k
  - delay: 311
    content: d
  - delay: 157
    content: i
  - delay: 370
    content: r
  - delay: 948
    content: ' '
  - delay: 697
    content: '-'
  - delay: 291
    content: o
  - delay: 1013
    content: ' '
  - delay: 474
    content: r
  - delay: 345
    content: w
  - delay: 354
    content: ','
  - delay: 302
    content: 'n'
  - delay: 329
    content: o
  - delay: 894
    content: d
  - delay: 559
    content: e
  - delay: 1156
    content: v
  - delay: 951
    content: ','
  - delay: 669
    content: 'n'
  - delay: 234
    content: o
  - delay: 270
    content: s
  - delay: 137
    content: u
  - delay: 288
    content: i
  - delay: 191
    content: d
  - delay: 3774
    content: ','
  - delay: 358
    content: 'n'
  - delay: 206
    content: o
  - delay: 379
    content: e
  - delay: 185
    content: x
  - delay: 147
    content: e
  - delay: 162
    content: c
  - delay: 2273
    content: ','
  - delay: 437
    content: r
  - delay: 216
    content: e
  - delay: 463
    content: l
  - delay: 187
    content: a
  - delay: 215
    content: t
  - delay: 327
    content: i
  - delay: 357
    content: m
  - delay: 189
    content: e
  - delay: 1878
    content: ' '
  - delay: 895
    content: /
  - delay: 298
    content: d
  - delay: 233
    content: e
  - delay: 280
    content: v
  - delay: 2132
    content: /
  - delay: 3380
    content: p
  - delay: 88
    content: r
  - delay: 213
    content: o
  - delay: 260
    content: c
  - delay: 2153
    content: /
  - delay: 732
    content: v
  - delay: 275
    content: t
  - delay: 457
    content: m
  - delay: 363
    content: p
  - delay: 961
    content: ' '
  - delay: 463
    content: /
  - delay: 331
    content: m
  - delay: 253
    content: 'n'
  - delay: 292
    content: t
  - delay: 2011
    content: /
  - delay: 833
    content: v
  - delay: 211
    content: a
  - delay: 196
    content: r
  - delay: 762
    content: /
  - delay: 391
    content: t
  - delay: 229
    content: m
  - delay: 1857
    content: p
  - delay: 567
    content: "\e[?1l\e[?2004l\r\r\n\e]0;root@archiso: mount --mkdir -o rw,nodev,nosuid,noexec,relatime /dev/proc/vtmp /mnt/var/tmp\a"
  - delay: 112
    content: "\e[1m\e[7m#\e[27m\e[1m\e[0m                                                                                                                                                      \r \r"
  - delay: 29
    content: "\e]0;root@archiso: ~\a\r\e[0m\e[27m\e[24m\e[J\e[1m\e[31m\e[39m\e[0m\e[1m\e[31mroot\e[39m\e[0m@archiso \e[1m~ \e[0m# \e[K\e[?1h\e[?2004h"
  - delay: 2606
    content: >-
      mount --mkdir -o rw,nodev,nosuid,noexec,relatime /dev/proc/vtmp
      /mnt/var/tmp
  - delay: 2671
    content: "\b"
  - delay: 141
    content: "\b"
  - delay: 189
    content: "\b"
  - delay: 168
    content: "\b"
  - delay: 179
    content: "\b"
  - delay: 139
    content: "\b"
  - delay: 160
    content: "\b"
  - delay: 183
    content: "\b"
  - delay: 156
    content: "\b"
  - delay: 179
    content: "\b"
  - delay: 178
    content: "\b"
  - delay: 154
    content: "\b"
  - delay: 180
    content: "\b"
  - delay: 417
    content: "\b"
  - delay: 768
    content: "\e[P\e[13C \e[14D"
  - delay: 726
    content: "\b\e[P\e[13C \e[14D"
  - delay: 341
    content: "\b\e[P\e[13C \e[14D"
  - delay: 714
    content: "l /mnt/var/tmp\e[13D"
  - delay: 236
    content: "o /mnt/var/tmp\e[13D"
  - delay: 453
    content: "g /mnt/var/tmp\e[13D"
  - delay: 846
    content: "\e[1C"
  - delay: 575
    content: "\e[1C"
  - delay: 36
    content: "\e[1C"
  - delay: 39
    content: "\e[1C"
  - delay: 39
    content: "\e[1C"
  - delay: 38
    content: "\e[1C"
  - delay: 41
    content: "\e[1C"
  - delay: 41
    content: "\e[1C"
  - delay: 37
    content: "\e[1C"
  - delay: 40
    content: "\e[1C"
  - delay: 201
    content: "\e[1C"
  - delay: 719
    content: "\e[1C"
  - delay: 1783
    content: " \b"
  - delay: 533
    content: "\b \b"
  - delay: 298
    content: "\b \b"
  - delay: 888
    content: l
  - delay: 264
    content: o
  - delay: 364
    content: g
  - delay: 1213
    content: "\e[?1l\e[?2004l\r\r\n\e]0;root@archiso: mount --mkdir -o rw,nodev,nosuid,noexec,relatime /dev/proc/vlog /mnt/var/log\a"
  - delay: 100
    content: "\e[1m\e[7m#\e[27m\e[1m\e[0m                                                                                                                                                      \r \r"
  - delay: 42
    content: "\e]0;root@archiso: ~\a\r\e[0m\e[27m\e[24m\e[J\e[1m\e[31m\e[39m\e[0m\e[1m\e[31mroot\e[39m\e[0m@archiso \e[1m~ \e[0m# \e[K\e[?1h\e[?2004h"
  - delay: 3485
    content: >-
      mount --mkdir -o rw,nodev,nosuid,noexec,relatime /dev/proc/vlog
      /mnt/var/log
  - delay: 1483
    content: "\b"
  - delay: 621
    content: "\e[1C"
  - delay: 416
    content: "\b \b"
  - delay: 263
    content: "\b \b"
  - delay: 4496
    content: "\b \b"
  - delay: 932
    content: l
  - delay: 248
    content: o
  - delay: 385
    content: g
  - delay: 924
    content: /
  - delay: 901
    content: a
  - delay: 513
    content: u
  - delay: 719
    content: d
  - delay: 473
    content: i
  - delay: 305
    content: t
  - delay: 977
    content: "\b"
  - delay: 226
    content: "\b"
  - delay: 184
    content: "\b"
  - delay: 174
    content: "\b"
  - delay: 139
    content: "\b"
  - delay: 128
    content: "\b"
  - delay: 141
    content: "\b"
  - delay: 164
    content: "\b"
  - delay: 149
    content: "\b"
  - delay: 162
    content: "\b"
  - delay: 141
    content: "\b"
  - delay: 184
    content: "\b"
  - delay: 165
    content: "\b"
  - delay: 162
    content: "\b"
  - delay: 162
    content: "\b"
  - delay: 165
    content: "\b"
  - delay: 165
    content: "\b"
  - delay: 165
    content: "\b"
  - delay: 227
    content: "\b"
  - delay: 327
    content: "\b"
  - delay: 955
    content: "\e[P\e[19C \e[20D"
  - delay: 411
    content: "\e[P\e[18C \e[19D"
  - delay: 1366
    content: "\b\e[P\e[18C \e[19D"
  - delay: 265
    content: "\b\e[P\e[18C \e[19D"
  - delay: 789
    content: "a/mnt/var/log/audit\e[18D"
  - delay: 480
    content: "u/mnt/var/log/audit\e[18D"
  - delay: 368
    content: "d/mnt/var/log/audit\e[18D"
  - delay: 875
    content: " /mnt/var/log/audit\e[18D"
  - delay: 1326
    content: "\e[1C"
  - delay: 569
    content: "\e[1C"
  - delay: 41
    content: "\e[1C"
  - delay: 42
    content: "\e[1C"
  - delay: 20
    content: "\e[1C"
  - delay: 43
    content: "\e[1C"
  - delay: 39
    content: "\e[1C"
  - delay: 46
    content: "\e[1C"
  - delay: 42
    content: "\e[1C"
  - delay: 36
    content: "\e[1C"
  - delay: 48
    content: "\e[1C"
  - delay: 39
    content: "\e[1C"
  - delay: 36
    content: "\e[1C"
  - delay: 40
    content: "\e[1C"
  - delay: 41
    content: "\e[1C"
  - delay: 40
    content: "\e[1C"
  - delay: 40
    content: "\e[1C"
  - delay: 246
    content: "\e[1C"
  - delay: 1425
    content: "\e[?1l\e[?2004l\r\r\n\e]0;root@archiso: mount --mkdir -o rw,nodev,nosuid,noexec,relatime /dev/proc/vaud \a"
  - delay: 77
    content: "\e[1m\e[7m#\e[27m\e[1m\e[0m                                                                                                                                                      \r \r"
  - delay: 33
    content: "\e]0;root@archiso: ~\a\r\e[0m\e[27m\e[24m\e[J\e[1m\e[31m\e[39m\e[0m\e[1m\e[31mroot\e[39m\e[0m@archiso \e[1m~ \e[0m# \e[K\e[?1h\e[?2004h"
  - delay: 8480
    content: m
  - delay: 101
    content: "\bmo"
  - delay: 226
    content: u
  - delay: 250
    content: 'n'
  - delay: 290
    content: t
  - delay: 780
    content: ' '
  - delay: 542
    content: '-'
  - delay: 141
    content: '-'
  - delay: 347
    content: m
  - delay: 525
    content: k
  - delay: 293
    content: d
  - delay: 209
    content: i
  - delay: 195
    content: r
  - delay: 3758
    content: ' -o rw,nodev,nosuid,noexec,relatime /dev/proc/vaud /mnt/var/log/audit'
  - delay: 4125
    content: "\b \b"
  - delay: 85
    content: "\b \b"
  - delay: 163
    content: "\b \b"
  - delay: 176
    content: "\b \b"
  - delay: 147
    content: "\b \b"
  - delay: 179
    content: "\b \b"
  - delay: 161
    content: "\b \b"
  - delay: 163
    content: "\b \b"
  - delay: 166
    content: "\b \b"
  - delay: 145
    content: "\b \b"
  - delay: 178
    content: "\b \b"
  - delay: 168
    content: "\b \b"
  - delay: 323
    content: "\b \b"
  - delay: 1115
    content: h
  - delay: 463
    content: o
  - delay: 288
    content: m
  - delay: 166
    content: e
  - delay: 706
    content: "\b"
  - delay: 222
    content: "\b"
  - delay: 163
    content: "\b"
  - delay: 186
    content: "\b"
  - delay: 159
    content: "\b"
  - delay: 161
    content: "\b"
  - delay: 184
    content: "\b"
  - delay: 184
    content: "\b"
  - delay: 183
    content: "\b"
  - delay: 196
    content: "\b"
  - delay: 180
    content: "\b"
  - delay: 825
    content: "\e[P\e[10C \e[11D"
  - delay: 225
    content: "\b\e[P\e[10C \e[11D"
  - delay: 226
    content: "\b\e[P\e[10C \e[11D"
  - delay: 506
    content: "\b\e[P\e[10C \e[11D"
  - delay: 729
    content: "h /mnt/home\e[10D"
  - delay: 440
    content: "o /mnt/home\e[10D"
  - delay: 288
    content: "m /mnt/home\e[10D"
  - delay: 252
    content: "e /mnt/home\e[10D"
  - delay: 581
    content: "\e[1C"
  - delay: 632
    content: "\e[1C"
  - delay: 37
    content: "\e[1C"
  - delay: 39
    content: "\e[1C"
  - delay: 101
    content: "\e[1C"
  - delay: 188
    content: "\e[1C"
  - delay: 219
    content: "\e[1C"
  - delay: 245
    content: "\e[1C"
  - delay: 224
    content: "\e[1C"
  - delay: 1026
    content: "\e[?1l\e[?2004l\r\r\n\e]0;root@archiso: mount --mkdir -o rw,nodev,nosuid,noexec,relatime /dev/proc/home /mnt/home\a"
  - delay: 108
    content: "\e[1m\e[7m#\e[27m\e[1m\e[0m                                                                                                                                                      \r \r"
  - delay: 37
    content: "\e]0;root@archiso: ~\a\r\e[0m\e[27m\e[24m\e[J\e[1m\e[31m\e[39m\e[0m\e[1m\e[31mroot\e[39m\e[0m@archiso \e[1m~ \e[0m# \e[K"
  - delay: 5
    content: "\e[?1h\e[?2004h"
  - delay: 1241
    content: l
  - delay: 190
    content: "\bls"
  - delay: 296
    content: b
  - delay: 195
    content: l
  - delay: 179
    content: k
  - delay: 325
    content: "\e[?1l\e[?2004l\r\r\n"
  - delay: 7
    content: "\e]0;root@archiso: lsblk\a"
  - delay: 31
    content: "NAME           MAJ:MIN RM   SIZE RO TYPE  MOUNTPOINTS\r\nloop0            7:0    0 973.1M  1 loop  /run/archiso/airootfs\r\nsda              8:0    1  14.6G  0 disk  \r\n└─sda1           8:1    1  14.6G  0 part  /run/archiso/bootmnt\r\nmmcblk0        179:0    0 116.5G  0 disk  \r\n├─mmcblk0p1    179:1    0     3G  0 part  /mnt/boot\r\n└─mmcblk0p2    179:2    0 113.5G  0 part  \r\n  ├─proc-root  253:0    0     5G  0 lvm   /mnt\r\n  ├─proc-vars  253:1    0     5G  0 lvm   /mnt/var\r\n  │                                       /mnt/var\r\n  ├─proc-vtmp  253:2    0     1G  0 lvm   /mnt/var/tmp\r\n  ├─proc-vlog  253:3    0     1G  0 lvm   /mnt/var/log\r\n  ├─proc-vaud  253:4    0   512M  0 lvm   /mnt/var/log/audit\r\n  ├─proc-home  253:5    0     1G  0 lvm   /mnt/home\r\n  └─proc-priv  253:6    0    50G  0 lvm   \r\n    └─internal 253:7    0    50G  0 crypt \r\nmmcblk0boot0   179:8    0     4M  1 disk  \r\nmmcblk0boot1   179:16   0     4M  1 disk  \r\nmmcblk1        179:24   0  14.8G  0 disk  \r\n└─mmcblk1p1    179:25   0  14.8G  0 part  \r\n\e[1m\e[7m#\e[27m\e[1m\e[0m                                                                                                                                                      \r \r"
  - delay: 35
    content: "\e]0;root@archiso: ~\a\r\e[0m\e[27m\e[24m\e[J\e[1m\e[31m\e[39m\e[0m\e[1m\e[31mroot\e[39m\e[0m@archiso \e[1m~ \e[0m# \e[K\e[?1h\e[?2004h"
  - delay: 9727
    content: lsblk
  - delay: 600
    content: "\b\b\b\b\bmount --mkdir -o rw,nodev,nosuid,noexec,relatime /dev/proc/home /mnt/home"
  - delay: 6484
    content: "\b \b"
  - delay: 308
    content: "\b \b"
  - delay: 568
    content: "\b \b"
  - delay: 43
    content: "\b \b"
  - delay: 38
    content: "\b \b"
  - delay: 41
    content: "\b \b"
  - delay: 40
    content: "\b \b"
  - delay: 40
    content: "\b \b"
  - delay: 43
    content: "\b \b"
  - delay: 38
    content: "\b"
  - delay: 43
    content: "\b \b"
  - delay: 40
    content: "\b \b"
  - delay: 2062
    content: "\b \b"
  - delay: 221
    content: "\b \b"
  - delay: 182
    content: "\b \b"
  - delay: 162
    content: "\b \b"
  - delay: 162
    content: "\b \b"
  - delay: 185
    content: "\b \b"
  - delay: 186
    content: "\b \b"
  - delay: 161
    content: "\b \b"
  - delay: 183
    content: "\b \b"
  - delay: 183
    content: "\b \b"
  - delay: 164
    content: "\b \b"
  - delay: 198
    content: "\b \b"
  - delay: 672
    content: "\b"
  - delay: 181
    content: "\b \b"
  - delay: 569
    content: "\b \b"
  - delay: 42
    content: "\b \b"
  - delay: 39
    content: "\b \b"
  - delay: 44
    content: "\b \b"
  - delay: 40
    content: "\b \b"
  - delay: 41
    content: "\b \b"
  - delay: 42
    content: "\b \b"
  - delay: 40
    content: "\b \b"
  - delay: 41
    content: "\b \b"
  - delay: 38
    content: "\b \b"
  - delay: 41
    content: "\b \b"
  - delay: 44
    content: "\b \b"
  - delay: 37
    content: "\b \b"
  - delay: 42
    content: "\b \b"
  - delay: 41
    content: "\b \b"
  - delay: 39
    content: "\b \b"
  - delay: 154
    content: "\b \b"
  - delay: 149
    content: "\b \b"
  - delay: 165
    content: "\b \b"
  - delay: 168
    content: "\b \b"
  - delay: 154
    content: "\b \b"
  - delay: 160
    content: "\b \b"
  - delay: 181
    content: "\b \b"
  - delay: 185
    content: "\b \b"
  - delay: 270
    content: "\b \b"
  - delay: 527
    content: "\b \b"
  - delay: 157
    content: "\b \b"
  - delay: 184
    content: "\b \b"
  - delay: 248
    content: "\b \b"
  - delay: 265
    content: "\b \b"
  - delay: 201
    content: "\b"
  - delay: 202
    content: "\b \b"
  - delay: 183
    content: "\b \b"
  - delay: 163
    content: "\b"
  - delay: 186
    content: "\b \b"
  - delay: 154
    content: "\b \b"
  - delay: 163
    content: "\b \b"
  - delay: 178
    content: "\b \b"
  - delay: 166
    content: "\b \b"
  - delay: 178
    content: "\b \b"
  - delay: 159
    content: "\b \b"
  - delay: 184
    content: "\b"
  - delay: 181
    content: "\b \b"
  - delay: 184
    content: "\b \b"
  - delay: 245
    content: "\b \b"
  - delay: 239
    content: "\b\bm \b"
  - delay: 244
    content: "\b \b"
  - delay: 997
    content: >-
      mount --mkdir -o rw,nodev,nosuid,noexec,relatime /dev/proc/vaud
      /mnt/var/log/audit
  - delay: 224
    content: "\e[22Dlog\e[13C      \b\b\b\b\b\b"
  - delay: 426
    content: "\e[16Dtmp\e[10Ctmp"
  - delay: 241
    content: "\e[43D\e[7P\e[20Cars\e[9C           \e[11D"
  - delay: 202
    content: "\e[39D\e[P\e[P\e[37C  \b\b"
  - delay: 182
    content: "\e[63Dlsblk                                                          \e[58D"
  - delay: 722
    content: "\b\b\b\b\bmount --mkdir -o rw,nodev,suid,relatime /dev/proc/vars /mnt/var"
  - delay: 255
    content: "\b"
  - delay: 646
    content: "\b"
  - delay: 41
    content: "\b"
  - delay: 41
    content: "\b"
  - delay: 45
    content: "\b"
  - delay: 18
    content: "\b"
  - delay: 40
    content: "\b"
  - delay: 53
    content: "\b"
  - delay: 27
    content: "\b"
  - delay: 41
    content: "\b"
  - delay: 40
    content: "\b"
  - delay: 41
    content: "\b"
  - delay: 39
    content: "\b"
  - delay: 42
    content: "\b"
  - delay: 42
    content: "\b"
  - delay: 41
    content: "\b"
  - delay: 41
    content: "\b"
  - delay: 43
    content: "\b"
  - delay: 37
    content: "\b"
  - delay: 42
    content: "\b"
  - delay: 40
    content: "\b"
  - delay: 42
    content: "\b"
  - delay: 44
    content: "\b"
  - delay: 37
    content: "\b"
  - delay: 40
    content: "\b"
  - delay: 38
    content: "\b"
  - delay: 41
    content: "\b"
  - delay: 42
    content: "\b"
  - delay: 40
    content: "\b"
  - delay: 42
    content: "\b"
  - delay: 38
    content: "\b"
  - delay: 41
    content: "\b"
  - delay: 41
    content: "\b"
  - delay: 40
    content: "\b"
  - delay: 40
    content: "\b"
  - delay: 38
    content: "\b"
  - delay: 40
    content: "\b"
  - delay: 39
    content: "\b"
  - delay: 42
    content: "\b"
  - delay: 41
    content: "\b"
  - delay: 40
    content: "\b"
  - delay: 39
    content: "\b"
  - delay: 43
    content: "\b"
  - delay: 41
    content: "\b"
  - delay: 42
    content: "\b"
  - delay: 39
    content: "\b"
  - delay: 43
    content: "\b"
  - delay: 39
    content: "\b"
  - delay: 47
    content: "\b"
  - delay: 32
    content: "\b"
  - delay: 47
    content: "\b"
  - delay: 34
    content: "\b"
  - delay: 42
    content: "\b"
  - delay: 45
    content: "\b"
  - delay: 35
    content: "\b"
  - delay: 42
    content: "\b"
  - delay: 38
    content: "\b"
  - delay: 41
    content: "\b"
  - delay: 41
    content: "\b"
  - delay: 103
    content: "\b"
  - delay: 181
    content: "\b"
  - delay: 162
    content: "\b"
  - delay: 171
    content: "\b"
  - delay: 907
    content: "umount --mkdir -o rw,nodev,suid,relatime /dev/proc/vars /mnt/var\e[63D"
  - delay: 1463
    content: "\e[?1l\e[?2004l\r\r\n\e]0;root@archiso: umount --mkdir -o rw,nodev,suid,relatime /dev/proc/vars /mnt/var\a"
  - delay: 84
    content: "umount: unrecognized option '--mkdir'\r\nTry 'umount --help' for more information.\r\n"
  - delay: 16
    content: "\e[1m\e[7m#\e[27m\e[1m\e[0m                                                                                                                                                      \r \r"
  - delay: 23
    content: "\e]0;root@archiso: ~\a\r\e[0m\e[27m\e[24m\e[J\e[1m\e[31m1 \e[39m\e[0m\e[1m\e[31mroot\e[39m\e[0m@archiso \e[1m~ \e[0m# \e[K\e[129C:(\e[131D\e[?1h\e[?2004h"
  - delay: 3603
    content: 'umount --mkdir -o rw,nodev,suid,relatime /dev/proc/vars /mnt/var'
  - delay: 595
    content: "\b"
  - delay: 634
    content: "\b"
  - delay: 43
    content: "\b"
  - delay: 40
    content: "\b"
  - delay: 48
    content: "\b"
  - delay: 30
    content: "\b"
  - delay: 46
    content: "\b"
  - delay: 39
    content: "\b"
  - delay: 37
    content: "\b"
  - delay: 40
    content: "\b"
  - delay: 48
    content: "\b"
  - delay: 33
    content: "\b"
  - delay: 48
    content: "\b"
  - delay: 33
    content: "\b"
  - delay: 41
    content: "\b"
  - delay: 38
    content: "\b"
  - delay: 43
    content: "\b"
  - delay: 39
    content: "\b"
  - delay: 41
    content: "\b"
  - delay: 40
    content: "\b"
  - delay: 40
    content: "\b"
  - delay: 50
    content: "\b"
  - delay: 33
    content: "\b"
  - delay: 18
    content: "\b"
  - delay: 42
    content: "\b"
  - delay: 47
    content: "\b"
  - delay: 48
    content: "\b"
  - delay: 29
    content: "\b"
  - delay: 39
    content: "\b"
  - delay: 42
    content: "\b"
  - delay: 44
    content: "\b"
  - delay: 38
    content: "\b"
  - delay: 41
    content: "\b"
  - delay: 42
    content: "\b"
  - delay: 43
    content: "\b"
  - delay: 37
    content: "\b"
  - delay: 46
    content: "\b"
  - delay: 35
    content: "\b"
  - delay: 41
    content: "\b"
  - delay: 37
    content: "\b"
  - delay: 44
    content: "\b"
  - delay: 37
    content: "\b"
  - delay: 40
    content: "\b"
  - delay: 40
    content: "\b"
  - delay: 124
    content: "\b"
  - delay: 165
    content: "\b"
  - delay: 181
    content: "\b"
  - delay: 158
    content: "\b"
  - delay: 182
    content: "\b"
  - delay: 958
    content: "\b-o rw,nodev,suid,relatime /dev/proc/vars /mnt/var \e[50D"
  - delay: 182
    content: "\b-o rw,nodev,suid,relatime /dev/proc/vars /mnt/var \e[50D"
  - delay: 141
    content: "\b-o rw,nodev,suid,relatime /dev/proc/vars /mnt/var \e[50D"
  - delay: 163
    content: "\b-o rw,nodev,suid,relatime /dev/proc/vars /mnt/var \e[50D"
  - delay: 201
    content: "\b-o rw,nodev,suid,relatime /dev/proc/vars /mnt/var \e[50D"
  - delay: 142
    content: "\b-o rw,nodev,suid,relatime /dev/proc/vars /mnt/var \e[50D"
  - delay: 183
    content: "o rw,nodev,suid,relatime /dev/proc/vars /mnt/var \e[50D"
  - delay: 480
    content: "o rw,nodev,suid,relatime /dev/proc/vars /mnt/var \e[50D"
  - delay: 704
    content: "\e[?1l\e[?2004l\e[49C\e[K\e[49D\r\r\n\e]0;root@archiso: umount -o rw,nodev,suid,relatime /dev/proc/vars /mnt/var\a"
  - delay: 16
    content: "umount: invalid option -- 'o'\r\nTry 'umount --help' for more information.\r\n\e[1m\e[7m#\e[27m\e[1m\e[0m                                                                                                                                                      \r \r"
  - delay: 35
    content: "\e]0;root@archiso: ~\a\r\e[0m\e[27m\e[24m\e[J\e[1m\e[31m1 \e[39m\e[0m\e[1m\e[31mroot\e[39m\e[0m@archiso \e[1m~ \e[0m# \e[K\e[129C:(\e[131D\e[?1h\e[?2004h"
  - delay: 1476
    content: 'umount -o rw,nodev,suid,relatime /dev/proc/vars /mnt/var'
  - delay: 582
    content: "\b"
  - delay: 634
    content: "\b"
  - delay: 45
    content: "\b"
  - delay: 38
    content: "\b"
  - delay: 46
    content: "\b"
  - delay: 37
    content: "\b"
  - delay: 42
    content: "\b"
  - delay: 39
    content: "\b"
  - delay: 41
    content: "\b"
  - delay: 40
    content: "\b"
  - delay: 41
    content: "\b"
  - delay: 42
    content: "\b"
  - delay: 40
    content: "\b"
  - delay: 41
    content: "\b"
  - delay: 40
    content: "\b"
  - delay: 41
    content: "\b"
  - delay: 39
    content: "\b"
  - delay: 40
    content: "\b"
  - delay: 40
    content: "\b"
  - delay: 42
    content: "\b"
  - delay: 39
    content: "\b"
  - delay: 42
    content: "\b"
  - delay: 41
    content: "\b"
  - delay: 42
    content: "\b"
  - delay: 42
    content: "\b"
  - delay: 40
    content: "\b"
  - delay: 41
    content: "\b"
  - delay: 39
    content: "\b"
  - delay: 42
    content: "\b"
  - delay: 38
    content: "\b"
  - delay: 42
    content: "\b"
  - delay: 42
    content: "\b"
  - delay: 39
    content: "\b"
  - delay: 22
    content: "\b"
  - delay: 41
    content: "\b"
  - delay: 41
    content: "\b"
  - delay: 40
    content: "\b"
  - delay: 41
    content: "\b"
  - delay: 41
    content: "\b"
  - delay: 42
    content: "\b"
  - delay: 37
    content: "\b"
  - delay: 40
    content: "\b"
  - delay: 49
    content: "\b"
  - delay: 32
    content: "\b"
  - delay: 122
    content: "\b"
  - delay: 222
    content: "\b"
  - delay: 210
    content: "\b"
  - delay: 3371
    content: "\b rw,nodev,suid,relatime /dev/proc/vars /mnt/var \e[48D"
  - delay: 1178
    content: "R rw,nodev,suid,relatime /dev/proc/vars /mnt/var\e[47D"
  - delay: 1557
    content: "\e[?1l\e[?2004l\e[47C\e[K\e[47D\r\r\n\e]0;root@archiso: umount -R rw,nodev,suid,relatime /dev/proc/vars /mnt/var\a"
  - delay: 20
    content: "umount: rw,nodev,suid,relatime: not found\r\numount: /dev/proc/vars: not mounted\r\n"
  - delay: 47
    content: "\e[1m\e[7m#\e[27m\e[1m\e[0m                                                                                                                                                      \r \r"
  - delay: 14
    content: "\e]0;root@archiso: ~\a\r\e[0m\e[27m\e[24m\e[J\e[1m\e[31m2 \e[39m\e[0m\e[1m\e[31mroot\e[39m\e[0m@archiso \e[1m~ \e[0m# \e[K\e[129C:(\e[131D\e[?1h\e[?2004h"
  - delay: 3350
    content: 'umount -R rw,nodev,suid,relatime /dev/proc/vars /mnt/var'
  - delay: 464
    content: "\e[56D                                                        \e[56D"
  - delay: 913
    content: l
  - delay: 192
    content: "\bls"
  - delay: 458
    content: b
  - delay: 144
    content: l
  - delay: 270
    content: k
  - delay: 432
    content: "\e[?1l\e[?2004l\e[K\r\r\n\e]0;root@archiso: lsblk\a"
  - delay: 26
    content: "NAME           MAJ:MIN RM   SIZE RO TYPE  MOUNTPOINTS\r\nloop0            7:0    0 973.1M  1 loop  /run/archiso/airootfs\r\nsda              8:0    1  14.6G  0 disk  \r\n└─sda1           8:1    1  14.6G  0 part  /run/archiso/bootmnt\r\nmmcblk0        179:0    0 116.5G  0 disk  \r\n├─mmcblk0p1    179:1    0     3G  0 part  /mnt/boot\r\n└─mmcblk0p2    179:2    0 113.5G  0 part  \r\n  ├─proc-root  253:0    0     5G  0 lvm   /mnt\r\n  ├─proc-vars  253:1    0     5G  0 lvm   \r\n  ├─proc-vtmp  253:2    0     1G  0 lvm   \r\n  ├─proc-vlog  253:3    0     1G  0 lvm   \r\n  ├─proc-vaud  253:4    0   512M  0 lvm   \r\n  ├─proc-home  253:5    0     1G  0 lvm   /mnt/home\r\n  └─proc-priv  253:6    0    50G  0 lvm   \r\n    └─internal 253:7    0    50G  0 crypt \r\nmmcblk0boot0   179:8    0     4M  1 disk  \r\nmmcblk0boot1   179:16   0     4M  1 disk  \r\nmmcblk1        179:24   0  14.8G  0 disk  \r\n└─mmcblk1p1    179:25   0  14.8G  0 part  \r\n\e[1m\e[7m#\e[27m\e[1m\e[0m                                                                                                                                                      \r \r"
  - delay: 38
    content: "\e]0;root@archiso: ~\a\r\e[0m\e[27m\e[24m\e[J\e[1m\e[31m\e[39m\e[0m\e[1m\e[31mroot\e[39m\e[0m@archiso \e[1m~ \e[0m# \e[K\e[?1h\e[?2004h"
  - delay: 16508
    content: lsblk
  - delay: 140
    content: "\b\b\b\b\bumount -R rw,nodev,suid,relatime /dev/proc/vars /mnt/var"
  - delay: 306
    content: "\e[48Do\e[47C"
  - delay: 272
    content: "\e[48D-mkdir -o rw,nodev,suid,relatime /dev/proc/vars /mnt/var"
  - delay: 230
    content: "\e[64Dlsblk                                                           \e[59D"
  - delay: 326
    content: "\b\b\b\b\bmount --mkdir -o rw,nodev,nosuid,noexec,relatime /dev/proc/home /mnt/home"
  - delay: 329
    content: "\e[14Dvaud\e[6Cvar/log/audit"
  - delay: 227
    content: "\e[22Dlog\e[13C      \b\b\b\b\b\b"
  - delay: 262
    content: "\e[16Dtmp\e[10Ctmp"
  - delay: 311
    content: "\e[43D\e[7P\e[20Cars\e[9C           \e[11D"
  - delay: 308
    content: "\e[39D\e[P\e[P\e[37C  \b\b"
  - delay: 286
    content: "\e[63Dlsblk                                                          \e[58D"
  - delay: 559
    content: "\b\b\b\b\bmount --mkdir -o uid=0,gid=0,dmask=0077 /dev/mmcblk0p1 /mnt/boot"
  - delay: 535
    content: "\e[58D/dev/proc/root /mnt                                       \e[39D"
  - delay: 897
    content: "\e[19D--mkdir -o uid=0,gid=0,dmask=0077 /dev/mmcblk0p1 /mnt/boot"
  - delay: 226
    content: "\e[64Dlsblk                                                           \e[59D"
  - delay: 373
    content: "\b\b\b\b\bmount --mkdir -o rw,nodev,suid,relatime /dev/proc/vars /mnt/var"
  - delay: 1263
    content: "\e[37Dnosuid,relatime /dev/proc/vars /mnt/var"
  - delay: 1889
    content: "\e[?1l\e[?2004l\r\r\n\e]0;root@archiso: mount --mkdir -o rw,nodev,nosuid,relatime /dev/proc/vars /mnt/var\a"
  - delay: 256
    content: "\e[1m\e[7m#\e[27m\e[1m\e[0m                                                                                                                                                      \r \r"
  - delay: 11
    content: "\e]0;root@archiso: ~\a\r\e[0m\e[27m\e[24m\e[J\e[1m\e[31m\e[39m\e[0m\e[1m\e[31mroot\e[39m\e[0m@archiso \e[1m~ \e[0m# \e[K\e[?1h\e[?2004h"
  - delay: 1376
    content: 'mount --mkdir -o rw,nodev,nosuid,relatime /dev/proc/vars /mnt/var'
  - delay: 246
    content: "\e[65Dlsblk                                                            \e[60D"
  - delay: 11995
    content: "\b\b\b\b\bumount -R rw,nodev,suid,relatime /dev/proc/vars /mnt/var"
  - delay: 390
    content: "\e[48Do\e[47C"
  - delay: 412
    content: "\e[48D-mkdir -o rw,nodev,suid,relatime /dev/proc/vars /mnt/var"
  - delay: 238
    content: "\e[64Dlsblk                                                           \e[59D"
  - delay: 328
    content: "\b\b\b\b\bmount --mkdir -o rw,nodev,nosuid,noexec,relatime /dev/proc/home /mnt/home"
  - delay: 1023
    content: "\e[14Dvaud\e[6Cvar/log/audit"
  - delay: 375
    content: "\e[22Dlog\e[13C      \b\b\b\b\b\b"
  - delay: 395
    content: "\e[16Dtmp\e[10Ctmp"
  - delay: 1671
    content: "\e[43D\e[7P\e[20Cars\e[9C           \e[11D"
  - delay: 1964
    content: "\e[32Dnoexec,relatime /dev/proc/vtmp /mnt/var/tmp"
  - delay: 2732
    content: "\e[?1l\e[?2004l\r\r\n\e]0;root@archiso: mount --mkdir -o rw,nodev,nosuid,noexec,relatime /dev/proc/vtmp /mnt/var/tmp\a"
  - delay: 101
    content: "\e[1m\e[7m#\e[27m\e[1m\e[0m                                                                                                                                                      \r \r"
  - delay: 13
    content: "\e]0;root@archiso: ~\a"
  - delay: 6
    content: "\r\e[0m\e[27m\e[24m\e[J\e[1m\e[31m\e[39m\e[0m\e[1m\e[31mroot\e[39m\e[0m@archiso \e[1m~ \e[0m# \e[K\e[?1h\e[?2004h"
  - delay: 1398
    content: >-
      mount --mkdir -o rw,nodev,nosuid,noexec,relatime /dev/proc/vtmp
      /mnt/var/tmp
  - delay: 234
    content: "\e[43D\e[7P\e[20Cars\e[9C           \e[11D"
  - delay: 429
    content: "\e[65Dlsblk                                                            \e[60D"
  - delay: 339
    content: "\b\b\b\b\bumount -R rw,nodev,suid,relatime /dev/proc/vars /mnt/var"
  - delay: 321
    content: "\e[48Do\e[47C"
  - delay: 336
    content: "\e[48D-mkdir -o rw,nodev,suid,relatime /dev/proc/vars /mnt/var"
  - delay: 378
    content: "\e[64Dlsblk                                                           \e[59D"
  - delay: 323
    content: "\b\b\b\b\bmount --mkdir -o rw,nodev,nosuid,noexec,relatime /dev/proc/home /mnt/home"
  - delay: 338
    content: "\e[14Dvaud\e[6Cvar/log/audit"
  - delay: 2024
    content: "\e[22Dlog\e[13C      \b\b\b\b\b\b"
  - delay: 1955
    content: "\e[?1l\e[?2004l\r\r\n\e]0;root@archiso: mount --mkdir -o rw,nodev,nosuid,noexec,relatime /dev/proc/vlog /mnt/var/log\a"
  - delay: 94
    content: "\e[1m\e[7m#\e[27m\e[1m\e[0m                                                                                                                                                      \r \r"
  - delay: 13
    content: "\e]0;root@archiso: ~\a\r\e[0m\e[27m\e[24m\e[J\e[1m\e[31m\e[39m\e[0m\e[1m\e[31mroot\e[39m\e[0m@archiso \e[1m~ \e[0m# \e[K\e[?1h\e[?2004h"
  - delay: 518
    content: >-
      mount --mkdir -o rw,nodev,nosuid,noexec,relatime /dev/proc/vlog
      /mnt/var/log
  - delay: 271
    content: "\e[16Dtmp\e[10Ctmp"
  - delay: 366
    content: "\e[43D\e[7P\e[20Cars\e[9C           \e[11D"
  - delay: 307
    content: "\e[65Dlsblk                                                            \e[60D"
  - delay: 345
    content: "\b\b\b\b\bumount -R rw,nodev,suid,relatime /dev/proc/vars /mnt/var"
  - delay: 324
    content: "\e[48Do\e[47C"
  - delay: 325
    content: "\e[48D-mkdir -o rw,nodev,suid,relatime /dev/proc/vars /mnt/var"
  - delay: 381
    content: "\e[64Dlsblk                                                           \e[59D"
  - delay: 265
    content: "\b\b\b\b\bmount --mkdir -o rw,nodev,nosuid,noexec,relatime /dev/proc/home /mnt/home"
  - delay: 384
    content: "\e[14Dvaud\e[6Cvar/log/audit"
  - delay: 4598
    content: "\e[?1l\e[?2004l\r\r\n\e]0;root@archiso: mount --mkdir -o rw,nodev,nosuid,noexec,relatime /dev/proc/vaud \a"
  - delay: 77
    content: "\e[1m\e[7m#\e[27m\e[1m\e[0m                                                                                                                                                      \r \r"
  - delay: 24
    content: "\e]0;root@archiso: ~\a\r\e[0m\e[27m\e[24m\e[J\e[1m\e[31m\e[39m\e[0m\e[1m\e[31mroot\e[39m\e[0m@archiso \e[1m~ \e[0m# \e[K"
  - delay: 15
    content: "\e[?1h\e[?2004h"
  - delay: 1312
    content: >-
      mount --mkdir -o rw,nodev,nosuid,noexec,relatime /dev/proc/vaud
      /mnt/var/log/audit
  - delay: 300
    content: "\e[22Dlog\e[13C      \b\b\b\b\b\b"
  - delay: 397
    content: "\e[16Dtmp\e[10Ctmp"
  - delay: 240
    content: "\e[43D\e[7P\e[20Cars\e[9C           \e[11D"
  - delay: 278
    content: "\e[65Dlsblk                                                            \e[60D"
  - delay: 336
    content: "\b\b\b\b\bumount -R rw,nodev,suid,relatime /dev/proc/vars /mnt/var"
  - delay: 361
    content: "\e[48Do\e[47C"
  - delay: 324
    content: "\e[48D-mkdir -o rw,nodev,suid,relatime /dev/proc/vars /mnt/var"
  - delay: 355
    content: "\e[64Dlsblk                                                           \e[59D"
  - delay: 319
    content: "\b\b\b\b\bmount --mkdir -o rw,nodev,nosuid,noexec,relatime /dev/proc/home /mnt/home"
  - delay: 2107
    content: "\e[?1l\e[?2004l\r\r\n\e]0;root@archiso: mount --mkdir -o rw,nodev,nosuid,noexec,relatime /dev/proc/home /mnt/home\a"
  - delay: 22
    content: "\e[1m\e[7m#\e[27m\e[1m\e[0m                                                                                                                                                      \r \r"
  - delay: 13
    content: "\e]0;root@archiso: ~\a\r\e[0m\e[27m\e[24m\e[J\e[1m\e[31m\e[39m\e[0m\e[1m\e[31mroot\e[39m\e[0m@archiso \e[1m~ \e[0m# \e[K\e[?1h\e[?2004h"
  - delay: 1389
    content: l
  - delay: 179
    content: "\bls"
  - delay: 381
    content: b
  - delay: 139
    content: l
  - delay: 187
    content: k
  - delay: 987
    content: "\e[?1l\e[?2004l\r\r\n\e]0;root@archiso: lsblk\a"
  - delay: 38
    content: "NAME           MAJ:MIN RM   SIZE RO TYPE  MOUNTPOINTS\r\nloop0            7:0    0 973.1M  1 loop  /run/archiso/airootfs\r\nsda              8:0    1  14.6G  0 disk  \r\n└─sda1           8:1    1  14.6G  0 part  /run/archiso/bootmnt\r\nmmcblk0        179:0    0 116.5G  0 disk  \r\n├─mmcblk0p1    179:1    0     3G  0 part  /mnt/boot\r\n└─mmcblk0p2    179:2    0 113.5G  0 part  \r\n  ├─proc-root  253:0    0     5G  0 lvm   /mnt\r\n  ├─proc-vars  253:1    0     5G  0 lvm   /mnt/var\r\n  ├─proc-vtmp  253:2    0     1G  0 lvm   /mnt/var/tmp\r\n  ├─proc-vlog  253:3    0     1G  0 lvm   /mnt/var/log\r\n  ├─proc-vaud  253:4    0   512M  0 lvm   /mnt/var/log/audit\r\n  ├─proc-home  253:5    0     1G  0 lvm   /mnt/home\r\n  │                                       /mnt/home\r\n  └─proc-priv  253:6    0    50G  0 lvm   \r\n    └─internal 253:7    0    50G  0 crypt \r\nmmcblk0boot0   179:8    0     4M  1 disk  \r\nmmcblk0boot1   179:16   0     4M  1 disk  \r\nmmcblk1        179:24   0  14.8G  0 disk  \r\n└─mmcblk1p1    179:25   0  14.8G  0 part  \r\n\e[1m\e[7m#\e[27m\e[1m\e[0m                                                                                                                                                      \r \r"
  - delay: 10
    content: "\e]0;root@archiso: ~\a\r\e[0m\e[27m\e[24m\e[J\e[1m\e[31m\e[39m\e[0m\e[1m\e[31mroot\e[39m\e[0m@archiso \e[1m~ \e[0m# \e[K"
  - delay: 6
    content: "\e[?1h\e[?2004h"
  - delay: 12549
    content: lsblk
  - delay: 140
    content: "\b\b\b\b\bmount --mkdir -o rw,nodev,nosuid,noexec,relatime /dev/proc/home /mnt/home"
  - delay: 259
    content: "\e[14Dvaud\e[6Cvar/log/audit"
  - delay: 280
    content: "\e[22Dlog\e[13C      \b\b\b\b\b\b"
  - delay: 254
    content: "\e[16Dtmp\e[10Ctmp"
  - delay: 289
    content: "\e[43D\e[7P\e[20Cars\e[9C           \e[11D"
  - delay: 290
    content: "\e[65Dlsblk                                                            \e[60D"
  - delay: 422
    content: "\b\b\b\b\bumount -R rw,nodev,suid,relatime /dev/proc/vars /mnt/var"
  - delay: 2416
    content: "\b"
  - delay: 144
    content: "\b"
  - delay: 187
    content: "\b"
  - delay: 142
    content: "\b"
  - delay: 167
    content: "\b"
  - delay: 198
    content: "\b"
  - delay: 222
    content: "\b"
  - delay: 272
    content: "\b"
  - delay: 227
    content: "\b"
  - delay: 205
    content: "\b"
  - delay: 509
    content: "\e[1C"
  - delay: 716
    content: "\b\e[P\e[9C \e[10D"
  - delay: 182
    content: "\b\e[P\e[9C \e[10D"
  - delay: 182
    content: "\b\e[P\e[9C \e[10D"
  - delay: 202
    content: "\b\e[P\e[9C \e[10D"
  - delay: 731
    content: "h /mnt/var\e[9D"
  - delay: 243
    content: "o /mnt/var\e[9D"
  - delay: 222
    content: "m /mnt/var\e[9D"
  - delay: 345
    content: "e /mnt/var\e[9D"
  - delay: 776
    content: "\e[1C"
  - delay: 206
    content: "\e[1C"
  - delay: 160
    content: "\e[1C"
  - delay: 147
    content: "\e[1C"
  - delay: 160
    content: "\e[1C"
  - delay: 163
    content: "\e[1C"
  - delay: 145
    content: "\e[1C"
  - delay: 166
    content: "\e[1C"
  - delay: 185
    content: "\e[1C"
  - delay: 892
    content: "\b \b"
  - delay: 204
    content: "\b \b"
  - delay: 230
    content: "\b \b"
  - delay: 813
    content: h
  - delay: 328
    content: o
  - delay: 264
    content: m
  - delay: 391
    content: e
  - delay: 852
    content: "\e[?1l\e[?2004l\r\r\n\e]0;root@archiso: umount -R rw,nodev,suid,relatime /dev/proc/home /mnt/home\a"
  - delay: 15
    content: "umount: rw,nodev,suid,relatime: not found\r\numount: /dev/proc/home: not mounted\r\n"
  - delay: 24
    content: "\e[1m\e[7m#\e[27m\e[1m\e[0m                                                                                                                                                      \r \r"
  - delay: 15
    content: "\e]0;root@archiso: ~\a\r\e[0m\e[27m\e[24m\e[J\e[1m\e[31m2 \e[39m\e[0m\e[1m\e[31mroot\e[39m\e[0m@archiso \e[1m~ \e[0m# \e[K\e[129C:(\e[131D\e[?1h\e[?2004h"
  - delay: 6998
    content: l
  - delay: 465
    content: "\bls"
  - delay: 412
    content: b
  - delay: 181
    content: l
  - delay: 195
    content: k
  - delay: 766
    content: "\e[?1l\e[?2004l\e[K\r\r\n\e]0;root@archiso: lsblk\a"
  - delay: 78
    content: "NAME           MAJ:MIN RM   SIZE RO TYPE  MOUNTPOINTS\r\nloop0            7:0    0 973.1M  1 loop  /run/archiso/airootfs\r\nsda              8:0    1  14.6G  0 disk  \r\n└─sda1           8:1    1  14.6G  0 part  /run/archiso/bootmnt\r\nmmcblk0        179:0    0 116.5G  0 disk  \r\n├─mmcblk0p1    179:1    0     3G  0 part  /mnt/boot\r\n└─mmcblk0p2    179:2    0 113.5G  0 part  \r\n  ├─proc-root  253:0    0     5G  0 lvm   /mnt\r\n  ├─proc-vars  253:1    0     5G  0 lvm   /mnt/var\r\n  ├─proc-vtmp  253:2    0     1G  0 lvm   /mnt/var/tmp\r\n  ├─proc-vlog  253:3    0     1G  0 lvm   /mnt/var/log\r\n  ├─proc-vaud  253:4    0   512M  0 lvm   /mnt/var/log/audit\r\n  ├─proc-home  253:5    0     1G  0 lvm   \r\n  └─proc-priv  253:6    0    50G  0 lvm   \r\n    └─internal 253:7    0    50G  0 crypt \r\nmmcblk0boot0   179:8    0     4M  1 disk  \r\nmmcblk0boot1   179:16   0     4M  1 disk  \r\nmmcblk1        179:24   0  14.8G  0 disk  \r\n└─mmcblk1p1    179:25   0  14.8G  0 part  \r\n\e[1m\e[7m#\e[27m\e[1m\e[0m                                                                                                                                                      \r \r\e]0;root@archiso: ~\a\r\e[0m\e[27m\e[24m\e[J\e[1m\e[31m\e[39m\e[0m\e[1m\e[31mroot\e[39m\e[0m@archiso \e[1m~ \e[0m# \e[K\e[?1h\e[?2004h"
  - delay: 7830
    content: m
  - delay: 189
    content: "\bmo"
  - delay: 202
    content: u
  - delay: 239
    content: 'n'
  - delay: 253
    content: t
  - delay: 719
    content: ' '
  - delay: 559
    content: '-'
  - delay: 157
    content: '-'
  - delay: 260
    content: m
  - delay: 220
    content: k
  - delay: 239
    content: d
  - delay: 158
    content: i
  - delay: 180
    content: r
  - delay: 1224
    content: ' '
  - delay: 780
    content: '-'
  - delay: 732
    content: o
  - delay: 1039
    content: ' '
  - delay: 641
    content: r
  - delay: 158
    content: w
  - delay: 1941
    content: ','
  - delay: 370
    content: 'n'
  - delay: 218
    content: o
  - delay: 241
    content: d
  - delay: 200
    content: e
  - delay: 1454
    content: v
  - delay: 282
    content: ','
  - delay: 1488
    content: 'n'
  - delay: 280
    content: o
  - delay: 240
    content: s
  - delay: 182
    content: u
  - delay: 257
    content: i
  - delay: 237
    content: d
  - delay: 2198
    content: ','
  - delay: 337
    content: 'n'
  - delay: 262
    content: o
  - delay: 364
    content: e
  - delay: 196
    content: x
  - delay: 143
    content: e
  - delay: 199
    content: c
  - delay: 2072
    content: ','
  - delay: 437
    content: r
  - delay: 441
    content: e
  - delay: 1400
    content: l
  - delay: 160
    content: a
  - delay: 355
    content: t
  - delay: 207
    content: i
  - delay: 338
    content: m
  - delay: 162
    content: e
  - delay: 1474
    content: ' '
  - delay: 299
    content: /
  - delay: 220
    content: d
  - delay: 258
    content: e
  - delay: 182
    content: v
  - delay: 1762
    content: /
  - delay: 368
    content: p
  - delay: 267
    content: r
  - delay: 218
    content: e
  - delay: 550
    content: c
  - delay: 1952
    content: /
  - delay: 746
    content: h
  - delay: 378
    content: o
  - delay: 351
    content: m
  - delay: 223
    content: e
  - delay: 1709
    content: ' '
  - delay: 284
    content: /
  - delay: 1695
    content: m
  - delay: 128
    content: 'n'
  - delay: 448
    content: t
  - delay: 655
    content: /
  - delay: 2083
    content: h
  - delay: 278
    content: o
  - delay: 418
    content: m
  - delay: 275
    content: e
  - delay: 1487
    content: "\e[?1l\e[?2004l\r\r\n\e]0;root@archiso: mount --mkdir -o rw,nodev,nosuid,noexec,relatime /dev/prec/home /mnt/home\a"
  - delay: 21
    content: "mount: /mnt/home: fsconfig() failed: /dev/prec/home: Can't lookup blockdev.\r\n       dmesg(1) may have more information after failed mount system call.\r\n\e[1m\e[7m#\e[27m\e[1m\e[0m                                                                                                                                                      \r \r"
  - delay: 33
    content: "\e]0;root@archiso: ~\a\r\e[0m\e[27m\e[24m\e[J\e[1m\e[31m32 \e[39m\e[0m\e[1m\e[31mroot\e[39m\e[0m@archiso \e[1m~ \e[0m# \e[K\e[128C:(\e[130D\e[?1h\e[?2004h"
  - delay: 3823
    content: 'mount --mkdir -o rw,nodev,nosuid,noexec,relatime /dev/prec/home /mnt/home'
  - delay: 237
    content: "\e[73Dlsblk                                                                    \e[68D"
  - delay: 1083
    content: "\e[?1l\e[?2004l\e[K\r\r\n\e]0;root@archiso: lsblk\a"
  - delay: 38
    content: "NAME           MAJ:MIN RM   SIZE RO TYPE  MOUNTPOINTS\r\nloop0            7:0    0 973.1M  1 loop  /run/archiso/airootfs\r\nsda              8:0    1  14.6G  0 disk  \r\n└─sda1           8:1    1  14.6G  0 part  /run/archiso/bootmnt\r\nmmcblk0        179:0    0 116.5G  0 disk  \r\n├─mmcblk0p1    179:1    0     3G  0 part  /mnt/boot\r\n└─mmcblk0p2    179:2    0 113.5G  0 part  \r\n  ├─proc-root  253:0    0     5G  0 lvm   /mnt\r\n  ├─proc-vars  253:1    0     5G  0 lvm   /mnt/var\r\n  ├─proc-vtmp  253:2    0     1G  0 lvm   /mnt/var/tmp\r\n  ├─proc-vlog  253:3    0     1G  0 lvm   /mnt/var/log\r\n  ├─proc-vaud  253:4    0   512M  0 lvm   /mnt/var/log/audit\r\n  ├─proc-home  253:5    0     1G  0 lvm   \r\n  └─proc-priv  253:6    0    50G  0 lvm   \r\n    └─internal 253:7    0    50G  0 crypt \r\nmmcblk0boot0   179:8    0     4M  1 disk  \r\nmmcblk0boot1   179:16   0     4M  1 disk  \r\nmmcblk1        179:24   0  14.8G  0 disk  \r\n└─mmcblk1p1    179:25   0  14.8G  0 part  \r\n\e[1m\e[7m#\e[27m\e[1m\e[0m                                                                                                                                                      \r \r"
  - delay: 34
    content: "\e]0;root@archiso: ~\a\r\e[0m\e[27m\e[24m\e[J\e[1m\e[31m\e[39m\e[0m\e[1m\e[31mroot\e[39m\e[0m@archiso \e[1m~ \e[0m# \e[K\e[?1h\e[?2004h"
  - delay: 4446
    content: lsblk
  - delay: 501
    content: "\b\b\b\b\bmount --mkdir -o rw,nodev,nosuid,noexec,relatime /dev/prec/home /mnt/home"
  - delay: 2769
    content: "\b"
  - delay: 232
    content: "\b"
  - delay: 631
    content: "\b"
  - delay: 42
    content: "\b"
  - delay: 21
    content: "\b"
  - delay: 60
    content: "\b"
  - delay: 19
    content: "\b"
  - delay: 40
    content: "\b"
  - delay: 185
    content: "\b"
  - delay: 209
    content: "\b"
  - delay: 181
    content: "\b"
  - delay: 223
    content: "\b"
  - delay: 185
    content: "\b"
  - delay: 169
    content: "\b"
  - delay: 327
    content: "\b"
  - delay: 227
    content: "\b"
  - delay: 1035
    content: "\b\e[P\e[16C \e[17D"
  - delay: 375
    content: "oc/home /mnt/home\e[16D"
  - delay: 979
    content: "\e[1C"
  - delay: 562
    content: "\e[1C"
  - delay: 85
    content: "\e[1C"
  - delay: 160
    content: "\e[1C"
  - delay: 188
    content: "\e[1C"
  - delay: 143
    content: "\e[1C"
  - delay: 144
    content: "\e[1C"
  - delay: 163
    content: "\e[1C"
  - delay: 171
    content: "\e[1C"
  - delay: 156
    content: "\e[1C"
  - delay: 164
    content: "\e[1C"
  - delay: 195
    content: "\e[1C"
  - delay: 156
    content: "\e[1C"
  - delay: 165
    content: "\e[1C"
  - delay: 187
    content: "\e[1C"
  - delay: 2867
    content: "\e[1C"
  - delay: 556
    content: "\e[?1l\e[?2004l\r\r\n"
  - delay: 6
    content: "\e]0;root@archiso: mount --mkdir -o rw,nodev,nosuid,noexec,relatime /dev/proc/home /mnt/home\a"
  - delay: 95
    content: "\e[1m\e[7m#\e[27m\e[1m\e[0m                                                                                                                                                      \r \r"
  - delay: 14
    content: "\e]0;root@archiso: ~\a\r\e[0m\e[27m\e[24m\e[J\e[1m\e[31m\e[39m\e[0m\e[1m\e[31mroot\e[39m\e[0m@archiso \e[1m~ \e[0m# \e[K\e[?1h\e[?2004h"
  - delay: 2277
    content: l
  - delay: 210
    content: "\bls"
  - delay: 379
    content: b
  - delay: 149
    content: l
  - delay: 186
    content: k
  - delay: 1670
    content: "\e[?1l\e[?2004l\r\r\n\e]0;root@archiso: lsblk\a"
  - delay: 36
    content: "NAME           MAJ:MIN RM   SIZE RO TYPE  MOUNTPOINTS\r\nloop0            7:0    0 973.1M  1 loop  /run/archiso/airootfs\r\nsda              8:0    1  14.6G  0 disk  \r\n└─sda1           8:1    1  14.6G  0 part  /run/archiso/bootmnt\r\nmmcblk0        179:0    0 116.5G  0 disk  \r\n├─mmcblk0p1    179:1    0     3G  0 part  /mnt/boot\r\n└─mmcblk0p2    179:2    0 113.5G  0 part  \r\n  ├─proc-root  253:0    0     5G  0 lvm   /mnt\r\n  ├─proc-vars  253:1    0     5G  0 lvm   /mnt/var\r\n  ├─proc-vtmp  253:2    0     1G  0 lvm   /mnt/var/tmp\r\n  ├─proc-vlog  253:3    0     1G  0 lvm   /mnt/var/log\r\n  ├─proc-vaud  253:4    0   512M  0 lvm   /mnt/var/log/audit\r\n  ├─proc-home  253:5    0     1G  0 lvm   /mnt/home\r\n  └─proc-priv  253:6    0    50G  0 lvm   \r\n    └─internal 253:7    0    50G  0 crypt \r\nmmcblk0boot0   179:8    0     4M  1 disk  \r\nmmcblk0boot1   179:16   0     4M  1 disk  \r\nmmcblk1        179:24   0  14.8G  0 disk  \r\n└─mmcblk1p1    179:25   0  14.8G  0 part  \r\n\e[1m\e[7m#\e[27m\e[1m\e[0m                                                                                                                                                      \r \r"
  - delay: 37
    content: "\e]0;root@archiso: ~\a\r\e[0m\e[27m\e[24m\e[J\e[1m\e[31m\e[39m\e[0m\e[1m\e[31mroot\e[39m\e[0m@archiso \e[1m~ \e[0m# \e[K"
  - delay: 6
    content: "\e[?1h\e[?2004h"
  - delay: 34011
    content: lsblk
  - delay: 354
    content: "\b\b\b\b\bmount --mkdir -o rw,nodev,nosuid,noexec,relatime /dev/proc/home /mnt/home"
  - delay: 1741
    content: "\b"
  - delay: 627
    content: "\b"
  - delay: 38
    content: "\b"
  - delay: 41
    content: "\b"
  - delay: 41
    content: "\b"
  - delay: 20
    content: "\b"
  - delay: 41
    content: "\b"
  - delay: 42
    content: "\b"
  - delay: 41
    content: "\b"
  - delay: 129
    content: "\b"
  - delay: 2042
    content: "\b\e[P\e[10C \e[11D"
  - delay: 180
    content: "\b\e[P\e[10C \e[11D"
  - delay: 221
    content: "\b\e[P\e[10C \e[11D"
  - delay: 237
    content: "\b\e[P\e[10C \e[11D"
  - delay: 2479
    content: "p /mnt/home\e[10D"
  - delay: 206
    content: "r /mnt/home\e[10D"
  - delay: 174
    content: "i /mnt/home\e[10D"
  - delay: 234
    content: "v /mnt/home\e[10D"
  - delay: 596
    content: "\e[1C"
  - delay: 643
    content: "\e[1C"
  - delay: 33
    content: "\e[1C"
  - delay: 36
    content: "\e[1C"
  - delay: 39
    content: "\e[1C"
  - delay: 38
    content: "\e[1C"
  - delay: 38
    content: "\e[1C"
  - delay: 291
    content: "\e[1C"
  - delay: 234
    content: "\e[1C"
  - delay: 2775
    content: "\be \b\b"
  - delay: 173
    content: "\be \b\b"
  - delay: 373
    content: "\be \b\b"
  - delay: 1778
    content: "\be \b\b"
  - delay: 281
    content: "\be \b\b"
  - delay: 267
    content: "\be \b\b"
  - delay: 208
    content: "\be \b\b"
  - delay: 192
    content: "\be \b\b"
  - delay: 266
    content: "\be \b\b"
  - delay: 1620
    content: " \b"
  - delay: 1852
    content: "\e[?1l\e[?2004l\r\r\n\e]0;root@archiso: mount --mkdir -o rw,nodev,nosuid,noexec,relatime /dev/proc/priv\a"
  - delay: 18
    content: "mount: /dev/proc/priv: can't find in /etc/fstab.\r\n\e[1m\e[7m#\e[27m\e[1m\e[0m                                                                                                                                                      \r \r"
  - delay: 35
    content: "\e]0;root@archiso: ~\a\r\e[0m\e[27m\e[24m\e[J\e[1m\e[31m1 \e[39m\e[0m\e[1m\e[31mroot\e[39m\e[0m@archiso \e[1m~ \e[0m# \e[K\e[129C:(\e[131D\e[?1h\e[?2004h"
  - delay: 7368
    content: 'mount --mkdir -o rw,nodev,nosuid,noexec,relatime /dev/proc/priv'
  - delay: 1925
    content: ' '
  - delay: 1229
    content: /
  - delay: 344
    content: m
  - delay: 205
    content: 'n'
  - delay: 336
    content: t
  - delay: 1612
    content: /
  - delay: 846
    content: i
  - delay: 203
    content: 'n'
  - delay: 354
    content: t
  - delay: 146
    content: e
  - delay: 141
    content: r
  - delay: 434
    content: 'n'
  - delay: 183
    content: a
  - delay: 191
    content: l
  - delay: 691
    content: "\e[?1l\e[?2004l\e[K\r\r\n\e]0;root@archiso: mount --mkdir -o rw,nodev,nosuid,noexec,relatime /dev/proc/priv /mnt/internal\a"
  - delay: 65
    content: "mount: /mnt/internal: unknown filesystem type 'crypto_LUKS'.\r\n       dmesg(1) may have more information after failed mount system call.\r\n\e[1m\e[7m#\e[27m\e[1m\e[0m                                                                                                                                                      \r \r"
  - delay: 38
    content: "\e]0;root@archiso: ~\a\r\e[0m\e[27m\e[24m\e[J\e[1m\e[31m32 \e[39m\e[0m\e[1m\e[31mroot\e[39m\e[0m@archiso \e[1m~ \e[0m# \e[K\e[128C:(\e[130D\e[?1h\e[?2004h"
  - delay: 3440
    content: >-
      mount --mkdir -o rw,nodev,nosuid,noexec,relatime /dev/proc/priv
      /mnt/internal
  - delay: 341
    content: "\e[13D             \e[14D"
  - delay: 444
    content: ' /mnt/internal'
