# The configurations that used for the recording, feel free to edit them
config:

  # Specify a command to be executed
  # like `/bin/bash -l`, `ls`, or any other commands
  # the default is bash for Linux
  # or powershell.exe for Windows
  command: powershell.exe
  
  # Specify the current working directory path
  # the default is the current working directory path
  cwd: C:\Users\LENOVO
  
  # Export additional ENV variables
  env:
    recording: true
  
  # Explicitly set the number of columns
  # or use `auto` to take the current
  # number of columns of your shell
  cols: 120
  
  # Explicitly set the number of rows
  # or use `auto` to take the current
  # number of rows of your shell
  rows: 30
  
  # Amount of times to repeat GIF
  # If value is -1, play once
  # If value is 0, loop indefinitely
  # If value is a positive number, loop n times
  repeat: 0
  
  # Quality
  # 1 - 100
  quality: 100
  
  # Delay between frames in ms
  # If the value is `auto` use the actual recording delays
  frameDelay: auto
  
  # Maximum delay between frames in ms
  # Ignored if the `frameDelay` isn't set to `auto`
  # Set to `auto` to prevent limiting the max idle time
  maxIdleTime: 2000
  
  # The surrounding frame box
  # The `type` can be null, window, floating, or solid`
  # To hide the title use the value null
  # Don't forget to add a backgroundColor style with a null as type
  frameBox:
    type: floating
    title: Terminalizer
    style:
      border: 0px black solid
      # boxShadow: none
      # margin: 0px
  
  # Add a watermark image to the rendered gif
  # You need to specify an absolute path for
  # the image on your machine or a URL, and you can also
  # add your own CSS styles
  watermark:
    imagePath: null
    style:
      position: absolute
      right: 15px
      bottom: 15px
      width: 100px
      opacity: 0.9
  
  # Cursor style can be one of
  # `block`, `underline`, or `bar`
  cursorStyle: block
  
  # Font family
  # You can use any font that is installed on your machine
  # in CSS-like syntax
  fontFamily: "Monaco, Lucida Console, Ubuntu Mono, Monospace"
  
  # The size of the font
  fontSize: 12
  
  # The height of lines
  lineHeight: 1
  
  # The spacing between letters
  letterSpacing: 0
  
  # Theme
  theme:
    background: "transparent"
    foreground: "#afafaf"
    cursor: "#c7c7c7"
    black: "#232628"
    red: "#fc4384"
    green: "#b3e33b"
    yellow: "#ffa727"
    blue: "#75dff2"
    magenta: "#ae89fe"
    cyan: "#708387"
    white: "#d5d5d0"
    brightBlack: "#626566"
    brightRed: "#ff7fac"
    brightGreen: "#c8ed71"
    brightYellow: "#ebdf86"
    brightBlue: "#75dff2"
    brightMagenta: "#ae89fe"
    brightCyan: "#b1c6ca"
    brightWhite: "#f9f9f4"
  
# Records, feel free to edit them
records:
  - delay: 825
    content: "\e[?9001h\e[?1004h"
  - delay: 85
    content: "\e[?25l\e[2J\e[m\e[HWindows PowerShell\r\nCopyright (C) Microsoft Corporation. All rights reserved.\e[4;1HInstall the latest PowerShell for new features and improvements! https://aka.ms/PSWindows\e]0;C:\\WINDOWS\\System32\\WindowsPowerShell\\v1.0\\powershell.exe\a\e[?25h"
  - delay: 20
    content: "\e[?25l\e[6;1H\e[?25h"
  - delay: 180
    content: 'PS C:\Users\LENOVO> '
  - delay: 2316
    content: "\e[?25l"
  - delay: 20
    content: "\e[93ms\e[?25h"
  - delay: 159
    content: "\e[m\e[?25l"
  - delay: 18
    content: "\e[93m\bss\e[?25h"
  - delay: 155
    content: "\e[m\e[?25l"
  - delay: 20
    content: "\e[93m\e[6;21Hssh\e[?25h"
  - delay: 256
    content: "\e[m\e[?25l"
  - delay: 17
    content: "\e[93m\e[6;21Hssh \e[?25h"
  - delay: 428
    content: "\e[m\e[?25l"
  - delay: 20
    content: "\e[93m\e[6;21Hssh \e[37mr\e[?25h"
  - delay: 196
    content: "\e[m\e[?25l"
  - delay: 15
    content: "\e[93m\e[6;21Hssh \e[37mro\e[?25h"
  - delay: 166
    content: "\e[m\e[?25l"
  - delay: 9
    content: "\e[93m\e[6;21Hssh \e[37mroo\e[?25h"
  - delay: 174
    content: "\e[m\e[?25l"
  - delay: 19
    content: "\e[93m\e[6;21Hssh \e[37mroot\e[?25h"
  - delay: 1151
    content: "\e[m\e[?25l"
  - delay: 11
    content: "\e[93m\e[6;21Hssh \e[37mroot@\e[?25h"
  - delay: 1068
    content: "\e[m\e[?25l"
  - delay: 17
    content: "\e[93m\e[6;21Hssh \e[37mroot@1\e[?25h"
  - delay: 628
    content: "\e[m\e[?25l"
  - delay: 16
    content: "\e[93m\e[6;21Hssh \e[37mroot@19\e[?25h"
  - delay: 220
    content: "\e[m\e[?25l"
  - delay: 22
    content: "\e[93m\e[6;21Hssh \e[37mroot@192\e[?25h"
  - delay: 695
    content: "\e[m\e[?25l"
  - delay: 14
    content: "\e[93m\e[6;21Hssh \e[37mroot@192.\e[?25h"
  - delay: 1935
    content: "\e[m\e[?25l"
  - delay: 9
    content: "\e[93m\e[6;21Hssh \e[37mroot@192.1\e[?25h"
  - delay: 562
    content: "\e[m\e[?25l"
  - delay: 17
    content: "\e[93m\e[6;21Hssh \e[37mroot@192.16\e[?25h"
  - delay: 247
    content: "\e[m\e[?25l"
  - delay: 11
    content: "\e[93m\e[6;21Hssh \e[37mroot@192.168\e[?25h"
  - delay: 926
    content: "\e[m\e[?25l"
  - delay: 9
    content: "\e[93m\e[6;21Hssh \e[37mroot@192.168.\e[?25h"
  - delay: 2143
    content: "\e[m\e[?25l"
  - delay: 15
    content: "\e[93m\e[6;21Hssh \e[37mroot@192.168.0\e[?25h"
  - delay: 643
    content: "\e[m\e[?25l"
  - delay: 18
    content: "\e[93m\e[6;21Hssh \e[37mroot@192.168.0.\e[?25h"
  - delay: 196
    content: "\e[m\e[?25l"
  - delay: 11
    content: "\e[93m\e[6;21Hssh \e[37mroot@192.168.0.1\e[?25h"
  - delay: 316
    content: "\e[m\e[?25l"
  - delay: 24
    content: "\e[93m\e[6;21Hssh \e[37mroot@192.168.0.18\e[?25h"
  - delay: 905
    content: "\e[m\e[?25l"
  - delay: 18
    content: "\e[93m\e[6;21Hssh \e[37mroot@192.168.0.189\e[?25h"
  - delay: 671
    content: "\e[m\e[?25l"
  - delay: 20
    content: "\e[93m\e[6;21Hssh \e[37mroot@192.168.0.18 \b\e[?25h"
  - delay: 285
    content: "\e[m\e[?25l"
  - delay: 21
    content: "\e[93m\e[6;21Hssh \e[37mroot@192.168.0.180\e[?25h"
  - delay: 6030
    content: "\e[m"
  - delay: 22
    content: "\r\n"
  - delay: 1409
    content: "\e[?25lTo install \e[38;2;23;147;209mBlackbird Amanda \e[mfollow the installation guide:\r\nhttps://blackbird.yuros.org. Develop for Perpustakaan dan Arsip digital lecture at UIN Jakarta.\r\nWe do not responsible for all risk using outside this purpose. \r\n-- Thanks \e[12;1HCore Developer : null <null@yuros.org>\r\nDeveloper      : Achmad Baihaqi <achmad@yuros.org>\r\nmaintainer     : Muhamad Ridho Nur Islam  <ridho@yuros.org>\r\nmaintainer     : Mas Mochammad Ikshan <adzani@yuros.org> \r\nmaintainer     : Luqman Hakim <hakim@yuros.org>\r\n\e[?25h"
  - delay: 229
    content: "\e[?1h\e=\e[?2004h\e[?25l\e[31m\e[1mroot\e[m@blackbird \e[1m~ \e[22m#                                                                                                      \r\n\e[K\r\n\e[K\r\n\e[K\r\n\e[K\r\n\e[K\r\n\e[K\r\n\e[K\r\n\e[K\r\n\e[K\r\n\e[K\r\n\e[K\r\n\e[K\r\n\e[K\e[17;20H\e]0;root@blackbird: ~\a\e[?25h"
  - delay: 14731
    content: l
  - delay: 615
    content: "\blsb"
  - delay: 22
    content: l
  - delay: 198
    content: k
  - delay: 1308
    content: "\e[?1l\e>\e[?2004l\r\n"
  - delay: 12
    content: "NAME          MAJ:MIN RM   SIZE RO TYPE MOUNTPOINTS\r\nloop0           7:0    0 979.8M  1 loop /run/archiso/airootfs\r\nsda             8:0    1   7.4G  0 disk \r\n├─sda1          8:1    1   1.2G  0 part \r\n└─sda2          8:2    1   257M  0 part \r\nnvme0n1       259:0    0 238.5G  0 disk \r\n├─nvme0n1p1   259:7    0   260M  0 part \r\n├─nvme0n1p2   259:8    0    16M  0 part \r\n├─nvme0n1p3   259:9    0 187.6G  0 part \r\n├─nvme0n1p4   259:10   0     1G  0 part \r\n├─nvme0n1p5   259:11   0  48.6G  0 part \r\n│ ├─proc-root 253:0    0    10G  0 lvm  \r\n│ ├─proc-vars 253:1    0     5G  0 lvm  \r\e]0;root@blackbird: lsblk\a\n│ ├─proc-vtmp 253:2    0     5G  0 lvm\r\n│ ├─proc-vlog 253:3    0     5G  0 lvm\r\n│ ├─proc-vaud 253:4    0     4G  0 lvm\r\n│ └─proc-home 253:5    0     4G  0 lvm\r\n└─nvme0n1p7   259:12   0     1G  0 part\r\e[?1h\e=\e[?2004h"
  - delay: 7
    content: "\n\e[31m\e[1mroot\e[m@blackbird \e[1m~ \e[22m#                                                                                                      \e[30;20H\e]0;root@blackbird: ~\a"
  - delay: 3884
    content: v
  - delay: 110
    content: "\bvg"
  - delay: 1122
    content: re
  - delay: 1041
    content: m
  - delay: 349
    content: o
  - delay: 169
    content: v
  - delay: 500
    content: e
  - delay: 1328
    content: ' '
  - delay: 15258
    content: p
  - delay: 652
    content: ro
  - delay: 648
    content: c
  - delay: 738
    content: "\e[?1l\e>\e[?2004l\r\n"
  - delay: 16
    content: "\e]0;root@blackbird: vgremove proc\a"
  - delay: 74
    content: >-
      Do you really want to remove volume group "proc" containing 6 logical
      volumes? [y/n]: 
  - delay: 2142
    content: 'y'
  - delay: 429
    content: "\r\nDo you really want to remove active logical volume proc/root? [y/n]:\e[1C"
  - delay: 1101
    content: 'y'
  - delay: 420
    content: "\r\n"
  - delay: 38
    content: "  Logical volume \"root\" successfully removed.\r\nDo you really want to remove active logical volume proc/vars? [y/n]:\e[1C"
  - delay: 670
    content: 'y'
  - delay: 349
    content: "\r\n"
  - delay: 13
    content: "  Logical volume \"vars\" successfully removed.\r"
  - delay: 16
    content: "\nDo you really want to remove active logical volume proc/vtmp? [y/n]:\e[1C"
  - delay: 569
    content: 'y'
  - delay: 385
    content: "\r\n"
  - delay: 13
    content: "  Logical volume \"vtmp\" successfully removed.\r"
  - delay: 15
    content: "\nDo you really want to remove active logical volume proc/vlog? [y/n]:\e[1C"
  - delay: 457
    content: 'y'
  - delay: 381
    content: "\r\n  Logical volume \"vlog\" successfully removed.\r"
  - delay: 13
    content: "\nDo you really want to remove active logical volume proc/vaud? [y/n]:\e[1C"
  - delay: 658
    content: 'y'
  - delay: 551
    content: "\r\n"
  - delay: 12
    content: "  Logical volume \"vaud\" successfully removed.\r"
  - delay: 16
    content: "\nDo you really want to remove active logical volume proc/home? [y/n]:\e[1C"
  - delay: 696
    content: 'y'
  - delay: 384
    content: "\r\n"
  - delay: 58
    content: "  Logical volume \"home\" successfully removed.\r\n  Volume group \"proc\" successfully removed\r\n"
  - delay: 34
    content: "                                                                                                                        \e[30;1H\e[?1h\e=\e[?2004h"
  - delay: 12
    content: "\e[31m\e[1mroot\e[m@blackbird \e[1m~ \e[22m#                                                                                                      \e[30;20H\e]0;root@blackbird: ~\a"
  - delay: 7156
    content: c
  - delay: 148
    content: "\bcf"
  - delay: 276
    content: d
  - delay: 187
    content: i
  - delay: 116
    content: s
  - delay: 1934
    content: k
  - delay: 10
    content: ' '
  - delay: 2137
    content: /
  - delay: 202
    content: d
  - delay: 153
    content: e
  - delay: 216
    content: v
  - delay: 674
    content: /
  - delay: 2147
    content: "\e[?25l\e[30;29H   \e[30;29H\e[?25h"
  - delay: 33
    content: "\b \b"
  - delay: 139
    content: "\b \b"
  - delay: 126
    content: "\b"
  - delay: 165
    content: "\b \b"
  - delay: 129
    content: "\b \b"
  - delay: 160
    content: "\b \b"
  - delay: 176
    content: "\b \b"
  - delay: 1972
    content: "\e[?25l\e[30;20H  \e[30;20H\e[?25h"
  - delay: 842
    content: l
  - delay: 194
    content: "\bls"
  - delay: 192
    content: b
  - delay: 258
    content: l
  - delay: 288
    content: k
  - delay: 2038
    content: "\e[?1l\e>\e[?2004l\r\n\e]0;root@blackbird: lsblk\a"
  - delay: 10
    content: "NAME        MAJ:MIN RM   SIZE RO TYPE MOUNTPOINTS\r\nloop0         7:0    0 979.8M  1 loop /run/archiso/airootfs\r\nsda           8:0    1   7.4G  0 disk\r\n├─sda1        8:1    1   1.2G  0 part\r\n└─sda2        8:2    1   257M  0 part\r\nnvme0n1     259:0    0 238.5G  0 disk\r\n├─nvme0n1p1 259:7    0   260M  0 part\r\n├─nvme0n1p2 259:8    0    16M  0 part\r\n├─nvme0n1p3 259:9    0 187.6G  0 part\r\n├─nvme0n1p4 259:10   0     1G  0 part\r\n├─nvme0n1p5 259:11   0  48.6G  0 part\r\n└─nvme0n1p7 259:12   0     1G  0 part\r"
  - delay: 5
    content: "\e[?1h\e=\e[?2004h"
  - delay: 6
    content: "\n\e[31m\e[1mroot\e[m@blackbird \e[1m~ \e[22m#                                                                                                      \e[30;20H\e]0;root@blackbird: ~\a"
  - delay: 3708
    content: c
  - delay: 3009
    content: "\bcfd"
  - delay: 22
    content: isk
  - delay: 906
    content: ' '
  - delay: 2121
    content: /
  - delay: 281
    content: d
  - delay: 30
    content: e
  - delay: 378
    content: v
  - delay: 1148
    content: /
  - delay: 4073
    content: 'n'
  - delay: 305
    content: v
  - delay: 574
    content: m
  - delay: 800
    content: e
  - delay: 1806
    content: '0'
  - delay: 1373
    content: 'n'
  - delay: 1843
    content: '1'
  - delay: 8370
    content: "\e[?1l\e>\e[?2004l\r\n\e]0;root@blackbird: cfdisk /dev/nvme0n1\a"
  - delay: 74
    content: "\e[?1049h\e[22;0;0t\e[?1h\e=\e[?25l\e[H\e[K\r\n\e[K\r\n\e[K\r\n\e[K\r\n\e[K\r\n\e[K\r\n\e[K\r\n\e[K\r\n\e[K\r\n\e[K\r\n\e[K\r\n\e[K\r\n\e[K\r\n\e[K\r\n\e[K\r\n\e[K\r\n\e[K\r\n\e[K\r\n\e[K\r\n\e[K\r\n\e[K\r\n\e[K\r\n\e[K\r\n\e[K\r\n\e[K\r\n\e[K\r\n\e[K\r\n\e[K\r\n\e[K\r\n\e[K\e[120C\e[2J"
  - delay: 13
    content: "\e[H\e[51X\e[1m\e[51CDisk: /dev/nvme0n1\e[22m\e[K\r\n                                Size: 238.47 GiB, 256060514304 bytes, 500118192 sectors\e[K\r\n                              Label: gpt, identifier: 8B1D2AA6-0AB1-4F37-BF18-7732B01C93E5\e[K\r\n\e[K\r\n    \e[1mDevice\e[22m\e[25X\e[1m\e[25CStart             End         Sectors         Size Type\e[22m\e[K\e[7m\r\n>>  /dev/nvme0n1p1                  2048          534527          532480         260M EFI System                        \e[27m    /dev/nvme0n1p2                534528          567295           32768          16M Microsoft reserved\e[K\r\n    /dev/nvme0n1p3                567296       393979903       393412608       187.6G Microsoft basic data\e[K\r\n    /dev/nvme0n1p4             393979904       396077055         2097152           1G EFI System\e[K\r\n    /dev/nvme0n1p5             396077056       498020351       101943296        48.6G Linux filesystem\e[K\r\n    /dev/nvme0n1p7             498020352       500117503         2097152           1G Windows recovery environment      \r\n\e[K\r\n\e[K\r\n\e[K\r\n\e[K\r\n\e[K\r\n\e[K\r\n\e[K\r\n\e[K\r\n\e[K\r\n\e[K\r\n\e[K\r\n\e[K\r\n\e[K\r\n\e[K\r\n\e[K\r\n                   [ Delete ]  [ Resize ]  \e[7m[  Quit  ]\e[27m  [  Type  ]  [  Help  ]  [  Write ]  [  Dump  ]\e[K\r\n\e[K\r\n\e[K\r\n\e[42X\e[1m\e[42CQuit program without writing changes\e[22m\e[K\e[42C"
  - delay: 99
    content: "\e[19;1H ┌────────────────────────────────────────────────────────────────────────────────────────────────────────────────────┐\r\n │  Partition name: EFI system partition\e[78C│\r\n │  Partition UUID: CAA117D9-E583-406D-888E-F146A4C47267\e[62C│\r\n │  Partition type: EFI System (C12A7328-F81F-11D2-BA4B-00A0C93EC93B)\e[49C│\r\n │ Filesystem UUID: 3AAA-668F\e[89C│\r\n │Filesystem LABEL: ESP\e[95C│\r\n │\e[6CFilesystem: vfat\e[94C│\r\n └────────────────────────────────────────────────────────────────────────────────────────────────────────────────────┘"
  - delay: 2536
    content: "\e[6;1H    /dev/nvme0n1p1                  2048          534527          532480         260M EFI System                        \e[7m>>  /dev/nvme0n1p2                534528          567295           32768          16M Microsoft reserved                \e[27m\e[19;1H\e[K\r\n\e[K\r\n\e[K\r\n ┌────────────────────────────────────────────────────────────────────────────────────────────────────────────────────┐\e[23;3HPartition name: Microsoft reserved partition\e[24;3HPartition UUID: 7069B09F-BFD9-4A70-899B-E6760124B59C\e[25;3HPartition type: Microsoft reserved (E3C9E316-0B5C-4DB8-817D-F92DF00215AE)"
  - delay: 377
    content: "\e[7;1H    /dev/nvme0n1p2                534528          567295           32768          16M Microsoft reserved                \e[7m>>  /dev/nvme0n1p3                567296       393979903       393412608       187.6G Microsoft basic data              \e[27m\e[12;1H\e[K\r\n\e[K\r\n\e[K\r\n\e[K\r\n\e[K\r\n\e[K\r\n\e[K\r\n ┌────────────────────────────────────────────────────────────────────────────────────────────────────────────────────┐ \r\n │  Partition name: Basic data partition                                                                              │ \r\n │  Partition UUID: EE844DF8-0B4F-41E1-BD82-6F06ABC263D7                                                              │ \r\n │  Partition type: Microsoft basic data (EBD0A0A2-B9E5-4433-87C0-68B6B72699C7)                                       │ \r\n │ Filesystem UUID: 3A22AAFD22AABD6F                                                                                  │ \r\n │Filesystem LABEL: Acer                                                                                              │ \r\n │      Filesystem: ntfs                                                                                              │ "
  - delay: 383
    content: "\e[8;1H    /dev/nvme0n1p3                567296       393979903       393412608       187.6G Microsoft basic data              \e[7m>>  /dev/nvme0n1p4             393979904       396077055         2097152           1G EFI System                        \e[27m\e[19;1H\e[K\r\n ┌────────────────────────────────────────────────────────────────────────────────────────────────────────────────────┐\e[21;21H5E69DD1D-9DC7-48BB-85C2-42F2D43F6981\e[22;21HEFI System (C12A7328-F81F-11D2-BA4B-00A0C93EC93B)\e[10X\e[23;21H9A93-74EC       \e[24;21HBOOT\e[25;21Hvfat"
  - delay: 476
    content: "\e[9;1H    /dev/nvme0n1p4             393979904       396077055         2097152           1G EFI System                        \e[7m>>  /dev/nvme0n1p5             396077056       498020351       101943296        48.6G Linux filesystem                  \e[27m\e[20;1H\e[K\r\n ┌────────────────────────────────────────────────────────────────────────────────────────────────────────────────────┐\e[22;4HPartition UUID: 6DF1CA8D-78DA-4188-B58B-1EE3B3328996\e[14X\e[23;4HPartition type: Linux filesystem (0FC63DAF-8483-4772-8E79-3D69D8477DE4)\e[24;14HUUID: t60vTN-1ZtK-6rOr-RCy5-0R7U-PvBZ-6oeCv3\e[25;8HFilesystem: LVM2_member"
  - delay: 1608
    content: "\e[7m\e[27;32H[ Resize ]\e[27m  [  Quit  ]\e[1m\e[30;41HReduce or enlarge the current partition"
  - delay: 495
    content: "\e[22m\e[7m\e[27;20H[ Delete ]\e[27m  [ Resize ]\e[30;1H\e[46X\e[1m\e[46CDelete the current partition\e[22m\e[K\e[46C"
  - delay: 2225
    content: "\e[2J\e[H\e[51X\e[1m\e[51CDisk: /dev/nvme0n1\e[22m\e[K\r\n                                Size: 238.47 GiB, 256060514304 bytes, 500118192 sectors\e[K\r\n                              Label: gpt, identifier: 8B1D2AA6-0AB1-4F37-BF18-7732B01C93E5\e[K\r\n\e[K\r\n    \e[1mDevice\e[22m\e[25X\e[1m\e[25CStart             End         Sectors         Size Type\e[22m\e[K\r\n    /dev/nvme0n1p1                  2048          534527          532480         260M EFI System\e[K\r\n    /dev/nvme0n1p2\e[K\r\n\e[K\r\n\e[K\r\n\e[K\r\n\e[K\r\n\e[K\r\n\e[K\r\n\e[K\r\n\e[K\r\n\e[K\r\n\e[K\r\n\e[K\r\n\e[K\r\n\e[K\r\n\e[K\r\n\e[K\r\n\e[K\r\n\e[K\r\n\e[K\r\n\e[K\r\n\e[K\r\n\e[K\r\n\e[K\r\n\e[K\e[120C"
  - delay: 9
    content: "\e[7;35H534528\e[10C567295\e[11C32768\e[10C16M Microsoft reserved\e[8;5H/dev/nvme0n1p3\e[16C567296\e[7C393979903\e[7C393412608\e[7C187.6G Microsoft basic data\e[9;5H/dev/nvme0n1p4\e[13C393979904\e[7C396077055\e[9C2097152\e[11C1G EFI System\e[7m\r\n>>  Free space                 396077056       498020351       101943296        48.6G                                   \e[27m\e[11;5H/dev/nvme0n1p7\e[13C498020352\e[7C500117503\e[9C2097152\e[11C1G Windows recovery environment\e[23;1H ┌────────────────────────────────────────────────────────────────────────────────────────────────────────────────────┐\r\n │Filesystem UUID: t60vTN-1ZtK-6rOr-RCy5-0R7U-PvBZ-6oeCv3\e[61C│\r\n │     Filesystem: LVM2_member\e[88C│\r\n └────────────────────────────────────────────────────────────────────────────────────────────────────────────────────┘\e[7m\e[27;32H[   New  ]\e[27m  [  Quit  ]  [  Help  ]  [  Write ]  [  Dump  ]\e[34m\e[29;46HPartition 5 has been deleted.\e[m\r\n\e[K\e[120C"
  - delay: 1619
    content: "\e[7m\e[9;1H>>  /dev/nvme0n1p4             393979904       396077055         2097152           1G EFI System                        \e[32m\e[27m    Free space                 396077056       498020351       101943296        48.6G                                   \e[m\e[20;1H ┌────────────────────────────────────────────────────────────────────────────────────────────────────────────────────┐\r\n │  Partition UUID: 5E69DD1D-9DC7-48BB-85C2-42F2D43F6981\e[62C│\r\n │  Partition type: EFI System (C12A7328-F81F-11D2-BA4B-00A0C93EC93B)\e[49C│\r\n │ Filesystem UUID: 9A93-74EC                                                                                         │\e[24;14HLABEL: BOOT\e[33X\e[25;8H Filesystem: vfat      \e[27;20H[ Delete ]  [ Resize ]  \e[7m[  Quit  ]\e[27m  [  Type\e[8CHelp \e[7CWrite ]  [  Dump  ]\e[29;1H\e[K\e[1m\e[30;43HQuit program without writing changes"
  - delay: 8
    content: "\e[22m"
  - delay: 3296
    content: "\e[7m\e[27;32H[ Resize ]\e[27m  [  Quit  ]\e[1m\e[30;41HReduce or enlarge the current partition"
  - delay: 11
    content: "\e[22m"
  - delay: 306
    content: "\e[7m\e[27;20H[ Delete ]\e[27m  [ Resize ]\e[30;1H\e[46X\e[1m\e[46CDelete the current partition\e[22m\e[K\e[46C"
  - delay: 1804
    content: "\e[2J\e[H\e[51X\e[1m\e[51CDisk: /dev/nvme0n1\e[22m\e[K\r\n                                Size: 238.47 GiB, 256060514304 bytes, 500118192 sectors\e[K\r\n                              Label: gpt, identifier: 8B1D2AA6-0AB1-4F37-BF18-7732B01C93E5\e[K\r\n\e[K\r\n    \e[1mDevice\e[22m\e[25X\e[1m\e[25CStart             End         Sectors         Size Type\e[22m\e[K\r\n    /dev/nvme0n1p1                  2048          534527          532480         260M EFI System\e[K\r\n    /dev/nvme0n1p2                534528          567295           32768          16M Microsoft reserved\e[K\r\n    /dev/nvme0n1p3                567296       393979903       393412608       187.6G Microsoft basic data\e[K\e[7m\r\n>>  Free space                 393979904       498020351       104040448        49.6G                                   \e[27m    /dev/nvme0n1p7             498020352       500117503         2097152           1G Windows recovery environment      \r\n\e[K\r\n\e[K\r\n\e[K\r\n\e[K\r\n\e[K\r\n\e[K\r\n\e[K\r\n\e[K\r\n\e[K\r\n\e[K\r\n\e[K\r\n\e[K\r\n\e[K\r\n\e[K\r\n\e[K\r\n\e[K\r\n\e[31X\e[7m\e[31C[   New  ]\e[27m  [  Quit  ]  [  Help  ]  [  Write ]  [  Dump  ]\e[K\r\n\e[K\r\n\e[K\r\n\e[42X\e[1m\e[42CCreate new partition from free space\e[22m\e[K\e[42C"
  - delay: 22
    content: "\e[22;1H ┌────────────────────────────────────────────────────────────────────────────────────────────────────────────────────┐\r\n │ Filesystem UUID: 9A93-74EC\e[89C│\r\n │Filesystem LABEL: BOOT\e[94C│\r\n │\e[6CFilesystem: vfat\e[94C│\r\n └────────────────────────────────────────────────────────────────────────────────────────────────────────────────────┘\e[34m\e[29;46HPartition 4 has been deleted.\e[m\r\n\e[K\e[120C"
  - delay: 2636
    content: "\e[?12l\e[27;1H Partition size: 49.6G\e[K\e[29;1H\e[K\e[1m\e[30;26HMay be followed by M for MiB, G for GiB, T for TiB, or S for sectors.\e[27;23H\e[?25h"
  - delay: 10
    content: "\e[22m"
  - delay: 1287
    content: "\b \b"
  - delay: 187
    content: "\b \b"
  - delay: 174
    content: "\b \b"
  - delay: 115
    content: "\b \b"
  - delay: 162
    content: "\b \b"
  - delay: 302
    content: "\a"
  - delay: 235
    content: '1'
  - delay: 951
    content: G
  - delay: 1468
    content: "\r\e[K\e[?25l\e[120C\e[2J\e[H\e[51X\e[1m\e[51CDisk: /dev/nvme0n1\e[22m\e[K\r\n                                Size: 238.47 GiB, 256060514304 bytes, 500118192 sectors\e[K\r\n                              Label: gpt, identifier: 8B1D2AA6-0AB1-4F37-BF18-7732B01C93E5\e[K\r\n\e[K\r\n    \e[1mDevice\e[22m\e[25X\e[1m\e[25CStart             End         Sectors         Size Type\e[22m\e[K\r\n    /dev/nvme0n1p1                  2048          534527          532480         260M EFI System\e[K\r\n    /dev/nvme0n1p2                534528          567295           32768          16M Microsoft reserved\e[K\r\n    /dev/nvme0n1p3                567296       393979903       393412608       187.6G Microsoft basic data\e[K\e[7m\r\n>>  /dev/nvme0n1p4             393979904       396077055         2097152           1G Linux filesystem                  \e[32m\e[27m    Free space                 396077056       498020351       101943296        48.6G\e[K\e[m\r\n    /dev/nvme0n1p7             498020352       500117503         2097152           1G Windows recovery environment      \r\n\e[K\r\n\e[K\r\n\e[K\r\n\e[K\r\n\e[K\r\n\e[K\r\n\e[K\r\n\e[K\r\n ┌────────────────────────────────────────────────────────────────────────────────────────────────────────────────────┐ \r\n │  Partition UUID: C38B14EB-0E5D-4D5E-87EE-708E97B6E878                                                              │ \r\n │  Partition type: Linux filesystem (0FC63DAF-8483-4772-8E79-3D69D8477DE4)                                           │ \r\n │ Filesystem UUID: 9A93-74EC                                                                                         │ \r\n │Filesystem LABEL: BOOT                                                                                              │ \r\n │      Filesystem: vfat                                                                                              │ \r\n └────────────────────────────────────────────────────────────────────────────────────────────────────────────────────┘ \r\n                   [ Delete ]  [ Resize ]  \e[7m[  Quit  ]\e[27m  [  Type  ]  [  Help  ]  [  Write ]  [  Dump  ]\e[K\r\n\e[K\r\n\e[K\r\n\e[K\e[120C"
  - delay: 1670
    content: "\e[27;44H[  Quit  ]  \e[7m[  Type  ]\e[1m\e[27m\e[30;48HChange the partition type"
  - delay: 16
    content: "\e[22m"
  - delay: 489
    content: "\e[1;40H┌\e[1m Select partition type \e[22m─────────────────┐\r\n                                       │ EFI System                             │\e[K\r\n                                       │ MBR partition scheme                   │\e[K\e[4;40H│ Intel Fast Flash\e[23C│\r\n                                       │ BIOS boot                              │\e[K\r\n                                       │ Sony boot partition\e[6C      \e[8C│\e[K\r\n                                       │ Lenovo boot partition\e[10X\e[18C│\e[K\r\n                                       │ PowerPC PReP boot\e[14X\e[21C │\e[K\r\n                                       │ ONIE boot                              │                                                                              │ ONIE config                            │\e[K\r\n                                       │ Microsoft reserved\e[6C       \e[8C│\e[K\e[12;40H│ Microsoft basic data\e[19C│\e[13;40H│ Microsoft LDM metadata\e[17C│\e[14;40H│ Microsoft LDM data\e[21C│\e[15;40H│ Windows recovery environment\e[11C│\e[16;40H│ IBM General Parallel Fs\e[16C│\e[17;40H│ Microsoft Storage Spaces\e[15C│\e[18;40H│ HP-UX data\e[29C│\e[19;40H│ HP-UX service\e[26C│\r\n                                       │ Linux swap                             │\e[K\r\n                                       │\e[7m Linux filesystem                       \e[27m│\e[K\r\n                                       │ Linux server data                      │\e[K\r\n                                       │ Linux root (x86)                       │\e[K\r\n                                       │ Linux root (x86-64)                    │\e[K\r\n                                       │ Linux root (Alpha)                     │\e[K\r\n                                       │ Linux root (ARC)                       │\e[K\r\n                                       │ Linux root (ARM)                       │\e[K\e[28;40H└──────────────────────────────────────↓─┘\e[1m\e[30;43H0FC63DAF-8483-4772-8E79-3D69D8477DE4"
  - delay: 9
    content: "\e[22m"
  - delay: 1429
    content: "\e[7m\e[19;41H HP-UX service                          \e[27m\e[20;41H Linux swap\e[29X\e[21;41H Linux filesystem\e[23X\e[1m\e[30;43HE2A1E728-32E3-11D6-A682-7B03A0000000"
  - delay: 19
    content: "\e[22m"
  - delay: 174
    content: "\e[7m\e[18;41H HP-UX data                             \e[27m\e[19;41H HP-UX service\e[26X\e[1m\e[30;43H75894C1E-3AEB-11D3-B7C1"
  - delay: 20
    content: "\e[22m"
  - delay: 230
    content: "\e[7m\e[17;41H Microsoft Storage Spaces               \e[27m\e[18;41H HP-UX data\e[29X\e[1m\e[30;43HE75CAF8F-F680-4CEE-AFA3-B001E56EFC2D"
  - delay: 11
    content: "\e[22m"
  - delay: 217
    content: "\e[7m\e[16;41H IBM General Parallel Fs                \e[27m\e[17;41H Microsoft Storage Spaces\e[15X\e[1m\e[30;43H37AFFC90-EF7D-4E96-91C3-2D7AE055B174"
  - delay: 10
    content: "\e[22m"
  - delay: 206
    content: "\e[7m\e[15;41H Windows recovery environment           \e[27m\e[16;41H IBM General Parallel Fs\e[16X\e[1m\e[30;43HDE94BBA4-06D1-4D40-A16A-BFD50179D6AC"
  - delay: 18
    content: "\e[22m"
  - delay: 248
    content: "\e[7m\e[14;41H Microsoft LDM data                     \e[27m\e[15;41H Windows recovery environment\e[11X\e[1m\e[30;43HAF9B60A0-1431-4F62-BC68-3311714A69AD"
  - delay: 11
    content: "\e[22m"
  - delay: 23
    content: "\e[7m\e[13;41H Microsoft LDM metadata                 \e[27m\e[14;41H Microsoft LDM data\e[21X\e[1m\e[30;43H5808C8AA-7E8F-42E0-85D2-E1E90434CFB3"
  - delay: 24
    content: "\e[22m"
  - delay: 151
    content: "\e[7m\e[12;41H Microsoft basic data                   \e[27m\e[13;41H Microsoft LDM metadata\e[17X\e[1m\e[30;43HEBD0A0A2-B9E5-4433-87C0-68B6B72699C7"
  - delay: 10
    content: "\e[22m"
  - delay: 517
    content: "\e[7m\e[11;41H Microsoft reserved                     \e[27m\e[12;41H Microsoft basic data\e[19X\e[1m\e[30;44H3C9E316-0B5C-4DB8-817D-F92DF00215AE"
  - delay: 14
    content: "\e[22m\e[7m\e[9;41H ONIE boot                              \e[27m\e[10;41H ONIE config\e[28X\e[11;41H Microsoft reserved\e[21X\e[1m\e[30;43H7412F7D5-A156-4B13-81DC-867174929325"
  - delay: 355
    content: "\e[22m\e[7m\e[8;41H PowerPC PReP boot                      \e[27m\e[9;41H ONIE boot\e[30X\e[1m\e[30;43H9E1A2D38-C612-4316-AA26-8B49521E5A8B"
  - delay: 15
    content: "\e[22m"
  - delay: 25
    content: "\e[7m\e[7;41H Lenovo boot partition                  \e[27m\e[8;41H PowerPC PReP boot\e[22X\e[1m\e[30;43HBFBFAFE7-A34F-448A-9A5B-6213EB736C22"
  - delay: 23
    content: "\e[22m"
  - delay: 115
    content: "\e[7m\e[6;41H Sony boot partition                    \e[27m\e[7;41H Lenovo boot partition\e[18X\e[1m\e[30;43HF4019732-066E-4E12-8273-346C5641494F"
  - delay: 14
    content: "\e[22m"
  - delay: 251
    content: "\e[7m\e[5;41H BIOS boot                              \e[27m\e[6;41H Sony boot partition\e[20X\e[1m\e[30;43H21686148-6449-6E6F-744E-656564454649"
  - delay: 5
    content: "\e[22m"
  - delay: 165
    content: "\e[7m\e[4;41H Intel Fast Flash                       \e[27m\e[5;41H BIOS boot\e[30X\e[1m\e[30;43HD3BFE2DE-3DAF-11DF-BA40-E3A556D89593"
  - delay: 12
    content: "\e[22m"
  - delay: 295
    content: "\e[7m\e[3;41H MBR partition scheme                   \e[27m\e[4;41H Intel Fast Flash\e[23X\e[1m\e[30;43H024DEE41-33E7-11D3-9D69-0008C781F39F"
  - delay: 11
    content: "\e[22m"
  - delay: 561
    content: "\e[7m\e[2;41H EFI System                             \e[27m\e[3;41H MBR partition scheme\e[19X\e[1m\e[30;43HC12A7328-F81F-11D2-BA4B-00A0C93EC93B"
  - delay: 21
    content: "\e[22m"
  - delay: 716
    content: "\e[2J\e[H\e[51X\e[1m\e[51CDisk: /dev/nvme0n1\e[22m\e[K\r\n                                Size: 238.47 GiB, 256060514304 bytes, 500118192 sectors\e[K\r\n                              Label: gpt, identifier: 8B1D2AA6-0AB1-4F37-BF18-7732B01C93E5\e[K\r\n\e[K\r\n    \e[1mDevice\e[22m\e[25X\e[1m\e[25CStart             End         Sectors         Size Type\e[22m\e[K\r\n    /dev/nvme0n1p1                  2048          534527          532480         260M EFI System\e[K\r\n    /dev/nvme0n1p2                534528          567295           32768          16M Microsoft reserved\e[K\r\n    /dev/nvme0n1p3                567296       393979903       393412608       187.6G Microsoft basic data\e[K\e[7m\r\n>>  /dev/nvme0n1p4             393979904       396077055         2097152           1G EFI System                        \e[32m\e[27m    Free space\e[K\e[m\r\n\e[K\r\n\e[K\r\n\e[K\r\n\e[K\r\n\e[K\r\n\e[K\r\n\e[K\r\n\e[K\r\n\e[K\r\n\e[K\r\n\e[K\r\n\e[K\r\n\e[K\r\n\e[K\r\n\e[K\r\n\e[K\r\n\e[K\r\n\e[K\r\n\e[K\r\n\e[K\e[120C"
  - delay: 23
    content: "\e[32m\e[10;32H396077056       498020351       101943296        48.6G\e[K\e[m\e[11;5H/dev/nvme0n1p7\e[13C498020352\e[7C500117503\e[9C2097152\e[11C1G Windows recovery environment\e[20;1H ┌────────────────────────────────────────────────────────────────────────────────────────────────────────────────────┐\r\n │  Partition UUID: C38B14EB-0E5D-4D5E-87EE-708E97B6E878\e[62C│\r\n │  Partition type: EFI System (C12A7328-F81F-11D2-BA4B-00A0C93EC93B)\e[49C│\r\n │ Filesystem UUID: 9A93-74EC\e[89C│\r\n │Filesystem LABEL: BOOT\e[94C│\r\n │\e[6CFilesystem: vfat\e[94C│\r\n └────────────────────────────────────────────────────────────────────────────────────────────────────────────────────┘\e[27;20H[ Delete ]  [ Resize ]  [  Quit  ]  \e[7m[  Type  ]\e[27m  [  Help  ]  [  Write ]  [  Dump  ]\e[34m\e[29;47HChanged type of partition 4.\e[m\r\n\e[K\e[120C"
  - delay: 1655
    content: "\e[23;1H ┌────────────────────────────────────────────────────────────────────────────────────────────────────────────────────┐\e[24;14HUUID: t60vTN-1ZtK-6rOr-RCy5-0R7U-PvBZ-6oeCv3\e[25;8HFilesystem: LVM2_member"
  - delay: 25
    content: "\e[9;1H    /dev/nvme0n1p4             393979904       396077055         2097152           1G EFI System                        \e[7m>>  Free space                 396077056       498020351       101943296        48.6G                                   \e[27m\e[20;1H\e[K\r\n\e[K\r\n\e[K\e[27;1H\e[31X\e[7m\e[31C[   New  ]\e[27m\e[12C  [  Help  ]  [  Write ]  [  Dump  ]\e[K\e[29;1H\e[K\e[1m\e[30;43HCreate new partition from free space"
  - delay: 1788
    content: "\e[?12l\e[22m\e[27;1H Partition size: 48.6G\e[K\e[1m\e[30;26HMay be followed by M for MiB, G for GiB, T for TiB, or S for sectors.\e[27;23H\e[?25h"
  - delay: 1993
    content: "\e[?25l\e[22m\e[27;21H  \e[27;21H\e[?25h"
  - delay: 28
    content: "\e[?25l\e[27;19H  \e[27;19H\e[?25h"
  - delay: 96
    content: "\b \b"
  - delay: 1990
    content: '4'
  - delay: 46
    content: '8'
  - delay: 1081
    content: "\b \b"
  - delay: 327
    content: '9'
  - delay: 739
    content: G
  - delay: 1398
    content: "\r\e[K\e[?25l\e[120C\e[2J"
  - delay: 13
    content: "\e[H\e[51X\e[1m\e[51CDisk: /dev/nvme0n1\e[22m\e[K\r\n                                Size: 238.47 GiB, 256060514304 bytes, 500118192 sectors\e[K\r\n                              Label: gpt, identifier: 8B1D2AA6-0AB1-4F37-BF18-7732B01C93E5\e[K\r\n\e[K\r\n    \e[1mDevice\e[22m\e[25X\e[1m\e[25CStart             End         Sectors         Size Type\e[22m\e[K\r\n    /dev/nvme0n1p1                  2048          534527          532480         260M EFI System\e[K\r\n    /dev/nvme0n1p2                534528          567295           32768          16M Microsoft reserved\e[K\r\n    /dev/nvme0n1p3                567296       393979903       393412608       187.6G Microsoft basic data\e[K\r\n    /dev/nvme0n1p4             393979904       396077055         2097152           1G EFI System\e[K\e[7m\r\n>>  /dev/nvme0n1p5             396077056       498020351       101943296        48.6G Linux filesystem                  \e[27m    /dev/nvme0n1p7             498020352       500117503         2097152           1G Windows recovery environment      \r\n\e[K\r\n\e[K\r\n\e[K\r\n\e[K\r\n\e[K\r\n\e[K\r\n\e[K\r\n\e[K\r\n\e[K\r\n ┌────────────────────────────────────────────────────────────────────────────────────────────────────────────────────┐ \r\n │ Partition UUID: 62B5A645-29A0-4B5A-88CE-36947E5CBC75                                                               │ \r\n │ Partition type: Linux filesystem (0FC63DAF-8483-4772-8E79-3D69D8477DE4)                                            │ \r\n │Filesystem UUID: t60vTN-1ZtK-6rOr-RCy5-0R7U-PvBZ-6oeCv3                                                             │ \r\n │     Filesystem: LVM2_member                                                                                        │ \r\n └────────────────────────────────────────────────────────────────────────────────────────────────────────────────────┘ \r\n                   [ Delete ]  [ Resize ]  \e[7m[  Quit  ]\e[27m  [  Type  ]  [  Help  ]  [  Write ]  [  Dump  ]\e[K\r\n\e[K\r\n\e[K\r\n\e[K\e[120C"
  - delay: 1057
    content: "\e[27;44H[  Quit  ]  \e[7m[  Type  ]\e[1m\e[27m\e[30;48HChange the partition type"
  - delay: 454
    content: "\e[22m\e[1;40H┌\e[1m Select partition type \e[22m─────────────────┐\r\n                                       │ EFI System                             │\e[K\r\n                                       │ MBR partition scheme                   │\e[K\e[4;40H│ Intel Fast Flash\e[23C│\r\n                                       │ BIOS boot                              │\e[K\r\n                                       │ Sony boot partition\e[6C      \e[8C│\e[K\r\n                                       │ Lenovo boot partition\e[10X\e[18C│\e[K\r\n                                       │ PowerPC PReP boot\e[14X\e[21C │\e[K\r\n                                       │ ONIE boot      \e[9C       \e[8C│\e[K\r\n                                       │ ONIE config                            │                                                                              │ Microsoft reserved\e[6C       \e[8C│\e[K\e[12;40H│ Microsoft basic data\e[19C│\e[13;40H│ Microsoft LDM metadata\e[17C│\e[14;40H│ Microsoft LDM data\e[21C│\e[15;40H│ Windows recovery environment\e[11C│\e[16;40H│ IBM General Parallel Fs\e[16C│\e[17;40H│ Microsoft Storage Spaces\e[15C│\e[18;40H│ HP-UX data\e[29C│\e[19;40H│ HP-UX service\e[26C│\e[20;40H│ Linux swap\e[29C│\r\n                                       │\e[7m Linux filesystem                       \e[27m│\e[K\r\n                                       │ Linux server data                      │\e[K\r\n                                       │ Linux root (x86)                       │\e[K\r\n                                       │ Linux root (x86-64)                    │\e[K\r\n                                       │ Linux root (Alpha)                     │\e[K\r\n                                       │ Linux root (ARC)                       │\e[K\r\n                                       │ Linux root (ARM)                       │\e[K\e[28;40H└──────────────────────────────────────↓─┘\e[1m\e[30;43H0FC63DAF-8483-4772-8E79-3D69D8477DE4"
  - delay: 9
    content: "\e[22m"
  - delay: 1315
    content: "\e[2J\e[H\e[51X\e[1m\e[51CDisk: /dev/nvme0n1\e[22m\e[K\r\n                                Size: 238.47 GiB, 256060514304 bytes, 500118192 sectors\e[K\r\n                              Label: gpt, identifier: 8B1D2AA6-0AB1-4F37-BF18-7732B01C93E5\e[K\r\n\e[K\r\n    \e[1mDevice\e[22m\e[25X\e[1m\e[25CStart             End         Sectors         Size Type\e[22m\e[K\r\n    /dev/nvme0n1p1                  2048          534527          532480         260M EFI System\e[K\r\n    /dev/nvme0n1p2                534528          567295           32768          16M Microsoft reserved\e[K\r\n    /dev/nvme0n1p3                567296       393979903       393412608       187.6G Microsoft basic data\e[K\r\n    /dev/nvme0n1p4             393979904       396077055         2097152           1G EFI System\e[K\r\n\e[K\r\n\e[K\r\n\e[K\r\n\e[K\r\n\e[K\r\n\e[K\r\n\e[K\r\n\e[K\r\n\e[K\r\n\e[K\r\n\e[K\r\n\e[K\r\n\e[K\r\n\e[K\r\n\e[K\r\n\e[K\r\n\e[K\r\n\e[K\r\n\e[K\r\n\e[K\r\n\e[K\e[120C"
  - delay: 9
    content: "\e[7m\e[10;1H>>  /dev/nvme0n1p5             396077056       498020351       101943296        48.6G Linux filesystem                  \e[27m\e[11;5H/dev/nvme0n1p7\e[13C498020352\e[7C500117503\e[9C2097152\e[11C1G Windows recovery environment\e[21;1H ┌────────────────────────────────────────────────────────────────────────────────────────────────────────────────────┐\r\n │ Partition UUID: 62B5A645-29A0-4B5A-88CE-36947E5CBC75\e[63C│\r\n │ Partition type: Linux filesystem (0FC63DAF-8483-4772-8E79-3D69D8477DE4)\e[44C│\r\n │Filesystem UUID: t60vTN-1ZtK-6rOr-RCy5-0R7U-PvBZ-6oeCv3\e[61C│\r\n │     Filesystem: LVM2_member\e[88C│\r\n └────────────────────────────────────────────────────────────────────────────────────────────────────────────────────┘\e[27;20H[ Delete ]  [ Resize ]  [  Quit  ]  \e[7m[  Type  ]\e[27m  [  Help  ]  [  Write ]  [  Dump  ]\e[34m\e[29;47HChanged type of partition 5.\e[m\r\n\e[K\e[120C"
  - delay: 2773
    content: "\e[7m\e[27;44H[  Quit  ]\e[27m  [  Type  ]\e[29;1H\e[K\e[1m\e[30;43HQuit program without writing changes"
  - delay: 19
    content: "\e[22m"
  - delay: 5184
    content: "\e[27;44H[  Quit  ]  \e[7m[  Type  ]\e[27m\e[30;1H\e[47X\e[1m\e[47CChange the partition type\e[22m\e[K\e[48C"
  - delay: 218
    content: "\e[27;56H[  Type  ]  \e[7m[  Help  ]\e[27m\e[30;48H    \e[1mPrint help screen\e[22m\e[K\e[52C"
  - delay: 427
    content: "\e[27;68H[  Help  ]  \e[7m[  Write ]\e[1m\e[27m\e[30;33HWrite partition table to disk (this might destroy data)"
  - delay: 16
    content: "\e[22m\e[27;80H[  Write ]  \e[7m[  Dump  ]\e[27m\e[30;33H \e[1mDump\e[20Csfdisk compatible script file\e[22m\e[K\e[34C"
  - delay: 905
    content: "\e[7m\e[27;80H[  Write ]\e[27m  [  Dump  ]\e[1m\e[30;33HWrite\e[20Cdisk (this might destroy data)"
  - delay: 16
    content: "\e[22m"
  - delay: 986
    content: "\e[?12l\e[27;1H Are you sure you want to write the partition table to disk?\e[K\e[30;33H \e[1mType \"yes\" or \"no\", or press ESC to leave this dialog.\e[27;62H\e[?25h"
  - delay: 11
    content: "\e[22m"
  - delay: 1807
    content: 'y'
  - delay: 195
    content: e
  - delay: 316
    content: s
  - delay: 467
    content: "\r\e[K\e[?25l\e[120C"
  - delay: 81
    content: "\e[2J\e[H\e[51X\e[1m\e[51CDisk: /dev/nvme0n1\e[22m\e[K\r\n                                Size: 238.47 GiB, 256060514304 bytes, 500118192 sectors\e[K\r\n                              Label: gpt, identifier: 8B1D2AA6-0AB1-4F37-BF18-7732B01C93E5\e[K\r\n\e[K\r\n    \e[1mDevice\e[22m\e[25X\e[1m\e[25CStart             End         Sectors         Size Type\e[22m\e[K\r\n    /dev/nvme0n1p1                  2048          534527          532480         260M EFI System\e[K\r\n    /dev/nvme0n1p2                534528          567295           32768          16M Microsoft reserved\e[K\r\n    /dev/nvme0n1p3                567296       393979903       393412608       187.6G Microsoft basic data\e[K\r\n    /dev/nvme0n1p4             393979904       396077055         2097152           1G EFI System\e[K\e[7m\r\n>>  /dev/nvme0n1p5             396077056       498020351       101943296        48.6G Linux filesystem                  \e[27m    /dev/nvme0n1p7             498020352       500117503         2097152           1G Windows recovery environment      \r\n\e[K\r\n\e[K\r\n\e[K\r\n\e[K\r\n\e[K\r\n\e[K\r\n\e[K\r\n\e[K\r\n\e[K\r\n\e[K\r\n\e[K\r\n\e[K\r\n\e[K\r\n\e[K\r\n\e[K\r\n                   [ Delete ]  [ Resize ]  \e[7m[  Quit  ]\e[27m  [  Type  ]  [  Help  ]  [  Write ]  [  Dump  ]\e[K\r\n\e[K\r\n\e[K\r\n\e[42X\e[1m\e[42CQuit program without writing changes\e[22m\e[K\e[42C"
  - delay: 12
    content: "\e[21;1H ┌────────────────────────────────────────────────────────────────────────────────────────────────────────────────────┐\r\n │ Partition UUID: 62B5A645-29A0-4B5A-88CE-36947E5CBC75\e[63C│\r\n │ Partition type: Linux filesystem (0FC63DAF-8483-4772-8E79-3D69D8477DE4)\e[44C│\r\n │Filesystem UUID: t60vTN-1ZtK-6rOr-RCy5-0R7U-PvBZ-6oeCv3\e[61C│\r\n │     Filesystem: LVM2_member\e[88C│\r\n └────────────────────────────────────────────────────────────────────────────────────────────────────────────────────┘\e[34m\e[29;42HThe partition table has been altered.\e[m\r\n\e[K\e[120C"
  - delay: 1945
    content: "\e[?25l\e[?12l\r\e[?25h\e[?1049l\e[23;0;0t\e[?1l\e>\e[31m\e[1m\e[Hroot\e[m@blackbird \e[1m~ \e[22m# vgremove proc\e[K\r\nDo you really want to remove volume group \"proc\" containing 6 logical volumes? [y/n]: y\e[K\r\nDo you really want to remove active logical volume proc/root? [y/n]: y\e[K\r\n  Logical volume \"root\" successfully removed.\e[K\r\nDo you really want to remove active logical volume proc/vars? [y/n]: y\e[K\r\n  Logical volume \"vars\" successfully removed.\e[K\r\nDo you really want to remove active logical volume proc/vtmp? [y/n]: y\e[K\r\n  Logical volume \"vtmp\" successfully removed.\e[K\r\nDo you really want to remove active logical volume proc/vlog? [y/n]: y\e[K\r\n  Logical volume \"vlog\" successfully removed.\e[K\r\nDo you really want to remove active logical volume proc/vaud? [y/n]: y\e[K\r\n  Logical volume \"vaud\" successfully removed.\e[K\r\nDo you really want to remove active logical volume proc/home? [y/n]: y\e[K\r\n  Logical volume \"home\" successfully removed.\e[K\r\n  Volume group \"proc\" successfully removed\e[K\e[31m\e[1m\r\nroot\e[m@blackbird \e[1m~ \e[22m# lsblk\e[K\r\nNAME        MAJ:MIN RM   SIZE RO TYPE MOUNTPOINTS\e[K\r\nloop0         7:0    0 979.8M  1 loop /run/archiso/airootfs\e[K\r\nsda           8:0    1   7.4G  0 disk\e[K\r\n├─sda1        8:1    1   1.2G  0 part\e[K\r\n└─sda2        8:2    1   257M  0 part\e[K\r\nnvme0n1     259:0    0 238.5G  0 disk\e[K\r\n├─nvme0n1p1 259:7    0   260M  0 part\e[K\r\n├─nvme0n1p2 259:8    0    16M  0 part\e[K\r\n├─nvme0n1p3 259:9    0 187.6G  0 part\e[K\r\n├─nvme0n1p4 259:10   0     1G  0 part\e[K\r\n├─nvme0n1p5 259:11   0  48.6G  0 part\e[K\r\n└─nvme0n1p7 259:12   0     1G  0 part\e[K\e[31m\e[1m\r\nroot\e[m@blackbird \e[1m~ \e[22m# cfdisk /dev/nvme0n1\e[K\r\n\e[K\e[?25h\n\e[?12l\e[23;0;0t\e[?1l\e>"
  - delay: 8
    content: "\nSyncing disks.\r\n"
  - delay: 6
    content: "\e[?1h\e=\e[?2004h"
  - delay: 14
    content: "\e[31m\e[1mroot\e[m@blackbird \e[1m~ \e[22m#                                                                                                      \e[30;20H\e]0;root@blackbird: ~\a"
  - delay: 14401
    content: l
  - delay: 242
    content: "\bls"
  - delay: 1066
    content: b
  - delay: 151
    content: l
  - delay: 79
    content: k
  - delay: 673
    content: "\e[?1l\e>\e[?2004l\r\n\e]0;root@blackbird: lsblk\a"
  - delay: 8
    content: "NAME        MAJ:MIN RM   SIZE RO TYPE MOUNTPOINTS\r\nloop0         7:0    0 979.8M  1 loop /run/archiso/airootfs\r\nsda           8:0    1   7.4G  0 disk\r\n├─sda1        8:1    1   1.2G  0 part\r\n└─sda2        8:2    1   257M  0 part\r\nnvme0n1     259:0    0 238.5G  0 disk\r\n├─nvme0n1p1 259:1    0   260M  0 part\r\n├─nvme0n1p2 259:2    0    16M  0 part\r\n├─nvme0n1p3 259:3    0 187.6G  0 part\r\n├─nvme0n1p4 259:4    0     1G  0 part\r\n├─nvme0n1p5 259:5    0  48.6G  0 part\r\n└─nvme0n1p7 259:6    0     1G  0 part\r"
  - delay: 5
    content: "\e[?1h\e=\e[?2004h"
  - delay: 11
    content: "\n\e[31m\e[1mroot\e[m@blackbird \e[1m~ \e[22m#                                                                                                      \e[30;20H\e]0;root@blackbird: ~\a"
  - delay: 4214
    content: p
  - delay: 228
    content: "\bpv"
  - delay: 446
    content: c
  - delay: 294
    content: r
  - delay: 126
    content: e
  - delay: 262
    content: a
  - delay: 161
    content: t
  - delay: 224
    content: e
  - delay: 5518
    content: ' '
  - delay: 459
    content: /
  - delay: 289
    content: d
  - delay: 132
    content: e
  - delay: 539
    content: v
  - delay: 523
    content: /
  - delay: 2256
    content: 'n'
  - delay: 325
    content: v
  - delay: 290
    content: m
  - delay: 1558
    content: e
  - delay: 324
    content: '0'
  - delay: 1162
    content: 'n'
  - delay: 256
    content: '1'
  - delay: 1389
    content: p
  - delay: 1296
    content: '5'
  - delay: 13676
    content: "\e[?1l\e>\e[?2004l\r\n\e]0;root@blackbird: pvcreate /dev/nvme0n1p5\a"
  - delay: 84
    content: "  Physical volume \"/dev/nvme0n1p5\" successfully created.\r\n"
  - delay: 38
    content: "                                                                                                                        \e[30;1H\e[?1h\e=\e[?2004h"
  - delay: 13
    content: "\e[31m\e[1mroot\e[m@blackbird \e[1m~ \e[22m#                                                                                                      \e[30;20H\e]0;root@blackbird: ~\a"
  - delay: 5278
    content: v
  - delay: 205
    content: "\bvg"
  - delay: 477
    content: c
  - delay: 69
    content: r
  - delay: 133
    content: e
  - delay: 285
    content: a
  - delay: 323
    content: t
  - delay: 292
    content: e
  - delay: 854
    content: ' '
  - delay: 530
    content: p
  - delay: 154
    content: r
  - delay: 151
    content: o
  - delay: 323
    content: c
  - delay: 1117
    content: ' '
  - delay: 850
    content: /
  - delay: 256
    content: d
  - delay: 153
    content: e
  - delay: 365
    content: v
  - delay: 243
    content: /
  - delay: 2664
    content: 'n'
  - delay: 297
    content: v
  - delay: 250
    content: m
  - delay: 454
    content: e
  - delay: 1199
    content: '0'
  - delay: 958
    content: 'n'
  - delay: 932
    content: i
  - delay: 678
    content: "\b \b"
  - delay: 324
    content: '1'
  - delay: 801
    content: p
  - delay: 419
    content: '5'
  - delay: 4114
    content: "\e[?1l\e>\e[?2004l\r\n\e]0;root@blackbird: vgcreate proc /dev/nvme0n1p5\a"
  - delay: 84
    content: "  Volume group \"proc\" successfully created\r\n"
  - delay: 33
    content: "                                                                                                                        \e[30;1H"
  - delay: 7
    content: "\e[?1h\e=\e[?2004h\e[31m\e[1mroot\e[m@blackbird \e[1m~ \e[22m#                                                                                                      \e[30;20H\e]0;root@blackbird: ~\a"
  - delay: 4901
    content: l
  - delay: 226
    content: "\blv"
  - delay: 368
    content: c
  - delay: 278
    content: e
  - delay: 952
    content: "\b \b"
  - delay: 255
    content: r
  - delay: 164
    content: e
  - delay: 322
    content: a
  - delay: 609
    content: t
  - delay: 193
    content: e
  - delay: 1193
    content: ' '
  - delay: 771
    content: '-'
  - delay: 358
    content: L
  - delay: 260
    content: ' '
  - delay: 1888
    content: '1'
  - delay: 2794
    content: '0'
  - delay: 287
    content: G
  - delay: 591
    content: ' '
  - delay: 1769
    content: p
  - delay: 200
    content: r
  - delay: 128
    content: o
  - delay: 257
    content: c
  - delay: 188
    content: ' '
  - delay: 2823
    content: '-'
  - delay: 356
    content: 'n'
  - delay: 328
    content: ' '
  - delay: 387
    content: r
  - delay: 240
    content: o
  - delay: 142
    content: o
  - delay: 182
    content: t
  - delay: 2437
    content: "\e[?1l\e>\e[?2004l\r\n"
  - delay: 21
    content: "\e]0;root@blackbird: lvcreate -L 10G proc -n root\a"
  - delay: 95
    content: >-
      WARNING: ext4 signature detected on /dev/proc/root at offset 1080. Wipe
      it? [y/n]: 
  - delay: 2674
    content: 'y'
  - delay: 875
    content: "\r\n  Wiping ext4 signature on /dev/proc/root.\r\n"
  - delay: 60
    content: "  Logical volume \"root\" created.\r\n"
  - delay: 36
    content: "                                                                                                                        \e[30;1H"
  - delay: 5
    content: "\e[?1h\e=\e[?2004h\e[31m\e[1mroot\e[m@blackbird \e[1m~ \e[22m#                                                                                                      \e[30;20H\e]0;root@blackbird: ~\a"
  - delay: 2209
    content: lvcreate -L 10G proc -n root
  - delay: 1280
    content: "\b"
  - delay: 288
    content: "\b"
  - delay: 209
    content: "\b"
  - delay: 1095
    content: "\e[?25l\e[30;42H\e[?25h"
  - delay: 777
    content: "\b"
  - delay: 387
    content: "\b"
  - delay: 269
    content: "\b"
  - delay: 216
    content: "\b"
  - delay: 190
    content: "\b"
  - delay: 187
    content: "\b"
  - delay: 523
    content: "\b"
  - delay: 773
    content: "\b proc -n root                                                                          \e[30;34H"
  - delay: 676
    content: "\b proc -n root                                                                           \e[30;33H"
  - delay: 499
    content: "\b proc -n root                                                                            \e[30;32H"
  - delay: 1033
    content: "\e[?25l5 proc -n root\e[30;33H\e[?25h"
  - delay: 1051
    content: "\e[?25lG proc -n root\e[30;34H\e[?25h"
  - delay: 663
    content: "\e[1C"
  - delay: 285
    content: "\e[1C"
  - delay: 226
    content: "\e[1C"
  - delay: 191
    content: "\e[1C"
  - delay: 229
    content: "\e[1C"
  - delay: 352
    content: "\e[1C"
  - delay: 233
    content: "\e[1C"
  - delay: 315
    content: "\e[1C"
  - delay: 290
    content: "\e[1C"
  - delay: 304
    content: "\e[1C"
  - delay: 338
    content: "\e[1C"
  - delay: 444
    content: "\e[1C"
  - delay: 286
    content: "\e[1C"
  - delay: 642
    content: "\b \b"
  - delay: 322
    content: "\b \b"
  - delay: 282
    content: "\b \b"
  - delay: 426
    content: "\b \b"
  - delay: 3544
    content: v
  - delay: 421
    content: a
  - delay: 328
    content: r
  - delay: 185
    content: s
  - delay: 3678
    content: "\e[?1l\e>\e[?2004l\r\n\e]0;root@blackbird: lvcreate -L 5G proc -n vars\a"
  - delay: 119
    content: "  Logical volume \"vars\" created.\r\n"
  - delay: 24
    content: "\e[?1h\e=\e[?2004h\e[31m\e[1mroot\e[m@blackbird \e[1m~ \e[22m#                                                                                                      \e[30;20H\e]0;root@blackbird: ~\a"
  - delay: 2453
    content: lvcreate -L 5G proc -n vars
  - delay: 1091
    content: "\b \b"
  - delay: 225
    content: "\b \b"
  - delay: 195
    content: "\b \b"
  - delay: 607
    content: "\b \b"
  - delay: 1091
    content: v
  - delay: 315
    content: t
  - delay: 431
    content: m
  - delay: 249
    content: p
  - delay: 2825
    content: "\e[?1l\e>\e[?2004l\r\n\e]0;root@blackbird: lvcreate -L 5G proc -n vtmp\a"
  - delay: 99
    content: "  Logical volume \"vtmp\" created.\r\n"
  - delay: 28
    content: "                                                                                                                        \e[30;1H"
  - delay: 9
    content: "\e[?1h\e=\e[?2004h"
  - delay: 7
    content: "\e[31m\e[1mroot\e[m@blackbird \e[1m~ \e[22m#                                                                                                      \e[30;20H\e]0;root@blackbird: ~\a"
  - delay: 17157
    content: lvcreate -L 5G proc -n vtmp
  - delay: 1097
    content: "\b"
  - delay: 236
    content: "\b"
  - delay: 246
    content: "\b"
  - delay: 194
    content: "\b"
  - delay: 609
    content: "\e[?25l\e[30;40H\e[?25h"
  - delay: 516
    content: "\b"
  - delay: 929
    content: "\b"
  - delay: 452
    content: "\b"
  - delay: 280
    content: "\b"
  - delay: 324
    content: "\b"
  - delay: 416
    content: "\b"
  - delay: 566
    content: "\b"
  - delay: 10347
    content: "\bG proc -n vtmp                                                                           \e[30;32H"
  - delay: 756
    content: "\e[?25l4G proc -n vtmp\e[30;33H\e[?25h"
  - delay: 841
    content: "\e[1C"
  - delay: 191
    content: "\e[1C"
  - delay: 194
    content: "\e[1C"
  - delay: 413
    content: "\e[2C"
  - delay: 102
    content: "\e[1C"
  - delay: 288
    content: "\e[1C"
  - delay: 291
    content: "\e[1C"
  - delay: 239
    content: "\e[1C"
  - delay: 210
    content: "\e[1C"
  - delay: 157
    content: "\e[1C"
  - delay: 213
    content: "\e[1C"
  - delay: 355
    content: "\e[1C"
  - delay: 338
    content: "\e[1C"
  - delay: 646
    content: "\b \b"
  - delay: 289
    content: "\b \b"
  - delay: 737
    content: "\b \b"
  - delay: 1010
    content: l
  - delay: 100
    content: o
  - delay: 291
    content: g
  - delay: 2240
    content: "\e[?1l\e>\e[?2004l\r\n\e]0;root@blackbird: lvcreate -L 4G proc -n vlog\a"
  - delay: 103
    content: "  Logical volume \"vlog\" created.\r\n"
  - delay: 28
    content: "                                                                                                                        \e[30;1H"
  - delay: 6
    content: "\e[?1h\e=\e[?2004h"
  - delay: 17
    content: "\e[31m\e[1mroot\e[m@blackbird \e[1m~ \e[22m#                                                                                                      \e[30;20H\e]0;root@blackbird: ~\a"
  - delay: 1789
    content: lvcreate -L 4G proc -n vlog
  - delay: 597
    content: "\b"
  - delay: 769
    content: "\e[1C"
  - delay: 482
    content: "\b \b"
  - delay: 215
    content: "\b \b"
  - delay: 323
    content: "\b \b"
  - delay: 34
    content: "\b \b"
  - delay: 722
    content: h
  - delay: 382
    content: o
  - delay: 1092
    content: "\b \b"
  - delay: 338
    content: "\b \b"
  - delay: 651
    content: v
  - delay: 115
    content: a
  - delay: 171
    content: u
  - delay: 363
    content: d
  - delay: 1479
    content: "\e[?1l\e>\e[?2004l\r\n"
  - delay: 21
    content: "\e]0;root@blackbird: lvcreate -L 4G proc -n vaud\a"
  - delay: 78
    content: "  Logical volume \"vaud\" created.\r\n"
  - delay: 31
    content: "                                                                                                                        \e[30;1H"
  - delay: 7
    content: "\e[?1h\e=\e[?2004h"
  - delay: 10
    content: "\e[31m\e[1mroot\e[m@blackbird \e[1m~ \e[22m#                                                                                                      \e[30;20H\e]0;root@blackbird: ~\a"
  - delay: 1139
    content: lvcreate -L 4G proc -n vaud
  - delay: 848
    content: "\b \b"
  - delay: 202
    content: "\b \b"
  - delay: 127
    content: "\b \b"
  - delay: 282
    content: "\b \b"
  - delay: 484
    content: h
  - delay: 257
    content: o
  - delay: 223
    content: m
  - delay: 123
    content: e
  - delay: 5326
    content: "\b"
  - delay: 215
    content: "\b"
  - delay: 196
    content: "\b"
  - delay: 196
    content: "\b"
  - delay: 190
    content: "\b"
  - delay: 194
    content: "\b"
  - delay: 157
    content: "\b"
  - delay: 221
    content: "\b"
  - delay: 248
    content: "\b"
  - delay: 193
    content: "\b"
  - delay: 481
    content: "\b"
  - delay: 289
    content: "\b"
  - delay: 4590
    content: "\e[?1l\e>\e[?2004l\r\n"
  - delay: 8
    content: "\e]0;root@blackbird: lvcreate -L 4G proc -n home\a"
  - delay: 91
    content: >-
      WARNING: ext4 signature detected on /dev/proc/home at offset 1080. Wipe
      it? [y/n]: 
  - delay: 2763
    content: 'y'
  - delay: 1535
    content: "\r\n  Wiping ext4 signature on /dev/proc/home.\r\n"
  - delay: 62
    content: "  Logical volume \"home\" created.\r\n"
  - delay: 33
    content: "                                                                                                                        \e[30;1H"
  - delay: 18
    content: "\e]0;root@blackbird: ~\a"
  - delay: 102
    content: "\e[?1h\e=\e[?2004h\e[31m\e[1mroot\e[m@blackbird \e[1m~ \e[22m#                                                                                                      \e[30;20H"
  - delay: 13919
    content: m
  - delay: 125
    content: "\bmk"
  - delay: 360
    content: f
  - delay: 291
    content: s
  - delay: 597
    content: .
  - delay: 297
    content: e
  - delay: 309
    content: x
  - delay: 290
    content: t
  - delay: 335
    content: '4'
  - delay: 389
    content: ' '
  - delay: 1643
    content: /
  - delay: 195
    content: d
  - delay: 160
    content: e
  - delay: 309
    content: v
  - delay: 192
    content: /
  - delay: 1320
    content: p
  - delay: 276
    content: r
  - delay: 74
    content: o
  - delay: 142
    content: c
  - delay: 708
    content: /
  - delay: 727
    content: r
  - delay: 54
    content: o
  - delay: 200
    content: o
  - delay: 182
    content: t
  - delay: 4247
    content: "\e[?1l\e>\e[?2004l\r\n\e]0;root@blackbird: mkfs.ext4 /dev/proc/root\a"
  - delay: 6
    content: "mke2fs 1.47.4 (6-Mar-2025)\r"
  - delay: 17
    content: |+

  - delay: 97
    content: "\e[?25lDiscarding device blocks:       0/2621440\e[30;27H\e[?25h"
  - delay: 19
    content: "done\e[28X\r\nCreating filesystem with 2621440 4k blocks and 655360 inodes\r\nFilesystem UUID: 3e4f68b6-3fb8-4f57-985e-df2ebdffbe2b\r\nSuperblock backups stored on blocks:\r\n        32768, 98304, 163840, 229376, 294912, 819200, 884736, 1605632\r\n\nAllocating group tables: done\r\nWriting inode tables: done\r"
  - delay: 8
    content: "\nCreating journal (16384 blocks):\e[1C"
  - delay: 14
    content: "done\r\nWriting superblocks and filesystem accounting information:\e[1C"
  - delay: 19
    content: "done\r\n\e[?1h\e=\e[?2004h\n\e[31m\e[1mroot\e[m@blackbird \e[1m~ \e[22m#                                                                                                      \e[30;20H\e]0;root@blackbird: ~\a"
  - delay: 5237
    content: m
  - delay: 161
    content: "\bmk"
  - delay: 292
    content: f
  - delay: 217
    content: s
  - delay: 849
    content: .
  - delay: 339
    content: e
  - delay: 367
    content: x
  - delay: 254
    content: t
  - delay: 351
    content: '4'
  - delay: 908
    content: ' '
  - delay: 1282
    content: /
  - delay: 47
    content: d
  - delay: 96
    content: e
  - delay: 284
    content: v
  - delay: 224
    content: /
  - delay: 1368
    content: p
  - delay: 230
    content: r
  - delay: 408
    content: o
  - delay: 296
    content: c
  - delay: 2054
    content: "\b \b"
  - delay: 204
    content: "\b \b"
  - delay: 515
    content: "\b \b"
  - delay: 32
    content: "\b \b"
  - delay: 33
    content: "\b \b"
  - delay: 44
    content: "\b \b"
  - delay: 28
    content: "\b \b"
  - delay: 23
    content: "\b \b"
  - delay: 25
    content: "\b \b"
  - delay: 75
    content: "\b"
  - delay: 140
    content: "\b \b"
  - delay: 146
    content: "\b \b"
  - delay: 177
    content: "\b \b"
  - delay: 178
    content: "\b \b"
  - delay: 2097
    content: v
  - delay: 289
    content: f
  - delay: 255
    content: a
  - delay: 1050
    content: t
  - delay: 270
    content: ' '
  - delay: 805
    content: '-'
  - delay: 330
    content: F
  - delay: 968
    content: '32'
  - delay: 944
    content: ' '
  - delay: 776
    content: '-'
  - delay: 371
    content: 'n'
  - delay: 649
    content: ' '
  - delay: 702
    content: B
  - delay: 386
    content: O
  - delay: 181
    content: O
  - delay: 309
    content: T
  - delay: 760
    content: ' '
  - delay: 706
    content: /
  - delay: 228
    content: d
  - delay: 103
    content: e
  - delay: 319
    content: v
  - delay: 279
    content: /
  - delay: 3028
    content: 'n'
  - delay: 157
    content: v
  - delay: 155
    content: m
  - delay: 327
    content: e
  - delay: 30475
    content: '0'
  - delay: 269
    content: 'n'
  - delay: 5575
    content: '1'
  - delay: 488
    content: p
  - delay: 806
    content: '4'
  - delay: 16431
    content: "\e[?1l\e>\e[?2004l\r\n\e]0;root@blackbird: mkfs.vfat -F32 -n BOOT /dev/nvme0n1p4\a"
  - delay: 17
    content: "mkfs.fat 4.2 (2021-01-31)\r"
  - delay: 13
    content: |+

  - delay: 94
    content: "                                                                                                                        \e[30;1H\e]0;root@blackbird: ~\a"
  - delay: 5
    content: "\e[?1h\e=\e[?2004h"
  - delay: 11
    content: "\e[31m\e[1mroot\e[m@blackbird \e[1m~ \e[22m#                                                                                                      \e[30;20H"
  - delay: 3848
    content: m
  - delay: 126
    content: "\bmk"
  - delay: 251
    content: f
  - delay: 529
    content: s
  - delay: 372
    content: .
  - delay: 1275
    content: e
  - delay: 351
    content: x
  - delay: 60
    content: t
  - delay: 1540
    content: '4'
  - delay: 953
    content: ' '
  - delay: 907
    content: /
  - delay: 94
    content: d
  - delay: 129
    content: e
  - delay: 517
    content: v
  - delay: 132
    content: /
  - delay: 1849
    content: p
  - delay: 160
    content: r
  - delay: 160
    content: o
  - delay: 278
    content: c
  - delay: 688
    content: /
  - delay: 959
    content: v
  - delay: 120
    content: a
  - delay: 149
    content: r
  - delay: 186
    content: s
  - delay: 4018
    content: "\e[?1l\e>\e[?2004l\r\n\e]0;root@blackbird: mkfs.ext4 /dev/proc/vars\a"
  - delay: 5
    content: "mke2fs 1.47.4 (6-Mar-2025)\r"
  - delay: 18
    content: |+

  - delay: 103
    content: "\e[?25lDiscarding device blocks:       0/1310720\e[30;27H\e[?25h"
  - delay: 9
    content: "done\e[28X\r\nCreating filesystem with 1310720 4k blocks and 327680 inodes\r\nFilesystem UUID: 6a157447-73ec-4ad5-ba81-495169f554c7\r\nSuperblock backups stored on blocks:\r\n        32768, 98304, 163840, 229376, 294912, 819200, 884736\r\n\nAllocating group tables: done\r"
  - delay: 15
    content: "\e[?25l\nWriting inode tables:  0/40\e[30;23H\e[?25h"
  - delay: 6
    content: "done\e[28X\r\nCreating journal (16384 blocks): done\r"
  - delay: 10
    content: "\nWriting superblocks and filesystem accounting information:\e[1Cdone \r\n"
  - delay: 13
    content: |+

  - delay: 19
    content: "\e[?1h\e=\e[?2004h\e[31m\e[1mroot\e[m@blackbird \e[1m~ \e[22m#                                                                                                      \e[30;20H\e]0;root@blackbird: ~\a"
  - delay: 1461
    content: mkfs.ext4 /dev/proc/vars
  - delay: 1556
    content: "\b \b"
  - delay: 223
    content: "\b \b"
  - delay: 484
    content: "\b \b"
  - delay: 610
    content: t
  - delay: 1292
    content: m
  - delay: 824
    content: p
  - delay: 6812
    content: "\e[?1l\e>\e[?2004l\r\nmke2fs 1.47.4 (6-Mar-2025)\r\e]0;root@blackbird: mkfs.ext4 /dev/proc/vtmp\a\n"
  - delay: 155
    content: "Discarding device blocks: done\e[28X\r\nCreating filesystem with 1310720 4k blocks and 327680 inodes\r\nFilesystem UUID: 41f299be-4469-4eb9-8602-83ea05750bbc\r\nSuperblock backups stored on blocks:\r\n        32768, 98304, 163840, 229376, 294912, 819200, 884736\r\n\e[?25l\nAllocating group tables:  0/40\e[30;26H\e[?25h"
  - delay: 7
    content: "done\e[28X\r\nWriting inode tables: done\r\nCreating journal (16384 blocks): done\r\nWriting superblocks and filesystem accounting information: done\r\n\e[?1h\e=\e[?2004h"
  - delay: 12
    content: "\n\e[31m\e[1mroot\e[m@blackbird \e[1m~ \e[22m#                                                                                                      \e[30;20H\e]0;root@blackbird: ~\a"
  - delay: 2012
    content: mkfs.ext4 /dev/proc/vtmp
  - delay: 523
    content: "\b \b"
  - delay: 185
    content: "\b \b"
  - delay: 160
    content: "\b \b"
  - delay: 2987
    content: l
  - delay: 49
    content: o
  - delay: 241
    content: g
  - delay: 3756
    content: "\e[?1l\e>\e[?2004l\r\nmke2fs 1.47.4 (6-Mar-2025)\r\e]0;root@blackbird: mkfs.ext4 /dev/proc/vlog\a"
  - delay: 11
    content: |+

  - delay: 67
    content: "\e[?25lDiscarding device blocks:       0/1048576\e[30;27H\e[?25h"
  - delay: 10
    content: "done\e[28X\r\nCreating filesystem with 1048576 4k blocks and 262144 inodes\r\nFilesystem UUID: 2344287c-7209-4d69-ab89-fd61307f7c0c\r\nSuperblock backups stored on blocks:\r\n        32768, 98304, 163840, 229376, 294912, 819200, 884736\r\n\nAllocating group tables: done\r\nWriting inode tables: done\r\nCreating journal (16384 blocks):\e[1C"
  - delay: 16
    content: "done\r\n"
  - delay: 11
    content: "Writing superblocks and filesystem accounting information: done \r\n"
  - delay: 5
    content: "\n                                                                                                                        \e[30;1H\e[?1h\e=\e[?2004h"
  - delay: 15
    content: "\e[31m\e[1mroot\e[m@blackbird \e[1m~ \e[22m#                                                                                                      \e[30;20H\e]0;root@blackbird: ~\a"
  - delay: 1541
    content: mkfs.ext4 /dev/proc/vlog
  - delay: 746
    content: "\b \b"
  - delay: 150
    content: "\b \b"
  - delay: 258
    content: "\b \b"
  - delay: 531
    content: a
  - delay: 182
    content: u
  - delay: 176
    content: d
  - delay: 12128
    content: "\e[?1l\e>\e[?2004l\r\n"
  - delay: 7
    content: "mke2fs 1.47.4 (6-Mar-2025)\r\e]0;root@blackbird: mkfs.ext4 /dev/proc/vaud\a\n"
  - delay: 109
    content: "\e[?25lDiscarding device blocks:       0/1048576\e[30;27H\e[?25h"
  - delay: 6
    content: "done\e[28X\r\nCreating filesystem with 1048576 4k blocks and 262144 inodes\r\nFilesystem UUID: 01c437e4-ca0d-4012-bc9f-04f47248ca5f\r\nSuperblock backups stored on blocks:\r\n        32768, 98304, 163840, 229376, 294912, 819200, 884736\r\n\nAllocating group tables: done\r\nWriting inode tables: done\r"
  - delay: 13
    content: "\nCreating journal (16384 blocks):\e[1C"
  - delay: 7
    content: "done\r"
  - delay: 9
    content: "\nWriting superblocks and filesystem accounting information:\e[1Cdone\r\n\e[?1h\e=\e[?2004h"
  - delay: 11
    content: "\n\e[31m\e[1mroot\e[m@blackbird \e[1m~ \e[22m#                                                                                                      \e[30;20H\e]0;root@blackbird: ~\a"
  - delay: 1848
    content: mkfs.ext4 /dev/proc/vaud
  - delay: 811
    content: "\b \b"
  - delay: 206
    content: "\b \b"
  - delay: 229
    content: "\b \b"
  - delay: 348
    content: "\b \b"
  - delay: 439
    content: h
  - delay: 237
    content: o
  - delay: 241
    content: m
  - delay: 213
    content: e
  - delay: 3830
    content: "\e[?1l\e>\e[?2004l\r\nmke2fs 1.47.4 (6-Mar-2025)\r\e]0;root@blackbird: mkfs.ext4 /dev/proc/home\a"
  - delay: 13
    content: |+

  - delay: 109
    content: "\e[?25lDiscarding device blocks:       0/1048576\e[30;27H\e[?25hdone\e[28X\r\nCreating filesystem with 1048576 4k blocks and 262144 inodes\r\nFilesystem UUID: d3e9b874-e99a-4d05-8dca-f0f08fa011d7\r\nSuperblock backups stored on blocks:\r\n        32768, 98304, 163840, 229376, 294912, 819200, 884736\r\n\nAllocating group tables: done\r\nWriting inode tables: done\r"
  - delay: 12
    content: "\nCreating journal (16384 blocks):\e[1C"
  - delay: 7
    content: "done\r"
  - delay: 9
    content: "\nWriting superblocks and filesystem accounting information: done\r\n\n"
  - delay: 7
    content: "\e[?1h\e=\e[?2004h"
  - delay: 9
    content: "\e[31m\e[1mroot\e[m@blackbird \e[1m~ \e[22m#                                                                                                      \e[30;20H\e]0;root@blackbird: ~\a"
  - delay: 4475
    content: m
  - delay: 880
    content: "\bmoun"
  - delay: 143
    content: t
  - delay: 616
    content: ' '
  - delay: 16950
    content: /
  - delay: 18125
    content: d
  - delay: 104
    content: e
  - delay: 353
    content: v
  - delay: 447
    content: /
  - delay: 317
    content: p
  - delay: 123
    content: r
  - delay: 88
    content: o
  - delay: 310
    content: c
  - delay: 1199
    content: /
  - delay: 245
    content: r
  - delay: 197
    content: o
  - delay: 147
    content: o
  - delay: 189
    content: t
  - delay: 506
    content: /
  - delay: 1364
    content: "\b \b"
  - delay: 440
    content: v
  - delay: 743
    content: "\b \b"
  - delay: 224
    content: ' '
  - delay: 645
    content: /
  - delay: 417
    content: m
  - delay: 225
    content: 'n'
  - delay: 1595
    content: t
  - delay: 8463
    content: "\e[?1l\e>\e[?2004l\r\n\e]0;root@blackbird: mount /dev/proc/root /mnt\a"
  - delay: 82
    content: "\e[?1h\e=\e[?2004h\e[31m\e[1mroot\e[m@blackbird \e[1m~ \e[22m#                                                                                                      \e[30;20H\e]0;root@blackbird: ~\a"
  - delay: 2685
    content: m
  - delay: 226
    content: "\bmo"
  - delay: 234
    content: u
  - delay: 341
    content: 'n'
  - delay: 354
    content: t
  - delay: 1016
    content: ' '
  - delay: 768
    content: '-'
  - delay: 88
    content: '-'
  - delay: 648
    content: m
  - delay: 122
    content: k
  - delay: 221
    content: d
  - delay: 374
    content: i
  - delay: 308
    content: r
  - delay: 1581
    content: ' '
  - delay: 338
    content: '-'
  - delay: 450
    content: o
  - delay: 620
    content: ' '
  - delay: 1349
    content: u
  - delay: 108
    content: i
  - delay: 241
    content: d
  - delay: 630
    content: '='
  - delay: 670
    content: '0'
  - delay: 1189
    content: ','
  - delay: 1752
    content: g
  - delay: 167
    content: i
  - delay: 215
    content: d
  - delay: 718
    content: '='
  - delay: 1540
    content: '0'
  - delay: 18945
    content: ','
  - delay: 248
    content: d
  - delay: 128
    content: m
  - delay: 134
    content: a
  - delay: 615
    content: s
  - delay: 200
    content: k
  - delay: 3383
    content: '='
  - delay: 335
    content: '0'
  - delay: 279
    content: '0'
  - delay: 354
    content: '7'
  - delay: 266
    content: '7'
  - delay: 784
    content: ','
  - delay: 1334
    content: f
  - delay: 68
    content: m
  - delay: 98
    content: a
  - delay: 124
    content: s
  - delay: 206
    content: k
  - delay: 1991
    content: '='
  - delay: 320
    content: '0'
  - delay: 269
    content: '0'
  - delay: 354
    content: '7'
  - delay: 233
    content: '7'
  - delay: 3552
    content: ' '
  - delay: 803
    content: /
  - delay: 104
    content: d
  - delay: 126
    content: e
  - delay: 377
    content: v
  - delay: 200
    content: /
  - delay: 8512
    content: 'n'
  - delay: 140
    content: v
  - delay: 221
    content: m
  - delay: 878
    content: e
  - delay: 1026
    content: '0'
  - delay: 837
    content: 'n'
  - delay: 710
    content: '1'
  - delay: 346
    content: p
  - delay: 1163
    content: '4'
  - delay: 15469
    content: ' '
  - delay: 430
    content: /
  - delay: 386
    content: m
  - delay: 217
    content: 'n'
  - delay: 317
    content: t
  - delay: 1829
    content: /
  - delay: 319
    content: b
  - delay: 226
    content: o
  - delay: 161
    content: o
  - delay: 128
    content: t
  - delay: 1876
    content: "\e[?1l\e>\e[?2004l\r\n"
  - delay: 20
    content: "\e]0;root@blackbird: mount --mkdir -o uid=0,gid=0,dmask=0077,fmask=0077 /dev/nvme0n1p4 /mnt/boot\a"
  - delay: 48
    content: "                                                                                                                        \e[30;1H\e[?1h\e=\e[?2004h"
  - delay: 13
    content: "\e[31m\e[1mroot\e[m@blackbird \e[1m~ \e[22m#                                                                                                      \e[30;20H\e]0;root@blackbird: ~\a"
  - delay: 12040
    content: m
  - delay: 207
    content: "\bmo"
  - delay: 151
    content: u
  - delay: 260
    content: 'n'
  - delay: 390
    content: t
  - delay: 409
    content: ' '
  - delay: 1019
    content: '-'
  - delay: 241
    content: '-'
  - delay: 554
    content: m
  - delay: 289
    content: k
  - delay: 1515
    content: d
  - delay: 219
    content: i
  - delay: 331
    content: r
  - delay: 923
    content: ' '
  - delay: 320
    content: '-'
  - delay: 734
    content: o
  - delay: 1308
    content: ' '
  - delay: 1081
    content: r
  - delay: 157
    content: w
  - delay: 503
    content: ','
  - delay: 1177
    content: 'n'
  - delay: 227
    content: o
  - delay: 163
    content: d
  - delay: 92
    content: e
  - delay: 261
    content: v
  - delay: 736
    content: ','
  - delay: 439
    content: 'n'
  - delay: 107
    content: o
  - delay: 185
    content: s
  - delay: 130
    content: u
  - delay: 419
    content: i
  - delay: 840
    content: d
  - delay: 1118
    content: ','
  - delay: 7868
    content: r
  - delay: 209
    content: e
  - delay: 294
    content: l
  - delay: 258
    content: a
  - delay: 457
    content: t
  - delay: 175
    content: i
  - delay: 273
    content: m
  - delay: 133
    content: e
  - delay: 1346
    content: ' '
  - delay: 801
    content: /
  - delay: 294
    content: d
  - delay: 512
    content: e
  - delay: 42
    content: v
  - delay: 1174
    content: /pr
  - delay: 58
    content: o
  - delay: 263
    content: c
  - delay: 4159
    content: v
  - delay: 79
    content: a
  - delay: 1315
    content: "\b \b"
  - delay: 481
    content: "\b \b"
  - delay: 717
    content: /
  - delay: 390
    content: v
  - delay: 51
    content: a
  - delay: 122
    content: t
  - delay: 751
    content: "\b \b"
  - delay: 157
    content: r
  - delay: 285
    content: s
  - delay: 1004
    content: ' '
  - delay: 1134
    content: /
  - delay: 416
    content: m
  - delay: 196
    content: 'n'
  - delay: 371
    content: t
  - delay: 627
    content: /
  - delay: 352
    content: v
  - delay: 129
    content: a
  - delay: 161
    content: r
  - delay: 170
    content: s
  - delay: 2250
    content: "\b \b"
  - delay: 14955
    content: "\e[?1l\e>\e[?2004l\r\n\e]0;root@blackbird: mount --mkdir -o rw,nodev,nosuid,relatime /dev/proc/vars /mnt/var\a"
  - delay: 92
    content: "                                                                                                                        \e[30;1H"
  - delay: 12
    content: "\e[?1h\e=\e[?2004h\e[31m\e[1mroot\e[m@blackbird \e[1m~ \e[22m#                                                                                                      \e[30;20H\e]0;root@blackbird: ~\a"
  - delay: 5431
    content: 'mount --mkdir -o rw,nodev,nosuid,relatime /dev/proc/vars /mnt/var'
  - delay: 8609
    content: "\e[?25l\e[30;82H\e[?25h"
  - delay: 464
    content: "\b"
  - delay: 53
    content: "\b"
  - delay: 29
    content: "\b"
  - delay: 46
    content: "\e[?25l\e[30;77H\e[?25h"
  - delay: 54
    content: "\b"
  - delay: 27
    content: "\b"
  - delay: 32
    content: "\b"
  - delay: 32
    content: "\b"
  - delay: 32
    content: "\b"
  - delay: 29
    content: "\b"
  - delay: 33
    content: "\b"
  - delay: 92
    content: "\b"
  - delay: 14
    content: "\b"
  - delay: 24
    content: "\b"
  - delay: 28
    content: "\b"
  - delay: 51
    content: "\e[?25l\e[30;64H\e[?25h"
  - delay: 43
    content: "\b"
  - delay: 34
    content: "\b"
  - delay: 22
    content: "\b"
  - delay: 41
    content: "\b"
  - delay: 51
    content: "\b"
  - delay: 31
    content: "\b"
  - delay: 32
    content: "\b"
  - delay: 31
    content: "\b"
  - delay: 239
    content: "\b"
  - delay: 275
    content: "\b"
  - delay: 388
    content: "\b"
  - delay: 610
    content: "\e[?25lnrelatime /dev/proc/vars /mnt/var\e[30;54H\e[?25h"
  - delay: 312
    content: "\e[?25lorelatime /dev/proc/vars /mnt/var\e[30;55H\e[?25h"
  - delay: 362
    content: "\e[?25lerelatime /dev/proc/vars /mnt/var\e[30;56H\e[?25h"
  - delay: 278
    content: "\e[?25lxrelatime /dev/proc/vars /mnt/var\e[30;57H\e[?25h"
  - delay: 210
    content: "\e[?25lerelatime /dev/proc/vars /mnt/var\e[30;58H\e[?25h"
  - delay: 275
    content: "\e[?25lcrelatime /dev/proc/vars /mnt/var\e[30;59H\e[?25h"
  - delay: 869
    content: "\e[?25l,relatime /dev/proc/vars /mnt/var\e[30;60H\e[?25h"
  - delay: 9988
    content: "\e[1C"
  - delay: 475
    content: "\e[1C"
  - delay: 36
    content: "\e[1C"
  - delay: 29
    content: "\e[1C"
  - delay: 30
    content: "\e[1C"
  - delay: 38
    content: "\e[1C"
  - delay: 37
    content: "\e[1C"
  - delay: 24
    content: "\e[1C"
  - delay: 29
    content: "\e[1C"
  - delay: 32
    content: "\e[1C"
  - delay: 34
    content: "\e[1C"
  - delay: 35
    content: "\e[1C"
  - delay: 39
    content: "\e[1C"
  - delay: 16
    content: "\e[1C"
  - delay: 52
    content: "\e[1C"
  - delay: 36
    content: "\e[1C"
  - delay: 226
    content: "\e[1C"
  - delay: 234
    content: "\e[1C"
  - delay: 504
    content: "\e[1C"
  - delay: 223
    content: "\e[1C"
  - delay: 680
    content: "\e[1C"
  - delay: 165
    content: "\e[1C"
  - delay: 301
    content: "\e[1C"
  - delay: 628
    content: "\b /mnt/var                              \e[30;82H"
  - delay: 244
    content: "\b /mnt/var                               \e[30;81H"
  - delay: 371
    content: "\b /mnt/var                                \e[30;80H"
  - delay: 1256
    content: "\e[?25lt /mnt/var\e[30;81H\e[?25h"
  - delay: 485
    content: "\e[?25lm /mnt/var\e[30;82H\e[?25h"
  - delay: 229
    content: "\e[?25lp /mnt/var\e[30;83H\e[?25h"
  - delay: 1334
    content: "\e[1C"
  - delay: 244
    content: "\e[1C"
  - delay: 260
    content: "\e[1C"
  - delay: 131
    content: "\e[1C"
  - delay: 199
    content: "\e[1C"
  - delay: 259
    content: "\e[1C"
  - delay: 270
    content: "\e[1C"
  - delay: 905
    content: "\e[1C"
  - delay: 309
    content: "\e[1C"
  - delay: 737
    content: /
  - delay: 868
    content: t
  - delay: 636
    content: m
  - delay: 286
    content: p
  - delay: 1901
    content: "\e[?1l\e>\e[?2004l\r\n\e]0;root@blackbird: mount --mkdir -o rw,nodev,nosuid,noexec,relatime /dev/proc/vtmp /mnt/var/tmp\a"
  - delay: 103
    content: "                                                                                                                        \e[30;1H"
  - delay: 6
    content: "\e[?1h\e=\e[?2004h"
  - delay: 14
    content: "\e[31m\e[1mroot\e[m@blackbird \e[1m~ \e[22m#                                                                                                      \e[30;20H\e]0;root@blackbird: ~\a"
  - delay: 1461
    content: >-
      mount --mkdir -o rw,nodev,nosuid,noexec,relatime /dev/proc/vtmp
      /mnt/var/tmp
  - delay: 3253
    content: "\b"
  - delay: 1594
    content: "\b"
  - delay: 291
    content: "\b"
  - delay: 156
    content: "\b"
  - delay: 231
    content: "\b"
  - delay: 146
    content: "\b"
  - delay: 519
    content: "\b"
  - delay: 39
    content: "\b"
  - delay: 19
    content: "\b"
  - delay: 51
    content: "\b"
  - delay: 31
    content: "\b"
  - delay: 33
    content: "\b"
  - delay: 34
    content: "\b"
  - delay: 185
    content: "\b"
  - delay: 406
    content: "\e[1C"
  - delay: 568
    content: "\b /mnt/var/tmp                          \e[30;82H"
  - delay: 161
    content: "\b /mnt/var/tmp                           \e[30;81H"
  - delay: 192
    content: "\b /mnt/var/tmp                            \e[30;80H"
  - delay: 725
    content: "\e[?25ll /mnt/var/tmp\e[30;81H\e[?25h"
  - delay: 159
    content: "\e[?25lo /mnt/var/tmp\e[30;82H\e[?25h"
  - delay: 312
    content: "\e[?25lg /mnt/var/tmp\e[30;83H\e[?25h"
  - delay: 1731
    content: "\e[2C"
  - delay: 218
    content: "\e[1C"
  - delay: 21
    content: "\e[1C"
  - delay: 149
    content: "\e[1C"
  - delay: 553
    content: "\e[1C"
  - delay: 197
    content: "\e[1C"
  - delay: 156
    content: "\e[1C"
  - delay: 176
    content: "\e[1C"
  - delay: 121
    content: "\e[1C"
  - delay: 221
    content: "\e[1C"
  - delay: 158
    content: "\e[1C"
  - delay: 268
    content: "\e[1C"
  - delay: 474
    content: "\b \b"
  - delay: 155
    content: "\b \b"
  - delay: 240
    content: "\b \b"
  - delay: 986
    content: lo
  - delay: 383
    content: g
  - delay: 1654
    content: "\e[?1l\e>\e[?2004l\r\n\e]0;root@blackbird: mount --mkdir -o rw,nodev,nosuid,noexec,relatime /dev/proc/vlog /mnt/var/log\a"
  - delay: 100
    content: "                                                                                                                        \e[30;1H"
  - delay: 7
    content: "\e[?1h\e=\e[?2004h"
  - delay: 12
    content: "\e[31m\e[1mroot\e[m@blackbird \e[1m~ \e[22m#                                                                                                      \e[30;20H\e]0;root@blackbird: ~\a"
  - delay: 1194
    content: >-
      mount --mkdir -o rw,nodev,nosuid,noexec,relatime /dev/proc/vlog
      /mnt/var/log
  - delay: 1196
    content: "\b"
  - delay: 537
    content: "\e[?25l\e[30;93H\e[?25h"
  - delay: 7298
    content: "\b"
  - delay: 217
    content: "\b"
  - delay: 212
    content: "\b"
  - delay: 158
    content: "\b"
  - delay: 451
    content: "\b"
  - delay: 345
    content: "\e[?25l\e[30;86H\e[?25h"
  - delay: 95
    content: "\b"
  - delay: 199
    content: "\b"
  - delay: 228
    content: "\b"
  - delay: 843
    content: "\b /mnt/var/log                          \e[30;82H"
  - delay: 222
    content: "\b /mnt/var/log                           \e[30;81H"
  - delay: 288
    content: "\b /mnt/var/log                            \e[30;80H"
  - delay: 564
    content: "\e[?25la /mnt/var/log\e[30;81H\e[?25h"
  - delay: 372
    content: "\e[?25lu /mnt/var/log\e[30;82H\e[?25h"
  - delay: 274
    content: "\e[?25ld /mnt/var/log\e[30;83H\e[?25h"
  - delay: 1095
    content: "\e[1C"
  - delay: 309
    content: "\e[1C"
  - delay: 207
    content: "\e[1C"
  - delay: 323
    content: "\e[1C"
  - delay: 260
    content: "\e[1C"
  - delay: 252
    content: "\e[1C"
  - delay: 521
    content: "\e[1C"
  - delay: 290
    content: "\e[1C"
  - delay: 355
    content: "\e[1C"
  - delay: 378
    content: "\e[1C"
  - delay: 8759
    content: "\e[1C"
  - delay: 205
    content: "\e[1C"
  - delay: 206
    content: "\e[1C"
  - delay: 1422
    content: /
  - delay: 1575
    content: a
  - delay: 198
    content: u
  - delay: 339
    content: d
  - delay: 241
    content: i
  - delay: 352
    content: t
  - delay: 9071
    content: "\e[?1l\e>\e[?2004l\r\n"
  - delay: 23
    content: "\e]0;root@blackbird: mount --mkdir -o rw,nodev,nosuid,noexec,relatime /dev/proc/vaud \a"
  - delay: 17
    content: "                                                                                                                        \e[30;1H"
  - delay: 5
    content: "\e[?1h\e=\e[?2004h"
  - delay: 11
    content: "\e[31m\e[1mroot\e[m@blackbird \e[1m~ \e[22m#                                                                                                      \e[30;20H\e]0;root@blackbird: ~\a"
  - delay: 1250
    content: >-
      mount --mkdir -o rw,nodev,nosuid,noexec,relatime /dev/proc/vaud
      /mnt/var/log/audit
  - delay: 7708
    content: "\b"
  - delay: 163
    content: "\b"
  - delay: 508
    content: "\b"
  - delay: 28
    content: "\b"
  - delay: 61
    content: "\b"
  - delay: 51
    content: "\b"
  - delay: 36
    content: "\e[?25l\e[30;94H\e[?25h"
  - delay: 36
    content: "\b"
  - delay: 81
    content: "\e[?25l\e[30;91H\e[?25h"
  - delay: 17
    content: "\b"
  - delay: 35
    content: "\b"
  - delay: 28
    content: "\b"
  - delay: 49
    content: "\b"
  - delay: 53
    content: "\b"
  - delay: 20
    content: "\b"
  - delay: 25
    content: "\b"
  - delay: 64
    content: "\b"
  - delay: 24
    content: "\b"
  - delay: 16
    content: "\b"
  - delay: 31
    content: "\b"
  - delay: 428
    content: "\e[1C"
  - delay: 236
    content: "\e[1C"
  - delay: 664
    content: "\e[1C"
  - delay: 385
    content: "\b /mnt/var/log/audit                    \e[30;82H"
  - delay: 179
    content: "\b /mnt/var/log/audit                     \e[30;81H"
  - delay: 168
    content: "\b /mnt/var/log/audit                      \e[30;80H"
  - delay: 2049
    content: "\b /mnt/var/log/audit                       \e[30;79H"
  - delay: 452
    content: "\e[?25lh /mnt/var/log/audit\e[30;80H\e[?25h"
  - delay: 466
    content: "\e[?25lo /mnt/var/log/audit\e[30;81H\e[?25h"
  - delay: 1330
    content: "\e[?25lm /mnt/var/log/audit\e[30;82H\e[?25h"
  - delay: 575
    content: "\e[?25le /mnt/var/log/audit\e[30;83H\e[?25h"
  - delay: 909
    content: "\e[1C"
  - delay: 328
    content: "\e[1C"
  - delay: 146
    content: "\e[1C"
  - delay: 245
    content: "\e[1C"
  - delay: 138
    content: "\e[1C"
  - delay: 158
    content: "\e[1C"
  - delay: 179
    content: "\e[1C"
  - delay: 188
    content: "\e[1C"
  - delay: 164
    content: "\e[1C"
  - delay: 508
    content: "\e[1C"
  - delay: 20
    content: "\e[1C"
  - delay: 45
    content: "\e[2C"
  - delay: 62
    content: "\e[1C"
  - delay: 48
    content: "\e[2C"
  - delay: 36
    content: "\e[1C"
  - delay: 202
    content: "\e[1C"
  - delay: 213
    content: "\e[1C"
  - delay: 709
    content: "\b \b"
  - delay: 207
    content: "\b \b"
  - delay: 120
    content: "\b \b"
  - delay: 136
    content: "\b \b"
  - delay: 139
    content: "\b \b"
  - delay: 136
    content: "\b \b"
  - delay: 166
    content: "\b \b"
  - delay: 193
    content: "\b \b"
  - delay: 122
    content: "\b \b"
  - delay: 162
    content: "\b \b"
  - delay: 183
    content: "\b \b"
  - delay: 211
    content: "\b \b"
  - delay: 323
    content: "\b \b"
  - delay: 628
    content: h
  - delay: 293
    content: o
  - delay: 257
    content: m
  - delay: 356
    content: e
  - delay: 3148
    content: "\e[?1l\e>\e[?2004l\r\n"
  - delay: 22
    content: "\e]0;root@blackbird: mount --mkdir -o rw,nodev,nosuid,noexec,relatime /dev/proc/home /mnt/home\a"
  - delay: 74
    content: "                                                                                                                        \e[30;1H"
  - delay: 5
    content: "\e[?1h\e=\e[?2004h"
  - delay: 18
    content: "\e[31m\e[1mroot\e[m@blackbird \e[1m~ \e[22m#                                                                                                      \e[30;20H\e]0;root@blackbird: ~\a"
  - delay: 4181
    content: l
  - delay: 399
    content: "\blv"
  - delay: 375
    content: c
  - delay: 421
    content: r
  - delay: 157
    content: e
  - delay: 313
    content: a
  - delay: 141
    content: t
  - delay: 219
    content: e
  - delay: 197
    content: ' '
  - delay: 485
    content: l
  - delay: 902
    content: '50'
  - delay: 340
    content: '5'
  - delay: 1040
    content: "\b \b"
  - delay: 620
    content: '%'
  - delay: 2996
    content: F
  - delay: 86
    content: R
  - delay: 221
    content: E
  - delay: 164
    content: E
  - delay: 1607
    content: p
  - delay: 197
    content: r
  - delay: 148
    content: o
  - delay: 321
    content: c
  - delay: 209
    content: ' '
  - delay: 886
    content: "\b"
  - delay: 160
    content: "\b \b"
  - delay: 166
    content: "\b \b"
  - delay: 157
    content: "\b \b"
  - delay: 139
    content: "\b \b"
  - delay: 405
    content: ' '
  - delay: 261
    content: p
  - delay: 227
    content: r
  - delay: 97
    content: o
  - delay: 400
    content: c
  - delay: 349
    content: ' '
  - delay: 3316
    content: '-'
  - delay: 262
    content: 'n'
  - delay: 771
    content: ' '
  - delay: 7574
    content: k
  - delay: 727
    content: h
  - delay: 158
    content: a
  - delay: 153
    content: i
  - delay: 641
    content: l
  - delay: 218
    content: a
  - delay: 5880
    content: "\b"
  - delay: 185
    content: "\b"
  - delay: 195
    content: "\b"
  - delay: 132
    content: "\b"
  - delay: 177
    content: "\b"
  - delay: 171
    content: "\b"
  - delay: 517
    content: "\b"
  - delay: 29
    content: "\b"
  - delay: 82
    content: "\b"
  - delay: 13
    content: "\b"
  - delay: 20
    content: "\b"
  - delay: 54
    content: "\b"
  - delay: 59
    content: "\e[?25l\e[30;38H\e[?25h"
  - delay: 50
    content: "\e[?25l\e[30;36H\e[?25h"
  - delay: 65
    content: "\b"
  - delay: 51
    content: "\b"
  - delay: 21
    content: "\b"
  - delay: 14
    content: "\b"
  - delay: 186
    content: "\b"
  - delay: 175
    content: "\b"
  - delay: 235
    content: "\b"
  - delay: 701
    content: "\e[?25l-l50%FREE proc -n khaila\e[30;30H\e[?25h"
  - delay: 4555
    content: "\e[1C"
  - delay: 461
    content: "\e[1C"
  - delay: 40
    content: "\e[1C"
  - delay: 25
    content: "\e[1C"
  - delay: 30
    content: "\e[1C"
  - delay: 32
    content: "\e[1C"
  - delay: 31
    content: "\e[1C"
  - delay: 32
    content: "\e[1C"
  - delay: 42
    content: "\e[1C"
  - delay: 24
    content: "\e[1C"
  - delay: 30
    content: "\e[1C"
  - delay: 37
    content: "\e[1C"
  - delay: 35
    content: "\e[1C"
  - delay: 22
    content: "\e[1C"
  - delay: 70
    content: "\e[1C"
  - delay: 45
    content: "\e[2C"
  - delay: 33
    content: "\e[1C"
  - delay: 34
    content: "\e[1C"
  - delay: 29
    content: "\e[1C"
  - delay: 47
    content: "\e[1C"
  - delay: 244
    content: "\e[1C"
  - delay: 450
    content: "\e[1C"
  - delay: 1134
    content: "\e[?1l\e>\e[?2004l\r\n"
  - delay: 23
    content: "\e]0;root@blackbird: lvcreate -l50%FREE proc -n khaila\a"
  - delay: 64
    content: >-
      WARNING: crypto_LUKS signature detected on /dev/proc/khaila at offset 0.
      Wipe it? [y/n]: 
  - delay: 12161
    content: 'y'
  - delay: 529
    content: "\r\n  Wiping crypto_LUKS signature on /dev/proc/khaila.\r\n"
  - delay: 62
    content: >-
      WARNING: crypto_LUKS signature detected on /dev/proc/khaila at offset
      16384. Wipe it? [y/n]: 
  - delay: 1744
    content: 'y'
  - delay: 469
    content: "\r\n  Wiping crypto_LUKS signature on /dev/proc/khaila.\r\n"
  - delay: 78
    content: "  Logical volume \"khaila\" created.\r\n"
  - delay: 30
    content: "                                                                                                                        \e[30;1H"
  - delay: 10
    content: "\e[?1h\e=\e[?2004h"
  - delay: 7
    content: "\e[31m\e[1mroot\e[m@blackbird \e[1m~ \e[22m#                                                                                                      \e[30;20H\e]0;root@blackbird: ~\a"
  - delay: 6575
    content: c
  - delay: 696
    content: "\bcr"
  - delay: 164
    content: 'y'
  - delay: 1284
    content: p
  - delay: 198
    content: t
  - delay: 290
    content: s
  - delay: 225
    content: e
  - delay: 94
    content: t
  - delay: 327
    content: i
  - delay: 643
    content: "\b \b"
  - delay: 190
    content: u
  - delay: 162
    content: p
  - delay: 1195
    content: ' '
  - delay: 764
    content: l
  - delay: 207
    content: u
  - delay: 304
    content: k
  - delay: 64
    content: s
  - delay: 1512
    content: F
  - delay: 1034
    content: o
  - delay: 160
    content: r
  - delay: 684
    content: m
  - delay: 192
    content: a
  - delay: 190
    content: t
  - delay: 353
    content: ' '
  - delay: 2391
    content: /
  - delay: 267
    content: d
  - delay: 185
    content: e
  - delay: 512
    content: v
  - delay: 437
    content: /
  - delay: 1820
    content: p
  - delay: 34
    content: r
  - delay: 121
    content: o
  - delay: 358
    content: c
  - delay: 290
    content: /
  - delay: 3942
    content: k
  - delay: 115
    content: h
  - delay: 141
    content: a
  - delay: 154
    content: i
  - delay: 238
    content: l
  - delay: 176
    content: a
  - delay: 7690
    content: "\e[?1l\e>\e[?2004l\r\n\e]0;root@blackbird: cryptsetup luksFormat /dev/proc/khaila\a"
  - delay: 98
    content: "\nWARNING!\r\n========\r\nThis will overwrite data on /dev/proc/khaila irrevocably.\r\n\nAre you sure? (Type 'yes' in capital letters):\e[1C"
  - delay: 3475
    content: 'Y'
  - delay: 238
    content: E
  - delay: 224
    content: S
  - delay: 798
    content: "\r\nEnter passphrase for /dev/proc/khaila:\e[1C"
  - delay: 8590
    content: "\r\nVerify passphrase:\e[1C"
  - delay: 3797
    content: "\r\n"
  - delay: 7953
    content: "cryptsetup luksFormat /dev/proc/khaila  24.86s user 0.47s system 100% cpu 25.139 total\r\e[?1h\e=\e[?2004h\n\e[31m\e[1mroot\e[m@blackbird \e[1m~ \e[22m#                                                                                                      \e[30;20H\e]0;root@blackbird: ~\a"
  - delay: 5945
    content: p
  - delay: 287
    content: "\bpa"
  - delay: 330
    content: c
  - delay: 964
    content: s
  - delay: 167
    content: t
  - delay: 237
    content: r
  - delay: 188
    content: a
  - delay: 1339
    content: p
  - delay: 2553
    content: ' '
  - delay: 702
    content: /
  - delay: 284
    content: m
  - delay: 227
    content: 'n'
  - delay: 242
    content: t
  - delay: 2311
    content: ' '
  - delay: 622
    content: i
  - delay: 207
    content: 'n'
  - delay: 28
    content: b
  - delay: 183
    content: t
  - delay: 628
    content: "\b \b"
  - delay: 148
    content: "\b \b"
  - delay: 469
    content: t
  - delay: 139
    content: e
  - delay: 405
    content: l
  - delay: 308
    content: '-'
  - delay: 1471
    content: u
  - delay: 188
    content: c
  - delay: 323
    content: o
  - delay: 194
    content: d
  - delay: 257
    content: e
  - delay: 632
    content: ' '
  - delay: 2908
    content: i
  - delay: 223
    content: 'n'
  - delay: 203
    content: u
  - delay: 489
    content: x
  - delay: 222
    content: '-'
  - delay: 290
    content: l
  - delay: 2134
    content: t
  - delay: 128
    content: s
  - delay: 3168
    content: "\b"
  - delay: 170
    content: "\b"
  - delay: 389
    content: "\b"
  - delay: 158
    content: "\b"
  - delay: 198
    content: "\b"
  - delay: 221
    content: "\b"
  - delay: 229
    content: "\b"
  - delay: 452
    content: "\b"
  - delay: 997
    content: "\e[?25llinux-lts\e[30;47H\e[?25h"
  - delay: 1388
    content: "\e[1C"
  - delay: 224
    content: "\e[1C"
  - delay: 3985
    content: "\e[1C"
  - delay: 50
    content: "\e[1C"
  - delay: 177
    content: "\e[1C"
  - delay: 165
    content: "\e[1C"
  - delay: 121
    content: "\e[1C"
  - delay: 214
    content: "\e[1C"
  - delay: 774
    content: ' '
  - delay: 326
    content: l
  - delay: 185
    content: i
  - delay: 247
    content: 'n'
  - delay: 235
    content: u
  - delay: 210
    content: x
  - delay: 699
    content: '-'
  - delay: 344
    content: l
  - delay: 334
    content: t
  - delay: 199
    content: s
  - delay: 870
    content: '-'
  - delay: 338
    content: h
  - delay: 222
    content: e
  - delay: 5133
    content: a
  - delay: 391
    content: d
  - delay: 129
    content: e
  - delay: 208
    content: r
  - delay: 108
    content: s
  - delay: 3051
    content: ' '
  - delay: 742
    content: l
  - delay: 225
    content: i
  - delay: 232
    content: 'n'
  - delay: 189
    content: u
  - delay: 317
    content: x
  - delay: 12018
    content: '-'
  - delay: 465
    content: f
  - delay: 185
    content: i
  - delay: 165
    content: r
  - delay: 191
    content: m
  - delay: 385
    content: w
  - delay: 243
    content: a
  - delay: 167
    content: r
  - delay: 189
    content: e
  - delay: 12263
    content: ' '
  - delay: 299
    content: l
  - delay: 713
    content: 'n'
  - delay: 256
    content: m
  - delay: 907
    content: "\b \b"
  - delay: 171
    content: "\b \b"
  - delay: 623
    content: v
  - delay: 208
    content: m
  - delay: 475
    content: '2'
  - delay: 2182
    content: ' '
  - delay: 1428
    content: b
  - delay: 114
    content: a
  - delay: 164
    content: s
  - delay: 218
    content: e
  - delay: 186
    content: ' '
  - delay: 154
    content: b
  - delay: 95
    content: a
  - delay: 162
    content: s
  - delay: 325
    content: e
  - delay: 217
    content: '-'
  - delay: 224
    content: d
  - delay: 215
    content: e
  - delay: 110
    content: v
  - delay: 179
    content: e
  - delay: 124
    content: l
  - delay: 4669
    content: ' '
  - delay: 183
    content: 'n'
  - delay: 3913
    content: e
  - delay: 687
    content: o
  - delay: 465
    content: v
  - delay: 80
    content: i
  - delay: 279
    content: m
  - delay: 2180
    content: ' '
  - delay: 280
    content: o
  - delay: 185
    content: p
  - delay: 192
    content: e
  - delay: 352
