# The configurations that used for the recording, feel free to edit them
config:

  # Specify a command to be executed
  # like `/bin/bash -l`, `ls`, or any other commands
  # the default is bash for Linux
  # or powershell.exe for Windows
  command: powershell.exe
  
  # Specify the current working directory path
  # the default is the current working directory path
  cwd: C:\Windows\System32
  
  # Export additional ENV variables
  env:
    recording: true
  
  # Explicitly set the number of columns
  # or use `auto` to take the current
  # number of columns of your shell
  cols: 172
  
  # Explicitly set the number of rows
  # or use `auto` to take the current
  # number of rows of your shell
  rows: 40
  
  # Amount of times to repeat GIF
  # If value is -1, play once
  # If value is 0, loop indefinitely
  # If value is a positive number, loop n times
  repeat: 0
  
  # Quality
  # 1 - 100
  quality: 100
  
  # Delay between frames in ms
  # If the value is `auto` use the actual recording delays
  frameDelay: auto
  
  # Maximum delay between frames in ms
  # Ignored if the `frameDelay` isn't set to `auto`
  # Set to `auto` to prevent limiting the max idle time
  maxIdleTime: 2000
  
  # The surrounding frame box
  # The `type` can be null, window, floating, or solid`
  # To hide the title use the value null
  # Don't forget to add a backgroundColor style with a null as type
  frameBox:
    type: floating
    title: Terminalizer
    style:
      border: 0px black solid
      # boxShadow: none
      # margin: 0px
  
  # Add a watermark image to the rendered gif
  # You need to specify an absolute path for
  # the image on your machine or a URL, and you can also
  # add your own CSS styles
  watermark:
    imagePath: null
    style:
      position: absolute
      right: 15px
      bottom: 15px
      width: 100px
      opacity: 0.9
  
  # Cursor style can be one of
  # `block`, `underline`, or `bar`
  cursorStyle: block
  
  # Font family
  # You can use any font that is installed on your machine
  # in CSS-like syntax
  fontFamily: "Monaco, Lucida Console, Ubuntu Mono, Monospace"
  
  # The size of the font
  fontSize: 12
  
  # The height of lines
  lineHeight: 1
  
  # The spacing between letters
  letterSpacing: 0
  
  # Theme
  theme:
    background: "transparent"
    foreground: "#afafaf"
    cursor: "#c7c7c7"
    black: "#232628"
    red: "#fc4384"
    green: "#b3e33b"
    yellow: "#ffa727"
    blue: "#75dff2"
    magenta: "#ae89fe"
    cyan: "#708387"
    white: "#d5d5d0"
    brightBlack: "#626566"
    brightRed: "#ff7fac"
    brightGreen: "#c8ed71"
    brightYellow: "#ebdf86"
    brightBlue: "#75dff2"
    brightMagenta: "#ae89fe"
    brightCyan: "#b1c6ca"
    brightWhite: "#f9f9f4"
  
# Records, feel free to edit them
records:
  - delay: 784
    content: "\e[?9001h\e[?1004h"
  - delay: 129
    content: "\e[?25l\e[2J\e[m\e[HWindows PowerShell\r\nCopyright (C) Microsoft Corporation. All rights reserved.\e[4;1HInstall the latest PowerShell for new features and improvements! https://aka.ms/PSWindows\e]0;C:\\WINDOWS\\System32\\WindowsPowerShell\\v1.0\\powershell.exe\a\e[?25h"
  - delay: 10
    content: "\e[?25l\e[6;1H\e]0;Administrator: C:\\WINDOWS\\System32\\WindowsPowerShell\\v1.0\\powershell.exe\a\e[?25h"
  - delay: 273
    content: 'PS C:\Windows\System32> '
  - delay: 5503
    content: "\e[?25l"
  - delay: 21
    content: "\e[93mp\e[?25h"
  - delay: 311
    content: "\e[m\e[?25l"
  - delay: 39
    content: "\e[93m\bpi\e[?25h"
  - delay: 329
    content: "\e[m\e[?25l"
  - delay: 20
    content: "\e[93m\e[6;25Hpin\e[?25h"
  - delay: 276
    content: "\e[m\e[?25l"
  - delay: 8
    content: "\e[93m\e[6;25Hping\e[?25h"
  - delay: 924
    content: "\e[m\e[?25l"
  - delay: 12
    content: "\e[93m\e[6;25Hping \e[?25h"
  - delay: 10311
    content: "\e[m\e[?25l"
  - delay: 10
    content: "\e[93m\e[6;25Hping \e[97m1\e[?25h"
  - delay: 147
    content: "\e[m\e[?25l"
  - delay: 12
    content: "\e[93m\e[6;25Hping \e[97m10\e[?25h"
  - delay: 887
    content: "\e[m\e[?25l"
  - delay: 19
    content: "\e[93m\e[6;25Hping \e[97m10.\e[?25h"
  - delay: 601
    content: "\e[m\e[?25l"
  - delay: 15
    content: "\e[93m\e[6;25Hping \e[97m10.1\e[?25h"
  - delay: 2283
    content: "\e[m\e[?25l"
  - delay: 22
    content: "\e[93m\e[6;25Hping \e[97m10.11\e[?25h"
  - delay: 1055
    content: "\e[m\e[?25l"
  - delay: 12
    content: "\e[93m\e[6;25Hping \e[97m10.115\e[?25h"
  - delay: 1196
    content: "\e[m\e[?25l"
  - delay: 20
    content: "\e[93m\e[6;25Hping \e[37m10.115.\e[?25h"
  - delay: 821
    content: "\e[m\e[?25l"
  - delay: 15
    content: "\e[93m\e[6;25Hping \e[37m10.115.2\e[?25h"
  - delay: 368
    content: "\e[m\e[?25l"
  - delay: 17
    content: "\e[93m\e[6;25Hping \e[37m10.115.23\e[?25h"
  - delay: 234
    content: "\e[m\e[?25l"
  - delay: 22
    content: "\e[93m\e[6;25Hping \e[37m10.115.237\e[?25h"
  - delay: 1039
    content: "\e[m\e[?25l"
  - delay: 20
    content: "\e[93m\e[6;25Hping \e[37m10.115.237.\e[?25h"
  - delay: 1311
    content: "\e[m\e[?25l"
  - delay: 22
    content: "\e[93m\e[6;25Hping \e[37m10.115.237.1\e[?25h"
  - delay: 823
    content: "\e[m\e[?25l"
  - delay: 11
    content: "\e[93m\e[6;25Hping \e[37m10.115.237.17\e[?25h"
  - delay: 329
    content: "\e[m\e[?25l"
  - delay: 25
    content: "\e[93m\e[6;25Hping \e[37m10.115.237.174\e[?25h"
  - delay: 1714
    content: "\e[m"
  - delay: 22
    content: "\r\n"
  - delay: 49
    content: "\r\nPinging 10.115.237.174 with 32 bytes of data:\r\n"
  - delay: 2686
    content: R
  - delay: 15
    content: "eply from 10.115.237.123: Destination host unreachable.\r\n"
  - delay: 3993
    content: R
  - delay: 14
    content: "equest timed out.\r\n"
  - delay: 4984
    content: R
  - delay: 16
    content: "equest timed out.\r\n"
  - delay: 1095
    content: R
  - delay: 14
    content: "\e[?25leply from 10.115.237.174: bytes=32 time=97ms TTL=64\e[14;1HPing statistics for 10.115.237.174:\r\n    Packets: Sent = 4, Received = 2, Lost = 2 (50% loss),\r\nApproximate round trip times in milli-seconds:\r\n    Minimum = 97ms, Maximum = 97ms, Average = 97ms\r\n\e[?25h"
  - delay: 62
    content: 'PS C:\Windows\System32> '
  - delay: 7309
    content: "\e[?25l"
  - delay: 22
    content: "\e[93ms\e[?25h"
  - delay: 130
    content: "\e[m\e[?25l"
  - delay: 14
    content: "\e[93m\bss\e[?25h"
  - delay: 254
    content: "\e[m\e[?25l"
  - delay: 20
    content: "\e[93m\e[18;25Hsss\e[?25h"
  - delay: 214
    content: "\e[m\e[?25l"
  - delay: 11
    content: "\e[93m\e[18;25Hsssh\e[?25h"
  - delay: 607
    content: "\e[m\e[?25l"
  - delay: 15
    content: "\e[93m\e[18;25Hsss \b\e[?25h"
  - delay: 156
    content: "\e[m\e[?25l"
  - delay: 20
    content: "\e[93m\e[18;25Hss \b\e[?25h"
  - delay: 1331
    content: "\e[m\e[?25l"
  - delay: 17
    content: "\e[93m\e[18;25Hssh\e[?25h"
  - delay: 221
    content: "\e[m\e[?25l"
  - delay: 17
    content: "\e[93m\e[18;25Hssh \e[?25h"
  - delay: 230
    content: "\e[m\e[?25l"
  - delay: 10
    content: "\e[93m\e[18;25Hssh \e[37mr\e[?25h"
  - delay: 193
    content: "\e[m\e[?25l"
  - delay: 16
    content: "\e[93m\e[18;25Hssh \e[37mro\e[?25h"
  - delay: 145
    content: "\e[m\e[?25l"
  - delay: 14
    content: "\e[93m\e[18;25Hssh \e[37mroo\e[?25h"
  - delay: 87
    content: "\e[m\e[?25l"
  - delay: 25
    content: "\e[93m\e[18;25Hssh \e[37mroot\e[?25h"
  - delay: 1525
    content: "\e[m\e[?25l"
  - delay: 21
    content: "\e[93m\e[18;25Hssh \e[37mroot@\e[?25h"
  - delay: 2626
    content: "\e[m\e[?25l"
  - delay: 21
    content: "\e[93m\e[18;25Hssh \e[37mroot@1\e[?25h"
  - delay: 329
    content: "\e[m\e[?25l"
  - delay: 24
    content: "\e[93m\e[18;25Hssh \e[37mroot@10\e[?25h"
  - delay: 493
    content: "\e[m\e[?25l"
  - delay: 22
    content: "\e[93m\e[18;25Hssh \e[37mroot@10.\e[?25h"
  - delay: 309
    content: "\e[m\e[?25l"
  - delay: 11
    content: "\e[93m\e[18;25Hssh \e[37mroot@10.1\e[?25h"
  - delay: 157
    content: "\e[m\e[?25l"
  - delay: 21
    content: "\e[93m\e[18;25Hssh \e[37mroot@10.11\e[?25h"
  - delay: 918
    content: "\e[m\e[?25l"
  - delay: 13
    content: "\e[93m\e[18;25Hssh \e[37mroot@10.115\e[?25h"
  - delay: 1140
    content: "\e[m\e[?25l"
  - delay: 21
    content: "\e[93m\e[18;25Hssh \e[37mroot@10.115.\e[?25h"
  - delay: 718
    content: "\e[m\e[?25l"
  - delay: 23
    content: "\e[93m\e[18;25Hssh \e[37mroot@10.115.2\e[?25h"
  - delay: 220
    content: "\e[m\e[?25l"
  - delay: 14
    content: "\e[93m\e[18;25Hssh \e[37mroot@10.115.23\e[?25h"
  - delay: 271
    content: "\e[m\e[?25l"
  - delay: 17
    content: "\e[93m\e[18;25Hssh \e[37mroot@10.115.237\e[?25h"
  - delay: 1477
    content: "\e[m\e[?25l"
  - delay: 12
    content: "\e[93m\e[18;25Hssh \e[37mroot@10.115.237.\e[?25h"
  - delay: 427
    content: "\e[m\e[?25l"
  - delay: 24
    content: "\e[93m\e[18;25Hssh \e[37mroot@10.115.237.1\e[?25h"
  - delay: 203
    content: "\e[m\e[?25l"
  - delay: 23
    content: "\e[93m\e[18;25Hssh \e[37mroot@10.115.237.17\e[?25h"
  - delay: 287
    content: "\e[m\e[?25l"
  - delay: 20
    content: "\e[93m\e[18;25Hssh \e[37mroot@10.115.237.174\e[?25h"
  - delay: 910
    content: "\e[m"
  - delay: 21
    content: "\r\n"
  - delay: 3277
    content: "The authenticity of host '10.115.237.174 (10.115.237.174)' can't be established.\r\nED25519 key fingerprint is SHA256:HlBuFA0X6cwv6BbS2JIgoiPDylZbhF6WWS/6mw5wnHU.\r\nThis key is not known by any other names.\r\nAre you sure you want to continue connecting (yes/no/[fingerprint])? "
  - delay: 9823
    content: 'y'
  - delay: 909
    content: "\r\n"
  - delay: 20
    content: 'Please type ''yes'', ''no'' or the fingerprint: '
  - delay: 2340
    content: 'y'
  - delay: 131
    content: e
  - delay: 254
    content: s
  - delay: 490
    content: "\r\n"
  - delay: 17
    content: "Warning: Permanently added '10.115.237.174' (ED25519) to the list of known hosts.\r\n"
  - delay: 649
    content: 'root@10.115.237.174''s password: '
  - delay: 4459
    content: "\r\n"
  - delay: 602
    content: "\e[?1h\e=\e[?2004h"
  - delay: 25
    content: "\e[?25lTo install \e[38;2;23;147;209mArch Linux \e[mfollow the installation guide:\r\nhttps://wiki.archlinux.org/title/Installation_guide\e[29;1HFor Wi-Fi, authenticate to the wireless network using the \e[35miwctl \e[mutility.\r\nFor mobile broadband (WWAN) modems, connect with the \e[35mmmcli \e[mutility.\r\nEthernet, WLAN and WWAN interfaces using DHCP should work automatically.\e[33;1HAfter connecting to the internet, the installation guide can be accessed\r\nvia the convenience script \e[35mInstallation_guide\e[m.\e[41m\e[36;1H   \e[40m \e[44m \e[40m \e[41m \e[46m \e[45m \e[41m \e[46m \e[43m \e[41m \e[44m \e[45m \e[40m \e[44m \e[40m \e[41m \e[44m \e[41m  \e[46m \e[42m \e[41m \e[44m \e[43m \e[41m \e[45m \e[40m  \e[44m \e[40m \e[41m \e[44m \e[42m \e[41m \e[46m \e[44m \e[41m \e[46m \e[47m \e[31m\e[49m\e[1m\r\nroot\e[m@archiso \e[1m~ \e[22m#                                                                                                                                                            \r\n\e[K\r\n\e[K\r\n\e[K\e[37;18H\e]0;root@archiso: ~\a\e[?25h"
  - delay: 25411
    content: ls
  - delay: 293
    content: bl
  - delay: 531
    content: k
  - delay: 9024
    content: "\e[?1l\e>\e[?2004l\r\nNAME        MAJ:MIN RM   SIZE RO TYPE MOUNTPOINTS\r\nloop0         7:0    0 973.1M  1 loop /run/archiso/airootfs\r\nsda           8:0    1  14.3G  0 disk \r\e]0;root@archiso: lsblk\a\n└─sda1        8:1    1  14.3G  0 part\r\nnvme0n1     259:0    0 476.9G  0 disk\r\n├─nvme0n1p1 259:1    0   128M  0 part\r\n├─nvme0n1p2 259:2    0   100M  0 part\r\n├─nvme0n1p3 259:3    0 417.4G  0 part\r\n├─nvme0n1p4 259:4    0   763M  0 part\r\n├─nvme0n1p5 259:5    0     4G  0 part\r\n└─nvme0n1p6 259:6    0  54.6G  0 part\r\e[?1h\e=\e[?2004h"
  - delay: 25
    content: "\n\e[31m\e[1mroot\e[m@archiso \e[1m~ \e[22m#                                                                                                                                                            \e[40;18H\e]0;root@archiso: ~\a"
  - delay: 60980
    content: p
  - delay: 1042
    content: "\bpv"
  - delay: 171
    content: c
  - delay: 385
    content: r
  - delay: 128
    content: e
  - delay: 128
    content: a
  - delay: 123
    content: t
  - delay: 161
    content: e
  - delay: 2302
    content: ' '
  - delay: 96
    content: /
  - delay: 184
    content: d
  - delay: 160
    content: e
  - delay: 257
    content: v
  - delay: 224
    content: /
  - delay: 1727
    content: 'n'
  - delay: 205
    content: v
  - delay: 189
    content: m
  - delay: 272
    content: e
  - delay: 1600
    content: '0'
  - delay: 605
    content: 'n'
  - delay: 396
    content: '1'
  - delay: 1265
    content: p
  - delay: 8663
    content: '6'
  - delay: 1679
    content: "\e[?1l\e>\e[?2004l\r\n\e]0;root@archiso: pvcreate /dev/nvme0n1p6\a"
  - delay: 97
    content: "  Physical volume \"/dev/nvme0n1p6\" successfully created.\r\n"
  - delay: 25
    content: "                                                                                                                                                                            \e[40;1H"
  - delay: 24
    content: "\e[?1h\e=\e[?2004h\e[31m\e[1mroot\e[m@archiso \e[1m~ \e[22m#                                                                                                                                                            \e[40;18H\e]0;root@archiso: ~\a"
  - delay: 7489
    content: v
  - delay: 297
    content: "\bvg"
  - delay: 320
    content: c
  - delay: 330
    content: r
  - delay: 23
    content: e
  - delay: 367
    content: ay
  - delay: 820
    content: "\b \b"
  - delay: 2359
    content: te
  - delay: 181
    content: te
  - delay: 1282
    content: "\b \b"
  - delay: 355
    content: "\b \b"
  - delay: 2270
    content: ' '
  - delay: 34303
    content: p
  - delay: 338
    content: e
  - delay: 762
    content: "\b \b"
  - delay: 272
    content: r
  - delay: 26
    content: o
  - delay: 235
    content: c
  - delay: 1034
    content: ' '
  - delay: 1126
    content: /
  - delay: 474
    content: d
  - delay: 29
    content: e
  - delay: 715
    content: v
  - delay: 265
    content: /
  - delay: 2074
    content: 'n'
  - delay: 99
    content: v
  - delay: 502
    content: m
  - delay: 415
    content: e
  - delay: 692
    content: '0'
  - delay: 1035
    content: '1'
  - delay: 878
    content: "\b \b"
  - delay: 482
    content: 'n'
  - delay: 201
    content: '1'
  - delay: 644
    content: p
  - delay: 1380
    content: '6'
  - delay: 9362
    content: "\e[?1l\e>\e[?2004l\r\n\e]0;root@archiso: vgcreate proc /dev/nvme0n1p6\a"
  - delay: 121
    content: "  Volume group \"proc\" successfully created\r\n"
  - delay: 26
    content: "                                                                                                                                                                            \e[40;1H\e[?1h\e=\e[?2004h"
  - delay: 13
    content: "\e[31m\e[1mroot\e[m@archiso \e[1m~ \e[22m#                                                                                                                                                            \e[40;18H\e]0;root@archiso: ~\a"
  - delay: 15603
    content: lv
  - delay: 623
    content: c
  - delay: 488
    content: rea
  - delay: 281
    content: t
  - delay: 10
    content: e
  - delay: 824
    content: ' '
  - delay: 363
    content: '-'
  - delay: 465
    content: L
  - delay: 532
    content: ' '
  - delay: 79057
    content: '5'
  - delay: 991
    content: G
  - delay: 1487
    content: ' '
  - delay: 420
    content: p
  - delay: 238
    content: r
  - delay: 167
    content: o
  - delay: 291
    content: c
  - delay: 2149
    content: ' '
  - delay: 603
    content: '-'
  - delay: 285
    content: 'n'
  - delay: 539
    content: ' '
  - delay: 815
    content: r
  - delay: 128
    content: o
  - delay: 171
    content: o
  - delay: 124
    content: t
  - delay: 263
    content: "\e[?1l\e>\e[?2004l\r\n\e]0;root@archiso: lvcreate -L 5G proc -n root\a"
  - delay: 132
    content: >-
      WARNING: ext4 signature detected on /dev/proc/root at offset 1080. Wipe
      it? [y/n]: 
  - delay: 1702
    content: 'y'
  - delay: 728
    content: "\r\n  Wiping ext4 signature on /dev/proc/root.\r\n"
  - delay: 56
    content: "  Logical volume \"root\" created.\r\n"
  - delay: 33
    content: "\e[?1h\e=\e[?2004h"
  - delay: 5
    content: "\e[31m\e[1mroot\e[m@archiso \e[1m~ \e[22m#                                                                                                                                                            \e[40;18H\e]0;root@archiso: ~\a"
  - delay: 1879
    content: l
  - delay: 105
    content: "\bls"
  - delay: 254
    content: b
  - delay: 155
    content: l
  - delay: 97
    content: k
  - delay: 509
    content: "\e[?1l\e>\e[?2004l\r\n\e]0;root@archiso: lsblk\a"
  - delay: 6
    content: "NAME          MAJ:MIN RM   SIZE RO TYPE MOUNTPOINTS\r\nloop0           7:0    0 973.1M  1 loop /run/archiso/airootfs\r\nsda             8:0    1  14.3G  0 disk\r\n└─sda1          8:1    1  14.3G  0 part\r\nnvme0n1       259:0    0 476.9G  0 disk\r\n├─nvme0n1p1   259:1    0   128M  0 part\r\n├─nvme0n1p2   259:2    0   100M  0 part\r\n├─nvme0n1p3   259:3    0 417.4G  0 part\r\n├─nvme0n1p4   259:4    0   763M  0 part\r\n├─nvme0n1p5   259:5    0     4G  0 part\r\n└─nvme0n1p6   259:6    0  54.6G  0 part\r\n  └─proc-root 253:0    0     5G  0 lvm\r\e[?1h\e=\e[?2004h"
  - delay: 54
    content: "\n\e[31m\e[1mroot\e[m@archiso \e[1m~ \e[22m#                                                                                                                                                            \e[40;18H\e]0;root@archiso: ~\a"
  - delay: 15749
    content: mk
  - delay: 196
    content: f
  - delay: 136
    content: s
  - delay: 37
    content: f
  - delay: 1814
    content: "\b \b"
  - delay: 1947
    content: .
  - delay: 172
    content: e
  - delay: 358
    content: x
  - delay: 120
    content: t
  - delay: 294
    content: '4'
  - delay: 2250
    content: ' '
  - delay: 478
    content: /
  - delay: 204
    content: d
  - delay: 101
    content: e
  - delay: 294
    content: v
  - delay: 206
    content: /
  - delay: 1012
    content: p
  - delay: 193
    content: r
  - delay: 129
    content: o
  - delay: 244
    content: c
  - delay: 283
    content: /
  - delay: 2620
    content: r
  - delay: 162
    content: o
  - delay: 153
    content: o
  - delay: 134
    content: t
  - delay: 1527
    content: "\e[?1l\e>"
  - delay: 5
    content: "\e[?2004l\r"
  - delay: 18
    content: "\n\e]0;root@archiso: mkfs.ext4 /dev/proc/root\a"
  - delay: 19
    content: "mke2fs 1.47.4 (6-Mar-2025)\r\n"
  - delay: 132
    content: "\e[?25lDiscarding device blocks:       0/1310720\e[40;27H\e[?25h"
  - delay: 86
    content: "done\e[28X\r\nCreating filesystem with 1310720 4k blocks and 327680 inodes\r\nFilesystem UUID: 07d01192-2f79-403e-ba24-5198a3e2600a\r\nSuperblock backups stored on blocks:\r\n        32768, 98304, 163840, 229376, 294912, 819200, 884736\r\n\nAllocating group tables: done\r\nWriting inode tables: done\r"
  - delay: 12
    content: |+

  - delay: 5
    content: 'Creating journal (16384 blocks): '
  - delay: 103
    content: "done\r"
  - delay: 6
    content: "\nWriting superblocks and filesystem accounting information: done \r\n"
  - delay: 5
    content: "\e[?1h\e=\e[?2004h"
  - delay: 18
    content: "\n\e[31m\e[1mroot\e[m@archiso \e[1m~ \e[22m#                                                                                                                                                            \e[40;18H\e]0;root@archiso: ~\a"
  - delay: 3291
    content: m
  - delay: 206
    content: "\bmo"
  - delay: 178
    content: u
  - delay: 227
    content: 'n'
  - delay: 329
    content: t
  - delay: 769
    content: ' '
  - delay: 883
    content: /
  - delay: 192
    content: d
  - delay: 63
    content: e
  - delay: 324
    content: v
  - delay: 161
    content: /
  - delay: 1474
    content: p
  - delay: 149
    content: r
  - delay: 72
    content: o
  - delay: 312
    content: c
  - delay: 502
    content: /
  - delay: 289
    content: r
  - delay: 196
    content: o
  - delay: 159
    content: o
  - delay: 118
    content: t
  - delay: 3730
    content: /
  - delay: 1161
    content: "\b \b"
  - delay: 603
    content: ' '
  - delay: 513
    content: /
  - delay: 248
    content: m
  - delay: 272
    content: 'n'
  - delay: 180
    content: t
  - delay: 1424
    content: "\e[?1l\e>\e[?2004l\r\n\e]0;root@archiso: mount /dev/proc/root /mnt\a"
  - delay: 80
    content: "                                                                                                                                                                            \e[40;1H\e[?1h\e=\e[?2004h"
  - delay: 18
    content: "\e[31m\e[1mroot\e[m@archiso \e[1m~ \e[22m#                                                                                                                                                            \e[40;18H\e]0;root@archiso: ~\a"
  - delay: 1682
    content: l
  - delay: 786
    content: "\bls"
  - delay: 387
    content: b
  - delay: 871
    content: l
  - delay: 57
    content: k
  - delay: 342
    content: "\e[?1l\e>\e[?2004l\r\n\e]0;root@archiso: lsblk\a"
  - delay: 10
    content: "NAME          MAJ:MIN RM   SIZE RO TYPE MOUNTPOINTS\r\nloop0           7:0    0 973.1M  1 loop /run/archiso/airootfs\r\nsda             8:0    1  14.3G  0 disk\r\n└─sda1          8:1    1  14.3G  0 part\r\nnvme0n1       259:0    0 476.9G  0 disk\r\n├─nvme0n1p1   259:1    0   128M  0 part\r\n├─nvme0n1p2   259:2    0   100M  0 part\r\n├─nvme0n1p3   259:3    0 417.4G  0 part\r\n├─nvme0n1p4   259:4    0   763M  0 part\r\n├─nvme0n1p5   259:5    0     4G  0 part\r\n└─nvme0n1p6   259:6    0  54.6G  0 part\r\n  └─proc-root 253:0    0     5G  0 lvm  /mnt\r\e[?1h\e=\e[?2004h"
  - delay: 13
    content: "\n\e[31m\e[1mroot\e[m@archiso \e[1m~ \e[22m#                                                                                                                                                            \e[40;18H\e]0;root@archiso: ~\a"
  - delay: 8799
    content: m
  - delay: 272
    content: "\bmkf"
  - delay: 245
    content: s
  - delay: 2611
    content: .
  - delay: 769
    content: vf
  - delay: 271
    content: a
  - delay: 89
    content: t
  - delay: 1735
    content: ' '
  - delay: 682
    content: '-'
  - delay: 1684
    content: F
  - delay: 143
    content: A
  - delay: 158
    content: T
  - delay: 722
    content: '3'
  - delay: 107
    content: '2'
  - delay: 3515
    content: "\e[?25l\e[40;32H  \e[40;32H\e[?25h"
  - delay: 32
    content: "\b \b"
  - delay: 738
    content: "\b \b"
  - delay: 621
    content: '32'
  - delay: 1739
    content: ' '
  - delay: 688
    content: '-'
  - delay: 414
    content: 'n'
  - delay: 357
    content: ' '
  - delay: 447
    content: B
  - delay: 270
    content: O
  - delay: 196
    content: O
  - delay: 126
    content: T
  - delay: 1515
    content: /
  - delay: 221
    content: D
  - delay: 106
    content: E
  - delay: 248
    content: V
  - delay: 161
    content: /
  - delay: 1617
    content: V
  - delay: 97
    content: M
  - delay: 272
    content: E
  - delay: 1700
    content: "\b \b"
  - delay: 189
    content: "\b \b"
  - delay: 224
    content: "\b \b"
  - delay: 127
    content: "\b \b"
  - delay: 189
    content: "\b \b"
  - delay: 199
    content: "\b \b"
  - delay: 750
    content: "\b \b"
  - delay: 801
    content: d
  - delay: 96
    content: e
  - delay: 438
    content: v
  - delay: 671
    content: /
  - delay: 708
    content: 'n'
  - delay: 288
    content: v
  - delay: 147
    content: m
  - delay: 317
    content: e
  - delay: 449
    content: '0'
  - delay: 674
    content: 'n'
  - delay: 195
    content: '1'
  - delay: 813
    content: p
  - delay: 10753
    content: '5'
  - delay: 1308
    content: "\e[?1l\e>\e[?2004l\r\n\e]0;root@archiso: mkfs.vfat -F32 -n BOOT/dev/nvme0n1p5\a"
  - delay: 42
    content: "mkfs.fat 4.2 (2021-01-31)\r\nNo device specified.\r\nUsage: mkfs.vfat [OPTIONS] TARGET [BLOCKS]\r\nCreate FAT filesystem in TARGET, which can be a block device or file. Use only\r\nup to BLOCKS 1024 byte blocks if specified. With the -C option, file TARGET will be\r\ncreated with a size of 1024 bytes times BLOCKS, which must be specified.\r\n\nOptions:\r\n  -a              Disable alignment of data structures\r\n  -A              Toggle Atari variant of the filesystem\r\n  -b SECTOR       Select SECTOR as location of the FAT32 backup boot sector\r\n  -c              Check device for bad blocks before creating the filesystem\r\n  -C              Create file TARGET then create filesystem in it\r\n  -D NUMBER       Write BIOS drive number NUMBER to boot sector\r\n  -f COUNT        Create COUNT file allocation tables\r\n  -F SIZE         Select FAT size SIZE (12, 16 or 32)\r\n  -g GEOM         Select disk geometry: heads/sectors_per_track\r\n  -h NUMBER       Write hidden sectors NUMBER to boot sector\r\n  -i VOLID        Set volume ID to VOLID (a 32 bit hexadecimal number)\r\n  -I              Ignore and disable safety checks\r\n  -l FILENAME     Read bad blocks list from FILENAME\r\n  -m FILENAME     Replace default error message in boot block with contents of FILENAME\r\n  -M TYPE         Set media type in boot sector to TYPE\r\n  --mbr[=y|n|a]   Fill (fake) MBR table with one partition which spans whole disk\r\n  -n LABEL        Set volume name to LABEL (up to 11 characters long)\r\n  --codepage=N    use DOS codepage N to encode label (default: 850)\r\n  -r COUNT        Make room for at least COUNT entries in the root directory\r\n  -R COUNT        Set minimal number of reserved sectors to COUNT\r\n  -s COUNT        Set number of sectors per cluster to COUNT\r\n  -S SIZE         Select a sector size of SIZE (a power of two, at least 512)\r\n  -v              Verbose execution\r\n  --variant=TYPE  Select variant TYPE of filesystem (standard or Atari)\r\n\n  --invariant     Use constants for randomly generated or time based values\r\n  --offset=SECTOR Write the filesystem at a specific sector into the device file.\r\n  --help          Show this help message and exit\r\e[?1h\e=\e[?2004h"
  - delay: 21
    content: "\n\e[31m\e[1m1 root\e[m@archiso \e[1m~ \e[22m#                                                                                                                                                       :( \e[40;20H\e]0;root@archiso: ~\a"
  - delay: 16644
    content: ls
  - delay: 273
    content: bl
  - delay: 909
    content: k
  - delay: 504
    content: "\e[?1l\e>\e[?2004l\e[K\r\n\e]0;root@archiso: lsblk\a"
  - delay: 6
    content: "NAME          MAJ:MIN RM   SIZE RO TYPE MOUNTPOINTS\r\nloop0           7:0    0 973.1M  1 loop /run/archiso/airootfs\r\nsda             8:0    1  14.3G  0 disk\r\n└─sda1          8:1    1  14.3G  0 part\r\nnvme0n1       259:0    0 476.9G  0 disk\r\n├─nvme0n1p1   259:1    0   128M  0 part\r\n├─nvme0n1p2   259:2    0   100M  0 part\r\n├─nvme0n1p3   259:3    0 417.4G  0 part\r\n├─nvme0n1p4   259:4    0   763M  0 part\r\n├─nvme0n1p5   259:5    0     4G  0 part\r\n└─nvme0n1p6   259:6    0  54.6G  0 part\r\n  └─proc-root 253:0    0     5G  0 lvm  /mnt\r"
  - delay: 7
    content: "\e[?1h\e=\e[?2004h"
  - delay: 14
    content: "\n\e[31m\e[1mroot\e[m@archiso \e[1m~ \e[22m#                                                                                                                                                            \e[40;18H\e]0;root@archiso: ~\a"
  - delay: 7915
    content: lsblk
  - delay: 553
    content: "\e[?25l\e[40;18Hmkfs.vfat -F32 -n BOOT/dev/nvme0n1p5\e[?25h"
  - delay: 1495
    content: "\e[?1l\e>\e[?2004l\r\nmkfs.fat 4.2 (2021-01-31)\r\e]0;root@archiso: mkfs.vfat -F32 -n BOOT/dev/nvme0n1p5\a\nNo device specified.\r\nUsage: mkfs.vfat [OPTIONS] TARGET [BLOCKS]\r\nCreate FAT filesystem in TARGET, which can be a block device or file. Use only\r\nup to BLOCKS 1024 byte blocks if specified. With the -C option, file TARGET will be\r\ncreated with a size of 1024 bytes times BLOCKS, which must be specified.\r\n\nOptions:\r\n  -a              Disable alignment of data structures\r\n  -A              Toggle Atari variant of the filesystem\r\n  -b SECTOR       Select SECTOR as location of the FAT32 backup boot sector\r\n  -c              Check device for bad blocks before creating the filesystem\r\n  -C              Create file TARGET then create filesystem in it\r\n  -D NUMBER       Write BIOS drive number NUMBER to boot sector\r\n  -f COUNT        Create COUNT file allocation tables\r\n  -F SIZE         Select FAT size SIZE (12, 16 or 32)\r\n  -g GEOM         Select disk geometry: heads/sectors_per_track\r\n  -h NUMBER       Write hidden sectors NUMBER to boot sector\r\n  -i VOLID        Set volume ID to VOLID (a 32 bit hexadecimal number)\r\n  -I              Ignore and disable safety checks\r\n  -l FILENAME     Read bad blocks list from FILENAME\r\n  -m FILENAME     Replace default error message in boot block with contents of FILENAME\r\n  -M TYPE         Set media type in boot sector to TYPE\r\n  --mbr[=y|n|a]   Fill (fake) MBR table with one partition which spans whole disk\r\n  -n LABEL        Set volume name to LABEL (up to 11 characters long)\r\n  --codepage=N    use DOS codepage N to encode label (default: 850)\r\n  -r COUNT        Make room for at least COUNT entries in the root directory\r\n  -R COUNT        Set minimal number of reserved sectors to COUNT\r\n  -s COUNT        Set number of sectors per cluster to COUNT\r\n  -S SIZE         Select a sector size of SIZE (a power of two, at least 512)\r\n  -v              Verbose execution\r\n  --variant=TYPE  Select variant TYPE of filesystem (standard or Atari)\r\n\n  --invariant     Use constants for randomly generated or time based values\r\n  --offset=SECTOR Write the filesystem at a specific sector into the device file.\r\n  --help          Show this help message and exit\r"
  - delay: 6
    content: "\e[?1h\e=\e[?2004h"
  - delay: 21
    content: "\n\e[31m\e[1m1 root\e[m@archiso \e[1m~ \e[22m#                                                                                                                                                       :( \e[40;20H\e]0;root@archiso: ~\a"
  - delay: 106053
    content: l
  - delay: 529
    content: "\bls"
  - delay: 597
    content: 'n'
  - delay: 1712
    content: "\b \b"
  - delay: 437
    content: b
  - delay: 1937
    content: l
  - delay: 154
    content: k
  - delay: 919
    content: "\e[?1l\e>\e[?2004l\e[K\r\n\e]0;root@archiso: lsblk\a"
  - delay: 8
    content: "NAME          MAJ:MIN RM   SIZE RO TYPE MOUNTPOINTS\r\nloop0           7:0    0 973.1M  1 loop /run/archiso/airootfs\r\nsda             8:0    1  14.3G  0 disk\r\n└─sda1          8:1    1  14.3G  0 part\r\nnvme0n1       259:0    0 476.9G  0 disk\r\n├─nvme0n1p1   259:1    0   128M  0 part\r\n├─nvme0n1p2   259:2    0   100M  0 part\r\n├─nvme0n1p3   259:3    0 417.4G  0 part\r\n├─nvme0n1p4   259:4    0   763M  0 part\r\n├─nvme0n1p5   259:5    0     4G  0 part\r\n└─nvme0n1p6   259:6    0  54.6G  0 part\r\n  └─proc-root 253:0    0     5G  0 lvm  /mnt\r\e[?1h\e=\e[?2004h"
  - delay: 17
    content: "\n\e[31m\e[1mroot\e[m@archiso \e[1m~ \e[22m#                                                                                                                                                            \e[40;18H\e]0;root@archiso: ~\a"
  - delay: 60247
    content: mkd
  - delay: 28
    content: i
  - delay: 1200
    content: e
  - delay: 1155
    content: "\b \b"
  - delay: 208
    content: r
  - delay: 1373
    content: ' '
  - delay: 646
    content: /
  - delay: 627
    content: m
  - delay: 118
    content: 'n'
  - delay: 299
    content: t
  - delay: 379
    content: /
  - delay: 974
    content: b
  - delay: 375
    content: o
  - delay: 263
    content: o
  - delay: 49
    content: t
  - delay: 5407
    content: "\e[?1l\e>\e[?2004l\r\n\e]0;root@archiso: mkdir /mnt/boot\a"
  - delay: 60
    content: "                                                                                                                                                                            \e[40;1H\e[?1h\e=\e[?2004h"
  - delay: 24
    content: "\e[31m\e[1mroot\e[m@archiso \e[1m~ \e[22m#                                                                                                                                                            \e[40;18H\e]0;root@archiso: ~\a"
  - delay: 2383
    content: ls
  - delay: 270
    content: b
  - delay: 223
    content: l
  - delay: 47
    content: j
  - delay: 1044
    content: "\b \b"
  - delay: 504
    content: k
  - delay: 259
    content: "\e[?1l\e>\e[?2004l\r\n\e]0;root@archiso: lsblk\aNAME          MAJ:MIN RM   SIZE RO TYPE MOUNTPOINTS\r\nloop0           7:0    0 973.1M  1 loop /run/archiso/airootfs\r\nsda             8:0    1  14.3G  0 disk\r\n└─sda1          8:1    1  14.3G  0 part\r\nnvme0n1       259:0    0 476.9G  0 disk\r\n├─nvme0n1p1   259:1    0   128M  0 part\r\n├─nvme0n1p2   259:2    0   100M  0 part\r\n├─nvme0n1p3   259:3    0 417.4G  0 part\r\n├─nvme0n1p4   259:4    0   763M  0 part\r\n├─nvme0n1p5   259:5    0     4G  0 part\r\n└─nvme0n1p6   259:6    0  54.6G  0 part\r\n  └─proc-root 253:0    0     5G  0 lvm  /mnt\r\e[?1h\e=\e[?2004h"
  - delay: 17
    content: "\n\e[31m\e[1mroot\e[m@archiso \e[1m~ \e[22m#                                                                                                                                                            \e[40;18H\e]0;root@archiso: ~\a"
  - delay: 27725
    content: m
  - delay: 618
    content: "\bmoun"
  - delay: 103
    content: t
  - delay: 920
    content: ' -'
  - delay: 3683
    content: o
  - delay: 1280
    content: ' '
  - delay: 184
    content: u
  - delay: 209
    content: i
  - delay: 238
    content: d
  - delay: 603
    content: '='
  - delay: 1391
    content: '0'
  - delay: 1279
    content: ','
  - delay: 731
    content: g
  - delay: 148
    content: i
  - delay: 216
    content: d
  - delay: 578
    content: '='
  - delay: 1414
    content: '0'
  - delay: 587
    content: ','
  - delay: 221
    content: f
  - delay: 642
    content: m
  - delay: 128
    content: a
  - delay: 83
    content: s
  - delay: 239
    content: k
  - delay: 729
    content: ','
  - delay: 1124
    content: "\b \b"
  - delay: 414
    content: '='
  - delay: 5253
    content: '0'
  - delay: 200
    content: '0'
  - delay: 820
    content: '7'
  - delay: 154
    content: '7'
  - delay: 890
    content: ','
  - delay: 271
    content: d
  - delay: 299
    content: 'n'
  - delay: 606
    content: "\b \b"
  - delay: 451
    content: m
  - delay: 90
    content: a
  - delay: 133
    content: s
  - delay: 195
    content: k
  - delay: 1293
    content: '='
  - delay: 347
    content: '0'
  - delay: 902
    content: '0'
  - delay: 393
    content: '7'
  - delay: 132
    content: '7'
  - delay: 1563
    content: ' '
  - delay: 807
    content: /
  - delay: 155
    content: d
  - delay: 97
    content: e
  - delay: 233
    content: v
  - delay: 215
    content: /
  - delay: 1103
    content: 'n'
  - delay: 249
    content: v
  - delay: 190
    content: m
  - delay: 270
    content: e
  - delay: 803
    content: '0'
  - delay: 387
    content: 'n'
  - delay: 451
    content: '1'
  - delay: 874
    content: p
  - delay: 2676
    content: '7'
  - delay: 3040
    content: ' '
  - delay: 289
    content: /
  - delay: 364
    content: m
  - delay: 91
    content: 'n'
  - delay: 267
    content: t
  - delay: 728
    content: /
  - delay: 380
    content: b
  - delay: 258
    content: o
  - delay: 124
    content: o
  - delay: 258
    content: t
  - delay: 578
    content: "\e[?1l\e>\e[?2004l\r\n\e]0;root@archiso: mount -o uid=0,gid=0,fmask=0077,dmask=0077 /dev/nvme0n1p7 /mnt/boot\a"
  - delay: 5
    content: "mount: /mnt/boot: fsconfig() failed: /dev/nvme0n1p7: Can't lookup blockdev.\r\n       dmesg(1) may have more information after failed mount system call.\r\e[?1h\e=\e[?2004h"
  - delay: 11
    content: "\n\e[31m\e[1m32 root\e[m@archiso \e[1m~ \e[22m#                                                                                                                                                      :( \e[40;21H\e]0;root@archiso: ~\a"
  - delay: 27265
    content: 'mount -o uid=0,gid=0,fmask=0077,dmask=0077 /dev/nvme0n1p7 /mnt/boot'
  - delay: 259
    content: "\e[?25l\e[40;21Hlsblk\e[62X\e[?25h"
  - delay: 546
    content: "\e[?25l\e[40;21Hmkdir /mnt/boot\e[?25h"
  - delay: 635
    content: "\e[?25l\e[40;21Hlsblk\e[10X\e[?25h"
  - delay: 539
    content: "\e[?25l\e[40;21Hmkfs.vfat -F32 -n BOOT/dev/nvme0n1p5\e[?25h"
  - delay: 4986
    content: "\e[?1l\e>\e[?2004l\e[K\r\n\e]0;root@archiso: mkfs.vfat -F32 -n BOOT/dev/nvme0n1p5\amkfs.fat 4.2 (2021-01-31)\r\nNo device specified.\r\nUsage: mkfs.vfat [OPTIONS] TARGET [BLOCKS]\r\nCreate FAT filesystem in TARGET, which can be a block device or file. Use only\r\nup to BLOCKS 1024 byte blocks if specified. With the -C option, file TARGET will be\r\ncreated with a size of 1024 bytes times BLOCKS, which must be specified.\r\n\nOptions:\r\n  -a              Disable alignment of data structures\r\n  -A              Toggle Atari variant of the filesystem\r\n  -b SECTOR       Select SECTOR as location of the FAT32 backup boot sector\r\n  -c              Check device for bad blocks before creating the filesystem\r\n  -C              Create file TARGET then create filesystem in it\r\n  -D NUMBER       Write BIOS drive number NUMBER to boot sector\r\n  -f COUNT        Create COUNT file allocation tables\r\n  -F SIZE         Select FAT size SIZE (12, 16 or 32)\r\n  -g GEOM         Select disk geometry: heads/sectors_per_track\r\n  -h NUMBER       Write hidden sectors NUMBER to boot sector\r\n  -i VOLID        Set volume ID to VOLID (a 32 bit hexadecimal number)\r\n  -I              Ignore and disable safety checks\r\n  -l FILENAME     Read bad blocks list from FILENAME\r\n  -m FILENAME     Replace default error message in boot block with contents of FILENAME\r\n  -M TYPE         Set media type in boot sector to TYPE\r\n  --mbr[=y|n|a]   Fill (fake) MBR table with one partition which spans whole disk\r\n  -n LABEL        Set volume name to LABEL (up to 11 characters long)\r\n  --codepage=N    use DOS codepage N to encode label (default: 850)\r\n  -r COUNT        Make room for at least COUNT entries in the root directory\r\n  -R COUNT        Set minimal number of reserved sectors to COUNT\r\n  -s COUNT        Set number of sectors per cluster to COUNT\r\n  -S SIZE         Select a sector size of SIZE (a power of two, at least 512)\r\n  -v              Verbose execution\r\n  --variant=TYPE  Select variant TYPE of filesystem (standard or Atari)\r\n\n  --invariant     Use constants for randomly generated or time based values\r\n  --offset=SECTOR Write the filesystem at a specific sector into the device file.\r\n  --help          Show this help message and exit\r\e[?1h\e=\e[?2004h"
  - delay: 21
    content: "\n\e[31m\e[1m1 root\e[m@archiso \e[1m~ \e[22m#                                                                                                                                                       :( \e[40;20H\e]0;root@archiso: ~\a"
  - delay: 107085
    content: mkfs.vfat -F32 -n BOOT/dev/nvme0n1p5
  - delay: 3686
    content: "\b"
  - delay: 418
    content: "\e[?25l\e[40;53H\e[?25h"
  - delay: 483
    content: "\b"
  - delay: 112
    content: "\b"
  - delay: 215
    content: "\b"
  - delay: 208
    content: "\b"
  - delay: 201
    content: "\b"
  - delay: 129
    content: "\b"
  - delay: 281
    content: "\e[?25l\e[40;45H\e[?25h"
  - delay: 375
    content: "\e[?25l\e[40;43H\e[?25h"
  - delay: 344
    content: "\b"
  - delay: 1134
    content: "\b"
  - delay: 956
    content: "\e[?25l T/dev/nvme0n1p5\e[40;42H\e[?25h"
  - delay: 1241
    content: "\e[?25l\bT/dev/nvme0n1p5 \e[40;41H\e[?25h"
  - delay: 840
    content: "\e[1C"
  - delay: 348
    content: "\e[?25l /dev/nvme0n1p5\e[40;43H\e[?25h"
  - delay: 1052
    content: "\e[?1l\e>\e[?2004l\e[14C\e[K\r\n\e]0;root@archiso: mkfs.vfat -F32 -n BOOT /dev/nvme0n1p5\a"
  - delay: 5
    content: "mkfs.fat 4.2 (2021-01-31)\r"
  - delay: 18
    content: |+

  - delay: 158
    content: "                                                                                                                                                                            \e[40;1H\e[?1h\e=\e[?2004h"
  - delay: 12
    content: "\e[31m\e[1mroot\e[m@archiso \e[1m~ \e[22m#                                                                                                                                                            \e[40;18H\e]0;root@archiso: ~\a"
  - delay: 3142
    content: mkfs.vfat -F32 -n BOOT /dev/nvme0n1p5
  - delay: 448
    content: "\e[?25l\e[40;40H/dev/nvme0n1p5                                                                                                                       \e[40;54H\e[?25h"
  - delay: 2976
    content: "\e[?25l\e[40;40H /dev/nvme0n1p5\e[?25h"
  - delay: 355
    content: "\e[?25l\e[40;40H/dev/nvme0n1p5                                                                                                                       \e[40;54H\e[?25h"
  - delay: 256
    content: "\e[?25l\e[40;18Hmount -o uid=0,gid=0,fmask=0077,dmask=0077 /dev/nvme0n1p7 /mnt/boot\e[?25h"
  - delay: 1418
    content: "\e[?1l\e>\e[?2004l\r\n\e]0;root@archiso: mount -o uid=0,gid=0,fmask=0077,dmask=0077 /dev/nvme0n1p7 /mnt/boot\amount: /mnt/boot: fsconfig() failed: /dev/nvme0n1p7: Can't lookup blockdev.\r\n       dmesg(1) may have more information after failed mount system call.\r"
  - delay: 6
    content: "\e[?1h\e=\e[?2004h"
  - delay: 12
    content: "\n\e[31m\e[1m32 root\e[m@archiso \e[1m~ \e[22m#                                                                                                                                                      :( \e[40;21H\e]0;root@archiso: ~\a"
  - delay: 179871
    content: 'mount -o uid=0,gid=0,fmask=0077,dmask=0077 /dev/nvme0n1p7 /mnt/boot'
  - delay: 1228
    content: "\b"
  - delay: 1337
    content: "\b"
  - delay: 126
    content: "\b"
  - delay: 230
    content: "\b"
  - delay: 145
    content: "\b"
  - delay: 655
    content: "\b"
  - delay: 268
    content: "\b"
  - delay: 136
    content: "\b"
  - delay: 216
    content: "\b"
  - delay: 154
    content: "\b"
  - delay: 229
    content: "\b"
  - delay: 1555
    content: "\e[1C"
  - delay: 865
    content: "\e[?25l\b /mnt/boot \e[40;77H\e[?25h"
  - delay: 1190
    content: "\e[?25l5 /mnt/boot\e[40;78H\e[?25h"
  - delay: 742
    content: "\e[?1l\e>\e[?2004l\e[10C\e[K\r\n\e]0;root@archiso: mount -o uid=0,gid=0,fmask=0077,dmask=0077 /dev/nvme0n1p5 /mnt/boot\a"
  - delay: 59
    content: "                                                                                                                                                                            \e[40;1H\e[?1h\e=\e[?2004h"
  - delay: 19
    content: "\e[31m\e[1mroot\e[m@archiso \e[1m~ \e[22m#                                                                                                                                                            \e[40;18H\e]0;root@archiso: ~\a"
  - delay: 14969
    content: c
  - delay: 88
    content: "\bcl"
  - delay: 133
    content: e
  - delay: 271
    content: a
  - delay: 907
    content: "\e[?1l\e>\e[?2004lr\r\n\e]0;root@archiso: clear\a"
  - delay: 5
    content: "\e[?25l\e[H\e[?25h\e[2J\e[3J\e[?1h\e=\e[?2004h"
  - delay: 18
    content: "\e[?25l\e[31m\e[1mroot\e[m@archiso \e[1m~ \e[22m#                                                                                                                                                            \r\n\e[K\r\n\e[K\r\n\e[K\r\n\e[K\r\n\e[K\r\n\e[K\r\n\e[K\r\n\e[K\r\n\e[K\r\n\e[K\r\n\e[K\r\n\e[K\r\n\e[K\r\n\e[K\r\n\e[K\r\n\e[K\r\n\e[K\r\n\e[K\r\n\e[K\r\n\e[K\r\n\e[K\r\n\e[K\r\n\e[K\r\n\e[K\r\n\e[K\r\n\e[K\r\n\e[K\r\n\e[K\r\n\e[K\r\n\e[K\r\n\e[K\r\n\e[K\r\n\e[K\r\n\e[K\r\n\e[K\r\n\e[K\r\n\e[K\r\n\e[K\r\n\e[K\e[1;18H\e]0;root@archiso: ~\a\e[?25h"
  - delay: 1185
    content: l
  - delay: 154
    content: "\bls"
  - delay: 288
    content: b
  - delay: 148
    content: l
  - delay: 135
    content: k
  - delay: 300
    content: "\e[?1l\e>\e[?2004l"
  - delay: 15
    content: "\r\nNAME          MAJ:MIN RM   SIZE RO TYPE MOUNTPOINTS\r\nloop0           7:0    0 973.1M  1 loop /run/archiso/airootfs\r\nsda             8:0    1  14.3G  0 disk \r\n└─sda1          8:1    1  14.3G  0 part \r\nnvme0n1       259:0    0 476.9G  0 disk \r\n├─nvme0n1p1   259:1    0   128M  0 part \r\n├─nvme0n1p2   259:2    0   100M  0 part \r\n├─nvme0n1p3   259:3    0 417.4G  0 part \r\n├─nvme0n1p4   259:4    0   763M  0 part \r\n├─nvme0n1p5   259:5    0     4G  0 part /mnt/boot\r\n└─nvme0n1p6   259:6    0  54.6G  0 part \r\n\e]0;root@archiso: lsblk\a"
  - delay: 5
    content: "\e[?1h\e=\e[?2004h"
  - delay: 11
    content: "\e[?25l  └─proc-root 253:0    0     5G  0 lvm  /mnt\e[31m\e[1m\r\nroot\e[m@archiso \e[1m~ \e[22m#                                                                                                                                                            \r\n\e[K\r\n\e[K\r\n\e[K\r\n\e[K\r\n\e[K\r\n\e[K\r\n\e[K\r\n\e[K\r\n\e[K\r\n\e[K\r\n\e[K\r\n\e[K\r\n\e[K\r\n\e[K\r\n\e[K\r\n\e[K\r\n\e[K\r\n\e[K\r\n\e[K\r\n\e[K\r\n\e[K\r\n\e[K\r\n\e[K\r\n\e[K\r\n\e[K\r\n\e[K\e[14;18H\e]0;root@archiso: ~\a\e[?25h"
  - delay: 2058
    content: l
  - delay: 502
    content: "\blv"
  - delay: 777
    content: c
  - delay: 38
    content: e
  - delay: 808
    content: "\b \b"
  - delay: 358
    content: r
  - delay: 135
    content: e
  - delay: 181
    content: a
  - delay: 220
    content: t
  - delay: 146
    content: e
  - delay: 833
    content: ' '
  - delay: 900
    content: '-'
  - delay: 354
    content: L
  - delay: 451
    content: ' '
  - delay: 385
    content: '5'
  - delay: 3595
    content: G
  - delay: 1280
    content: ' '
  - delay: 554
    content: p
  - delay: 26
    content: r
  - delay: 361
    content: o
  - delay: 346
    content: c
  - delay: 436
    content: ' '
  - delay: 520
    content: '-'
  - delay: 487
    content: 'n'
  - delay: 470
    content: ' '
  - delay: 440
    content: v
  - delay: 90
    content: a
  - delay: 230
    content: r
  - delay: 184
    content: s
  - delay: 4800
    content: "\e[?1l\e>\e[?2004l"
  - delay: 16
    content: "\r\n\e]0;root@archiso: lvcreate -L 5G proc -n vars\a"
  - delay: 498
    content: "  Logical volume \"vars\" created.\r\n"
  - delay: 65
    content: "                                                                                                                                                                            \e[16;1H\e]0;root@archiso: ~\a\e[?1h\e=\e[?2004h"
  - delay: 9
    content: "\e[?25l\e[31m\e[1mroot\e[m@archiso \e[1m~ \e[22m#                                                                                                                                                            \r\n\e[K\r\n\e[K\r\n\e[K\r\n\e[K\r\n\e[K\r\n\e[K\r\n\e[K\r\n\e[K\r\n\e[K\r\n\e[K\r\n\e[K\r\n\e[K\r\n\e[K\r\n\e[K\r\n\e[K\r\n\e[K\r\n\e[K\r\n\e[K\r\n\e[K\r\n\e[K\r\n\e[K\r\n\e[K\r\n\e[K\r\n\e[K\e[16;18H\e[?25h"
  - delay: 1674
    content: l
  - delay: 36
    content: "\bls"
  - delay: 215
    content: b
  - delay: 131
    content: l
  - delay: 125
    content: k
  - delay: 256
    content: "\e[?1l\e>\e[?2004l\r\n\e]0;root@archiso: lsblk\a"
  - delay: 10
    content: "\e[?1h\e=\e[?2004h"
  - delay: 11
    content: "\e[?25lNAME          MAJ:MIN RM   SIZE RO TYPE MOUNTPOINTS\r\nloop0           7:0    0 973.1M  1 loop /run/archiso/airootfs\r\nsda             8:0    1  14.3G  0 disk \r\n└─sda1          8:1    1  14.3G  0 part \r\nnvme0n1       259:0    0 476.9G  0 disk \r\n├─nvme0n1p1   259:1    0   128M  0 part \r\n├─nvme0n1p2   259:2    0   100M  0 part \r\n├─nvme0n1p3   259:3    0 417.4G  0 part \r\n├─nvme0n1p4   259:4    0   763M  0 part \r\n├─nvme0n1p5   259:5    0     4G  0 part /mnt/boot\r\n└─nvme0n1p6   259:6    0  54.6G  0 part \r\n  ├─proc-root 253:0    0     5G  0 lvm  /mnt\r\n  └─proc-vars 253:1    0     5G  0 lvm  \e[31m\e[1m\r\nroot\e[m@archiso \e[1m~ \e[22m#                                                                                                                                                            \r\n\e[K\r\n\e[K\r\n\e[K\r\n\e[K\r\n\e[K\r\n\e[K\r\n\e[K\r\n\e[K\r\n\e[K\r\n\e[K\e[30;18H\e]0;root@archiso: ~\a\e[?25h"
  - delay: 5304
    content: m
  - delay: 519
    content: "\bmk"
  - delay: 547
    content: fs
  - delay: 1595
    content: .
  - delay: 343
    content: e
  - delay: 289
    content: x
  - delay: 245
    content: t
  - delay: 374
    content: '4'
  - delay: 2068
    content: ' '
  - delay: 545
    content: /
  - delay: 362
    content: d
  - delay: 135
    content: e
  - delay: 213
    content: v
  - delay: 192
    content: /
  - delay: 464
    content: p
  - delay: 147
    content: r
  - delay: 81
    content: o
  - delay: 222
    content: c
  - delay: 254
    content: /
  - delay: 2219
    content: v
  - delay: 114
    content: a
  - delay: 4677
    content: rs
  - delay: 2456
    content: "\e[?1l\e>\e[?2004l\r\n\e]0;root@archiso: mkfs.ext4 /dev/proc/vars\a"
  - delay: 9
    content: "mke2fs 1.47.4 (6-Mar-2025)\r\n"
  - delay: 96
    content: "\e[?25lDiscarding device blocks:       0/1310720\e[32;27H\e[?25h"
  - delay: 34
    content: "\e[?25ldone\e[28X\r\nCreating filesystem with 1310720 4k blocks and 327680 inodes\r\nFilesystem UUID: f8f2f04d-65a6-44ac-8023-a8cc02549229\r\nSuperblock backups stored on blocks: \e[36;9H32768, 98304, 163840, 229376, 294912, 819200, 884736\e[38;1HAllocating group tables: done\e[28X\r\nWriting inode tables:  0/40\e[39;23H\e[?25h"
  - delay: 14
    content: "done\e[28X\r\nCreating journal (16384 blocks): "
  - delay: 118
    content: "done\r\nWriting superblocks and filesystem accounting information:\e[1C"
  - delay: 16
    content: "done\r\n\e[?1h\e=\e[?2004h"
  - delay: 14
    content: "\n\e[31m\e[1mroot\e[m@archiso \e[1m~ \e[22m#                                                                                                                                                            \e[40;18H\e]0;root@archiso: ~\a"
  - delay: 4818
    content: mou
  - delay: 279
    content: 'n'
  - delay: 354
    content: t
  - delay: 3872
    content: ' -'
  - delay: 2318
    content: mk
  - delay: 282
    content: d
  - delay: 66
    content: i
  - delay: 113
    content: r
  - delay: 572
    content: ' '
  - delay: 337
    content: '-'
  - delay: 1616
    content: o
  - delay: 1902
    content: ' '
  - delay: 395
    content: r
  - delay: 493
    content: q
  - delay: 865
    content: "\b \b"
  - delay: 285
    content: w
  - delay: 423
    content: ','
  - delay: 1409
    content: 'n'
  - delay: 236
    content: o
  - delay: 319
    content: s
  - delay: 214
    content: u
  - delay: 212
    content: i
  - delay: 207
    content: d
  - delay: 913
    content: ','
  - delay: 1432
    content: 'n'
  - delay: 166
    content: o
  - delay: 187
    content: d
  - delay: 132
    content: e
  - delay: 264
    content: v
  - delay: 620
    content: ','
  - delay: 1682
    content: r
  - delay: 103
    content: e
  - delay: 224
    content: l
  - delay: 118
    content: a
  - delay: 160
    content: t
  - delay: 157
    content: i
  - delay: 185
    content: m
  - delay: 186
    content: e
  - delay: 1787
    content: ' '
  - delay: 280
    content: /
  - delay: 275
    content: de
  - delay: 170
    content: v
  - delay: 246
    content: /
  - delay: 1282
    content: p
  - delay: 387
    content: r
  - delay: 155
    content: o
  - delay: 250
    content: c
  - delay: 373
    content: /
  - delay: 261
    content: v
  - delay: 252
    content: a
  - delay: 149
    content: r
  - delay: 143
    content: s
  - delay: 2035
    content: ' '
  - delay: 151
    content: /
  - delay: 532
    content: m
  - delay: 159
    content: 'n'
  - delay: 163
    content: t
  - delay: 499
    content: /
  - delay: 770
    content: v
  - delay: 150
    content: a
  - delay: 143
    content: r
  - delay: 166
    content: s
  - delay: 668
    content: "\b \b"
  - delay: 8669
    content: "\e[?1l\e>\e[?2004l\r\n\e]0;root@archiso: mount -mkdir -o rw,nosuid,nodev,relatime /dev/proc/vars /mnt/var\amount: /mnt/var: failed to parse mount options 'rw,X-mount.mkdir=\"kdir\",nosuid,nodev,relatime'.\r\e[?1h\e=\e[?2004h"
  - delay: 49
    content: "\n\e[31m\e[1m1 root\e[m@archiso \e[1m~ \e[22m#                                                                                                                                                       :( \e[40;20H\e]0;root@archiso: ~\a"
  - delay: 9314
    content: 'mount -mkdir -o rw,nosuid,nodev,relatime /dev/proc/vars /mnt/var'
  - delay: 48385
    content: "\b"
  - delay: 573
    content: "\e[?25l\e[40;79H\e[?25h"
  - delay: 28
    content: "\b"
  - delay: 20
    content: "\b"
  - delay: 12
    content: "\b"
  - delay: 91
    content: "\e[?25l\e[40;74H\e[?25h"
  - delay: 102
    content: "\e[?25l\e[40;70H\e[?25h"
  - delay: 200
    content: "\e[?25l\e[40;65H\e[?25h"
  - delay: 22
    content: "\b"
  - delay: 19
    content: "\b"
  - delay: 124
    content: "\e[?25l\e[40;59H\e[?25h"
  - delay: 34
    content: "\b"
  - delay: 29
    content: "\b"
  - delay: 35
    content: "\b"
  - delay: 95
    content: "\e[?25l\e[40;53H\e[?25h"
  - delay: 33
    content: "\b"
  - delay: 96
    content: "\e[?25l\e[40;50H\e[?25h"
  - delay: 21
    content: "\b"
  - delay: 11
    content: "\b"
  - delay: 72
    content: "\b"
  - delay: 234
    content: "\b"
  - delay: 545
    content: "\b"
  - delay: 34
    content: "\b"
  - delay: 35
    content: "\b"
  - delay: 33
    content: "\b"
  - delay: 34
    content: "\e[?25l\e[40;40H\e[?25h"
  - delay: 28
    content: "\b"
  - delay: 256
    content: "\b"
  - delay: 503
    content: "\b"
  - delay: 62
    content: "\b"
  - delay: 31
    content: "\b"
  - delay: 19
    content: "\b"
  - delay: 183
    content: "\b"
  - delay: 184
    content: "\b"
  - delay: 184
    content: "\b"
  - delay: 199
    content: "\b"
  - delay: 193
    content: "\b"
  - delay: 144
    content: "\b"
  - delay: 193
    content: "\b"
  - delay: 290
    content: "\b"
  - delay: 1165
    content: "\e[?25l\e[1C-mkdir -o rw,nosuid,nodev,relatime /dev/proc/vars /mnt/var\e[40;27H\e[?25h"
  - delay: 1322
    content: "\e[?1l\e>\e[?2004l\e[58C\e[K\r\n\e]0;root@archiso: mount --mkdir -o rw,nosuid,nodev,relatime /dev/proc/vars /mnt/var\a"
  - delay: 82
    content: "                                                                                                                                                                            \e[40;1H\e[?1h\e=\e[?2004h"
  - delay: 16
    content: "\e[31m\e[1mroot\e[m@archiso \e[1m~ \e[22m#                                                                                                                                                            \e[40;18H\e]0;root@archiso: ~\a"
  - delay: 13917
    content: ls
  - delay: 1030
    content: b
  - delay: 710
    content: lk
  - delay: 300
    content: "\e[?1l\e>\e[?2004l\r\n\e]0;root@archiso: lsblk\a"
  - delay: 7
    content: "NAME          MAJ:MIN RM   SIZE RO TYPE MOUNTPOINTS\r\nloop0           7:0    0 973.1M  1 loop /run/archiso/airootfs\r\nsda             8:0    1  14.3G  0 disk\r\n└─sda1          8:1    1  14.3G  0 part\r\nnvme0n1       259:0    0 476.9G  0 disk\r\n├─nvme0n1p1   259:1    0   128M  0 part\r\n├─nvme0n1p2   259:2    0   100M  0 part\r\n├─nvme0n1p3   259:3    0 417.4G  0 part\r\n├─nvme0n1p4   259:4    0   763M  0 part\r\n├─nvme0n1p5   259:5    0     4G  0 part /mnt/boot\r\n└─nvme0n1p6   259:6    0  54.6G  0 part\r\n  ├─proc-root 253:0    0     5G  0 lvm  /mnt\r\n  └─proc-vars 253:1    0     5G  0 lvm  /mnt/var\r\e[?1h\e=\e[?2004h"
  - delay: 20
    content: "\n\e[31m\e[1mroot\e[m@archiso \e[1m~ \e[22m#                                                                                                                                                            \e[40;18H\e]0;root@archiso: ~\a"
  - delay: 6017
    content: l
  - delay: 266
    content: "\blv"
  - delay: 227
    content: c
  - delay: 280
    content: ffr
  - delay: 136
    content: e
  - delay: 800
    content: "\b \b"
  - delay: 166
    content: "\b \b"
  - delay: 333
    content: "\b \b"
  - delay: 482
    content: "\b \b"
  - delay: 157
    content: r
  - delay: 107
    content: e
  - delay: 205
    content: a
  - delay: 167
    content: t
  - delay: 132
    content: e
  - delay: 2069
    content: ' '
  - delay: 242
    content: '-'
  - delay: 533
    content: L
  - delay: 761
    content: ' '
  - delay: 861
    content: '1'
  - delay: 919
    content: G
  - delay: 2132
    content: ' '
  - delay: 705
    content: P
  - delay: 155
    content: R
  - delay: 171
    content: O
  - delay: 258
    content: C
  - delay: 769
    content: "\b \b"
  - delay: 160
    content: "\b \b"
  - delay: 161
    content: "\b \b"
  - delay: 119
    content: "\b \b"
  - delay: 768
    content: p
  - delay: 867
    content: r
  - delay: 81
    content: o
  - delay: 243
    content: c
  - delay: 533
    content: ' '
  - delay: 1314
    content: '-'
  - delay: 358
    content: 'n'
  - delay: 738
    content: ' '
  - delay: 539
    content: v
  - delay: 336
    content: t
  - delay: 135
    content: m
  - delay: 326
    content: p
  - delay: 9064
    content: "\e[?1l\e>\e[?2004l\r\n\e]0;root@archiso: lvcreate -L 1G proc -n vtmp\a"
  - delay: 38
    content: >-
      WARNING: ext4 signature detected on /dev/proc/vtmp at offset 1080. Wipe
      it? [y/n]: 
  - delay: 18390
    content: 'y'
  - delay: 799
    content: "\r\n  Wiping ext4 signature on /dev/proc/vtmp.\r\n  Logical volume \"vtmp\" created.\r"
  - delay: 26
    content: |+

  - delay: 32
    content: "\e[?1h\e=\e[?2004h\e[31m\e[1mroot\e[m@archiso \e[1m~ \e[22m#                                                                                                                                                            \e[40;18H\e]0;root@archiso: ~\a"
  - delay: 7948
    content: lvcreate -L 1G proc -n vtmp
  - delay: 1077
    content: "\e[?25l\e[40;18Hlsblk\e[22X\e[?25h"
  - delay: 537
    content: "\e[?25l\e[40;18Hlvcreate -L 1G proc -n vtmp\e[?25h"
  - delay: 886
    content: "\e[?25l\e[40;18H\e[27X\e[?25h"
  - delay: 1050
    content: m
  - delay: 151
    content: "\bmk"
  - delay: 667
    content: f
  - delay: 434
    content: s
  - delay: 891
    content: .
  - delay: 268
    content: e
  - delay: 253
    content: x
  - delay: 179
    content: t
  - delay: 308
    content: '4'
  - delay: 2205
    content: ' '
  - delay: 235
    content: /
  - delay: 217
    content: d
  - delay: 88
    content: e
  - delay: 901
    content: v
  - delay: 349
    content: /
  - delay: 1256
    content: pro
  - delay: 416
    content: c
  - delay: 2633
    content: /
  - delay: 675
    content: v
  - delay: 334
    content: t
  - delay: 207
    content: m
  - delay: 200
    content: p
  - delay: 1086
    content: /
  - delay: 580
    content: m
  - delay: 84
    content: 'n'
  - delay: 302
    content: t
  - delay: 3029
    content: "\b \b"
  - delay: 174
    content: "\b \b"
  - delay: 329
    content: "\b \b"
  - delay: 737
    content: "\b \b"
  - delay: 4293
    content: "\e[?1l\e>\e[?2004l\r\n\e]0;root@archiso: mkfs.ext4 /dev/proc/vtmp\amke2fs 1.47.4 (6-Mar-2025)\r"
  - delay: 20
    content: |+

  - delay: 85
    content: "\e[?25lDiscarding device blocks:      0/262144\e[40;27H\e[?25h"
  - delay: 23
    content: "done\e[28X\r\nCreating filesystem with 262144 4k blocks and 65536 inodes\r\nFilesystem UUID: abf77f3e-80b1-4b5f-9c4f-facbb3985109\r\nSuperblock backups stored on blocks:\r\n        32768, 98304, 163840, 229376\r\n"
  - delay: 5
    content: "\nAllocating group tables:\e[1Cdone\e[28X\r\nWriting inode tables: done\r"
  - delay: 18
    content: "\nCreating journal (8192 blocks):\e[1C"
  - delay: 50
    content: "done\r\nWriting superblocks and filesystem accounting information: done\r\n\n                                                                                                                                                                            \e[40;1H"
  - delay: 9
    content: "\e[?1h\e=\e[?2004h"
  - delay: 17
    content: "\e[31m\e[1mroot\e[m@archiso \e[1m~ \e[22m#                                                                                                                                                            \e[40;18H\e]0;root@archiso: ~\a"
  - delay: 2504
    content: m
  - delay: 251
    content: "\bmo"
  - delay: 100
    content: u
  - delay: 172
    content: 'n'
  - delay: 217
    content: t
  - delay: 364
    content: ' '
  - delay: 686
    content: '-'
  - delay: 171
    content: '-'
  - delay: 508
    content: k
  - delay: 776
    content: "\b \b"
  - delay: 421
    content: m
  - delay: 255
    content: k
  - delay: 291
    content: d
  - delay: 224
    content: i
  - delay: 272
    content: r
  - delay: 777
    content: ' '
  - delay: 214
    content: '-'
  - delay: 408
    content: o
  - delay: 490
    content: ' '
  - delay: 1499
    content: r
  - delay: 108
    content: e
  - delay: 1266
    content: "\b \b"
  - delay: 231
    content: w
  - delay: 335
    content: ','
  - delay: 247
    content: 'n'
  - delay: 248
    content: o
  - delay: 312
    content: d
  - delay: 112
    content: e
  - delay: 218
    content: v
  - delay: 606
    content: ','
  - delay: 1407
    content: 'n'
  - delay: 265
    content: o
  - delay: 143
    content: s
  - delay: 192
    content: u
  - delay: 191
    content: i
  - delay: 163
    content: d
  - delay: 601
    content: ','
  - delay: 1255
    content: 'n'
  - delay: 211
    content: o
  - delay: 233
    content: e
  - delay: 425
    content: x
  - delay: 272
    content: e
  - delay: 385
    content: c
  - delay: 641
    content: ','
  - delay: 1220
    content: r
  - delay: 83
    content: e
  - delay: 384
    content: l
  - delay: 106
    content: a
  - delay: 223
    content: t
  - delay: 128
    content: i
  - delay: 193
    content: m
  - delay: 160
    content: e
  - delay: 1190
    content: ' '
  - delay: 1130
    content: /
  - delay: 150
    content: d
  - delay: 187
    content: w
  - delay: 866
    content: "\b \b"
  - delay: 133
    content: e
  - delay: 446
    content: v
  - delay: 177
    content: /
  - delay: 1216
    content: p
  - delay: 132
    content: r
  - delay: 93
    content: o
  - delay: 292
    content: c
  - delay: 420
    content: /
  - delay: 1233
    content: v
  - delay: 247
    content: t
  - delay: 162
    content: m
  - delay: 304
    content: p
  - delay: 1531
    content: ' '
  - delay: 165
    content: /
  - delay: 406
    content: m
  - delay: 135
    content: 'n'
  - delay: 241
    content: t
  - delay: 793
    content: /
  - delay: 383
    content: v
  - delay: 123
    content: a
  - delay: 242
    content: r
  - delay: 197
    content: /
  - delay: 1426
    content: t
  - delay: 133
    content: m
  - delay: 380
    content: p
  - delay: 4874
    content: "\e[?1l\e>\e[?2004l\r\n\e]0;root@archiso: mount --mkdir -o rw,nodev,nosuid,noexec,relatime /dev/proc/vtmp /mnt/var/tmp\a"
  - delay: 68
    content: "\e[?1h\e=\e[?2004h\e[31m\e[1mroot\e[m@archiso \e[1m~ \e[22m#                                                                                                                                                            \e[40;18H\e]0;root@archiso: ~\a"
  - delay: 3850
    content: l
  - delay: 141
    content: "\bls"
  - delay: 388
    content: bl
  - delay: 1007
    content: k
  - delay: 327
    content: "\e[?1l\e>\e[?2004l\r\n\e]0;root@archiso: lsblk\a"
  - delay: 6
    content: "NAME          MAJ:MIN RM   SIZE RO TYPE MOUNTPOINTS\r\nloop0           7:0    0 973.1M  1 loop /run/archiso/airootfs\r\nsda             8:0    1  14.3G  0 disk\r\n└─sda1          8:1    1  14.3G  0 part\r\nnvme0n1       259:0    0 476.9G  0 disk\r\n├─nvme0n1p1   259:1    0   128M  0 part\r\n├─nvme0n1p2   259:2    0   100M  0 part\r\n├─nvme0n1p3   259:3    0 417.4G  0 part\r\n├─nvme0n1p4   259:4    0   763M  0 part\r\n├─nvme0n1p5   259:5    0     4G  0 part /mnt/boot\r\n└─nvme0n1p6   259:6    0  54.6G  0 part\r\n  ├─proc-root 253:0    0     5G  0 lvm  /mnt\r\n  ├─proc-vars 253:1    0     5G  0 lvm  /mnt/var\r\n  └─proc-vtmp 253:2    0     1G  0 lvm  /mnt/var/tmp\r\e[?1h\e=\e[?2004h"
  - delay: 13
    content: "\n\e[31m\e[1mroot\e[m@archiso \e[1m~ \e[22m#                                                                                                                                                            \e[40;18H\e]0;root@archiso: ~\a"
  - delay: 3208
    content: l
  - delay: 252
    content: "\blv"
  - delay: 258
    content: c
  - delay: 74
    content: r
  - delay: 125
    content: e
  - delay: 161
    content: a
  - delay: 127
    content: t
  - delay: 162
    content: e
  - delay: 1522
    content: ' '
  - delay: 286
    content: '-'
  - delay: 593
    content: L
  - delay: 965
    content: ' '
  - delay: 852
    content: '1'
  - delay: 979
    content: G
  - delay: 1222
    content: ' '
  - delay: 553
    content: p
  - delay: 176
    content: r
  - delay: 117
    content: o
  - delay: 249
    content: c
  - delay: 351
    content: ' '
  - delay: 377
    content: '-'
  - delay: 387
    content: 'n'
  - delay: 239
    content: ' '
  - delay: 977
    content: v
  - delay: 194
    content: l
  - delay: 190
    content: o
  - delay: 275
    content: g
  - delay: 431
    content: "\e[?1l\e>\e[?2004l\r\n"
  - delay: 23
    content: "\e]0;root@archiso: lvcreate -L 1G proc -n vlog\a"
  - delay: 69
    content: "  Logical volume \"vlog\" created.\r\n"
  - delay: 36
    content: "\e[31m\e[1mroot\e[m@archiso \e[1m~ \e[22m#                                                                                                                                                            \e[40;18H\e]0;root@archiso: ~\a\e[?1h\e=\e[?2004h"
  - delay: 2502
    content: m
  - delay: 230
    content: "\bmk"
  - delay: 226
    content: f
  - delay: 94
    content: s
  - delay: 1466
    content: .
  - delay: 709
    content: e
  - delay: 364
    content: x
  - delay: 539
    content: t
  - delay: 773
    content: '4'
  - delay: 982
    content: ' '
  - delay: 703
    content: /
  - delay: 223
    content: d
  - delay: 118
    content: e
  - delay: 686
    content: /
  - delay: 799
    content: p
  - delay: 147
    content: r
  - delay: 160
    content: o
  - delay: 245
    content: c
  - delay: 303
    content: /
  - delay: 1386
    content: v
  - delay: 143
    content: l
  - delay: 245
    content: o
  - delay: 215
    content: g
  - delay: 1685
    content: "\b"
  - delay: 534
    content: "\b"
  - delay: 60
    content: "\b"
  - delay: 35
    content: "\b"
  - delay: 32
    content: "\b"
  - delay: 154
    content: "\b"
  - delay: 194
    content: "\b"
  - delay: 184
    content: "\b"
  - delay: 182
    content: "\b"
  - delay: 294
    content: "\b"
  - delay: 1026
    content: "\e[?25lv/proc/vlog\e[40;32H\e[?25h"
  - delay: 1570
    content: "\e[?1l\e>\e[?2004l\r\n\e]0;root@archiso: mkfs.ext4 /dev/proc/vlog\amke2fs 1.47.4 (6-Mar-2025)\r"
  - delay: 16
    content: |+

  - delay: 151
    content: "\e[?25lDiscarding device blocks:      0/262144\e[40;27H\e[?25h"
  - delay: 61
    content: "done\e[28X\r\nCreating filesystem with 262144 4k blocks and 65536 inodes\r\nFilesystem UUID: 039a9339-6998-4964-8042-981b1ab3de14\r\nSuperblock backups stored on blocks:\r"
  - delay: 5
    content: "\n        32768, 98304, 163840,\e[1C229376\r\n\nAllocating group tables: done\r"
  - delay: 15
    content: "\nWriting inode tables: done\r"
  - delay: 5
    content: "\nCreating journal (8192 blocks):\e[1C"
  - delay: 190
    content: "done\r\nWriting superblocks and filesystem accounting information:\e[1Cdone\r\n\e[?1h\e=\e[?2004h"
  - delay: 13
    content: "\n\e[31m\e[1mroot\e[m@archiso \e[1m~ \e[22m#                                                                                                                                                            \e[40;18H\e]0;root@archiso: ~\a"
  - delay: 5982
    content: m
  - delay: 263
    content: "\bmo"
  - delay: 277
    content: u
  - delay: 572
    content: 'n'
  - delay: 934
    content: t
  - delay: 528
    content: ' '
  - delay: 571
    content: '--'
  - delay: 635
    content: m
  - delay: 130
    content: k
  - delay: 147
    content: d
  - delay: 155
    content: i
  - delay: 193
    content: r
  - delay: 1163
    content: ' '
  - delay: 372
    content: '-'
  - delay: 1507
    content: o
  - delay: 859
    content: ' '
  - delay: 251
    content: r
  - delay: 370
    content: w
  - delay: 586
    content: ','
  - delay: 931
    content: 'n'
  - delay: 898
    content: o
  - delay: 231
    content: d
  - delay: 143
    content: e
  - delay: 356
    content: v
  - delay: 188
    content: ','
  - delay: 789
    content: 'n'
  - delay: 211
    content: o
  - delay: 240
    content: e
  - delay: 232
    content: x
  - delay: 219
    content: e
  - delay: 206
    content: c
  - delay: 514
    content: ','
  - delay: 1178
    content: r
  - delay: 121
    content: e
  - delay: 200
    content: l
  - delay: 93
    content: a
  - delay: 189
    content: t
  - delay: 131
    content: i
  - delay: 186
    content: m
  - delay: 232
    content: e
  - delay: 1127
    content: ' '
  - delay: 291
    content: /
  - delay: 178
    content: d
  - delay: 159
    content: e
  - delay: 216
    content: v
  - delay: 130
    content: /
  - delay: 1120
    content: p
  - delay: 129
    content: r
  - delay: 861
    content: o
  - delay: 167
    content: c
  - delay: 1923
    content: /
  - delay: 363
    content: v
  - delay: 188
    content: l
  - delay: 374
    content: o
  - delay: 164
    content: g
  - delay: 1950
    content: ' '
  - delay: 478
    content: /
  - delay: 796
    content: 'n'
  - delay: 490
    content: "\b \b"
  - delay: 303
    content: m
  - delay: 165
    content: 'n'
  - delay: 192
    content: t
  - delay: 1049
    content: /
  - delay: 361
    content: v
  - delay: 463
    content: a
  - delay: 194
    content: r
  - delay: 1691
    content: /
  - delay: 449
    content: l
  - delay: 356
    content: o
  - delay: 227
    content: g
  - delay: 2560
    content: "\e[?1l\e>\e[?2004l\r\n\e]0;root@archiso: mount --mkdir -o rw,nodev,noexec,relatime /dev/proc/vlog /mnt/var/log\a"
  - delay: 71
    content: "                                                                                                                                                                            \e[40;1H\e[?1h\e=\e[?2004h"
  - delay: 7
    content: "\e[31m\e[1mroot\e[m@archiso \e[1m~ \e[22m#                                                                                                                                                            \e[40;18H\e]0;root@archiso: ~\a"
  - delay: 3535
    content: ls
  - delay: 898
    content: b
  - delay: 32
    content: l
  - delay: 267
    content: k
  - delay: 242
    content: "\e[?1l\e>\e[?2004l\r\n\e]0;root@archiso: lsblk\a"
  - delay: 7
    content: "NAME          MAJ:MIN RM   SIZE RO TYPE MOUNTPOINTS\r\nloop0           7:0    0 973.1M  1 loop /run/archiso/airootfs\r\nsda             8:0    1  14.3G  0 disk\r\n└─sda1          8:1    1  14.3G  0 part\r\nnvme0n1       259:0    0 476.9G  0 disk\r\n├─nvme0n1p1   259:1    0   128M  0 part\r\n├─nvme0n1p2   259:2    0   100M  0 part\r\n├─nvme0n1p3   259:3    0 417.4G  0 part\r\n├─nvme0n1p4   259:4    0   763M  0 part\r\n├─nvme0n1p5   259:5    0     4G  0 part /mnt/boot\r\n└─nvme0n1p6   259:6    0  54.6G  0 part\r\n  ├─proc-root 253:0    0     5G  0 lvm  /mnt\r\n  ├─proc-vars 253:1    0     5G  0 lvm  /mnt/var\r\n  ├─proc-vtmp 253:2    0     1G  0 lvm  /mnt/var/tmp\r\n  └─proc-vlog 253:3    0     1G  0 lvm  /mnt/var/log\r\e[?1h\e=\e[?2004h"
  - delay: 24
    content: "\n\e[31m\e[1mroot\e[m@archiso \e[1m~ \e[22m#                                                                                                                                                            \e[40;18H\e]0;root@archiso: ~\a"
  - delay: 2171
    content: l
  - delay: 776
    content: "\blv"
  - delay: 190
    content: c
  - delay: 505
    content: r
  - delay: 174
    content: e
  - delay: 130
    content: a
  - delay: 192
    content: t
  - delay: 154
    content: e
  - delay: 1525
    content: ' '
  - delay: 318
    content: '-'
  - delay: 742
    content: L
  - delay: 580
    content: ' '
  - delay: 1159
    content: '5'
  - delay: 193
    content: '1'
  - delay: 94
    content: '2'
  - delay: 903
    content: M
  - delay: 901
    content: ' '
  - delay: 535
    content: p
  - delay: 192
    content: r
  - delay: 146
    content: o
  - delay: 355
    content: c
  - delay: 263
    content: ' '
  - delay: 185
    content: '-'
  - delay: 431
    content: b
  - delay: 630
    content: "\b \b"
  - delay: 346
    content: 'n'
  - delay: 225
    content: ' '
  - delay: 3006
    content: v
  - delay: 127
    content: v
  - delay: 220
    content: a
  - delay: 182
    content: u
  - delay: 372
    content: "\b \b"
  - delay: 268
    content: "\b \b"
  - delay: 261
    content: "\b \b"
  - delay: 156
    content: a
  - delay: 353
    content: ud
  - delay: 961
    content: "\e[?1l\e>\e[?2004l\r\n\e]0;root@archiso: lvcreate -L 512M proc -n vaud\a"
  - delay: 32
    content: "  Logical volume \"vaud\" created.\r\n"
  - delay: 29
    content: "\e[?1h\e=\e[?2004h\e[31m\e[1mroot\e[m@archiso \e[1m~ \e[22m#                                                                                                                                                            \e[40;18H\e]0;root@archiso: ~\a"
  - delay: 3044
    content: l
  - delay: 119
    content: "\bls"
  - delay: 286
    content: b
  - delay: 87
    content: l
  - delay: 450
    content: k
  - delay: 419
    content: "\e[?1l\e>\e[?2004l\r"
  - delay: 6
    content: "\n\e]0;root@archiso: lsblk\aNAME          MAJ:MIN RM   SIZE RO TYPE MOUNTPOINTS\r\nloop0           7:0    0 973.1M  1 loop /run/archiso/airootfs\r\nsda             8:0    1  14.3G  0 disk\r\n└─sda1          8:1    1  14.3G  0 part\r\nnvme0n1       259:0    0 476.9G  0 disk\r\n├─nvme0n1p1   259:1    0   128M  0 part\r\n├─nvme0n1p2   259:2    0   100M  0 part\r\n├─nvme0n1p3   259:3    0 417.4G  0 part\r\n├─nvme0n1p4   259:4    0   763M  0 part\r\n├─nvme0n1p5   259:5    0     4G  0 part /mnt/boot\r\n└─nvme0n1p6   259:6    0  54.6G  0 part\r\n  ├─proc-root 253:0    0     5G  0 lvm  /mnt\r\n  ├─proc-vars 253:1    0     5G  0 lvm  /mnt/var\r\n  ├─proc-vtmp 253:2    0     1G  0 lvm  /mnt/var/tmp\r\n  ├─proc-vlog 253:3    0     1G  0 lvm  /mnt/var/log\r\n  └─proc-vaud 253:4    0   512M  0 lvm\r"
  - delay: 18
    content: "\e[?1h\e=\e[?2004h\n\e[31m\e[1mroot\e[m@archiso \e[1m~ \e[22m#                                                                                                                                                            \e[40;18H\e]0;root@archiso: ~\a"
  - delay: 3803
    content: m
  - delay: 42
    content: "\bmk"
  - delay: 576
    content: s
  - delay: 573
    content: "\b \b"
  - delay: 3111
    content: f
  - delay: 619
    content: s
  - delay: 964
    content: .
  - delay: 236
    content: e
  - delay: 223
    content: x
  - delay: 322
    content: t
  - delay: 290
    content: '4'
  - delay: 939
    content: ' '
  - delay: 795
    content: /
  - delay: 198
    content: d
  - delay: 124
    content: e
  - delay: 223
    content: v
  - delay: 231
    content: /
  - delay: 921
    content: p
  - delay: 156
    content: r
  - delay: 96
    content: o
  - delay: 275
    content: c
  - delay: 419
    content: /
  - delay: 1098
    content: v
  - delay: 193
    content: a
  - delay: 143
    content: u
  - delay: 193
    content: d
  - delay: 1955
    content: "\e[?1l\e>\e[?2004l\r\n\e]0;root@archiso: mkfs.ext4 /dev/proc/vaud\amke2fs 1.47.4 (6-Mar-2025)\r"
  - delay: 16
    content: |+

  - delay: 85
    content: "\e[?25lDiscarding device blocks:      0/131072\e[40;27H\e[?25hdone\e[28X\r\nCreating filesystem with 131072 4k blocks and 32768 inodes\r\nFilesystem UUID: c69823a1-ff31-49a2-8cdb-c5e68ca70112\r\nSuperblock backups stored on blocks:\r\n        32768, 98304\r\n\nAllocating group tables: done\r\nWriting inode tables: done\r"
  - delay: 21
    content: "\nCreating journal (4096 blocks):\e[1C"
  - delay: 15
    content: "done\r\e[?25l\nWriting superblocks and filesystem accounting information: 0/4\e[40;60H\e[?25hdone\r\n\e[?1h\e=\e[?2004h"
  - delay: 13
    content: "\n\e[31m\e[1mroot\e[m@archiso \e[1m~ \e[22m#                                                                                                                                                            \e[40;18H\e]0;root@archiso: ~\a"
  - delay: 3154
    content: m
  - delay: 312
    content: "\bmo"
  - delay: 124
    content: u
  - delay: 320
    content: 'n'
  - delay: 321
    content: t
  - delay: 786
    content: ' '
  - delay: 414
    content: '-'
  - delay: 124
    content: '-'
  - delay: 461
    content: m
  - delay: 191
    content: k
  - delay: 179
    content: d
  - delay: 191
    content: i
  - delay: 204
    content: r
  - delay: 681
    content: '-'
  - delay: 388
    content: o
  - delay: 785
    content: "\b \b"
  - delay: 161
    content: "\b \b"
  - delay: 121
    content: ' '
  - delay: 403
    content: '-'
  - delay: 367
    content: o
  - delay: 285
    content: ' '
  - delay: 1336
    content: e
  - delay: 512
    content: "\b \b"
  - delay: 151
    content: t
  - delay: 525
    content: "\b \b"
  - delay: 123
    content: r
  - delay: 140
    content: w
  - delay: 1060
    content: ','
  - delay: 383
    content: 'n'
  - delay: 868
    content: o
  - delay: 179
    content: d
  - delay: 183
    content: e
  - delay: 1026
    content: v
  - delay: 378
    content: ','
  - delay: 489
    content: 'n'
  - delay: 564
    content: o
  - delay: 191
    content: s
  - delay: 292
    content: u
  - delay: 193
    content: i
  - delay: 222
    content: d
  - delay: 805
    content: ','
  - delay: 394
    content: 'n'
  - delay: 394
    content: o
  - delay: 233
    content: e
  - delay: 300
    content: x
  - delay: 737
    content: e
  - delay: 340
    content: c
  - delay: 1810
    content: ','
  - delay: 252
    content: r
  - delay: 55
    content: e
  - delay: 214
    content: l
  - delay: 82
    content: a
  - delay: 485
    content: t
  - delay: 221
    content: i
  - delay: 223
    content: m
  - delay: 389
    content: e
  - delay: 3444
    content: ' '
  - delay: 254
    content: /
  - delay: 327
    content: de
  - delay: 281
    content: v
  - delay: 694
    content: /
  - delay: 197
    content: /
  - delay: 679
    content: m
  - delay: 1171
    content: "\b \b"
  - delay: 5406
    content: "\b \b"
  - delay: 873
    content: v
  - delay: 278
    content: a
  - delay: 84
    content: u
  - delay: 466
    content: d
  - delay: 1417
    content: ' '
  - delay: 177
    content: /
  - delay: 710
    content: m
  - delay: 187
    content: 'n'
  - delay: 199
    content: t
  - delay: 6876
    content: "\b"
  - delay: 720
    content: "\e[?25l\e[40;77H\e[?25h"
  - delay: 28
    content: "\b"
  - delay: 234
    content: "\b"
  - delay: 247
    content: "\b"
  - delay: 28
    content: "\b"
  - delay: 161
    content: "\b"
  - delay: 1433
    content: "\e[?25lpvaud /mnt\e[40;73H\e[?25h"
  - delay: 170
    content: "\e[?25lrvaud /mnt\e[40;74H\e[?25h"
  - delay: 118
    content: "\e[?25lovaud /mnt\e[40;75H\e[?25h"
  - delay: 711
    content: "\e[?25lcvaud /mnt\e[40;76H\e[?25h"
  - delay: 508
    content: "\e[?25l/vaud /mnt\e[40;77H\e[?25h"
  - delay: 3421
    content: "\e[1C"
  - delay: 517
    content: "\e[1C"
  - delay: 10
    content: "\e[1C"
  - delay: 90
    content: "\e[3C"
  - delay: 252
    content: "\e[3C"
  - delay: 6917
    content: /
  - delay: 867
    content: va
  - delay: 212
    content: r
  - delay: 641
    content: /
  - delay: 766
    content: l
  - delay: 193
    content: o
  - delay: 120
    content: g
  - delay: 751
    content: /
  - delay: 339
    content: a
  - delay: 228
    content: u
  - delay: 220
    content: d
  - delay: 91
    content: i
  - delay: 377
    content: t
  - delay: 5638
    content: "\e[?1l\e>\e[?2004l\r\n\e]0;root@archiso: mount --mkdir -o rw,nodev,nosuid,noexec,relatime /dev/proc/vaud \a"
  - delay: 63
    content: "\e[?1h\e=\e[?2004h\e[31m\e[1mroot\e[m@archiso \e[1m~ \e[22m#                                                                                                                                                            \e[40;18H\e]0;root@archiso: ~\a"
  - delay: 3207
    content: >-
      mount --mkdir -o rw,nodev,nosuid,noexec,relatime /dev/proc/vaud
      /mnt/var/log/audit
  - delay: 882
    content: "\b \b"
  - delay: 240
    content: "\b \b"
  - delay: 67
    content: "\b \b"
  - delay: 1065
    content: "\b \b"
  - delay: 190
    content: "\b \b"
  - delay: 198
    content: "\b \b"
  - delay: 188
    content: "\b \b"
  - delay: 230
    content: "\b \b"
  - delay: 417
    content: "\b \b"
  - delay: 1641
    content: "\b \b"
  - delay: 181
    content: "\b \b"
  - delay: 350
    content: "\b \b"
  - delay: 322
    content: "\b \b"
  - delay: 433
    content: h
  - delay: 201
    content: o
  - delay: 220
    content: m
  - delay: 162
    content: e
  - delay: 6489
    content: "\e[?25l\e[40;46Hexec,relatime /dev/proc/vlog /mnt/var/log                                                                                      \e[40;87H\e[?25h"
  - delay: 636
    content: "\b \b"
  - delay: 516
    content: "\b \b"
  - delay: 34
    content: "\b \b"
  - delay: 29
    content: "\b \b"
  - delay: 34
    content: "\b \b"
  - delay: 29
    content: "\b \b"
  - delay: 35
    content: "\b \b"
  - delay: 26
    content: "\b \b"
  - delay: 39
    content: "\b \b"
  - delay: 24
    content: "\b \b"
  - delay: 40
    content: "\b \b"
  - delay: 17
    content: "\b \b"
  - delay: 64
    content: "\b"
  - delay: 29
    content: "\b \b"
  - delay: 15
    content: "\b \b"
  - delay: 16
    content: "\b \b"
  - delay: 64
    content: "\e[?25l\e[40;69H  \e[40;69H\e[?25h"
  - delay: 59
    content: "\b \b"
  - delay: 37
    content: "\b \b"
  - delay: 26
    content: "\b \b"
  - delay: 39
    content: "\b \b"
  - delay: 25
    content: "\b \b"
  - delay: 39
    content: "\b \b"
  - delay: 26
    content: "\b \b"
  - delay: 37
    content: "\b \b"
  - delay: 26
    content: "\b \b"
  - delay: 40
    content: "\b"
  - delay: 25
    content: "\b \b"
  - delay: 38
    content: "\b \b"
  - delay: 26
    content: "\b \b"
  - delay: 38
    content: "\b \b"
  - delay: 25
    content: "\b \b"
  - delay: 39
    content: "\b \b"
  - delay: 24
    content: "\b \b"
  - delay: 41
    content: "\b \b"
  - delay: 24
    content: "\b \b"
  - delay: 39
    content: "\b \b"
  - delay: 25
    content: "\b \b"
  - delay: 38
    content: "\b \b"
  - delay: 26
    content: "\b \b"
  - delay: 39
    content: "\b \b"
  - delay: 28
    content: "\b \b"
  - delay: 37
    content: "\b \b"
  - delay: 26
    content: "\b \b"
  - delay: 37
    content: "\b \b"
  - delay: 36
    content: "\b \b"
  - delay: 12
    content: "\b \b"
  - delay: 20
    content: "\b \b"
  - delay: 66
    content: "\b \b"
  - delay: 26
    content: "\b \b"
  - delay: 16
    content: "\b \b"
  - delay: 18
    content: "\b"
  - delay: 65
    content: "\b \b"
  - delay: 29
    content: "\b \b"
  - delay: 33
    content: "\b"
  - delay: 45
    content: "\e[?25l\e[40;29H  \e[40;29H\e[?25h"
  - delay: 50
    content: "\b \b"
  - delay: 31
    content: "\b \b"
  - delay: 27
    content: "\b \b"
  - delay: 38
    content: "\b \b"
  - delay: 26
    content: "\b \b"
  - delay: 38
    content: "\b"
  - delay: 36
    content: "\e[?25l\e[40;21H  \e[40;21H\e[?25h"
  - delay: 64
    content: "\e[?25l\e[40;18Hm  \e[40;19H\e[?25h"
  - delay: 56
    content: "\b \b"
  - delay: 3090
    content: l
  - delay: 219
    content: "\bla"
  - delay: 264
    content: b
  - delay: 126
    content: l
  - delay: 136
    content: k
  - delay: 272
    content: "\e[?1l\e>\e[?2004l\r\nzsh: correct 'lablk' to 'lsblk' [nyae]?\e[1C"
  - delay: 2165
    content: "y\r\n"
  - delay: 9
    content: "NAME          MAJ:MIN RM   SIZE RO TYPE MOUNTPOINTS\r\e]0;root@archiso: lsblk\a\nloop0           7:0    0 973.1M  1 loop /run/archiso/airootfs\r\nsda             8:0    1  14.3G  0 disk\r\n└─sda1          8:1    1  14.3G  0 part\r\nnvme0n1       259:0    0 476.9G  0 disk\r\n├─nvme0n1p1   259:1    0   128M  0 part\r\n├─nvme0n1p2   259:2    0   100M  0 part\r\n├─nvme0n1p3   259:3    0 417.4G  0 part\r\n├─nvme0n1p4   259:4    0   763M  0 part\r\n├─nvme0n1p5   259:5    0     4G  0 part /mnt/boot\r\n└─nvme0n1p6   259:6    0  54.6G  0 part\r\n  ├─proc-root 253:0    0     5G  0 lvm  /mnt\r\n  ├─proc-vars 253:1    0     5G  0 lvm  /mnt/var\r\n  ├─proc-vtmp 253:2    0     1G  0 lvm  /mnt/var/tmp\r\n  ├─proc-vlog 253:3    0     1G  0 lvm  /mnt/var/log\r\n  └─proc-vaud 253:4    0   512M  0 lvm  /mnt/var/log/audit\r\e[?1h\e=\e[?2004h"
  - delay: 43
    content: "\n\e[31m\e[1mroot\e[m@archiso \e[1m~ \e[22m#                                                                                                                                                            \e[40;18H\e]0;root@archiso: ~\a"
  - delay: 3921
    content: k
  - delay: 1268
    content: "\b \b"
  - delay: 270
    content: l
  - delay: 119
    content: "\blv"
  - delay: 256
    content: ' '
  - delay: 122
    content: c
  - delay: 300
    content: r
  - delay: 157
    content: e
  - delay: 195
    content: a
  - delay: 180
    content: t
  - delay: 478
    content: e
  - delay: 995
    content: "\b \b"
  - delay: 257
    content: "\b \b"
  - delay: 167
    content: "\b \b"
  - delay: 639
    content: "\b \b"
  - delay: 197
    content: "\b \b"
  - delay: 169
    content: "\b \b"
  - delay: 283
    content: "\b"
  - delay: 578
    content: c
  - delay: 258
    content: r
  - delay: 129
    content: e
  - delay: 153
    content: a
  - delay: 206
    content: t
  - delay: 167
    content: e
  - delay: 819
    content: ' '
  - delay: 525
    content: '-'
  - delay: 422
    content: L
  - delay: 938
    content: '1'
  - delay: 809
    content: "\b \b"
  - delay: 206
    content: ' '
  - delay: 1160
    content: '1'
  - delay: 519
    content: G
  - delay: 386
    content: ' '
  - delay: 1097
    content: P
  - delay: 195
    content: R
  - delay: 186
    content: O
  - delay: 814
    content: C
  - delay: 256
    content: ' '
  - delay: 192
    content: '-'
  - delay: 352
    content: 'N'
  - delay: 643
    content: ' '
  - delay: 573
    content: H
  - delay: 265
    content: O
  - delay: 441
    content: "\b \b"
  - delay: 165
    content: "\b \b"
  - delay: 563
    content: "\b"
  - delay: 188
    content: "\b \b"
  - delay: 925
    content: "\b \b"
  - delay: 608
    content: "\b"
  - delay: 163
    content: "\b \b"
  - delay: 179
    content: "\b \b"
  - delay: 175
    content: "\b \b"
  - delay: 307
    content: "\b \b"
  - delay: 582
    content: p
  - delay: 160
    content: r
  - delay: 95
    content: o
  - delay: 451
    content: c
  - delay: 1017
    content: ' '
  - delay: 169
    content: '-'
  - delay: 467
    content: 'n'
  - delay: 1362
    content: ' '
  - delay: 523
    content: h
  - delay: 129
    content: o
  - delay: 150
    content: m
  - delay: 273
    content: e
  - delay: 3021
    content: "\e[?1l\e>\e[?2004l\r\n\e]0;root@archiso: lvcreate -L 1G proc -n home\a"
  - delay: 90
    content: "  Logical volume \"home\" created.\r\n"
  - delay: 24
    content: "\e[?1h\e=\e[?2004h"
  - delay: 19
    content: "\e[31m\e[1mroot\e[m@archiso \e[1m~ \e[22m#                                                                                                                                                            \e[40;18H\e]0;root@archiso: ~\a"
  - delay: 1546
    content: m
  - delay: 152
    content: "\bmk"
  - delay: 298
    content: f
  - delay: 686
    content: s
  - delay: 645
    content: .
  - delay: 187
    content: e
  - delay: 289
    content: x
  - delay: 264
    content: t
  - delay: 418
    content: '4'
  - delay: 942
    content: ' '
  - delay: 2707
    content: '-'
  - delay: 142
    content: '-'
  - delay: 338
    content: m
  - delay: 252
    content: k
  - delay: 133
    content: d
  - delay: 82
    content: i
  - delay: 183
    content: r
  - delay: 348
    content: ' '
  - delay: 431
    content: '-'
  - delay: 726
    content: o
  - delay: 453
    content: ' '
  - delay: 2666
    content: rw
  - delay: 483
    content: ','
  - delay: 413
    content: 'n'
  - delay: 499
    content: o
  - delay: 513
    content: e
  - delay: 817
    content: "\b \b"
  - delay: 446
    content: d
  - delay: 97
    content: e
  - delay: 601
    content: v
  - delay: 447
    content: ','
  - delay: 387
    content: 'n'
  - delay: 632
    content: o
  - delay: 199
    content: s
  - delay: 485
    content: u
  - delay: 320
    content: i
  - delay: 211
    content: d
  - delay: 960
    content: ','
  - delay: 558
    content: 'n'
  - delay: 263
    content: o
  - delay: 258
    content: e
  - delay: 248
    content: x
  - delay: 204
    content: e
  - delay: 226
    content: c
  - delay: 1047
    content: ','
  - delay: 752
    content: r
  - delay: 169
    content: e
  - delay: 109
    content: k
  - delay: 116
    content: a
  - delay: 805
    content: "\b \b"
  - delay: 187
    content: "\b \b"
  - delay: 232
    content: l
  - delay: 126
    content: a
  - delay: 192
    content: t
  - delay: 126
    content: i
  - delay: 164
    content: m
  - delay: 317
    content: e
  - delay: 3795
    content: ' '
  - delay: 530
    content: /
  - delay: 339
    content: de
  - delay: 595
    content: v
  - delay: 436
    content: /
  - delay: 1226
    content: p
  - delay: 185
    content: r
  - delay: 180
    content: o
  - delay: 183
    content: c
  - delay: 671
    content: /
  - delay: 562
    content: h
  - delay: 160
    content: o
  - delay: 159
    content: m
  - delay: 161
    content: e
  - delay: 1611
    content: ' '
  - delay: 339
    content: /
  - delay: 408
    content: m
  - delay: 186
    content: 'n'
  - delay: 153
    content: t
  - delay: 1011
    content: ' '
  - delay: 460
    content: /
  - delay: 640
    content: "\b \b"
  - delay: 164
    content: "\b"
  - delay: 629
    content: /
  - delay: 254
    content: h
  - delay: 118
    content: o
  - delay: 412
    content: m
  - delay: 149
    content: e
  - delay: 2294
    content: "\e[?1l\e>\e[?2004l\r\n"
  - delay: 7
    content: "mkfs.ext4: invalid option -- '-'\r\e]0;root@archiso: mkfs.ext4 --mkdir -o rw,nodev,nosuid,noexec,relatime /dev/proc/home /mnt/home\a\nUsage: mkfs.ext4 [-c|-l filename] [-b block-size] [-C cluster-size]\r\n        [-i bytes-per-inode] [-I inode-size] [-J journal-options]\r\n        [-G flex-group-size] [-N number-of-inodes] [-d root-directory|tarball]\r\n        [-m reserved-blocks-percentage] [-o creator-os]\r\n        [-g blocks-per-group] [-L volume-label] [-M last-mounted-directory]\r\n        [-O feature[,...]] [-E extended-option[,...]] [-t fs-type]\r\n        [-T usage-type ] [-U UUID] [-e errors_behavior][-z undo_file]\r\n        [-jnqvDFSV] device [blocks-count]\r\e[?1h\e=\e[?2004h"
  - delay: 16
    content: "\n\e[31m\e[1m1 root\e[m@archiso \e[1m~ \e[22m#                                                                                                                                                       :( \e[40;20H\e]0;root@archiso: ~\a"
  - delay: 5279
    content: >-
      mkfs.ext4 --mkdir -o rw,nodev,nosuid,noexec,relatime /dev/proc/home
      /mnt/home
  - delay: 25365
    content: "\b"
  - delay: 527
    content: "\b"
  - delay: 36
    content: "\b"
  - delay: 30
    content: "\b"
  - delay: 88
    content: "\e[?25l\e[40;91H\e[?25h"
  - delay: 24
    content: "\b"
  - delay: 18
    content: "\b"
  - delay: 29
    content: "\b"
  - delay: 34
    content: "\b"
  - delay: 50
    content: "\b"
  - delay: 27
    content: "\b"
  - delay: 38
    content: "\b"
  - delay: 10
    content: "\b"
  - delay: 55
    content: "\b"
  - delay: 24
    content: "\b"
  - delay: 53
    content: "\b"
  - delay: 30
    content: "\b"
  - delay: 17
    content: "\b"
  - delay: 57
    content: "\b"
  - delay: 21
    content: "\b"
  - delay: 15
    content: "\e[?25l\e[40;74H\e[?25h"
  - delay: 230
    content: "\e[?25l\e[40;68H\e[?25h"
  - delay: 26
    content: "\b"
  - delay: 19
    content: "\b"
  - delay: 36
    content: "\b"
  - delay: 247
    content: "\e[?25l\e[40;58H\e[?25h"
  - delay: 36
    content: "\b"
  - delay: 17
    content: "\b"
  - delay: 15
    content: "\b"
  - delay: 18
    content: "\b"
  - delay: 223
    content: "\e[?25l\e[40;48H\e[?25h"
  - delay: 32
    content: "\b"
  - delay: 42
    content: "\b"
  - delay: 22
    content: "\b"
  - delay: 38
    content: "\b"
  - delay: 242
    content: "\e[?25l\e[40;40H\e[?25h"
  - delay: 26
    content: "\e[?25l\e[40;35H\e[?25h"
  - delay: 207
    content: "\e[?25l\e[40;29H\e[?25h"
  - delay: 35
    content: "\b"
  - delay: 36
    content: "\b"
  - delay: 27
    content: "\b"
  - delay: 16
    content: "\b"
  - delay: 49
    content: "\b"
  - delay: 734
    content: "\e[1C"
  - delay: 144
    content: "\e[1C"
  - delay: 156
    content: "\e[1C"
  - delay: 200
    content: "\e[1C"
  - delay: 164
    content: "\e[1C"
  - delay: 739
    content: "\e[?25l\b --mkdir -o rw,nodev,nosuid,noexec,relatime /dev/proc/home /mnt/home \e[40;28H\e[?25h"
  - delay: 518
    content: "\e[?25l\b --mkdir -o rw,nodev,nosuid,noexec,relatime /dev/proc/home /mnt/home \e[40;27H\e[?25h"
  - delay: 32
    content: "\e[?25l\b --mkdir -o rw,nodev,nosuid,noexec,relatime /dev/proc/home /mnt/home \e[40;26H\e[?25h"
  - delay: 44
    content: "\e[?25l\b --mkdir -o rw,nodev,nosuid,noexec,relatime /dev/proc/home /mnt/home \e[40;25H\e[?25h"
  - delay: 36
    content: "\e[?25l\b --mkdir -o rw,nodev,nosuid,noexec,relatime /dev/proc/home /mnt/home \e[40;24H\e[?25h"
  - delay: 25
    content: "\e[?25l\b --mkdir -o rw,nodev,nosuid,noexec,relatime /dev/proc/home /mnt/home \e[40;23H\e[?25h"
  - delay: 163
    content: "\e[?25l\b --mkdir -o rw,nodev,nosuid,noexec,relatime /dev/proc/home /mnt/home \e[40;22H\e[?25h"
  - delay: 160
    content: "\e[?25l\e[40;20Hm --mkdir -o rw,nodev,nosuid,noexec,relatime /dev/proc/home /mnt/home \e[40;21H\e[?25h"
  - delay: 194
    content: "\e[?25l\b --mkdir -o rw,nodev,nosuid,noexec,relatime /dev/proc/home /mnt/home \e[40;20H\e[?25h"
  - delay: 440
    content: "\e[?25lm --mkdir -o rw,nodev,nosuid,noexec,relatime /dev/proc/home /mnt/home\e[40;21H\e[?25h"
  - delay: 268
    content: "\e[?25l\bmo --mkdir -o rw,nodev,nosuid,noexec,relatime /dev/proc/home /mnt/home\e[40;22H\e[?25h"
  - delay: 209
    content: "\e[?25lu --mkdir -o rw,nodev,nosuid,noexec,relatime /dev/proc/home /mnt/home\e[40;23H\e[?25h"
  - delay: 195
    content: "\e[?25ln --mkdir -o rw,nodev,nosuid,noexec,relatime /dev/proc/home /mnt/home\e[40;24H\e[?25h"
  - delay: 136
    content: "\e[?25lt --mkdir -o rw,nodev,nosuid,noexec,relatime /dev/proc/home /mnt/home\e[40;25H\e[?25h"
  - delay: 1640
    content: "\e[?1l\e>\e[?2004l\e[68C\e[K\r\n\e]0;root@archiso: mount --mkdir -o rw,nodev,nosuid,noexec,relatime /dev/proc/home /mnt/home\a"
  - delay: 76
    content: "mount: /mnt/home: fsconfig() failed: Can't find a SQUASHFS superblock on dm-5.\r\n       dmesg(1) may have more information after failed mount system call.\r\n                                                                                                                                                                            \e[40;1H\e[?1h\e=\e[?2004h"
  - delay: 19
    content: "\e[31m\e[1m32 root\e[m@archiso \e[1m~ \e[22m#                                                                                                                                                      :( \e[40;21H\e]0;root@archiso: ~\a"
  - delay: 2261
    content: 'mount --mkdir -o rw,nodev,nosuid,noexec,relatime /dev/proc/home /mnt/home'
  - delay: 22784
    content: "\e[?25l\e[40;21Hmkfs.ext4 --mkdir -o rw,nodev,nosuid,noexec,relatime /dev/proc/home /mnt/home\e[?25h"
  - delay: 8400
    content: "\b \b"
  - delay: 117
    content: "\b \b"
  - delay: 282
    content: "\e[?25l\e[40;89H       \e[40;89H\e[?25h"
  - delay: 19
    content: "\b"
  - delay: 16
    content: "\b \b"
  - delay: 92
    content: "\e[?25l\e[40;85H  \e[40;85H\e[?25h"
  - delay: 21
    content: "\b \b"
  - delay: 16
    content: "\b \b"
  - delay: 26
    content: "\b \b"
  - delay: 645
    content: "\e[?25l\e[40;63H\e[10X\e[11C        \e[40;63H\e[?25h"
  - delay: 19
    content: "\b \b"
  - delay: 57
    content: "\e[?25l\e[40;60H  \e[40;60H\e[?25h"
  - delay: 23
    content: "\b \b"
  - delay: 308
    content: "\e[?25l\e[40;52H       \e[40;52H\e[?25h"
  - delay: 13
    content: "\e[?25l\e[40;49H   \e[40;49H\e[?25h"
  - delay: 27
    content: "\b \b"
  - delay: 38
    content: "\b \b"
  - delay: 26
    content: "\b \b"
  - delay: 38
    content: "\b \b"
  - delay: 26
    content: "\b \b"
  - delay: 38
    content: "\b \b"
  - delay: 27
    content: "\b \b"
  - delay: 38
    content: "\b"
  - delay: 28
    content: "\b \b"
  - delay: 34
    content: "\b \b"
  - delay: 35
    content: "\b"
  - delay: 29
    content: "\b \b"
  - delay: 29
    content: "\b \b"
  - delay: 36
    content: "\b \b"
  - delay: 33
    content: "\b \b"
  - delay: 31
    content: "\b \b"
  - delay: 30
    content: "\b \b"
  - delay: 34
    content: "\b \b"
  - delay: 39
    content: "\b"
  - delay: 41
    content: "\e[?25l\e[40;28H  \e[40;28H\e[?25h"
  - delay: 26
    content: "\b \b"
  - delay: 52
    content: "\b \b"
  - delay: 34
    content: "\b \b"
  - delay: 29
    content: "\b \b"
  - delay: 40
    content: "\b \b"
  - delay: 26
    content: "\e[?25l\e[40;21Hm \b\e[?25h"
  - delay: 17
    content: "\b \b"
  - delay: 552
    content: m
  - delay: 223
    content: "\bmo"
  - delay: 253
    content: u
  - delay: 226
    content: 'n'
  - delay: 162
    content: t
  - delay: 1207
    content: ' '
  - delay: 803
    content: '-'
  - delay: 11650
    content: "\b \b"
  - delay: 393
    content: "\e[?25l\e[40;25H \b\e[?25h"
  - delay: 92
    content: "\e[?25l\e[40;23H  \e[40;23H\e[?25h"
  - delay: 12
    content: "\e[?25l\e[40;21H  \e[40;21H\e[?25h"
  - delay: 732
    content: m
  - delay: 322
    content: "\bmkf"
  - delay: 307
    content: d
  - delay: 970
    content: "\b \b"
  - delay: 215
    content: s
  - delay: 509
    content: .
  - delay: 417
    content: e
  - delay: 230
    content: x
  - delay: 192
    content: t
  - delay: 1053
    content: '4'
  - delay: 1474
    content: ' '
  - delay: 695
    content: .
  - delay: 224
    content: d
  - delay: 160
    content: e
  - delay: 422
    content: v
  - delay: 564
    content: /
  - delay: 742
    content: p
  - delay: 141
    content: r
  - delay: 150
    content: o
  - delay: 1306
    content: c
  - delay: 604
    content: /
  - delay: 1426
    content: h
  - delay: 73
    content: o
  - delay: 230
    content: m
  - delay: 776
    content: e
  - delay: 512
    content: "\b"
  - delay: 513
    content: "\b"
  - delay: 37
    content: "\b"
  - delay: 52
    content: "\b"
  - delay: 24
    content: "\b"
  - delay: 17
    content: "\b"
  - delay: 60
    content: "\b"
  - delay: 42
    content: "\b"
  - delay: 23
    content: "\b"
  - delay: 17
    content: "\b"
  - delay: 35
    content: "\b"
  - delay: 130
    content: "\b"
  - delay: 209
    content: "\b"
  - delay: 729
