# The configurations that used for the recording, feel free to edit them
config:

  # Specify a command to be executed
  # like `/bin/bash -l`, `ls`, or any other commands
  # the default is bash for Linux
  # or powershell.exe for Windows
  command: powershell.exe
  
  # Specify the current working directory path
  # the default is the current working directory path
  cwd: C:\Users\thism
  
  # Export additional ENV variables
  env:
    recording: true
  
  # Explicitly set the number of columns
  # or use `auto` to take the current
  # number of columns of your shell
  cols: 135
  
  # Explicitly set the number of rows
  # or use `auto` to take the current
  # number of rows of your shell
  rows: 40
  
  # Amount of times to repeat GIF
  # If value is -1, play once
  # If value is 0, loop indefinitely
  # If value is a positive number, loop n times
  repeat: 0
  
  # Quality
  # 1 - 100
  quality: 100
  
  # Delay between frames in ms
  # If the value is `auto` use the actual recording delays
  frameDelay: auto
  
  # Maximum delay between frames in ms
  # Ignored if the `frameDelay` isn't set to `auto`
  # Set to `auto` to prevent limiting the max idle time
  maxIdleTime: 2000
  
  # The surrounding frame box
  # The `type` can be null, window, floating, or solid`
  # To hide the title use the value null
  # Don't forget to add a backgroundColor style with a null as type
  frameBox:
    type: floating
    title: Terminalizer
    style:
      border: 0px black solid
      # boxShadow: none
      # margin: 0px
  
  # Add a watermark image to the rendered gif
  # You need to specify an absolute path for
  # the image on your machine or a URL, and you can also
  # add your own CSS styles
  watermark:
    imagePath: null
    style:
      position: absolute
      right: 15px
      bottom: 15px
      width: 100px
      opacity: 0.9
  
  # Cursor style can be one of
  # `block`, `underline`, or `bar`
  cursorStyle: block
  
  # Font family
  # You can use any font that is installed on your machine
  # in CSS-like syntax
  fontFamily: "Monaco, Lucida Console, Ubuntu Mono, Monospace"
  
  # The size of the font
  fontSize: 12
  
  # The height of lines
  lineHeight: 1
  
  # The spacing between letters
  letterSpacing: 0
  
  # Theme
  theme:
    background: "transparent"
    foreground: "#afafaf"
    cursor: "#c7c7c7"
    black: "#232628"
    red: "#fc4384"
    green: "#b3e33b"
    yellow: "#ffa727"
    blue: "#75dff2"
    magenta: "#ae89fe"
    cyan: "#708387"
    white: "#d5d5d0"
    brightBlack: "#626566"
    brightRed: "#ff7fac"
    brightGreen: "#c8ed71"
    brightYellow: "#ebdf86"
    brightBlue: "#75dff2"
    brightMagenta: "#ae89fe"
    brightCyan: "#b1c6ca"
    brightWhite: "#f9f9f4"
  
# Records, feel free to edit them
records:
  - delay: 2093
    content: "\e[?9001h\e[?1004h"
  - delay: 405
    content: "\e[?25l\e[2J\e[m\e[HWindows PowerShell\r\nCopyright (C) Microsoft Corporation. All rights reserved.\e[4;1HInstall the latest PowerShell for new features and improvements! https://aka.ms/PSWindows\e]0;C:\\windows\\System32\\WindowsPowerShell\\v1.0\\powershell.exe\a\e[?25h"
  - delay: 16
    content: "\e[?25l\e[6;1H\e[?25h"
  - delay: 1257
    content: 'PS C:\Users\thism> '
  - delay: 4123
    content: "\e[?25l"
  - delay: 18
    content: "\e[93mi\e[?25h"
  - delay: 219
    content: "\e[m\e[?25l"
  - delay: 19
    content: "\e[93m\bip\e[?25h"
  - delay: 677
    content: "\e[m\e[?25l"
  - delay: 23
    content: "\e[93m\e[6;20Hipc\e[?25h"
  - delay: 281
    content: "\e[m\e[?25l"
  - delay: 20
    content: "\e[93m\e[6;20Hipco\e[?25h"
  - delay: 295
    content: "\e[m\e[?25l"
  - delay: 10
    content: "\e[93m\e[6;20Hipcon\e[?25h"
  - delay: 2912
    content: "\e[m\e[?25l"
  - delay: 20
    content: "\e[93m\e[6;20Hipconf\e[?25h"
  - delay: 177
    content: "\e[m\e[?25l"
  - delay: 15
    content: "\e[93m\e[6;20Hipconfi\e[?25h"
  - delay: 253
    content: "\e[m\e[?25l"
  - delay: 18
    content: "\e[93m\e[6;20Hipconfig\e[?25h"
  - delay: 863
    content: "\e[m"
  - delay: 14
    content: "\r\n"
  - delay: 96
    content: "\e[?25l\r\nWindows IP Configuration\e[10;1H\e[?25h"
  - delay: 16
    content: "\e[?25l\r\nEthernet adapter Ethernet 2:\e[13;1H   Connection-specific DNS Suffix  . : \r\n   Link-local\e[?25h"
  - delay: 17
    content: "\e[?25l IPv6 Address . . . . . : fe80::f3f5:4cee:1220:fe63%20\r\n   IPv4 Address. . . . . . . . . . . : 192.168.56.1\r\n   Subnet Mask . . . . . . . . . . . : 255.255.255.0\r\n   Default Gateway . . . . . . . . . : \e[19;1HWireless LAN adapter Local Area Connection* 1:\e[21;1H   Media State . . . . . . .\e[?25h"
  - delay: 16
    content: "\e[?25l . . . . : Media disconnected\r\n   Connection-specific DNS Suffix  . : \e[24;1HWireless LAN adapter Local Area Connection* 2:\e[26;1H   Media State . . . . . . . . . . . : Media disconnected\r\n   Connection-specific DNS Suffix  . : \e[29;1HWireles\e[?25h"
  - delay: 16
    content: "\e[?25ls LAN adapter Wi-Fi:\e[31;1H   Connection-specific DNS Suffix  . : \r\n   IPv6 Address. . . . . . . . . . . : 2001:448a:20b1:7dfa:51f:b856:d060:de9c\r\n   Temporary IPv6 Address. . . . . . : 2001:448a:20b1:7dfa:e8e4:b101:4593:f0c4\r\n   Link-local IPv6 Address . . . . . : fe80::937c\e[?25h"
  - delay: 16
    content: ":b3b1:e33d:8edc%6\r\n   IPv4 Address. . . . . . . . . . . : 192.168.100.114\r\n   Subnet Mask . . . . . . . . . . . : 255.255.255.0\r\n   Default Gateway . . . . . . . . . : fe80::1%6\r\n                                       192.168.100.1\r\n"
  - delay: 30
    content: 'PS C:\Users\thism> '
  - delay: 9507
    content: "\e[?25l"
  - delay: 13
    content: "\e[93ms\e[?25h"
  - delay: 163
    content: "\e[m\e[?25l"
  - delay: 11
    content: "\e[93m\bss\e[?25h"
  - delay: 238
    content: "\e[m\e[?25l"
  - delay: 15
    content: "\e[93m\e[39;20Hssh\e[?25h"
  - delay: 388
    content: "\e[m\e[?25l"
  - delay: 22
    content: "\e[93m\e[39;20Hssh \e[?25h"
  - delay: 1023
    content: "\e[m\e[?25l"
  - delay: 20
    content: "\e[91m\e[39;18H> \e[93mssh \e[37m@\e[?25h"
  - delay: 1039
    content: "\e[m\e[?25l"
  - delay: 22
    content: "\e[39;18H> \e[93mssh  \b\e[?25h"
  - delay: 410
    content: "\e[m\e[?25l"
  - delay: 20
    content: "\e[93m\e[39;20Hssh \e[37mr\e[?25h"
  - delay: 177
    content: "\e[m\e[?25l"
  - delay: 16
    content: "\e[93m\e[39;20Hssh \e[37mro\e[?25h"
  - delay: 156
    content: "\e[m\e[?25l"
  - delay: 17
    content: "\e[93m\e[39;20Hssh \e[37mroo\e[?25h"
  - delay: 336
    content: "\e[m\e[?25l"
  - delay: 10
    content: "\e[93m\e[39;20Hssh \e[37mroor\e[?25h"
  - delay: 1030
    content: "\e[m\e[?25l"
  - delay: 14
    content: "\e[93m\e[39;20Hssh     \e[39;24H\e[?25h"
  - delay: 335
    content: "\e[m\e[?25l"
  - delay: 14
    content: "\e[93m\e[39;20Hssh \e[37mt\e[?25h"
  - delay: 663
    content: "\e[m\e[?25l"
  - delay: 15
    content: "\e[93m\e[39;20Hssh \e[37mt@\e[?25h"
  - delay: 954
    content: "\e[m\e[?25l"
  - delay: 24
    content: "\e[93m\e[39;20Hssh   \e[39;24H\e[?25h"
  - delay: 213
    content: "\e[m\e[?25l"
  - delay: 23
    content: "\e[39;20H    \e[39;20H\e[?25h"
  - delay: 1440
    content: "\e[?25l"
  - delay: 14
    content: "\e[93ms\e[?25h"
  - delay: 142
    content: "\e[m\e[?25l"
  - delay: 17
    content: "\e[93m\bss\e[?25h"
  - delay: 473
    content: "\e[m\e[?25l"
  - delay: 17
    content: "\e[93m\e[39;20Hssh\e[?25h"
  - delay: 519
    content: "\e[m\e[?25l"
  - delay: 19
    content: "\e[93m\e[39;20Hssh \e[?25h"
  - delay: 541
    content: "\e[m\e[?25l"
  - delay: 11
    content: "\e[93m\e[39;20Hssh \e[37mr\e[?25h"
  - delay: 826
    content: "\e[m\e[?25l"
  - delay: 12
    content: "\e[93m\e[39;20Hssh \e[37mro\e[?25h"
  - delay: 164
    content: "\e[m\e[?25l"
  - delay: 10
    content: "\e[93m\e[39;20Hssh \e[37mroo\e[?25h"
  - delay: 425
    content: "\e[m\e[?25l"
  - delay: 18
    content: "\e[93m\e[39;20Hssh \e[37mroot\e[?25h"
  - delay: 1250
    content: "\e[m\e[?25l"
  - delay: 21
    content: "\e[93m\e[39;20Hssh \e[37mroot@\e[?25h"
  - delay: 3590
    content: "\e[m\e[?25l"
  - delay: 15
    content: "\e[93m\e[39;20Hssh \e[37mroot@1\e[?25h"
  - delay: 526
    content: "\e[m\e[?25l"
  - delay: 12
    content: "\e[93m\e[39;20Hssh \e[37mroot@19\e[?25h"
  - delay: 860
    content: "\e[m\e[?25l"
  - delay: 11
    content: "\e[93m\e[39;20Hssh \e[37mroot@192\e[?25h"
  - delay: 2094
    content: "\e[m\e[?25l"
  - delay: 14
    content: "\e[93m\e[39;20Hssh \e[37mroot@192.\e[?25h"
  - delay: 300
    content: "\e[m\e[?25l"
  - delay: 18
    content: "\e[93m\e[39;20Hssh \e[37mroot@192.1\e[?25h"
  - delay: 1149
    content: "\e[m\e[?25l"
  - delay: 9
    content: "\e[93m\e[39;20Hssh \e[37mroot@192.16\e[?25h"
  - delay: 197
    content: "\e[m\e[?25l"
  - delay: 9
    content: "\e[93m\e[39;20Hssh \e[37mroot@192.168\e[?25h"
  - delay: 903
    content: "\e[m\e[?25l"
  - delay: 15
    content: "\e[93m\e[39;20Hssh \e[37mroot@192.168.\e[?25h"
  - delay: 235
    content: "\e[m\e[?25l"
  - delay: 18
    content: "\e[93m\e[39;20Hssh \e[37mroot@192.168.1\e[?25h"
  - delay: 227
    content: "\e[m\e[?25l"
  - delay: 12
    content: "\e[93m\e[39;20Hssh \e[37mroot@192.168.10\e[?25h"
  - delay: 159
    content: "\e[m\e[?25l"
  - delay: 14
    content: "\e[93m\e[39;20Hssh \e[37mroot@192.168.100\e[?25h"
  - delay: 712
    content: "\e[m\e[?25l"
  - delay: 15
    content: "\e[93m\e[39;20Hssh \e[37mroot@192.168.100.\e[?25h"
  - delay: 586
    content: "\e[m\e[?25l"
  - delay: 18
    content: "\e[93m\e[39;20Hssh \e[37mroot@192.168.100.2\e[?25h"
  - delay: 273
    content: "\e[m\e[?25l"
  - delay: 12
    content: "\e[93m\e[39;20Hssh \e[37mroot@192.168.100.20\e[?25h"
  - delay: 381
    content: "\e[m\e[?25l"
  - delay: 15
    content: "\e[93m\e[39;20Hssh \e[37mroot@192.168.100.206\e[?25h"
  - delay: 1303
    content: "\e[m"
  - delay: 13
    content: "\r\n"
  - delay: 1428
    content: 'root@192.168.100.206''s password: '
  - delay: 2937
    content: "\r\n"
  - delay: 176
    content: "To install \e[38;2;23;147;209mArch Linux \e[mfollow the installation guide:\r\nhttps://wiki.archlinux.org/title/Installation_guide\r\n\nFor Wi-Fi, authenticate to the wireless network using the \e[35miwctl \e[mutility.\e[K\r\nFor mobile broadband (WWAN) modems, connect with the \e[35mmmcli \e[mutility.\e[K\r\nEthernet, WLAN and WWAN interfaces using DHCP should work automatically.\r\n\nAfter connecting to the internet, the installation guide can be accessed\r\nvia the convenience script \e[35mInstallation_guide\e[m.\e[K\r\n\n\e[41m   \e[40m \e[44m \e[40m \e[41m \e[46m \e[45m \e[41m \e[46m \e[43m \e[41m \e[44m \e[45m \e[40m \e[44m \e[40m \e[41m \e[44m \e[41m  \e[46m \e[42m \e[41m \e[44m \e[43m \e[41m \e[45m \e[40m  \e[44m \e[40m \e[41m \e[44m \e[42m \e[41m \e[46m \e[44m \e[41m \e[46m \e[47m \e[m\e[K\r\n"
  - delay: 164
    content: "\e[?1h\e=\e[?2004h\e[31m\e[1mroot\e[m@archiso \e[1m~ \e[22m#                                                                                                                       \e[40;18H\e]0;root@archiso: ~\a"
  - delay: 8805
    content: l
  - delay: 243
    content: "\bls"
  - delay: 487
    content: b
  - delay: 387
    content: l
  - delay: 223
    content: k
  - delay: 1031
    content: "\e[?1l\e>\e[?2004l\r\n"
  - delay: 7
    content: "NAME        MAJ:MIN RM   SIZE RO TYPE MOUNTPOINTS\r\e]0;root@archiso: lsblk\a\nloop0         7:0    0 973.1M  1 loop /run/archiso/airootfs\r\nsda           8:0    1  14.6G  0 disk\r\n├─sda1        8:1    1   1.2G  0 part\r\n└─sda2        8:2    1   253M  0 part\r\nnvme0n1     259:0    0 119.2G  0 disk\r\n├─nvme0n1p1 259:1    0   100M  0 part\r\n├─nvme0n1p2 259:2    0    16M  0 part\r\n├─nvme0n1p3 259:3    0    99G  0 part /mnt/datautama\r\n├─nvme0n1p4 259:4    0   900M  0 part\r\n├─nvme0n1p5 259:5    0     1G  0 part\r\n├─nvme0n1p6 259:6    0     4G  0 part\r\n└─nvme0n1p7 259:7    0  14.2G  0 part\r\e[?1h\e=\e[?2004h"
  - delay: 14
    content: "\n\e[31m\e[1mroot\e[m@archiso \e[1m~ \e[22m#                                                                                                                       \e[40;18H\e]0;root@archiso: ~\a"
  - delay: 49836
    content: c
  - delay: 150
    content: "\bcf"
  - delay: 513
    content: d
  - delay: 225
    content: i
  - delay: 250
    content: s
  - delay: 182
    content: k
  - delay: 1118
    content: ' '
  - delay: 1097
    content: /
  - delay: 619
    content: d
  - delay: 210
    content: e
  - delay: 285
    content: v
  - delay: 592
    content: /
  - delay: 714
    content: 'n'
  - delay: 334
    content: "\r\n\e[31mcompleting \e[1mfile\e[m\e[K\r\n\e[34m\e[1mnet\e[m/        \e[33m\e[40m\e[1mnull\e[m%       \e[33m\e[40m\e[1mnvme0n1\e[m#    \e[33m\e[40m\e[1mnvme0n1p2\e[m#  \e[33m\e[40m\e[1mnvme0n1p4\e[m#  \e[33m\e[40m\e[1mnvme0n1p6\e[m#  \e[33m\e[40m\e[1mnvram\e[m%\e[K\r\e[?25l\n\e[37;18Hcfdisk /dev/n                                                                                                         \e[33m\e[40m\e[1m\e[40;1Hng0n1\e[m%      \e[33m\e[40m\e[1mnvme0\e[m%      \e[33m\e[40m\e[1mnvme0n1p1\e[m#  \e[33m\e[40m\e[1mnvme0n1p3\e[m#  \e[33m\e[40m\e[1mnvme0n1p5\e[m#  \e[33m\e[40m\e[1mnvme0n1p7\e[m#\e[K\e[37;31H\e[?25h"
  - delay: 2419
    content: v
  - delay: 634
    content: m
  - delay: 219
    content: e
  - delay: 2215
    content: '0'
  - delay: 417
    content: 'n'
  - delay: 638
    content: '1'
  - delay: 1630
    content: "\e[?1l\e>\e[?2004l\e[?25l\r\n\e[K\r\n\e[K\r\n\e[K\e[38;1H\e]0;root@archiso: cfdisk /dev/nvme0n1\a\e[?25h"
  - delay: 14
    content: "\e[?1049h\e[22;0;0t\e[?1h\e=\e[2J"
  - delay: 20
    content: "\e[?25l\e[H\e[58X\e[1m\e[58CDisk: /dev/nvme0n1\e[22m\e[K\r\n                                        Size: 119.24 GiB, 128035676160 bytes, 250069680 sectors\e[K\r\n                                     Label: gpt, identifier: 7B6D636C-7BA3-4547-8AAE-CFC0C339C40F\e[K\r\n\e[K\r\n    \e[1mDevice\e[22m\e[29X\e[1m\e[29CStart\e[22m\e[16X\e[1m\e[16CEnd            Sectors           Size Type\e[22m\e[K\e[7m\r\n>>  /dev/nvme0n1p1                      2048             206847             204800           100M EFI System                           \e[27m    /dev/nvme0n1p2                    206848             239615              32768            16M Microsoft reserved\e[K\r\n    /dev/nvme0n1p3                    239616          207927295          207687680            99G Microsoft basic data\e[K\r\n    /dev/nvme0n1p4                 248225792          250068991            1843200           900M Windows recovery environment\e[K\r\n    /dev/nvme0n1p5                 207927296          210024447            2097152             1G EFI System\e[K\r\n    /dev/nvme0n1p6                 210024448          218413055            8388608             4G Linux swap\e[K\r\n    /dev/nvme0n1p7                 218413056          248225791           29812736          14.2G Linux filesystem\e[K\r\n\e[K\r\n\e[K\r\n\e[K\r\n\e[K\r\n\e[K\r\n\e[K\r\n\e[K\r\n\e[K\r\n\e[K\r\n\e[K\r\n\e[K\r\n\e[K\r\n\e[K\r\n\e[K\r\n\e[K\r\n\e[K\r\n\e[K\r\n\e[K\r\n\e[K\r\n\e[K\r\n\e[K\r\n\e[K\r\n\e[K\r\n\e[K\r\n                    [ Delete ]  [ Resize ]  \e[7m[  Quit  ]\e[27m  [  Type  ]  [  Help  ]  [  Sort  ]  [  Write ]  [  Dump  ]\e[K\r\n\e[K\r\n\e[K\r\n\e[49X\e[1m\e[49CQuit program without writing changes\e[22m\e[K\e[50C"
  - delay: 1571
    content: "\e[29;1H ┌───────────────────────────────────────────────────────────────────────────────────────────────────────────────────────────────────┐\r\n │  Partition name: EFI system partition\e[93C│\r\n │  Partition UUID: BDEDD7C9-A396-4634-AC07-079BD4FB7590\e[77C│\r\n │  Partition type: EFI System (C12A7328-F81F-11D2-BA4B-00A0C93EC93B)\e[64C│\r\n │ Filesystem UUID: A426-7C13\e[104C│\r\n │Filesystem LABEL: SYSTEM\e[107C│\r\n │\e[6CFilesystem: vfat\e[109C│\r\n └───────────────────────────────────────────────────────────────────────────────────────────────────────────────────────────────────┘\e[31m\e[39;35HDevice is currently in use, repartitioning is probably a bad idea."
  - delay: 21
    content: "\e[m"
  - delay: 2552
    content: "\r\e[K\r\n\e[K\e[135C"
  - delay: 26991
    content: "\e[?25l\e[?12l\r\e[?25h\e[?1049l\e[23;0;0t\e[?1l\e>\e[H\e[K\r\n   Connection-specific DNS Suffix  . :\e[K\r\n   IPv6 Address. . . . . . . . . . . : 2001:448a:20b1:7dfa:51f:b856:d060:de9c\e[K\r\n   Temporary IPv6 Address. . . . . . : 2001:448a:20b1:7dfa:e8e4:b101:4593:f0c4\e[K\r\n   Link-local IPv6 Address . . . . . : fe80::937c:b3b1:e33d:8edc%6\e[K\r\n   IPv4 Address. . . . . . . . . . . : 192.168.100.114\e[K\r\n   Subnet Mask . . . . . . . . . . . : 255.255.255.0\e[K\r\n   Default Gateway . . . . . . . . . : fe80::1%6\e[K\r\n                                       192.168.100.1\e[K\r\nPS C:\\Users\\thism> \e[93mssh \e[37mroot@192.168.100.206\e[K\e[m\r\nroot@192.168.100.206's password:\e[K\r\nTo install \e[38;2;23;147;209mArch Linux \e[mfollow the installation guide:\e[K\r\nhttps://wiki.archlinux.org/title/Installation_guide\e[K\r\n\e[K\r\nFor Wi-Fi, authenticate to the wireless network using the \e[35miwctl \e[mutility.\e[K\r\nFor mobile broadband (WWAN) modems, connect with the \e[35mmmcli \e[mutility.\e[K\r\nEthernet, WLAN and WWAN interfaces using DHCP should work automatically.\e[K\r\n\e[K\r\nAfter connecting to the internet, the installation guide can be accessed\e[K\r\nvia the convenience script \e[35mInstallation_guide\e[m.\e[K\r\n\e[K\e[41m\r\n   \e[40m \e[44m \e[40m \e[41m \e[46m \e[45m \e[41m \e[46m \e[43m \e[41m \e[44m \e[45m \e[40m \e[44m \e[40m \e[41m \e[44m \e[41m  \e[46m \e[42m \e[41m \e[44m \e[43m \e[41m \e[45m \e[40m  \e[44m \e[40m \e[41m \e[44m \e[42m \e[41m \e[46m \e[44m \e[41m \e[46m \e[47m \e[m\e[K\e[31m\e[1m\r\nroot\e[m@archiso \e[1m~ \e[22m# lsblk\e[K\r\nNAME        MAJ:MIN RM   SIZE RO TYPE MOUNTPOINTS\e[K\r\nloop0         7:0    0 973.1M  1 loop /run/archiso/airootfs\e[K\r\nsda           8:0    1  14.6G  0 disk\e[K\r\n├─sda1        8:1    1   1.2G  0 part\e[K\r\n└─sda2        8:2    1   253M  0 part\e[K\r\nnvme0n1     259:0    0 119.2G  0 disk\e[K\r\n├─nvme0n1p1 259:1    0   100M  0 part\e[K\r\n├─nvme0n1p2 259:2    0    16M  0 part\e[K\r\n├─nvme0n1p3 259:3    0    99G  0 part /mnt/datautama\e[K\r\n├─nvme0n1p4 259:4    0   900M  0 part\e[K\r\n├─nvme0n1p5 259:5    0     1G  0 part\e[K\r\n├─nvme0n1p6 259:6    0     4G  0 part\e[K\r\n└─nvme0n1p7 259:7    0  14.2G  0 part\e[K\e[31m\e[1m\r\nroot\e[m@archiso \e[1m~ \e[22m# cfdisk /dev/nvme0n1\e[K\r\n\e[K\r\n\e[K\r\n\e[K\e[?25h"
  - delay: 17
    content: "\n                                                                                                                                       \e[40;1H\e[?1h\e=\e[?2004h"
  - delay: 18
    content: "\e[31m\e[1mroot\e[m@archiso \e[1m~ \e[22m#                                                                                                                       \e[40;18H\e]0;root@archiso: ~\a"
  - delay: 3585
    content: cfdisk /dev/nvme0n1
  - delay: 1641
    content: "\e[?1l\e>\e[?2004l\r\n\e]0;root@archiso: cfdisk /dev/nvme0n1\a"
  - delay: 11
    content: "\e[?1049h\e[22;0;0t\e[?1h\e=\e[2J"
  - delay: 21
    content: "\e[?25l\e[H\e[58X\e[1m\e[58CDisk: /dev/nvme0n1\e[22m\e[K\r\n                                        Size: 119.24 GiB, 128035676160 bytes, 250069680 sectors\e[K\r\n                                     Label: gpt, identifier: 7B6D636C-7BA3-4547-8AAE-CFC0C339C40F\e[K\r\n\e[K\r\n    \e[1mDevice\e[22m\e[29X\e[1m\e[29CStart\e[22m\e[16X\e[1m\e[16CEnd            Sectors           Size Type\e[22m\e[K\e[7m\r\n>>  /dev/nvme0n1p1                      2048             206847             204800           100M EFI System                           \e[27m    /dev/nvme0n1p2                    206848             239615              32768            16M Microsoft reserved\e[K\r\n    /dev/nvme0n1p3                    239616          207927295          207687680            99G Microsoft basic data\e[K\r\n    /dev/nvme0n1p4                 248225792          250068991            1843200           900M Windows recovery environment\e[K\r\n    /dev/nvme0n1p5                 207927296          210024447            2097152             1G EFI System\e[K\r\n    /dev/nvme0n1p6                 210024448          218413055            8388608             4G Linux swap\e[K\r\n    /dev/nvme0n1p7                 218413056          248225791           29812736          14.2G Linux filesystem\e[K\r\n\e[K\r\n\e[K\r\n\e[K\r\n\e[K\r\n\e[K\r\n\e[K\r\n\e[K\r\n\e[K\r\n\e[K\r\n\e[K\r\n\e[K\r\n\e[K\r\n\e[K\r\n\e[K\r\n\e[K\r\n\e[K\r\n\e[K\r\n\e[K\r\n\e[K\r\n\e[K\r\n\e[K\r\n\e[K\r\n\e[K\r\n\e[K\r\n                    [ Delete ]  [ Resize ]  \e[7m[  Quit  ]\e[27m  [  Type  ]  [  Help  ]  [  Sort  ]  [  Write ]  [  Dump  ]\e[K\r\n\e[K\r\n\e[K\r\n\e[49X\e[1m\e[49CQuit program without writing changes\e[22m\e[K\e[50C"
  - delay: 1509
    content: "\e[29;1H ┌───────────────────────────────────────────────────────────────────────────────────────────────────────────────────────────────────┐\r\n │  Partition name: EFI system partition\e[93C│\r\n │  Partition UUID: BDEDD7C9-A396-4634-AC07-079BD4FB7590\e[77C│\r\n │  Partition type: EFI System (C12A7328-F81F-11D2-BA4B-00A0C93EC93B)"
  - delay: 15
    content: "\e[64C│\r\n │ Filesystem UUID: A426-7C13\e[104C│\r\n │Filesystem LABEL: SYSTEM\e[107C│\r\n │\e[6CFilesystem: vfat\e[109C│\r\n └───────────────────────────────────────────────────────────────────────────────────────────────────────────────────────────────────┘\e[39;1H\e[K\r\n\e[K\e[135C"
  - delay: 5713
    content: "\e[?25l\e[?12l\r\e[?25h\e[?1049l\e[23;0;0t\e[?1l\e>\e[H   IPv6 Address. . . . . . . . . . . : 2001:448a:20b1:7dfa:51f:b856:d060:de9c\e[K\r\n   Temporary IPv6 Address. . . . . . : 2001:448a:20b1:7dfa:e8e4:b101:4593:f0c4\e[K\r\n   Link-local IPv6 Address . . . . . : fe80::937c:b3b1:e33d:8edc%6\e[K\r\n   IPv4 Address. . . . . . . . . . . : 192.168.100.114\e[K\r\n   Subnet Mask . . . . . . . . . . . : 255.255.255.0\e[K\r\n   Default Gateway . . . . . . . . . : fe80::1%6\e[K\r\n                                       192.168.100.1\e[K\r\nPS C:\\Users\\thism> \e[93mssh \e[37mroot@192.168.100.206\e[K\e[m\r\nroot@192.168.100.206's password:\e[K\r\nTo install \e[38;2;23;147;209mArch Linux \e[mfollow the installation guide:\e[K\r\nhttps://wiki.archlinux.org/title/Installation_guide\e[K\r\n\e[K\r\nFor Wi-Fi, authenticate to the wireless network using the \e[35miwctl \e[mutility.\e[K\r\nFor mobile broadband (WWAN) modems, connect with the \e[35mmmcli \e[mutility.\e[K\r\nEthernet, WLAN and WWAN interfaces using DHCP should work automatically.\e[K\r\n\e[K\r\nAfter connecting to the internet, the installation guide can be accessed\e[K\r\nvia the convenience script \e[35mInstallation_guide\e[m.\e[K\r\n\e[K\e[41m\r\n   \e[40m \e[44m \e[40m \e[41m \e[46m \e[45m \e[41m \e[46m \e[43m \e[41m \e[44m \e[45m \e[40m \e[44m \e[40m \e[41m \e[44m \e[41m  \e[46m \e[42m \e[41m \e[44m \e[43m \e[41m \e[45m \e[40m  \e[44m \e[40m \e[41m \e[44m \e[42m \e[41m \e[46m \e[44m \e[41m \e[46m \e[47m \e[m\e[K\e[31m\e[1m\r\nroot\e[m@archiso \e[1m~ \e[22m# lsblk\e[K\r\nNAME        MAJ:MIN RM   SIZE RO TYPE MOUNTPOINTS\e[K\r\nloop0         7:0    0 973.1M  1 loop /run/archiso/airootfs\e[K\r\nsda           8:0    1  14.6G  0 disk\e[K\r\n├─sda1        8:1    1   1.2G  0 part\e[K\r\n└─sda2        8:2    1   253M  0 part\e[K\r\nnvme0n1     259:0    0 119.2G  0 disk\e[K\r\n├─nvme0n1p1 259:1    0   100M  0 part\e[K\r\n├─nvme0n1p2 259:2    0    16M  0 part\e[K\r\n├─nvme0n1p3 259:3    0    99G  0 part /mnt/datautama\e[K\r\n├─nvme0n1p4 259:4    0   900M  0 part\e[K\r\n├─nvme0n1p5 259:5    0     1G  0 part\e[K\r\n├─nvme0n1p6 259:6    0     4G  0 part\e[K\r\n└─nvme0n1p7 259:7    0  14.2G  0 part\e[K\e[31m\e[1m\r\nroot\e[m@archiso \e[1m~ \e[22m# cfdisk /dev/nvme0n1\e[K\r\n\e[K\r\n\e[K\r\n\e[K\e[31m\e[1m\r\nroot\e[m@archiso \e[1m~ \e[22m# cfdisk /dev/nvme0n1\e[K\r\n\e[K\e[?25h"
  - delay: 14
    content: "\n\e[?1h\e=\e[?2004h\e[31m\e[1mroot\e[m@archiso \e[1m~ \e[22m#                                                                                                                       \e[40;18H\e]0;root@archiso: ~\a"
  - delay: 136405
    content: l
  - delay: 441
    content: "\bls"
  - delay: 286
    content: b
  - delay: 477
    content: l
  - delay: 207
    content: k
  - delay: 943
    content: "\e[?1l\e>\e[?2004l\r\n\e]0;root@archiso: lsblk\a"
  - delay: 13
    content: "NAME        MAJ:MIN RM   SIZE RO TYPE MOUNTPOINTS\r\nloop0         7:0    0 973.1M  1 loop /run/archiso/airootfs\r\nsda           8:0    1  14.6G  0 disk\r\n├─sda1        8:1    1   1.2G  0 part\r\n└─sda2        8:2    1   253M  0 part\r\nnvme0n1     259:0    0 119.2G  0 disk\r\n├─nvme0n1p1 259:1    0   100M  0 part\r\n├─nvme0n1p2 259:2    0    16M  0 part\r\n├─nvme0n1p3 259:3    0    99G  0 part /mnt/datautama\r\n├─nvme0n1p4 259:4    0   900M  0 part\r\n├─nvme0n1p5 259:5    0     1G  0 part\r\n└─nvme0n1p6 259:6    0  18.2G  0 part\r\n\e[?1h\e=\e[?2004h"
  - delay: 26
    content: "\e[31m\e[1mroot\e[m@archiso \e[1m~ \e[22m#                                                                                                                       \e[40;18H\e]0;root@archiso: ~\a"
  - delay: 56344
    content: p
  - delay: 418
    content: "\bpv"
  - delay: 399
    content: c
  - delay: 281
    content: r
  - delay: 209
    content: e
  - delay: 318
    content: a
  - delay: 170
    content: t
  - delay: 239
    content: e
  - delay: 1565
    content: ' '
  - delay: 201
    content: /
  - delay: 1089
    content: d
  - delay: 191
    content: e
  - delay: 658
    content: v
  - delay: 718
    content: /
  - delay: 544
    content: m
  - delay: 630
    content: "\b \b"
  - delay: 388
    content: 'n'
  - delay: 271
    content: m
  - delay: 615
    content: "\b \b"
  - delay: 442
    content: v
  - delay: 298
    content: m
  - delay: 197
    content: e
  - delay: 13822
    content: '0'
  - delay: 261
    content: 'n'
  - delay: 460
    content: '1'
  - delay: 2155
    content: p
  - delay: 517
    content: '6'
  - delay: 7463
    content: "\e[?1l\e>\e[?2004l\r\n\e]0;root@archiso: pvcreate /dev/nvme0n1p6\a"
  - delay: 436
    content: >-
      WARNING: swap signature detected on /dev/nvme0n1p6 at offset 4086. Wipe
      it? [y/n]: 
  - delay: 22334
    content: 'y'
  - delay: 999
    content: "\r\n  Wiping swap signature on /dev/nvme0n1p6.\r\n  Physical volume \"/dev/nvme0n1p6\" successfully created.\r\n"
  - delay: 7
    content: "\e[?1h\e=\e[?2004h"
  - delay: 14
    content: "\e[31m\e[1mroot\e[m@archiso \e[1m~ \e[22m#                                                                                                                       \e[40;18H\e]0;root@archiso: ~\a"
  - delay: 11439
    content: v
  - delay: 385
    content: "\bvg"
  - delay: 1349
    content: c
  - delay: 276
    content: r
  - delay: 208
    content: e
  - delay: 124
    content: a
  - delay: 123
    content: t
  - delay: 190
    content: e
  - delay: 746
    content: ' '
  - delay: 3954
    content: /
  - delay: 779
    content: d
  - delay: 194
    content: e
  - delay: 180
    content: v
  - delay: 5202
    content: "\b \b"
  - delay: 85
    content: "\b \b"
  - delay: 442
    content: "\b \b"
  - delay: 661
    content: p
  - delay: 430
    content: r
  - delay: 105
    content: o
  - delay: 1663
    content: ' '
  - delay: 613
    content: /
  - delay: 444
    content: d
  - delay: 243
    content: e
  - delay: 383
    content: v
  - delay: 1490
    content: /
  - delay: 2650
    content: 'n'
  - delay: 920
    content: v
  - delay: 312
    content: m
  - delay: 214
    content: e
  - delay: 603
    content: '0'
  - delay: 352
    content: 'n'
  - delay: 305
    content: '1'
  - delay: 2742
    content: p
  - delay: 609
    content: '6'
  - delay: 1036
    content: "\e[?1l\e>\e[?2004l\r\n"
  - delay: 13
    content: "  Name contains invalid character, valid set includes: [a-zA-Z0-9.-_+].\r\e]0;root@archiso: vgcreate /pro /dev/nvme0n1p6\a\n  New volume group name \"/pro\" is invalid.\r\n  Run `vgcreate --help' for more information.\r\n\e[?1h\e=\e[?2004h"
  - delay: 20
    content: "\e[31m\e[1m3 root\e[m@archiso \e[1m~ \e[22m#                                                                                                                  :( \e[40;20H\e]0;root@archiso: ~\a"
  - delay: 34854
    content: vgcreate /pro /dev/nvme0n1p6
  - delay: 1282
    content: "\b"
  - delay: 194
    content: "\b"
  - delay: 169
    content: "\b"
  - delay: 166
    content: "\b"
  - delay: 155
    content: "\b"
  - delay: 418
    content: "\b"
  - delay: 81
    content: "\b"
  - delay: 11
    content: "\b"
  - delay: 35
    content: "\b"
  - delay: 15
    content: "\b"
  - delay: 36
    content: "\b"
  - delay: 37
    content: "\b"
  - delay: 47
    content: "\b"
  - delay: 65
    content: "\e[?25l\e[40;33H\e[?25h"
  - delay: 51
    content: "\b"
  - delay: 1425
    content: "\e[?25lco /dev/nvme0n1p6\e[40;33H\e[?25h"
  - delay: 2180
    content: "\e[?25l\bo /dev/nvme0n1p6 \e[40;32H\e[?25h"
  - delay: 736
    content: "\e[1C"
  - delay: 372
    content: "\e[?25lc /dev/nvme0n1p6\e[40;34H\e[?25h"
  - delay: 1040
    content: "\e[?1l\e>\e[?2004l\e[15C\e[K\r"
  - delay: 8
    content: "\n  Name contains invalid character, valid set includes: [a-zA-Z0-9.-_+].\r\e]0;root@archiso: vgcreate /proc /dev/nvme0n1p6\a\n  New volume group name \"/proc\" is invalid.\r\n  Run `vgcreate --help' for more information.\r"
  - delay: 8
    content: "\n                                                                                                                                       \e[40;1H\e[?1h\e=\e[?2004h"
  - delay: 15
    content: "\e[31m\e[1m3 root\e[m@archiso \e[1m~ \e[22m#                                                                                                                  :( \e[40;20H\e]0;root@archiso: ~\a"
  - delay: 14808
    content: vgcreate /proc /dev/nvme0n1p6
  - delay: 658
    content: "\b"
  - delay: 409
    content: "\b"
  - delay: 20
    content: "\b"
  - delay: 60
    content: "\b"
  - delay: 35
    content: "\b"
  - delay: 16
    content: "\b"
  - delay: 35
    content: "\b"
  - delay: 57
    content: "\b"
  - delay: 28
    content: "\b"
  - delay: 56
    content: "\b"
  - delay: 13
    content: "\b"
  - delay: 26
    content: "\b"
  - delay: 36
    content: "\b"
  - delay: 63
    content: "\b"
  - delay: 30
    content: "\b"
  - delay: 47
    content: "\e[?25l\e[40;32H\e[?25h"
  - delay: 49
    content: "\b"
  - delay: 18
    content: "\b"
  - delay: 977
    content: "\e[?25l\bproc /dev/nvme0n1p6 \e[40;29H\e[?25h"
  - delay: 605
    content: "\e[?1l\e>\e[?2004l\e[19C\e[K\r\n"
  - delay: 15
    content: "\e]0;root@archiso: vgcreate proc /dev/nvme0n1p6\a"
  - delay: 432
    content: "  Volume group \"proc\" successfully created\r\n"
  - delay: 11
    content: "                                                                                                                                       \e[40;1H\e[?1h\e=\e[?2004h"
  - delay: 12
    content: "\e[31m\e[1mroot\e[m@archiso \e[1m~ \e[22m#                                                                                                                       \e[40;18H\e]0;root@archiso: ~\a"
  - delay: 4473
    content: l
  - delay: 317
    content: "\blv"
  - delay: 1095
    content: c
  - delay: 376
    content: r
  - delay: 318
    content: e
  - delay: 125
    content: a
  - delay: 181
    content: t
  - delay: 201
    content: e
  - delay: 331
    content: ' '
  - delay: 1879
    content: '-'
  - delay: 284
    content: L
  - delay: 4410
    content: ' '
  - delay: 421
    content: '1'
  - delay: 807
    content: '0'
  - delay: 1580
    content: G
  - delay: 1201
    content: ' '
  - delay: 4406
    content: p
  - delay: 250
    content: r
  - delay: 161
    content: o
  - delay: 426
    content: c
  - delay: 382
    content: ' '
  - delay: 670
    content: '-'
  - delay: 2348
    content: 'N'
  - delay: 4356
    content: "\b \b"
  - delay: 611
    content: 'n'
  - delay: 439
    content: ' '
  - delay: 2377
    content: r
  - delay: 279
    content: o
  - delay: 186
    content: o
  - delay: 290
    content: t
  - delay: 932
    content: "\e[?1l\e>\e[?2004l\r\n\e]0;root@archiso: lvcreate -L 10G proc -n root\a"
  - delay: 492
    content: "  Logical volume \"root\" created.\r\n"
  - delay: 17
    content: "\e[?1h\e=\e[?2004h\e[31m\e[1mroot\e[m@archiso \e[1m~ \e[22m#                                                                                                                       \e[40;18H\e]0;root@archiso: ~\a"
  - delay: 14432
    content: m
  - delay: 338
    content: "\bmk"
  - delay: 565
    content: f
  - delay: 242
    content: s
  - delay: 831
    content: .
  - delay: 1121
    content: e
  - delay: 780
    content: x
  - delay: 310
    content: t
  - delay: 421
    content: '4'
  - delay: 1206
    content: ' '
  - delay: 2184
    content: /
  - delay: 400
    content: d
  - delay: 139
    content: e
  - delay: 193
    content: v
  - delay: 1071
    content: /
  - delay: 736
    content: p
  - delay: 329
    content: r
  - delay: 84
    content: o
  - delay: 450
    content: c
  - delay: 775
    content: /
  - delay: 334
    content: r
  - delay: 208
    content: o
  - delay: 122
    content: o
  - delay: 353
    content: t
  - delay: 836
    content: "\e[?1l\e>\e[?2004l\r\n\e]0;root@archiso: mkfs.ext4 /dev/proc/root\a"
  - delay: 62
    content: "mke2fs 1.47.4 (6-Mar-2025)\r\n"
  - delay: 141
    content: 'Discarding device blocks:       0/2621440'
  - delay: 23
    content: "\e[?25l\e[40;27H\e[?25h"
  - delay: 220
    content: "\e[?25l1572864/2621440\e[40;27H\e[?25h"
  - delay: 448
    content: "done\e[28X\r\nCreating filesystem with 2621440 4k blocks and 655360 inodes\r\nFilesystem UUID: 0b64a2c2-5e42-4904-bb8d-e707df460968\r\nSuperblock backups stored on blocks: \r\n        32768, 98304, 163840, 229376, 294912, 819200, 884736, 1605632\r\n\nAllocating group tables: done\r\nWriting inode tables: done\r"
  - delay: 17
    content: "\nCreating journal (16384 blocks):\e[1C"
  - delay: 119
    content: "done\r\nWriting superblocks and filesystem accounting information:\e[1Cdone\r\n"
  - delay: 6
    content: "\e[?1h\e=\e[?2004h"
  - delay: 12
    content: "\n\e[31m\e[1mroot\e[m@archiso \e[1m~ \e[22m#                                                                                                                       \e[40;18H\e]0;root@archiso: ~\a"
  - delay: 29255
    content: m
  - delay: 231
    content: "\bmo"
  - delay: 294
    content: u
  - delay: 249
    content: 'n'
  - delay: 349
    content: t
  - delay: 601
    content: ' '
  - delay: 1825
    content: /
  - delay: 453
    content: d
  - delay: 158
    content: e
  - delay: 243
    content: v
  - delay: 863
    content: /
  - delay: 560
    content: p
  - delay: 192
    content: r
  - delay: 193
    content: o
  - delay: 333
    content: c
  - delay: 645
    content: /
  - delay: 482
    content: r
  - delay: 282
    content: o
  - delay: 106
    content: o
  - delay: 348
    content: t
  - delay: 735
    content: ' '
  - delay: 1375
    content: /
  - delay: 478
    content: m
  - delay: 259
    content: 'n'
  - delay: 294
    content: t
  - delay: 966
    content: "\e[?1l\e>\e[?2004l\r\n\e]0;root@archiso: mount /dev/proc/root /mnt\a"
  - delay: 21
    content: "\e[?1h\e=\e[?2004h\e[31m\e[1mroot\e[m@archiso \e[1m~ \e[22m#                                                                                                                       \e[40;18H\e]0;root@archiso: ~\a"
  - delay: 5583
    content: m
  - delay: 2868
    content: "\b \b"
  - delay: 7373
    content: m
  - delay: 307
    content: "\bmk"
  - delay: 4607
    content: f
  - delay: 88
    content: s
  - delay: 514
    content: .
  - delay: 9960
    content: v
  - delay: 343
    content: f
  - delay: 132
    content: a
  - delay: 141
    content: t
  - delay: 1910
    content: ' '
  - delay: 683
    content: '-'
  - delay: 839
    content: F
  - delay: 461
    content: '3'
  - delay: 171
    content: '2'
  - delay: 1311
    content: ' '
  - delay: 765
    content: '-'
  - delay: 459
    content: 'n'
  - delay: 1281
    content: ' '
  - delay: 987
    content: B
  - delay: 280
    content: O
  - delay: 151
    content: O
  - delay: 311
    content: T
  - delay: 580
    content: ' '
  - delay: 3737
    content: /
  - delay: 350
    content: d
  - delay: 229
    content: e
  - delay: 203
    content: v
  - delay: 524
    content: /
  - delay: 9744
    content: 'n'
  - delay: 479
    content: v
  - delay: 258
    content: m
  - delay: 195
    content: e
  - delay: 4283
    content: '0'
  - delay: 410
    content: 'n'
  - delay: 2662
    content: '1'
  - delay: 1217
    content: p
  - delay: 4732
    content: '5'
  - delay: 2455
    content: "\e[?1l\e>\e[?2004l\r\n\e]0;root@archiso: mkfs.vfat -F32 -n BOOT /dev/nvme0n1p5\a"
  - delay: 53
    content: "mkfs.fat 4.2 (2021-01-31)\r\n"
  - delay: 9
    content: "\e[?1h\e=\e[?2004h"
  - delay: 8
    content: "\e[31m\e[1mroot\e[m@archiso \e[1m~ \e[22m#                                                                                                                       \e[40;18H\e]0;root@archiso: ~\a"
  - delay: 10576
    content: m
  - delay: 167
    content: "\bmo"
  - delay: 247
    content: u
  - delay: 222
    content: 'n'
  - delay: 102
    content: t
  - delay: 182
    content: ' '
  - delay: 420
    content: '-'
  - delay: 93
    content: '-'
  - delay: 351
    content: m
  - delay: 184
    content: k
  - delay: 241
    content: d
  - delay: 255
    content: r
  - delay: 156
    content: i
  - delay: 343
    content: "\b \b"
  - delay: 127
    content: "\b \b"
  - delay: 670
    content: i
  - delay: 96
    content: r
  - delay: 1767
    content: ' '
  - delay: 1168
    content: '-'
  - delay: 298
    content: o
  - delay: 285
    content: ' '
  - delay: 8600
    content: u
  - delay: 101
    content: i
  - delay: 437
    content: d
  - delay: 1016
    content: '='
  - delay: 333
    content: '0'
  - delay: 443
    content: ','
  - delay: 1772
    content: g
  - delay: 415
    content: i
  - delay: 299
    content: d
  - delay: 351
    content: '='
  - delay: 543
    content: '0'
  - delay: 1735
    content: ','
  - delay: 654
    content: f
  - delay: 475
    content: m
  - delay: 157
    content: a
  - delay: 227
    content: s
  - delay: 181
    content: k
  - delay: 2423
    content: '='
  - delay: 271
    content: '0'
  - delay: 182
    content: '0'
  - delay: 226
    content: '7'
  - delay: 142
    content: '7'
  - delay: 2465
    content: ','
  - delay: 358
    content: d
  - delay: 506
    content: m
  - delay: 274
    content: a
  - delay: 220
    content: s
  - delay: 157
    content: k
  - delay: 585
    content: '='
  - delay: 623
    content: '0'
  - delay: 160
    content: '0'
  - delay: 252
    content: '7'
  - delay: 141
    content: '7'
  - delay: 2701
    content: ' '
  - delay: 659
    content: /
  - delay: 307
    content: d
  - delay: 356
    content: v
  - delay: 637
    content: "\b \b"
  - delay: 317
    content: e
  - delay: 260
    content: v
  - delay: 546
    content: /
  - delay: 9061
    content: 'n'
  - delay: 346
    content: v
  - delay: 251
    content: m
  - delay: 157
    content: e
  - delay: 1578
    content: '0'
  - delay: 587
    content: 'n'
  - delay: 460
    content: '1'
  - delay: 727
    content: p
  - delay: 716
    content: '5'
  - delay: 5107
    content: ' '
  - delay: 664
    content: /
  - delay: 327
    content: m
  - delay: 174
    content: 'n'
  - delay: 285
    content: t
  - delay: 1335
    content: /
  - delay: 381
    content: b
  - delay: 446
    content: o
  - delay: 185
    content: o
  - delay: 125
    content: t
  - delay: 466
    content: "\e[?1l\e>\e[?2004l\r\n"
  - delay: 19
    content: "\e]0;root@archiso: mount --mkdir -o uid=0,gid=0,fmask=0077,dmask=0077 /dev/nvme0n1p5 /mnt/boot\a"
  - delay: 65
    content: "                                                                                                                                       \e[40;1H\e]0;root@archiso: ~\a\e[?1h\e=\e[?2004h"
  - delay: 9
    content: "\e[31m\e[1mroot\e[m@archiso \e[1m~ \e[22m#                                                                                                                       \e[40;18H"
  - delay: 8110
    content: l
  - delay: 354
    content: "\blv"
  - delay: 287
    content: c
  - delay: 230
    content: r
  - delay: 194
    content: e
  - delay: 1133
    content: a
  - delay: 190
    content: t
  - delay: 128
    content: e
  - delay: 9165
    content: "\b \b"
  - delay: 70
    content: "\b \b"
  - delay: 133
    content: "\b \b"
  - delay: 130
    content: "\b \b"
  - delay: 190
    content: "\b \b"
  - delay: 62
    content: "\b \b"
  - delay: 210
    content: "\e[?25l\e[40;18Hl \b\e[?25h"
  - delay: 68
    content: "\b \b"
  - delay: 765
    content: l
  - delay: 164
    content: "\bls"
  - delay: 212
    content: b
  - delay: 299
    content: l
  - delay: 146
    content: k
  - delay: 504
    content: "\e[?1l\e>\e[?2004l\r\n"
  - delay: 20
    content: "\e]0;root@archiso: lsblk\aNAME          MAJ:MIN RM   SIZE RO TYPE MOUNTPOINTS\r\nloop0           7:0    0 973.1M  1 loop /run/archiso/airootfs\r\nsda             8:0    1  14.6G  0 disk\r\n├─sda1          8:1    1   1.2G  0 part\r\n└─sda2          8:2    1   253M  0 part\r\nnvme0n1       259:0    0 119.2G  0 disk\r\n├─nvme0n1p1   259:1    0   100M  0 part\r\n├─nvme0n1p2   259:2    0    16M  0 part\r\n├─nvme0n1p3   259:3    0    99G  0 part /mnt/datautama\r\n├─nvme0n1p4   259:4    0   900M  0 part\r\n├─nvme0n1p5   259:5    0     1G  0 part /mnt/boot\r\n└─nvme0n1p6   259:6    0  18.2G  0 part\r\n  └─proc-root 253:0    0    10G  0 lvm  /mnt\r\e[?1h\e=\e[?2004h"
  - delay: 20
    content: "\n\e[31m\e[1mroot\e[m@archiso \e[1m~ \e[22m#                                                                                                                       \e[40;18H\e]0;root@archiso: ~\a"
  - delay: 30481
    content: l
  - delay: 361
    content: "\blv"
  - delay: 206
    content: c
  - delay: 243
    content: r
  - delay: 139
    content: e
  - delay: 844
    content: a
  - delay: 228
    content: t
  - delay: 105
    content: e
  - delay: 479
    content: ' '
  - delay: 1767
    content: '-'
  - delay: 505
    content: L
  - delay: 245
    content: ' '
  - delay: 549
    content: '1'
  - delay: 766
    content: G
  - delay: 698
    content: ' '
  - delay: 2272
    content: p
  - delay: 231
    content: r
  - delay: 101
    content: o
  - delay: 341
    content: c
  - delay: 152
    content: ' '
  - delay: 274
    content: '-'
  - delay: 285
    content: 'n'
  - delay: 285
    content: ' '
  - delay: 3572
    content: v
  - delay: 70
    content: a
  - delay: 174
    content: t
  - delay: 512
    content: "\b \b"
  - delay: 521
    content: r
  - delay: 153
    content: s
  - delay: 511
    content: "\e[?1l\e>\e[?2004l\r"
  - delay: 21
    content: "\n\e]0;root@archiso: lvcreate -L 1G proc -n vars\a"
  - delay: 457
    content: "  Logical volume \"vars\" created.\r\n"
  - delay: 16
    content: "\e[?1h\e=\e[?2004h"
  - delay: 7
    content: "\e[31m\e[1mroot\e[m@archiso \e[1m~ \e[22m#                                                                                                                       \e[40;18H\e]0;root@archiso: ~\a"
  - delay: 2778
    content: m
  - delay: 191
    content: "\bmk"
  - delay: 258
    content: f
  - delay: 173
    content: s
  - delay: 330
    content: .
  - delay: 255
    content: e
  - delay: 295
    content: x
  - delay: 256
    content: t
  - delay: 315
    content: '4'
  - delay: 1326
    content: ' '
  - delay: 1002
    content: /
  - delay: 641
    content: d
  - delay: 227
    content: e
  - delay: 284
    content: v
  - delay: 374
    content: /
  - delay: 405
    content: '['
  - delay: 697
    content: "\b \b"
  - delay: 990
    content: p
  - delay: 202
    content: r
  - delay: 144
    content: o
  - delay: 265
    content: c
  - delay: 2530
    content: /
  - delay: 478
    content: v
  - delay: 209
    content: a
  - delay: 189
    content: r
  - delay: 109
    content: s
  - delay: 501
    content: "\e[?1l\e>\e[?2004l\r\n\e]0;root@archiso: mkfs.ext4 /dev/proc/vars\a"
  - delay: 7
    content: "mke2fs 1.47.4 (6-Mar-2025)\r"
  - delay: 5
    content: |+

  - delay: 92
    content: "\e[?25lDiscarding device blocks:      0/262144\e[40;27H\e[?25h"
  - delay: 55
    content: "done\e[28X\r\nCreating filesystem with 262144 4k blocks and 65536 inodes\r\nFilesystem UUID: 4f3f1a98-2c67-47c6-be72-3366cb32705f\r\nSuperblock backups stored on blocks:\r\n        32768, 98304, 163840, 229376\r\n\nAllocating group tables: done\r\e[?25l\nWriting inode tables: 0/8\e[40;23H\e[?25hdone\e[28X\r"
  - delay: 6
    content: "\nCreating journal (8192 blocks):\e[1C"
  - delay: 30
    content: "done\r\e[?25l\nWriting superblocks and filesystem accounting information: 0/8\e[40;60H\e[?25hdone\r\n"
  - delay: 5
    content: "\e[?1h\e=\e[?2004h"
  - delay: 14
    content: "\n\e[31m\e[1mroot\e[m@archiso \e[1m~ \e[22m#                                                                                                                       \e[40;18H\e]0;root@archiso: ~\a"
  - delay: 1972
    content: ','
  - delay: 444
    content: "\b \b"
  - delay: 322
    content: m
  - delay: 206
    content: "\bmo"
  - delay: 207
    content: u
  - delay: 185
    content: 'n'
  - delay: 239
    content: t
  - delay: 277
    content: ' '
  - delay: 599
    content: '-'
  - delay: 203
    content: '-'
  - delay: 555
    content: m
  - delay: 206
    content: k
  - delay: 401
    content: d
  - delay: 187
    content: i
  - delay: 131
    content: r
  - delay: 1997
    content: ' '
  - delay: 717
    content: '-'
  - delay: 923
    content: o
  - delay: 684
    content: ' '
  - delay: 350
    content: r
  - delay: 254
    content: w
  - delay: 770
    content: ','
  - delay: 315
    content: 'n'
  - delay: 339
    content: o
  - delay: 697
    content: d
  - delay: 240
    content: e
  - delay: 287
    content: v
  - delay: 539
    content: ','
  - delay: 639
    content: 'n'
  - delay: 233
    content: o
  - delay: 1429
    content: s
  - delay: 955
    content: u
  - delay: 286
    content: id
  - delay: 931
    content: ','
  - delay: 444
    content: 'n'
  - delay: 233
    content: o
  - delay: 247
    content: e
  - delay: 220
    content: x
  - delay: 95
    content: e
  - delay: 147
    content: c
  - delay: 5323
    content: "\b \b"
  - delay: 15767
    content: "\b \b"
  - delay: 263
    content: "\b \b"
  - delay: 159
    content: "\b \b"
  - delay: 136
    content: "\b \b"
  - delay: 156
    content: "\b \b"
  - delay: 884
    content: r
  - delay: 162
    content: e
  - delay: 317
    content: l
  - delay: 93
    content: a
  - delay: 288
    content: t
  - delay: 220
    content: i
  - delay: 362
    content: m
  - delay: 150
    content: e
  - delay: 1682
    content: ' '
  - delay: 569
    content: /
  - delay: 239
    content: d
  - delay: 190
    content: e
  - delay: 130
    content: v
  - delay: 2068
    content: .
  - delay: 327
    content: p
  - delay: 227
    content: r
  - delay: 158
    content: o
  - delay: 574
    content: c
  - delay: 1010
    content: "\b \b"
  - delay: 156
    content: "\b \b"
  - delay: 129
    content: "\b \b"
  - delay: 124
    content: "\b \b"
  - delay: 352
    content: "\b \b"
  - delay: 572
    content: /
  - delay: 696
    content: p
  - delay: 207
    content: r
  - delay: 111
    content: o
  - delay: 212
    content: c
  - delay: 1446
    content: /
  - delay: 551
    content: v
  - delay: 191
    content: a
  - delay: 315
    content: r
  - delay: 155
    content: s
  - delay: 852
    content: ' '
  - delay: 681
    content: /
  - delay: 414
    content: m
  - delay: 172
    content: 'n'
  - delay: 304
    content: t
  - delay: 242
    content: /
  - delay: 456
    content: v
  - delay: 145
    content: a
  - delay: 149
    content: r
  - delay: 2516
    content: "\e[?1l\e>\e[?2004l\r\n"
  - delay: 13
    content: "\e]0;root@archiso: mount --mkdir -o rw,nodev,nosuid,relatime /dev/proc/vars /mnt/var\a\e[?1h\e=\e[?2004h"
  - delay: 9
    content: "\e[31m\e[1mroot\e[m@archiso \e[1m~ \e[22m#                                                                                                                       \e[40;18H\e]0;root@archiso: ~\a"
  - delay: 140461
    content: l
  - delay: 413
    content: "\blv"
  - delay: 24470
    content: c
  - delay: 247
    content: r
  - delay: 244
    content: e
  - delay: 140
    content: a
  - delay: 143
    content: t
  - delay: 221
    content: e
  - delay: 2074
    content: ' '
  - delay: 538
    content: '-'
  - delay: 666
    content: L
  - delay: 1072
    content: ' '
  - delay: 1658
    content: s
  - delay: 154
    content: i
  - delay: 513
    content: z
  - delay: 245
    content: e
  - delay: 18338
    content: "\b \b"
  - delay: 165
    content: "\b \b"
  - delay: 164
    content: "\b \b"
  - delay: 257
    content: "\b \b"
  - delay: 641
    content: '1'
  - delay: 1157
    content: G
  - delay: 4648
    content: ' '
  - delay: 679
    content: p
  - delay: 270
    content: r
  - delay: 396
    content: o
  - delay: 351
    content: c
  - delay: 1350
    content: ' '
  - delay: 562
    content: '-'
  - delay: 345
    content: 'n'
  - delay: 428
    content: ' '
  - delay: 1060
    content: v
  - delay: 457
    content: t
  - delay: 599
    content: m
  - delay: 1227
    content: p
  - delay: 48193
    content: "\e[?1l\e>"
  - delay: 5
    content: "\e[?2004l\r"
  - delay: 17
    content: "\n\e]0;root@archiso: lvcreate -L 1G proc -n vtmp\a"
  - delay: 26
    content: "  Logical volume \"vtmp\" created.\r\n"
  - delay: 20
    content: "\e[?1h\e=\e[?2004h\e[31m\e[1mroot\e[m@archiso \e[1m~ \e[22m#                                                                                                                       \e[40;18H\e]0;root@archiso: ~\a"
  - delay: 10464
    content: m
  - delay: 348
    content: "\bmk"
  - delay: 2584
    content: f
  - delay: 194
    content: s
  - delay: 1425
    content: .
  - delay: 921
    content: e
  - delay: 334
    content: x
  - delay: 336
    content: t
  - delay: 1044
    content: '4'
  - delay: 1937
    content: ' '
  - delay: 808
    content: /
  - delay: 339
    content: d
  - delay: 195
    content: e
  - delay: 256
    content: v
  - delay: 1519
    content: /
  - delay: 537
    content: p
  - delay: 337
    content: r
  - delay: 155
    content: o
  - delay: 400
    content: c
  - delay: 1390
    content: /
  - delay: 555
    content: v
  - delay: 352
    content: t
  - delay: 502
    content: m
  - delay: 1569
    content: p
  - delay: 1863
    content: "\e[?1l\e>\e[?2004l\r\n\e]0;root@archiso: mkfs.ext4 /dev/proc/vtmp\amke2fs 1.47.4 (6-Mar-2025)\r"
  - delay: 13
    content: |+

  - delay: 66
    content: "\e[?25lDiscarding device blocks:      0/262144\e[40;27H\e[?25hdone\e[28X\r\nCreating filesystem with 262144 4k blocks and 65536 inodes\r\nFilesystem UUID: 70a78fba-0d1b-4248-b269-60419ef84dee\r\nSuperblock backups stored on blocks:\r\n        32768, 98304, 163840, 229376\r\n\nAllocating group tables: done\r\nWriting inode tables: done\r"
  - delay: 18
    content: "\nCreating journal (8192 blocks):\e[1C"
  - delay: 43
    content: "done\r\nWriting superblocks and filesystem accounting information:\e[1C"
  - delay: 12
    content: "\e[?25l   \e[40;60H\e[?25hdone\r\n\e[?1h\e=\e[?2004h"
  - delay: 17
    content: "\n\e[31m\e[1mroot\e[m@archiso \e[1m~ \e[22m#                                                                                                                       \e[40;18H\e]0;root@archiso: ~\a"
  - delay: 25813
    content: mkfs.ext4 /dev/proc/vtmp
  - delay: 369
    content: "\e[?25l\e[40;18Hlvcreate -L 1G \e[4C -n vtmp\e[?25h"
  - delay: 445
    content: "\e[?25l\e[40;18Hmount --mkdir -o rw,nodev,nosuid,relatime /dev/proc/vars /mnt/var\e[?25h"
  - delay: 2202
    content: "\b"
  - delay: 424
    content: "\b"
  - delay: 25
    content: "\b"
  - delay: 16
    content: "\b"
  - delay: 63
    content: "\e[?25l\e[40;77H\e[?25h"
  - delay: 41
    content: "\b"
  - delay: 33
    content: "\b"
  - delay: 62
    content: "\b"
  - delay: 25
    content: "\b"
  - delay: 54
    content: "\b"
  - delay: 10
    content: "\b"
  - delay: 51
    content: "\b"
  - delay: 20
    content: "\b"
  - delay: 32
    content: "\b"
  - delay: 29
    content: "\b"
  - delay: 59
    content: "\b"
  - delay: 32
    content: "\b"
  - delay: 24
    content: "\b"
  - delay: 57
    content: "\b"
  - delay: 39
    content: "\b"
  - delay: 10
    content: "\b"
  - delay: 24
    content: "\b"
  - delay: 60
    content: "\b"
  - delay: 57
    content: "\b"
  - delay: 19
    content: "\b"
  - delay: 16
    content: "\b"
  - delay: 50
    content: "\b"
  - delay: 27
    content: "\b"
  - delay: 37
    content: "\b"
  - delay: 37
    content: "\b"
  - delay: 9
    content: "\b"
  - delay: 833
    content: "\b"
  - delay: 5272
    content: "\e[?25ln,relatime /dev/proc/vars /mnt/var\e[40;51H\e[?25h"
  - delay: 522
    content: "\e[?25lo,relatime /dev/proc/vars /mnt/var\e[40;52H\e[?25h"
  - delay: 219
    content: "\e[?25le,relatime /dev/proc/vars /mnt/var\e[40;53H\e[?25h"
  - delay: 1625
    content: "\b,relatime /dev/proc/vars /mnt/var                                                   \e[40;52H"
  - delay: 278
    content: "\b,relatime /dev/proc/vars /mnt/var                                                    \e[40;51H"
  - delay: 558
    content: "\b,relatime /dev/proc/vars /mnt/var                                                     \e[40;50H"
  - delay: 1077
    content: "\e[1C"
  - delay: 1200
    content: "\e[?25lnrelatime /dev/proc/vars /mnt/var\e[40;52H\e[?25h"
  - delay: 417
    content: "\e[?25lprelatime /dev/proc/vars /mnt/var\e[40;53H\e[?25h"
  - delay: 1482
    content: "\e[?25lerelatime /dev/proc/vars /mnt/var\e[40;54H\e[?25h"
  - delay: 493
    content: "\e[?25lxrelatime /dev/proc/vars /mnt/var\e[40;55H\e[?25h"
  - delay: 399
    content: "\e[?25lerelatime /dev/proc/vars /mnt/var\e[40;56H\e[?25h"
  - delay: 205
    content: "\e[?25ldrelatime /dev/proc/vars /mnt/var\e[40;57H\e[?25h"
  - delay: 2379
    content: "\e[?25l,relatime /dev/proc/vars /mnt/var\e[40;58H\e[?25h"
  - delay: 3354
    content: "\b"
  - delay: 485
    content: "\b"
  - delay: 283
    content: "\b"
  - delay: 266
    content: "\b"
  - delay: 270
    content: "\b"
  - delay: 831
    content: "\bexed,relatime /dev/proc/vars /mnt/var                                               \e[40;52H"
  - delay: 1105
    content: "\e[?25loexed,relatime /dev/proc/vars /mnt/var\e[40;53H\e[?25h"
  - delay: 4132
    content: "\e[1C"
  - delay: 151
    content: "\e[1C"
  - delay: 263
    content: "\e[1C"
  - delay: 912
    content: "\e[1C"
  - delay: 625
    content: "\b,relatime /dev/proc/vars /mnt/var                                               \e[40;56H"
  - delay: 1112
    content: "\e[?25lc,relatime /dev/proc/vars /mnt/var\e[40;57H\e[?25h"
  - delay: 6355
    content: "\e[1C"
  - delay: 249
    content: "\e[1C"
  - delay: 207
    content: "\e[1C"
  - delay: 204
    content: "\e[1C"
  - delay: 192
    content: "\e[1C"
  - delay: 194
    content: "\e[1C"
  - delay: 1018
    content: "\e[1C"
  - delay: 264
    content: "\e[1C"
  - delay: 417
    content: "\e[1C"
  - delay: 68
    content: "\e[1C"
  - delay: 28
    content: "\e[1C"
  - delay: 33
    content: "\e[1C"
  - delay: 32
    content: "\e[1C"
  - delay: 33
    content: "\e[1C"
  - delay: 24
    content: "\e[1C"
  - delay: 91037
    content: "\e[1C"
  - delay: 275
    content: "\e[1C"
  - delay: 377
    content: "\e[1C"
  - delay: 196
    content: "\e[1C"
  - delay: 361
    content: "\e[1C"
  - delay: 240
    content: "\e[1C"
  - delay: 383
    content: "\e[1C"
  - delay: 261
    content: "\e[1C"
  - delay: 335
    content: "\e[1C"
  - delay: 698
    content: "\b /mnt/var                                               \e[40;80H"
  - delay: 243
    content: "\b /mnt/var                                                \e[40;79H"
  - delay: 378
    content: "\b /mnt/var                                                 \e[40;78H"
  - delay: 1752
    content: "\e[?25lt /mnt/var\e[40;79H\e[?25h"
  - delay: 537
    content: "\e[?25lm /mnt/var\e[40;80H\e[?25h"
  - delay: 226
    content: "\e[?25lp /mnt/var\e[40;81H\e[?25h"
  - delay: 6231
    content: "\e[1C"
  - delay: 167
    content: "\e[1C"
  - delay: 240
    content: "\e[1C"
  - delay: 342
    content: "\e[1C"
  - delay: 138
    content: "\e[1C"
  - delay: 193
    content: "\e[1C"
  - delay: 199
    content: "\e[1C"
  - delay: 175
    content: "\e[1C"
  - delay: 777
    content: "/r\b"
  - delay: 1161
    content: "\e[?25l\br \e[40;89H\e[?25h"
  - delay: 676
    content: "\e[1C"
  - delay: 744
    content: /
  - delay: 1002
    content: t
  - delay: 1170
    content: m
  - delay: 98
    content: p
  - delay: 11660
    content: "\e[?1l\e>\e[?2004l\r\n"
  - delay: 25
    content: "                                                                                                                                       \e[40;1H\e]0;root@archiso: mount --mkdir -o rw,nodev,nosuid,noexec,relatime /dev/proc/vtmp /mnt/var/tmp\a\e[?1h\e=\e[?2004h"
  - delay: 15
    content: "\e[31m\e[1mroot\e[m@archiso \e[1m~ \e[22m#                                                                                                                       \e[40;18H\e]0;root@archiso: ~\a"
  - delay: 10094
    content: l
  - delay: 571
    content: "\blv"
  - delay: 457
    content: c
  - delay: 812
    content: r
  - delay: 184
    content: e
  - delay: 225
    content: a
  - delay: 196
    content: t
  - delay: 512
    content: e
  - delay: 1098
    content: ' '
  - delay: 1375
    content: '-'
  - delay: 845
    content: L
  - delay: 1339
    content: ' '
  - delay: 6530
    content: '1'
  - delay: 1102
    content: G
  - delay: 7996
    content: ' '
  - delay: 428
    content: p
  - delay: 246
    content: r
  - delay: 208
    content: o
  - delay: 483
    content: c
  - delay: 1923
    content: ' '
  - delay: 613
    content: '-'
  - delay: 353
    content: 'n'
  - delay: 243
    content: ' '
  - delay: 1033
    content: v
  - delay: 442
    content: l
  - delay: 258
    content: o
  - delay: 325
    content: g
  - delay: 7686
    content: "\e[?1l\e>\e[?2004l\r\n\e]0;root@archiso: lvcreate -L 1G proc -n vlog\a"
  - delay: 56
    content: "  Logical volume \"vlog\" created.\r\n"
  - delay: 7
    content: "\e[?1h\e=\e[?2004h"
  - delay: 11
    content: "\e[31m\e[1mroot\e[m@archiso \e[1m~ \e[22m#                                                                                                                       \e[40;18H\e]0;root@archiso: ~\a"
  - delay: 3910
    content: m
  - delay: 164
    content: "\bmk"
  - delay: 484
    content: f
  - delay: 2081
    content: s
  - delay: 1369
    content: .
  - delay: 456
    content: e
  - delay: 1200
    content: x
  - delay: 1524
    content: t
  - delay: 1107
    content: '4'
  - delay: 2778
    content: ' '
  - delay: 693
    content: /
  - delay: 383
    content: d
  - delay: 357
    content: e
  - delay: 73
    content: v
  - delay: 2506
    content: /
  - delay: 484
    content: p
  - delay: 238
    content: r
  - delay: 210
    content: o
  - delay: 1739
    content: c
  - delay: 1380
    content: /
  - delay: 1619
    content: v
  - delay: 558
    content: l
  - delay: 166
    content: o
  - delay: 283
    content: g
  - delay: 2113
    content: "\e[?1l\e>\e[?2004l\r"
  - delay: 7
    content: "\nmke2fs 1.47.4 (6-Mar-2025)\r\e]0;root@archiso: mkfs.ext4 /dev/proc/vlog\a"
  - delay: 9
    content: |+

  - delay: 71
    content: "\e[?25lDiscarding device blocks:      0/262144\e[40;27H\e[?25h"
  - delay: 103
    content: "done\e[28X\r\nCreating filesystem with 262144 4k blocks and 65536 inodes\r\nFilesystem UUID: 66c97955-c3ee-4eec-946a-e54420f516ec\r\nSuperblock backups stored on blocks:\r\n        32768,\e[1C98304, 163840, 229376\r\n\nAllocating group tables: done\r\nWriting inode tables: done\r"
  - delay: 16
    content: "\nCreating journal (8192 blocks):\e[1C"
  - delay: 26
    content: "done\r\nWriting superblocks and filesystem accounting information:\e[1Cdone\r\n\e[?1h\e=\e[?2004h"
  - delay: 12
    content: "\n\e[31m\e[1mroot\e[m@archiso \e[1m~ \e[22m#                                                                                                                       \e[40;18H\e]0;root@archiso: ~\a"
  - delay: 3530
    content: m
  - delay: 305
    content: "\bmo"
  - delay: 319
    content: u
  - delay: 287
    content: 'n'
  - delay: 316
    content: t
  - delay: 1112
    content: "\b \b"
  - delay: 176
    content: "\b \b"
  - delay: 170
    content: "\b \b"
  - delay: 232
    content: "\e[?25l\e[40;18Hm \b\e[?25h"
  - delay: 267
    content: "\b \b"
  - delay: 771
    content: mkfs.ext4 /dev/proc/vlog
  - delay: 360
    content: "\e[?25l\e[40;18Hlvcreate -L 1G \e[4C -n vlog\e[?25h"
  - delay: 479
    content: "\e[?25l\e[40;18Hmount --mkdir -o rw,nodev,nosuid,noexec,relatime /dev/proc/vtmp /mnt/var/tmp\e[?25h"
  - delay: 10371
    content: "\b"
  - delay: 354
    content: "\b"
  - delay: 33
    content: "\b"
  - delay: 16
    content: "\b"
  - delay: 33
    content: "\b"
  - delay: 65
    content: "\b"
  - delay: 24
    content: "\b"
  - delay: 37
    content: "\b"
  - delay: 32
    content: "\b"
  - delay: 32
    content: "\b"
  - delay: 17
    content: "\b"
  - delay: 1327
    content: "\b"
  - delay: 395
    content: "\b"
  - delay: 354
    content: "\b"
  - delay: 801
    content: "\e[1C"
  - delay: 738
    content: "\b /mnt/var/tmp                                           \e[40;80H"
  - delay: 219
    content: "\b /mnt/var/tmp                                            \e[40;79H"
  - delay: 263
    content: "\b /mnt/var/tmp                                             \e[40;78H"
  - delay: 834
    content: "\e[?25ll /mnt/var/tmp\e[40;79H\e[?25h"
  - delay: 208
    content: "\e[?25lo /mnt/var/tmp\e[40;80H\e[?25h"
  - delay: 301
    content: "\e[?25lg /mnt/var/tmp\e[40;81H\e[?25h"
  - delay: 46756
    content: "\e[1C"
  - delay: 275
    content: "\e[1C"
  - delay: 237
    content: "\e[1C"
  - delay: 210
    content: "\e[1C"
  - delay: 394
    content: "\e[1C"
  - delay: 166
    content: "\e[1C"
  - delay: 177
    content: "\e[1C"
  - delay: 436
    content: "\e[1C"
  - delay: 37
    content: "\e[1C"
  - delay: 57
    content: "\e[1C"
  - delay: 34
    content: "\e[1C"
  - delay: 32
    content: "\e[1C"
  - delay: 31
    content: "\e[1C"
  - delay: 933
    content: "\b \b"
  - delay: 156
    content: "\b \b"
  - delay: 371
    content: "\b \b"
  - delay: 451
    content: l
  - delay: 221
    content: o
  - delay: 333
    content: g
  - delay: 4450
    content: "\e[?1l\e>\e[?2004l\r\n\e]0;root@archiso: mount --mkdir -o rw,nodev,nosuid,noexec,relatime /dev/proc/vlog /mnt/var/log\a"
  - delay: 19
    content: "\e[?1h\e=\e[?2004h\e[31m\e[1mroot\e[m@archiso \e[1m~ \e[22m#                                                                                                                       \e[40;18H\e]0;root@archiso: ~\a"
  - delay: 7878
    content: l
  - delay: 3788
    content: "\blv"
  - delay: 202
    content: c
  - delay: 313
    content: r
  - delay: 162
    content: e
  - delay: 164
    content: a
  - delay: 103
    content: t
  - delay: 241
    content: e
  - delay: 806
    content: ' '
  - delay: 2715
    content: '-'
  - delay: 612
    content: l
  - delay: 867
    content: "\b \b"
  - delay: 369
    content: L
  - delay: 467
    content: ' '
  - delay: 785
    content: '1'
  - delay: 674
    content: G
  - delay: 742
    content: ' '
  - delay: 3980
    content: p
  - delay: 691
    content: r
  - delay: 643
    content: o
  - delay: 449
    content: c
  - delay: 577
    content: ' '
  - delay: 741
    content: '-'
  - delay: 594
    content: 'n'
  - delay: 240
    content: ' '
  - delay: 1893
    content: v
  - delay: 342
    content: a
  - delay: 361
    content: u
  - delay: 248
    content: d
  - delay: 5504
    content: "\e[?1l\e>\e[?2004l\r\n\e]0;root@archiso: lvcreate -L 1G proc -n vaud\a"
  - delay: 52
    content: "  Logical volume \"vaud\" created.\r\n"
  - delay: 8
    content: "                                                                                                                                       \e[40;1H"
  - delay: 11
    content: "\e[?1h\e=\e[?2004h"
  - delay: 5
    content: "\e[31m\e[1mroot\e[m@archiso \e[1m~ \e[22m#                                                                                                                       \e[40;18H\e]0;root@archiso: ~\a"
  - delay: 5772
    content: lvcreate -L 1G proc -n vaud
  - delay: 220
    content: "\e[?25l\e[40;18Hmount --mkdir -o rw,nodev,nosuid,noexec,relatime /dev/proc/vlog /mnt/var/log\e[?25h"
  - delay: 496
    content: "\e[?25l\e[40;18Hmkfs.ext4 /dev/proc/vlog                                                                                              \e[40;42H\e[?25h"
  - delay: 472
    content: "\e[?25l\e[40;18Hlvcreate -L 1G \e[4C -n vlog\e[?25h"
  - delay: 962
    content: "\e[?25l\e[40;18Hmount --mkdir -o rw,nodev,nosuid,noexec,relatime /dev/proc/vtmp /mnt/var/tmp\e[?25h"
  - delay: 1688
    content: "\e[?25l\e[40;18Hlvcreate -L 1G proc -n vlog\e[49X\e[?25h"
  - delay: 691
    content: "\e[?25l\e[40;18Hmkfs.ext4 /dev/\e[4C/vlog   \e[40;42H\e[?25h"
  - delay: 6833
    content: "\b \b"
  - delay: 155
    content: "\b \b"
  - delay: 197
    content: "\b \b"
  - delay: 5483
    content: a
  - delay: 258
    content: u
  - delay: 274
    content: d
  - delay: 4684
    content: "\e[?1l\e>\e[?2004l\r\n\e]0;root@archiso: mkfs.ext4 /dev/proc/vaud\a"
  - delay: 6
    content: "mke2fs 1.47.4 (6-Mar-2025)\r"
  - delay: 16
    content: |+

  - delay: 72
    content: "Discarding device blocks: done\e[28X\r\nCreating filesystem with 262144 4k blocks and 65536 inodes\r\nFilesystem UUID: 892c3fba-e911-40d5-bd8d-5e52ef51c468\r\nSuperblock backups stored on blocks:\r\n        32768, 98304, 163840, 229376\r\n\nAllocating group tables: done\r\nWriting inode tables: done\r\nCreating journal (8192 blocks):\e[1C"
  - delay: 50
    content: "done\r\n"
  - delay: 7
    content: "Writing superblocks and filesystem accounting information: done\r\n"
  - delay: 7
    content: "\e[?1h\e=\e[?2004h\n\e[31m\e[1mroot\e[m@archiso \e[1m~ \e[22m#                                                                                                                       \e[40;18H\e]0;root@archiso: ~\a"
  - delay: 1776
    content: mkfs.ext4 /dev/proc/vaud
  - delay: 341
    content: "\e[?25l\e[40;18Hlvcreate -L 1G \e[4C -n vaud\e[?25h"
  - delay: 644
    content: "\e[?25l\e[40;18Hmount --mkdir -o rw,nodev,nosuid,noexec,relatime /dev/proc/vlog /mnt/var/log\e[?25h"
  - delay: 7822
    content: "\b"
  - delay: 109
    content: "\b"
  - delay: 214
    content: "\b"
  - delay: 159
    content: "\b"
  - delay: 197
    content: "\b"
  - delay: 152
    content: "\b"
  - delay: 139
    content: "\b"
  - delay: 257
    content: "\b"
  - delay: 238
    content: "\b"
  - delay: 145
    content: "\b"
  - delay: 152
    content: "\b"
  - delay: 203
    content: "\b"
  - delay: 153
    content: "\b"
  - delay: 295
    content: "\b"
  - delay: 835
    content: "\e[1C"
  - delay: 921
    content: "\b /mnt/var/log                                           \e[40;80H"
  - delay: 305
    content: "\b /mnt/var/log                                            \e[40;79H"
  - delay: 284
    content: "\b /mnt/var/log                                             \e[40;78H"
  - delay: 717
    content: "\e[?25la /mnt/var/log\e[40;79H\e[?25h"
  - delay: 361
    content: "\e[?25lu /mnt/var/log\e[40;80H\e[?25h"
  - delay: 215
    content: "\e[?25ld /mnt/var/log\e[40;81H\e[?25h"
  - delay: 6041
    content: "\e[1C"
  - delay: 418
    content: "\e[1C"
  - delay: 629
    content: "\e[1C"
  - delay: 1163
    content: "\e[1C"
  - delay: 433
    content: "\e[1C"
  - delay: 262
    content: "\e[1C"
  - delay: 969
    content: "\e[1C"
  - delay: 310
    content: "\e[1C"
  - delay: 230
    content: "\e[1C"
  - delay: 418
    content: "\e[1C"
  - delay: 219
    content: "\e[1C"
  - delay: 245
    content: "\e[1C"
  - delay: 579
    content: "\e[1C"
  - delay: 822
    content: /
  - delay: 1106
    content: a
  - delay: 353
    content: u
  - delay: 258
    content: d
  - delay: 235
    content: i
  - delay: 306
    content: t
  - delay: 3325
    content: "\e[?1l\e>\e[?2004l\r\n\e]0;root@archiso: mount --mkdir -o rw,nodev,nosuid,noexec,relatime /dev/proc/vaud \a"
  - delay: 17
    content: "                                                                                                                                       \e[40;1H\e[?1h\e=\e[?2004h"
  - delay: 8
    content: "\e[31m\e[1mroot\e[m@archiso \e[1m~ \e[22m#                                                                                                                       \e[40;18H\e]0;root@archiso: ~\a"
  - delay: 6724
    content: >-
      mount --mkdir -o rw,nodev,nosuid,noexec,relatime /dev/proc/vaud
      /mnt/var/log/audit
  - delay: 467
    content: "\e[?25l\e[40;18Hmkfs.ext4 /dev/proc/vaud                                                                                              \e[40;42H\e[?25h"
  - delay: 333
    content: "\e[?25l\e[40;18Hlvcreate -L 1G \e[4C -n vaud\e[?25h"
  - delay: 5963
    content: "\b \b"
  - delay: 166
    content: "\b \b"
  - delay: 176
    content: "\b \b"
  - delay: 242
    content: "\b \b"
  - delay: 743
    content: h
  - delay: 237
    content: o
  - delay: 177
    content: m
  - delay: 171
    content: e
  - delay: 4335
    content: "\e[?1l\e>\e[?2004l\r\n\e]0;root@archiso: lvcreate -L 1G proc -n home\a"
  - delay: 45
    content: "  Logical volume \"home\" created.\r\n"
  - delay: 15
    content: "\e[?1h\e=\e[?2004h"
  - delay: 8
    content: "\e[31m\e[1mroot\e[m@archiso \e[1m~ \e[22m#                                                                                                                       \e[40;18H\e]0;root@archiso: ~\a"
  - delay: 3127
    content: lvcreate -L 1G proc -n home
  - delay: 353
    content: "\e[?25l\e[40;18Hmount --mkdir -o rw,nodev,nosuid,noexec,relatime /dev/proc/vaud /mnt/var/log/audit\e[?25h"
  - delay: 902
    content: "\e[?25l\e[40;18Hmkfs.ext4 /dev/proc/vaud                                                                                              \e[40;42H\e[?25h"
  - delay: 3433
    content: "\b \b"
  - delay: 190
    content: "\b \b"
  - delay: 263
    content: "\b \b"
  - delay: 589
    content: "\b \b"
  - delay: 537
    content: h
  - delay: 191
    content: o
  - delay: 257
    content: m
  - delay: 185
    content: e
  - delay: 8857
    content: "\e[?1l\e>\e[?2004l\r\n\e]0;root@archiso: mkfs.ext4 /dev/proc/home\amke2fs 1.47.4 (6-Mar-2025)\r"
  - delay: 19
    content: |+

  - delay: 50
    content: "\e[?25lDiscarding device blocks:      0/262144\e[40;27H\e[?25h"
  - delay: 13
    content: "done\e[28X\r\nCreating filesystem with 262144 4k blocks and 65536 inodes\r\nFilesystem UUID: 4389b23f-88a4-4860-8a55-7521648027ec\r\nSuperblock backups stored on blocks:\r\n        32768, 98304, 163840, 229376\r\n\nAllocating group tables: done\r\nWriting inode tables: done\r"
  - delay: 16
    content: "\nCreating journal (8192 blocks):\e[1C"
  - delay: 34
    content: "done\r\nWriting superblocks and filesystem accounting information: done\r\n"
  - delay: 8
    content: "\n\e[?1h\e=\e[?2004h"
  - delay: 15
    content: "\e[31m\e[1mroot\e[m@archiso \e[1m~ \e[22m#                                                                                                                       \e[40;18H\e]0;root@archiso: ~\a"
  - delay: 175274
    content: mkfs.ext4 /dev/proc/home
  - delay: 546
    content: "\e[?25l\e[40;18Hlvcreate -L 1G \e[4C -n home\e[?25h"
  - delay: 511
    content: "\e[?25l\e[40;18Hmount --mkdir -o rw,nodev,nosuid,noexec,relatime /dev/proc/vaud /mnt/var/log/audit\e[?25h"
  - delay: 14578
    content: "\b"
  - delay: 152
    content: "\b"
  - delay: 240
    content: "\b"
  - delay: 136
    content: "\b"
  - delay: 170
    content: "\b"
  - delay: 404
    content: "\b"
  - delay: 37
    content: "\b"
  - delay: 70
    content: "\e[?25l\e[40;91H\e[?25h"
  - delay: 61
    content: "\b"
  - delay: 44
    content: "\b"
  - delay: 21
    content: "\b"
  - delay: 30
    content: "\b"
  - delay: 32
    content: "\b"
  - delay: 389
    content: "\b"
  - delay: 155
    content: "\b"
  - delay: 230
    content: "\b"
  - delay: 223
    content: "\b"
  - delay: 190
    content: "\b"
  - delay: 774
    content: "\b /mnt/var/log/audit                                     \e[40;80H"
  - delay: 182
    content: "\b /mnt/var/log/audit                                      \e[40;79H"
  - delay: 329
    content: "\b /mnt/var/log/audit                                       \e[40;78H"
  - delay: 242
    content: "\b /mnt/var/log/audit                                        \e[40;77H"
  - delay: 656
    content: "\e[?25lh /mnt/var/log/audit\e[40;78H\e[?25h"
  - delay: 169
    content: "\e[?25lo /mnt/var/log/audit\e[40;79H\e[?25h"
  - delay: 838
    content: "\e[?25l, /mnt/var/log/audit\e[40;80H\e[?25h"
  - delay: 211
    content: "\e[?25le /mnt/var/log/audit\e[40;81H\e[?25h"
  - delay: 623
    content: "\b /mnt/var/log/audit                                     \e[40;80H"
  - delay: 171
    content: "\b /mnt/var/log/audit                                      \e[40;79H"
  - delay: 505
    content: "\e[?25lm /mnt/var/log/audit\e[40;80H\e[?25h"
  - delay: 92
    content: "\e[?25le /mnt/var/log/audit\e[40;81H\e[?25h"
  - delay: 4399
    content: "\e[1C"
  - delay: 419
    content: "\e[1C"
  - delay: 29
    content: "\e[1C"
  - delay: 44
    content: "\e[1C"
  - delay: 23
    content: "\e[1C"
  - delay: 34
    content: "\e[1C"
  - delay: 31
    content: "\e[1C"
  - delay: 29
    content: "\e[1C"
  - delay: 32
    content: "\e[1C"
  - delay: 256
    content: "\e[1C"
  - delay: 160
    content: "\e[1C"
  - delay: 193
    content: "\e[1C"
  - delay: 154
    content: "\e[1C"
  - delay: 454
    content: "\e[2C"
  - delay: 100
    content: "\e[1C"
  - delay: 14
    content: "\e[2C"
  - delay: 238
    content: "\e[1C"
  - delay: 795
    content: "\b \b"
  - delay: 426
    content: "\b \b"
  - delay: 63
    content: "\b \b"
  - delay: 32
    content: "\b \b"
  - delay: 29
    content: "\b \b"
  - delay: 32
    content: "\b \b"
  - delay: 35
    content: "\b \b"
  - delay: 16
    content: "\b \b"
  - delay: 63
    content: "\b \b"
  - delay: 249
    content: "\b \b"
  - delay: 206
    content: "\b \b"
  - delay: 209
    content: "\b \b"
  - delay: 274
    content: "\b \b"
  - delay: 850
    content: h
  - delay: 299
    content: o
  - delay: 187
    content: m
  - delay: 168
    content: e
  - delay: 4088
    content: "\e[?1l\e>\e[?2004l\r\n\e]0;root@archiso: mount --mkdir -o rw,nodev,nosuid,noexec,relatime /dev/proc/home /mnt/home\a"
  - delay: 15
    content: "                                                                                                                                       \e[40;1H\e[?1h\e=\e[?2004h"
  - delay: 6
    content: "\e[31m\e[1mroot\e[m@archiso \e[1m~ \e[22m#                                                                                                                       \e[40;18H\e]0;root@archiso: ~\a"
  - delay: 10834
    content: l
  - delay: 658
    content: "\blv"
  - delay: 1518
    content: c
  - delay: 274
    content: r
  - delay: 217
    content: e
  - delay: 2214
    content: a
  - delay: 223
    content: r
  - delay: 698
    content: "\b \b"
  - delay: 453
    content: t
  - delay: 255
    content: e
  - delay: 1638
    content: ' '
  - delay: 1709
    content: '-'
  - delay: 481
    content: l
  - delay: 2568
    content: '5'
  - delay: 432
    content: '0'
  - delay: 3377
    content: '%'
  - delay: 3457
    content: F
  - delay: 127
    content: R
  - delay: 225
    content: E
  - delay: 221
    content: E
  - delay: 1076
    content: ' '
  - delay: 754
    content: p
  - delay: 380
    content: r
  - delay: 63
    content: o
  - delay: 430
    content: c
  - delay: 275
    content: ' '
  - delay: 4338
    content: '-'
  - delay: 187
    content: 'n'
  - delay: 286
    content: ' '
  - delay: 1499
    content: p
  - delay: 318
    content: r
  - delay: 209
    content: i
  - delay: 333
    content: v
  - delay: 3414
    content: "\e[?1l\e>\e[?2004l\r\n\e]0;root@archiso: lvcreate -l50%FREE proc -n priv\a"
  - delay: 66
    content: "  Logical volume \"priv\" created.\r\n                                                                                                                                       \e[40;1H\e[?1h\e=\e[?2004h"
  - delay: 12
    content: "\e[31m\e[1mroot\e[m@archiso \e[1m~ \e[22m#                                                                                                                       \e[40;18H\e]0;root@archiso: ~\a"
  - delay: 5873
    content: c
  - delay: 407
    content: "\bcr"
  - delay: 395
    content: 'y'
  - delay: 338
    content: p
  - delay: 2430
    content: t
  - delay: 1596
    content: s
  - delay: 342
    content: e
  - delay: 247
    content: t
  - delay: 395
    content: u
  - delay: 270
    content: p
  - delay: 1475
    content: ' '
  - delay: 2245
    content: l
  - delay: 392
    content: u
  - delay: 509
    content: k
  - delay: 213
    content: s
  - delay: 3158
    content: F
  - delay: 675
    content: o
  - delay: 416
    content: r
  - delay: 272
    content: m
  - delay: 224
    content: a
  - delay: 451
    content: t
  - delay: 1893
    content: ' '
  - delay: 615
    content: /
  - delay: 303
    content: d
  - delay: 176
    content: e
  - delay: 334
    content: v
  - delay: 290
    content: ' '
  - delay: 685
    content: "\b"
  - delay: 413
    content: /
  - delay: 2582
    content: p
  - delay: 319
    content: r
  - delay: 91
    content: o
  - delay: 442
    content: c
  - delay: 2060
    content: /
  - delay: 545
    content: p
  - delay: 335
    content: r
  - delay: 157
    content: i
  - delay: 665
    content: v
  - delay: 5228
    content: "\e[?1l\e>\e[?2004l\r\n\e]0;root@archiso: cryptsetup luksFormat /dev/proc/priv\a"
  - delay: 64
    content: "\nWARNING!\r\n========\r\nThis will overwrite data on /dev/proc/priv irrevocably.\r\n"
  - delay: 11
    content: "\nAre you sure? (Type 'yes' in capital letters):\e[1C"
  - delay: 16297
    content: 'Y'
  - delay: 209
    content: E
  - delay: 630
    content: S
  - delay: 1060
    content: "\r\nEnter passphrase for /dev/proc/priv:\e[1C"
  - delay: 17051
    content: "\r\nVerify passphrase:\e[1C"
  - delay: 3243
    content: "\r\n"
  - delay: 5861
    content: "cryptsetup luksFormat /dev/proc/priv  9.06s user 0.37s system 21% cpu 44.334 total\r\e[?1h\e=\e[?2004h\n\e[31m\e[1mroot\e[m@archiso \e[1m~ \e[22m#                                                                                                                       \e[40;18H\e]0;root@archiso: ~\a"
  - delay: 16892
    content: P
  - delay: 259
    content: "\bPI"
  - delay: 176
    content: 'N'
  - delay: 434
    content: G
  - delay: 484
    content: ' '
  - delay: 578
    content: "\b"
  - delay: 163
    content: "\b \b"
  - delay: 156
    content: "\b \b"
  - delay: 175
    content: "\e[?25l\e[40;18HP \b\e[?25h"
  - delay: 195
    content: "\b \b"
  - delay: 829
    content: p
  - delay: 297
    content: "\bpi"
  - delay: 357
    content: 'n'
  - delay: 48
    content: g
  - delay: 505
    content: ' '
  - delay: 388
    content: '1'
  - delay: 430
    content: .
  - delay: 228
    content: '1'
  - delay: 167
    content: .
  - delay: 210
    content: '1'
  - delay: 391
    content: .
  - delay: 328
    content: '1'
  - delay: 753
    content: "\e[?1l\e>\e[?2004l\r\n\e]0;root@archiso: ping 1.1.1.1\aPING 1.1.1.1 (1.1.1.1) 56(84) bytes of data.\r"
  - delay: 9
    content: |+

  - delay: 120
    content: "64 bytes from 1.1.1.1: icmp_seq=1 ttl=248 time=129 ms\r\n"
  - delay: 915
    content: "64 bytes from 1.1.1.1: icmp_seq=2 ttl=248 time=29.2 ms\r\n"
  - delay: 405
    content: "^C\r\n--- 1.1.1.1 ping statistics ---\r\n2 packets transmitted, 2 received, 0% packet loss, time 1001ms\r\nrtt min/avg/max/mdev = 29.160/78.836/128.512/49.676 ms\r\e[?1h\e=\e[?2004h"
  - delay: 5
    content: "\n\e[31m\e[1mroot\e[m@archiso \e[1m~ \e[22m#                                                                                                                       \e[40;18H\e]0;root@archiso: ~\a"
  - delay: 2866
    content: p
  - delay: 194
    content: "\bpa"
  - delay: 740
    content: c
  - delay: 454
    content: s
  - delay: 255
    content: t
  - delay: 94
    content: r
  - delay: 145
    content: a
  - delay: 371
    content: p
  - delay: 2526
    content: ' '
  - delay: 805
    content: /
  - delay: 617
    content: m
  - delay: 188
    content: 'n'
  - delay: 303
    content: t
  - delay: 2245
    content: ' '
  - delay: 405
    content: i
  - delay: 141
    content: 'n'
  - delay: 292
    content: t
  - delay: 191
    content: e
  - delay: 385
    content: l
  - delay: 2030
    content: '-'
  - delay: 1444
    content: u
  - delay: 516
    content: c
  - delay: 128
    content: o
  - delay: 491
    content: d
  - delay: 164
    content: e
  - delay: 13230
    content: l
  - delay: 844
    content: "\b \b"
  - delay: 395
    content: ' '
  - delay: 150
    content: l
  - delay: 308
    content: i
  - delay: 364
    content: 'n'
  - delay: 260
    content: u
  - delay: 354
    content: x
  - delay: 1626
    content: '-'
  - delay: 377
    content: l
  - delay: 449
    content: s
  - delay: 1941
    content: "\b \b"
  - delay: 418
    content: t
  - delay: 179
    content: s
  - delay: 2371
    content: '-'
  - delay: 9122
    content: h
  - delay: 258
    content: e
  - delay: 747
    content: a
  - delay: 917
    content: d
  - delay: 261
    content: e
  - delay: 220
    content: r
  - delay: 228
    content: s
  - delay: 1481
    content: ' '
  - delay: 963
    content: l
  - delay: 296
    content: i
  - delay: 561
    content: 'n'
  - delay: 233
    content: u
  - delay: 616
    content: x
  - delay: 454
    content: ' '
  - delay: 26
    content: ' '
  - delay: 2478
    content: "\b"
  - delay: 369
    content: '-'
  - delay: 2186
    content: "\b \b"
  - delay: 34
    content: "\b"
  - delay: 1601
    content: '-'
  - delay: 963
    content: f
  - delay: 277
    content: i
  - delay: 2354
    content: r
  - delay: 597
    content: m
  - delay: 481
    content: w
  - delay: 229
    content: a
  - delay: 217
    content: r
  - delay: 244
    content: e
  - delay: 1836
    content: ' '
  - delay: 1139
    content: l
  - delay: 376
    content: v
  - delay: 327
    content: m
  - delay: 3045
    content: '2'
  - delay: 1354
    content: ' '
  - delay: 1807
    content: b
  - delay: 297
    content: a
  - delay: 192
    content: s
  - delay: 123
    content: e
  - delay: 414
    content: ' '
  - delay: 262
    content: b
  - delay: 160
    content: a
  - delay: 321
    content: s
  - delay: 137
    content: e
  - delay: 2914
    content: '-'
  - delay: 619
    content: d
  - delay: 236
    content: e
  - delay: 3447
    content: v
  - delay: 189
    content: e
  - delay: 457
    content: l
  - delay: 2316
    content: ' '
  - delay: 1620
    content: 'n'
  - delay: 366
    content: e
  - delay: 291
    content: o
  - delay: 441
    content: v
  - delay: 245
    content: i
  - delay: 254
    content: m
  - delay: 1043
    content: ' '
  - delay: 3009
    content: o
  - delay: 203
    content: p
  - delay: 291
    content: e
  - delay: 235
    content: 'n'
  - delay: 1888
    content: s
  - delay: 350
    content: s
  - delay: 269
    content: h
  - delay: 1567
    content: ' '
  - delay: 2787
    content: s
  - delay: 214
    content: e
  - delay: 704
    content: "\b \b"
  - delay: 475
    content: u
  - delay: 264
    content: p
  - delay: 200
    content: e
  - delay: 313
    content: r
  - delay: 3460
    content: f
  - delay: 444
    content: i
  - delay: 288
    content: l
  - delay: 437
    content: e
  - delay: 1512
    content: ' '
  - delay: 793
    content: p
  - delay: 172
    content: o
  - delay: 391
    content: d
  - delay: 217
    content: m
  - delay: 121
    content: a
  - delay: 267
    content: 'n'
  - delay: 671
    content: ' '
  - delay: 1847
    content: p
  - delay: 166
    content: o
  - delay: 319
    content: d
  - delay: 240
    content: m
  - delay: 112
    content: a
  - delay: 221
    content: "n\r\n\e[39;135Hn\r\n"
  - delay: 3972
    content: '-'
  - delay: 1932
    content: "\r-d"
  - delay: 201
    content: e
  - delay: 275
    content: s
  - delay: 12046
    content: k
  - delay: 98
    content: o
  - delay: 192
    content: p
  - delay: 839
    content: ' '
  - delay: 1594
    content: i
  - delay: 408
    content: p
  - delay: 549
    content: t
  - delay: 150
    content: a
  - delay: 207
    content: b
  - delay: 351
    content: l
  - delay: 191
    content: e
  - delay: 238
    content: s
  - delay: 3480
    content: ' '
  - delay: 1057
    content: m
  - delay: 292
    content: p
  - delay: 1478
    content: c
  - delay: 1235
    content: ' '
  - delay: 2430
    content: "\b"
  - delay: 291
    content: "\b \b"
  - delay: 708
    content: d
  - delay: 355
    content: ' '
  - delay: 297
    content: m
  - delay: 640
    content: p
  - delay: 488
    content: c
  - delay: 1523
    content: ' '
  - delay: 860
    content: m
  - delay: 554
    content: v
  - delay: 320
    content: p
  - delay: 1466
    content: ' '
  - delay: 3792
    content: k
  - delay: 305
    content: e
  - delay: 171
    content: e
  - delay: 513
    content: p
  - delay: 3010
    content: a
  - delay: 259
    content: s
  - delay: 195
    content: s
  - delay: 3349
    content: x
  - delay: 192
    content: c
  - delay: 512
    content: ' '
  - delay: 5327
    content: s
  - delay: 173
    content: e
  - delay: 276
    content: c
  - delay: 852
    content: r
  - delay: 407
    content: e
  - delay: 235
    content: t
  - delay: 1529
    content: s
  - delay: 706
    content: ' '
  - delay: 4019
    content: b
  - delay: 252
    content: o
  - delay: 159
    content: o
  - delay: 3330
    content: s
  - delay: 98
    content: t
  - delay: 222
    content: e
  - delay: 118
    content: r
  - delay: 619
    content: ' '
  - delay: 4106
    content: 'n'
  - delay: 413
    content: e
  - delay: 925
    content: t
  - delay: 813
    content: w
  - delay: 272
    content: o
  - delay: 41811
    content: r
  - delay: 194
    content: k
  - delay: 6462
    content: m
  - delay: 164
    content: a
  - delay: 251
    content: 'n'
  - delay: 202
    content: a
  - delay: 325
    content: g
  - delay: 290
    content: e
  - delay: 190
    content: r
  - delay: 5336
    content: ' '
  - delay: 356
    content: p
  - delay: 260
    content: a
  - delay: 193
    content: m
  - delay: 2088
    content: _
  - delay: 2741
    content: m
  - delay: 386
    content: o
  - delay: 302
    content: u
  - delay: 286
    content: 'n'
  - delay: 298
    content: t
  - delay: 34970
    content: "\b"
  - delay: 185
    content: "\b"
  - delay: 155
    content: "\b"
  - delay: 414
    content: "\b"
  - delay: 72
    content: "\b"
  - delay: 23
    content: "\b"
  - delay: 36
    content: "\b"
  - delay: 28
    content: "\b"
  - delay: 36
    content: "\b"
  - delay: 31
    content: "\b"
  - delay: 42
    content: "\b"
  - delay: 46
    content: "\e[?25l\e[40;67H\e[?25h"
  - delay: 61
    content: "\b"
  - delay: 22
    content: "\b"
  - delay: 39
    content: "\b"
  - delay: 23
    content: "\b"
  - delay: 21
    content: "\b"
  - delay: 42
    content: "\b"
  - delay: 74
    content: "\b"
  - delay: 62
    content: "\e[?25l\e[40;58H\e[?25h"
  - delay: 47
    content: "\b"
  - delay: 19
    content: "\b"
  - delay: 50
    content: "\b"
  - delay: 22
    content: "\b"
  - delay: 38
    content: "\b"
  - delay: 31
    content: "\b"
  - delay: 34
    content: "\b"
  - delay: 33
    content: "\b"
  - delay: 31
    content: "\b"
  - delay: 17
    content: "\b"
  - delay: 38
    content: "\b"
  - delay: 37
    content: "\b"
  - delay: 71
    content: "\b"
  - delay: 46
    content: "\e[?25l\e[40;43H\e[?25h"
  - delay: 16
    content: "\b"
  - delay: 383
    content: "\b"
  - delay: 422
    content: "\b"
  - delay: 61
    content: "\b"
  - delay: 34
    content: "\b"
  - delay: 20
    content: "\b"
  - delay: 46
    content: "\b"
  - delay: 20
    content: "\b"
  - delay: 20
    content: "\b"
  - delay: 43
    content: "\b"
  - delay: 35
    content: "\b"
  - delay: 49
    content: "\b"
  - delay: 37
    content: "\b"
  - delay: 14
    content: "\b"
  - delay: 78
    content: "\b"
  - delay: 49
    content: "\e[?25l\e[40;26H\e[?25h"
  - delay: 35
    content: "\b"
  - delay: 58
    content: "\e[?25l\e[40;23H\e[?25h"
  - delay: 52
    content: "\b"
  - delay: 25
    content: "\b"
  - delay: 41
    content: "\b"
  - delay: 34
    content: "\b"
  - delay: 13
    content: "\b"
  - delay: 44
    content: "\b"
  - delay: 68
    content: "\b"
  - delay: 36
    content: "\e[?25l\e[40;14H\e[?25h"
  - delay: 61
    content: "\b"
  - delay: 35
    content: "\b"
  - delay: 23
    content: "\b"
  - delay: 38
    content: "\b"
  - delay: 17
    content: "\b"
  - delay: 59
    content: "\b"
  - delay: 38
    content: "\b"
  - delay: 20
    content: "\b"
  - delay: 59
    content: "\b"
  - delay: 37
    content: "\b"
  - delay: 9
    content: "\b"
  - delay: 46
    content: "\b"
  - delay: 35
    content: "\r"
  - delay: 21
    content: "\e[?25l\e[39;135H\e[?25h"
  - delay: 39
    content: "\b"
  - delay: 33
    content: "\b"
  - delay: 18
    content: "\b"
  - delay: 79
    content: "\b"
  - delay: 48
    content: "\e[?25l\e[39;129H\e[?25h"
  - delay: 18
    content: "\b"
  - delay: 63
    content: "\b"
  - delay: 31
    content: "\b"
  - delay: 34
    content: "\b"
  - delay: 31
    content: "\b"
  - delay: 30
    content: "\b"
  - delay: 49
    content: "\b"
  - delay: 35
    content: "\b"
  - delay: 30
    content: "\b"
  - delay: 33
    content: "\b"
  - delay: 17
    content: "\b"
  - delay: 34
    content: "\b"
  - delay: 60
    content: "\b"
  - delay: 34
    content: "\b"
  - delay: 24
    content: "\b"
  - delay: 44
    content: "\b"
  - delay: 13
    content: "\b"
  - delay: 38
    content: "\b"
  - delay: 37
    content: "\b"
  - delay: 66
    content: "\b"
  - delay: 31
    content: "\b"
  - delay: 41
    content: "\e[?25l\e[39;106H\e[?25h"
  - delay: 34
    content: "\b"
  - delay: 73
    content: "\b"
  - delay: 15
    content: "\b"
  - delay: 47
    content: "\b"
  - delay: 31
    content: "\b"
  - delay: 30
    content: "\b"
  - delay: 36
    content: "\b"
  - delay: 48
    content: "\b"
  - delay: 15
    content: "\b"
  - delay: 47
    content: "\b"
  - delay: 32
    content: "\b"
  - delay: 32
    content: "\b"
  - delay: 29
    content: "\b"
  - delay: 35
    content: "\b"
  - delay: 30
    content: "\b"
  - delay: 26
    content: "\b"
  - delay: 37
    content: "\b"
  - delay: 62
    content: "\b"
  - delay: 34
    content: "\b"
  - delay: 32
    content: "\b"
  - delay: 37
    content: "\b"
  - delay: 58
    content: "\b"
  - delay: 20
    content: "\b"
  - delay: 16
    content: "\b"
  - delay: 26
    content: "\b"
  - delay: 72
    content: "\b"
  - delay: 14
    content: "\b"
  - delay: 51
    content: "\b"
  - delay: 21
    content: "\b"
  - delay: 52
    content: "\b"
  - delay: 20
    content: "\b"
  - delay: 31
    content: "\b"
  - delay: 23
    content: "\b"
  - delay: 29
    content: "\b"
  - delay: 37
    content: "\b"
  - delay: 71
    content: "\b"
  - delay: 49
    content: "\e[?25l\e[39;68H\e[?25h"
  - delay: 16
    content: "\b"
  - delay: 41
    content: "\b"
  - delay: 39
    content: "\b"
  - delay: 49
    content: "\b"
  - delay: 19
    content: "\b"
  - delay: 38
    content: "\b"
  - delay: 26
    content: "\b"
  - delay: 44
    content: "\b"
  - delay: 71
    content: "\b"
  - delay: 24
    content: "\b"
  - delay: 28
    content: "\b"
  - delay: 36
    content: "\b"
  - delay: 31
    content: "\b"
  - delay: 36
    content: "\b"
  - delay: 29
    content: "\b"
  - delay: 32
    content: "\b"
  - delay: 34
    content: "\b"
  - delay: 57
    content: "\b"
  - delay: 30
    content: "\b"
  - delay: 23
    content: "\b"
  - delay: 47
    content: "\b"
  - delay: 29
    content: "\b"
  - delay: 35
    content: "\b"
  - delay: 28
    content: "\b"
  - delay: 116
    content: "\b"
  - delay: 18
    content: "\e[?25l\e[39;41H\e[?25h"
  - delay: 16
    content: "\b"
  - delay: 31
    content: "\b"
  - delay: 33
    content: "\b"
  - delay: 29
    content: "\b"
  - delay: 987
    content: "\e[?25l\b-ucode linux-lts-headers linux-firmware lvm2 base base-devel neovim openssh superfile podman podman-deskop iptables mpd mpc mvp keepassxc secrets booster networkmanager pam_mount\e[K\e[39;36H\e[?25h"
  - delay: 243
    content: "\e[?25l\b-ucode linux-lts-headers linux-firmware lvm2 base base-devel neovim openssh superfile podman podman-deskop iptables mpd mpc mvp keepassxc secrets booster networkmanager pam_mount\e[K\e[39;35H\e[?25h"
  - delay: 341
    content: "\e[?25l\b-ucode linux-lts-headers linux-firmware lvm2 base base-devel neovim openssh superfile podman podman-deskop iptables mpd mpc mvp keepassxc secrets booster networkmanager pam_mount\e[K\e[39;34H\e[?25h"
  - delay: 191
    content: "\e[?25l\b-ucode linux-lts-headers linux-firmware lvm2 base base-devel neovim openssh superfile podman podman-deskop iptables mpd mpc mvp keepassxc secrets booster networkmanager pam_mount\e[K\e[39;33H\e[?25h"
  - delay: 454
    content: "\e[?25l\b-ucode linux-lts-headers linux-firmware lvm2 base base-devel neovim openssh superfile podman podman-deskop iptables mpd mpc mvp keepassxc secrets booster networkmanager pam_mount\e[K\e[39;32H\e[?25h"
  - delay: 701
    content: "\e[?25la-ucode linux-lts-headers linux-firmware lvm2 base base-devel neovim openssh superfile podman podman-deskop iptables mpd mpc mvp keepassxc secrets booster networkmanager pam_mount\e[39;33H\e[?25h"
  - delay: 424
    content: "\e[?25lm-ucode linux-lts-headers linux-firmware lvm2 base base-devel neovim openssh superfile podman podman-deskop iptables mpd mpc mvp keepassxc secrets booster networkmanager pam_mount\e[39;34H\e[?25h"
  - delay: 309
    content: "\e[?25ld-ucode linux-lts-headers linux-firmware lvm2 base base-devel neovim openssh superfile podman podman-deskop iptables mpd mpc mvp keepassxc secrets booster networkmanager pam_mount\e[39;35H\e[?25h"
  - delay: 64007
    content: "\e[1C"
  - delay: 451
    content: "\e[1C"
  - delay: 95
    content: "\e[1C"
  - delay: 206
    content: "\e[1C"
  - delay: 386
    content: "\e[1C"
  - delay: 612
    content: "\e[1C"
  - delay: 2644
    content: "\e[?25ll linux-lts-headers linux-firmware lvm2 base base-devel neovim openssh superfile podman podman-deskop iptables mpd mpc mvp keepassxc secrets booster networkmanager pam_mount\e[39;42H\e[?25h"
  - delay: 1490
    content: "\e[?25l\b linux-lts-headers linux-firmware lvm2 base base-devel neovim openssh superfile podman podman-deskop iptables mpd mpc mvp keepassxc secrets booster networkmanager pam_mount\e[K\e[39;41H\e[?25h"
  - delay: 379
    content: "\e[?25l\e[1C linux-lts-headers linux-firmware lvm2 base base-devel neovim openssh superfile podman podman-deskop iptables mpd mpc mvp keepassxc secrets booster networkmanager pam_mount\e[39;42H\e[?25h"
  - delay: 314
    content: "\e[?25ll linux-lts-headers linux-firmware lvm2 base base-devel neovim openssh superfile podman podman-deskop iptables mpd mpc mvp keepassxc secrets booster networkmanager pam_mount\e[39;43H\e[?25h"
  - delay: 220
    content: "\e[?25li linux-lts-headers linux-firmware lvm2 base base-devel neovim openssh superfile podman podman-deskop iptables mpd mpc mvp keepassxc secrets booster networkmanager pam_mount\e[39;44H\e[?25h"
  - delay: 366
    content: "\e[?25ln linux-lts-headers linux-firmware lvm2 base base-devel neovim openssh superfile podman podman-deskop iptables mpd mpc mvp keepassxc secrets booster networkmanager pam_mount\e[39;45H\e[?25h"
  - delay: 203
