# The configurations that used for the recording, feel free to edit them
config:

  # Specify a command to be executed
  # like `/bin/bash -l`, `ls`, or any other commands
  # the default is bash for Linux
  # or powershell.exe for Windows
  command: powershell.exe
  
  # Specify the current working directory path
  # the default is the current working directory path
  cwd: C:\Users\ADVAN
  
  # Export additional ENV variables
  env:
    recording: true
  
  # Explicitly set the number of columns
  # or use `auto` to take the current
  # number of columns of your shell
  cols: 148
  
  # Explicitly set the number of rows
  # or use `auto` to take the current
  # number of rows of your shell
  rows: 35
  
  # Amount of times to repeat GIF
  # If value is -1, play once
  # If value is 0, loop indefinitely
  # If value is a positive number, loop n times
  repeat: 0
  
  # Quality
  # 1 - 100
  quality: 100
  
  # Delay between frames in ms
  # If the value is `auto` use the actual recording delays
  frameDelay: auto
  
  # Maximum delay between frames in ms
  # Ignored if the `frameDelay` isn't set to `auto`
  # Set to `auto` to prevent limiting the max idle time
  maxIdleTime: 2000
  
  # The surrounding frame box
  # The `type` can be null, window, floating, or solid`
  # To hide the title use the value null
  # Don't forget to add a backgroundColor style with a null as type
  frameBox:
    type: floating
    title: Terminalizer
    style:
      border: 0px black solid
      # boxShadow: none
      # margin: 0px
  
  # Add a watermark image to the rendered gif
  # You need to specify an absolute path for
  # the image on your machine or a URL, and you can also
  # add your own CSS styles
  watermark:
    imagePath: null
    style:
      position: absolute
      right: 15px
      bottom: 15px
      width: 100px
      opacity: 0.9
  
  # Cursor style can be one of
  # `block`, `underline`, or `bar`
  cursorStyle: block
  
  # Font family
  # You can use any font that is installed on your machine
  # in CSS-like syntax
  fontFamily: "Monaco, Lucida Console, Ubuntu Mono, Monospace"
  
  # The size of the font
  fontSize: 12
  
  # The height of lines
  lineHeight: 1
  
  # The spacing between letters
  letterSpacing: 0
  
  # Theme
  theme:
    background: "transparent"
    foreground: "#afafaf"
    cursor: "#c7c7c7"
    black: "#232628"
    red: "#fc4384"
    green: "#b3e33b"
    yellow: "#ffa727"
    blue: "#75dff2"
    magenta: "#ae89fe"
    cyan: "#708387"
    white: "#d5d5d0"
    brightBlack: "#626566"
    brightRed: "#ff7fac"
    brightGreen: "#c8ed71"
    brightYellow: "#ebdf86"
    brightBlue: "#75dff2"
    brightMagenta: "#ae89fe"
    brightCyan: "#b1c6ca"
    brightWhite: "#f9f9f4"
  
# Records, feel free to edit them
records:
  - delay: 615
    content: "\e[?9001h\e[?1004h"
  - delay: 193
    content: "\e[?25l\e[2J\e[m\e[HWindows PowerShell\r\nCopyright (C) Microsoft Corporation. All rights reserved.\e[4;1HInstall the latest PowerShell for new features and improvements! https://aka.ms/PSWindows\e]0;C:\\WINDOWS\\System32\\WindowsPowerShell\\v1.0\\powershell.exe\a\e[?25h"
  - delay: 16
    content: "\e[?25l\e[6;1H\e[?25h"
  - delay: 749
    content: 'PS C:\Users\ADVAN> '
  - delay: 5169
    content: "\e[?25l"
  - delay: 20
    content: "\e[92mexit\e[?25h"
  - delay: 390
    content: "\e[m\e[?25l"
  - delay: 12
    content: "\e[93m\e[6;20Hssh \e[37mroot@192.168.100.63\e[?25h"
  - delay: 287
    content: "\e[m\e[?25l"
  - delay: 17
    content: "\e[93m\e[6;20Hmysql \e[90m-u \e[37mroot \e[90m-p       \e[6;36H\e[?25h"
  - delay: 324
    content: "\e[m\e[?25l"
  - delay: 10
    content: "\e[93m\e[6;20Hssh \e[37mroot@192.168.100.63\e[?25h"
  - delay: 1057
    content: "\e[m"
  - delay: 10
    content: "\r\n"
  - delay: 1527
    content: 'root@192.168.100.63''s password: '
  - delay: 1749
    content: "\r\n"
  - delay: 321
    content: "\e[?25lTo install \e[38;2;23;147;209mArch Linux \e[mfollow the installation guide:\r\nhttps://wiki.archlinux.org/title/Installation_guide\e[11;1HFor Wi-Fi, authenticate to the wireless network using the \e[35miwctl \e[mutility.\r\nFor mobile broadband (WWAN) modems, connect with the \e[35mmmcli \e[mutility.\r\nEthernet, WLAN and WWAN interfaces using DHCP should work automatically.\e[15;1HAfter connecting to the internet, the installation guide can be accessed\r\nvia the convenience script \e[35mInstallation_guide\e[m.\e[41m\e[18;1H   \e[40m \e[44m \e[40m \e[41m \e[46m \e[45m \e[41m \e[46m \e[43m \e[41m \e[44m \e[45m \e[40m \e[44m \e[40m \e[41m \e[44m \e[41m  \e[46m \e[42m \e[41m \e[44m \e[43m \e[41m \e[45m \e[40m  \e[44m \e[40m \e[41m \e[44m \e[42m \e[41m \e[46m \e[44m \e[41m \e[46m \e[47m \r\n\e[?25h"
  - delay: 14
    content: "\e[m"
  - delay: 168
    content: "\e[?1h\e=\e[?2004h\e[?25l\e[31m\e[1mroot\e[m@archiso \e[1m~ \e[22m#                                                                                                                                    \r\n\e[K\r\n\e[K\r\n\e[K\r\n\e[K\r\n\e[K\r\n\e[K\r\n\e[K\r\n\e[K\r\n\e[K\r\n\e[K\r\n\e[K\r\n\e[K\r\n\e[K\r\n\e[K\r\n\e[K\r\n\e[K\e[19;18H\e]0;root@archiso: ~\a\e[?25h"
  - delay: 8198
    content: l
  - delay: 201
    content: "\bls"
  - delay: 717
    content: b
  - delay: 202
    content: l
  - delay: 231
    content: k
  - delay: 301
    content: "\e[?1l\e>\e[?2004l\r\n"
  - delay: 12
    content: "\e[?1h\e="
  - delay: 6
    content: "\e[?25lNAME        MAJ:MIN RM   SIZE RO TYPE MOUNTPOINTS\r\nloop0         7:0    0 973.1M  1 loop /run/archiso/airootfs\r\nsda           8:0    1  28.9G  0 disk \r\n├─sda1        8:1    1   1.2G  0 part /run/archiso/bootmnt\r\n└─sda2        8:2    1   253M  0 part \r\nnvme0n1     259:0    0 476.9G  0 disk \r\n├─nvme0n1p1 259:1    0   260M  0 part \r\n├─nvme0n1p2 259:2    0    16M  0 part \r\n├─nvme0n1p3 259:3    0 425.8G  0 part \r\n├─nvme0n1p4 259:4    0   1.1G  0 part \r\n└─nvme0n1p6 259:11   0  46.8G  0 part \e[31m\e[1m\r\nroot\e[m@archiso \e[1m~ \e[22m#                                                                                                                                    \r\n\e[K\r\n\e[K\r\n\e[K\r\n\e[K\e[31;18H\e[?25h"
  - delay: 7
    content: "\e[?2004h"
  - delay: 2240
    content: c
  - delay: 693
    content: "\bcf"
  - delay: 709
    content: s
  - delay: 805
    content: "\b \b"
  - delay: 217
    content: d
  - delay: 229
    content: i
  - delay: 181
    content: s
  - delay: 299
    content: k
  - delay: 749
    content: ' '
  - delay: 200
    content: /
  - delay: 349
    content: d
  - delay: 145
    content: e
  - delay: 378
    content: v
  - delay: 219
    content: /
  - delay: 666
    content: 'n'
  - delay: 272
    content: v
  - delay: 229
    content: m
  - delay: 288
    content: e
  - delay: 483
    content: '0'
  - delay: 349
    content: 'n'
  - delay: 478
    content: '1'
  - delay: 855
    content: "\e[?1l\e>\e[?2004l\r\n"
  - delay: 10
    content: "\e]0;root@archiso: cfdisk /dev/nvme0n1\a"
  - delay: 16
    content: "\e[?1049h\e[22;0;0t\e[?1h\e=\e[2J\e[?25l\e[H\e[65X\e[1m\e[65CDisk: /dev/nvme0n1\e[22m\e[K\r\n                                              Size: 476.94 GiB, 512110190592 bytes, 1000215216 sectors\e[K\r\n                                            Label: gpt, identifier: D6DE6A11-049B-424B-B50E-D7D9124BF8D5\e[K\r\n\e[K\r\n    \e[1mDevice\e[22m\e[33X\e[1m\e[33CStart\e[22m\e[18X\e[1m\e[18CEnd\e[22m\e[14X\e[1m\e[14CSectors\e[22m\e[14X\e[1m\e[14CSize Type\e[22m\e[K\e[7m\r\n>>  /dev/nvme0n1p1                          2048               534527               532480              260M EFI System                             \e[27m    /dev/nvme0n1p2                        534528               567295                32768               16M Microsoft reserved\e[K\r\n    /dev/nvme0n1p3                        567296            893530111            892962816            425.8G Microsoft basic data\e[K\r\n    /dev/nvme0n1p4                     893530112            895737855              2207744              1.1G Windows recovery environment\e[K\e[32m\r\n    Free space                         895737856           1000215182            104477327             49.8G\e[K\e[m\r\n\e[K\r\n\e[K\r\n\e[K\r\n\e[K\r\n\e[K\r\n\e[K\r\n\e[K\r\n\e[K\r\n\e[K\r\n\e[K\r\n\e[K\r\n\e[K\r\n\e[K\r\n\e[K\r\n\e[K\r\n\e[K\r\n\e[K\r\n\e[K\r\n\e[K\r\n\e[K\r\n\e[K\r\n                                 [ Delete ]  [ Resize ]  \e[7m[  Quit  ]\e[27m  [  Type  ]  [  Help  ]  [  Write ]  [  Dump  ]\e[K\r\n\e[K\r\n\e[K\r\n\e[56X\e[1m\e[56CQuit program without writing changes\e[22m\e[K\e[56C"
  - delay: 65
    content: "\e[23;1H ┌────────────────────────────────────────────────────────────────────────────────────────────────────────────────────────────────────────────────┐\r\n │  Partition name: EFI system partition\e[106C│\r\n │  Partition UUID: 42573C5E-A123-4EB2-829D-90553A8FF56F\e[90C│\r\n │  Partition type: EFI System (C12A7328-F81F-11D2-BA4B-00A0C93EC93B)\e[77C│\r\n │\e[6CAttributes: GUID:63"
  - delay: 11
    content: "\e[119C│\r\n │ Filesystem UUID: 9E7C-6233\e[117C│\r\n │Filesystem LABEL: SYSTEM\e[120C│\r\n │\e[6CFilesystem: vfat\e[122C│\r\n └────────────────────────────────────────────────────────────────────────────────────────────────────────────────────────────────────────────────┘"
  - delay: 947
    content: "\e[26;1H ┌────────────────────────────────────────────────────────────────────────────────────────────────────────────────────────────────────────────────┐\e[27;3HPartition name: Microsoft reserved partition\e[28;3HPartition UUID: FD634A38-6224-4D18-991B-6B857D82EC41\e[29;3HPartition type: Microsoft reserved (E3C9E316-0B5C-4DB8-817D-F92DF00215AE)"
  - delay: 22
    content: "\e[6;1H    /dev/nvme0n1p1                          2048               534527               532480              260M EFI System                             \e[7m>>  /dev/nvme0n1p2                        534528               567295                32768               16M Microsoft reserved                     \e[27m\e[23;1H\e[K\r\n\e[K\r\n\e[K\e[30;7HAttributes: GUID:63"
  - delay: 198
    content: "\e[7;1H    /dev/nvme0n1p2                        534528\e[15X\e[11;1H\e[K\r\n\e[K\r\n\e[K\r\n\e[K\r\n\e[K\r\n\e[K\r\n\e[K\r\n\e[K\r\n\e[K\r\n\e[K\r\n\e[K\r\n\e[K\r\n\e[K\r\n ┌────────────────────────────────────────────────────────────────────────────────────────────────────────────────────────────────────────────────┐ \r\n │  Partition name: Basic data partition                                                                                                          │ \r\n │  Partition UUID: F4F45BBB-084A-4A44-98A9-7550FBD704E4                                                                                          │ \e[27;3H  Partition type: Microsoft basic data (EBD0A0A2-B9E5-4433-87C0-68B6B72699C7)\e[28;3H Filesystem UUID: 34DEDD14DEDCCF6C\e[18X\e[29;3HFilesystem LABEL: Windows\e[48X\e[30;7H  Filesystem: ntfs "
  - delay: 23
    content: "\e[7;64H567295                32768               16M Microsoft reserved                     \e[7m>>  /dev/nvme0n1p3                        567296            893530111            892962816            425.8G Microsoft basic data                   "
  - delay: 85
    content: "\e[27m\e[25;1H "
  - delay: 15
    content: "\e[8;1H    /dev/nvme0n1p3                        567296            893530111            892962816            425.8G Microsoft basic data                   \e[7m>>  /dev/nvme0n1p4                     893530112            895737855              2207744              1.1G Windows recovery environment           \e[27m\e[24;1H\e[K\e[25;2H┌────────────────────────────────────────────────────────────────────────────────────────────────────────────────────────────────────────────────┐\e[26;4HPartition UUID: 59F733C0-F75E-4A09-9907-B360263D8E6D \e[27;4HPartition type: Windows recovery environment (DE94BBA4-06D1-4D40-A16A-BFD50179D6AC)\e[28;4H    Attributes: RequiredPartition GUID:63\e[29;14HUUID: 52B2F97AB2F962C1\e[30;8HFilesystem: ntfs "
  - delay: 145
    content: "\e[9;1H    /dev/nvme0n1p4                     893530112            895737855              2207744              1.1G Windows recovery environment           \e[7m>>  Free space                         895737856           1000215182            104477327             49.8G                                        \e[27m\e[25;1H\e[K\r\n\e[K\r\n ┌────────────────────────────────────────────────────────────────────────────────────────────────────────────────────────────────────────────────┐\e[28;4HFilesystem UUID: 9072-315E\e[15X\e[29;14HLABEL: BOOT\e[11X\e[30;8H Filesystem: vfat\e[32;1H\e[45X\e[7m\e[45C[   New  ]\e[27m  [  Quit  ]  [  Help  ]  [  Write ]  [  Dump  ]\e[K\e[45C"
  - delay: 37
    content: "\e[1m\e[35;57HCreate new partition from free space"
  - delay: 1080
    content: "\e[?12l\e[22m\e[32;104H\e[?25h"
  - delay: 9
    content: "\e[?25l\r Partition size: 49.8G\e[K\e[1m\e[35;40HMay be followed by M for MiB, G for GiB, T for TiB, or S for sectors.\e[32;23H\e[?25h"
  - delay: 1365
    content: "\e[22m\b"
  - delay: 783
    content: "\bG\e[K\b"
  - delay: 600
    content: "\bG\e[K\b"
  - delay: 19
    content: "\bG\e[K\b"
  - delay: 32
    content: "\bG\e[K\b"
  - delay: 8
    content: "\a"
  - delay: 68
    content: "\a"
  - delay: 15
    content: "\a"
  - delay: 22
    content: "\a"
  - delay: 45
    content: "\a"
  - delay: 35
    content: "\a"
  - delay: 32
    content: "\a"
  - delay: 16
    content: "\a"
  - delay: 46
    content: "\a"
  - delay: 45
    content: "\a"
  - delay: 33
    content: "\a"
  - delay: 31
    content: "\a"
  - delay: 21
    content: "\a"
  - delay: 58
    content: "\a"
  - delay: 33
    content: "\a"
  - delay: 32
    content: "\a"
  - delay: 31
    content: "\a"
  - delay: 21
    content: "\a"
  - delay: 57
    content: "\a"
  - delay: 30
    content: "\a"
  - delay: 31
    content: "\a"
  - delay: 943
    content: "3G\b"
  - delay: 840
    content: "\r\e[K\e[?25l\e[148C\e[2J"
  - delay: 12
    content: "\e[H\e[65X\e[1m\e[65CDisk: /dev/nvme0n1\e[22m\e[K\r\n                                              Size: 476.94 GiB, 512110190592 bytes, 1000215216 sectors\e[K\r\n                                            Label: gpt, identifier: D6DE6A11-049B-424B-B50E-D7D9124BF8D5\e[K\r\n\e[K\r\n    \e[1mDevice\e[22m\e[33X\e[1m\e[33CStart\e[22m\e[18X\e[1m\e[18CEnd\e[22m\e[14X\e[1m\e[14CSectors\e[22m\e[14X\e[1m\e[14CSize Type\e[22m\e[K\r\n    /dev/nvme0n1p1                          2048               534527               532480              260M EFI System\e[K\r\n    /dev/nvme0n1p2                        534528               567295                32768               16M Microsoft reserved\e[K\r\n    /dev/nvme0n1p3                        567296            893530111            892962816            425.8G Microsoft basic data\e[K\r\n    /dev/nvme0n1p4                     893530112            895737855              2207744              1.1G Windows recovery environment\e[K\e[7m\r\n>>  /dev/nvme0n1p5                     895737856            902029311              6291456                3G Linux filesystem                       \e[32m\e[27m    Free space\e[K\e[m\r\n\e[K\r\n\e[K\r\n\e[K\r\n\e[K\r\n\e[K\r\n\e[K\r\n\e[K\r\n\e[K\r\n\e[K\r\n\e[K\r\n\e[K\r\n\e[K\r\n\e[K\r\n\e[K\r\n\e[K\r\n\e[K\r\n\e[K\r\n\e[K\r\n\e[K\r\n\e[K\r\n                                 [ Delete ]  [ Resize ]  \e[7m[  Quit  ]\e[27m  [  Type  ]  [  Help  ]  [  Write ]  [  Dump  ]\e[K\r\n\e[K\r\n\e[K\r\n\e[56X\e[1m\e[56CQuit program without writing changes\e[22m\e[K\e[56C"
  - delay: 15
    content: "\e[32m\e[11;40H902029312           1000215182             98185871             46.8G\e[K\e[m\e[25;2H┌────────────────────────────────────────────────────────────────────────────────────────────────────────────────────────────────────────────────┐\r\n │  Partition UUID: 39218F02-1C42-480D-8C2C-C72C87DF77ED\e[90C│\r\n │  Partition type: Linux filesystem (0FC63DAF-8483-4772-8E79-3D69D8477DE4)\e[71C│\r\n │ Filesystem UUID: 9072-315E\e[117C│\r\n │Filesystem LABEL: BOOT\e[122C│\r\n │\e[6CFilesystem: vfat\e[122C│\r\n └────────────────────────────────────────────────────────────────────────────────────────────────────────────────────────────────────────────────┘\e[35;1H\e[K\e[148C"
  - delay: 1674
    content: "\e[32;58H[  Quit  ]  \e[7m[  Type  ]\e[1m\e[27m\e[35;62HChange the partition type"
  - delay: 12
    content: "\e[22m"
  - delay: 1008
    content: "\e[1;54H┌\e[1m Select partition type \e[22m─────────────────┐\r\n                                                     │ EFI System                             │\e[K\e[53C"
  - delay: 9
    content: "\r\n                                                     │ MBR partition scheme                   │\e[K\e[4;54H│ Intel Fast Flash\e[23C│\r\n                                                     │ BIOS boot                              │\e[K\r\n                                                     │ Sony boot partition\e[10C          │\e[K\r\n                                                     │ Lenovo boot partition\e[9C         │\e[K\r\n                                                     │ PowerPC PReP boot\e[9C             │\e[K\r\n                                                     │ ONIE boot     \e[14C           │\e[K\r\n                                                     │ ONIE config                            │                                                                                                          │ Microsoft reserved                     │\e[K\e[12;54H│ Microsoft basic data\e[19C│\e[13;54H│ Microsoft LDM metadata\e[17C│\e[14;54H│ Microsoft LDM data\e[21C│\e[15;54H│ Windows recovery environment\e[11C│\e[16;54H│ IBM General Parallel Fs\e[16C│\e[17;54H│ Microsoft Storage Spaces\e[15C│\e[18;54H│ HP-UX data\e[29C│\e[19;54H│ HP-UX service\e[26C│\e[20;54H│ Linux swap\e[29C│\e[21;54H│\e[7m Linux filesystem                       \e[27m│\e[22;54H│ Linux server data\e[22C│\e[23;54H│ Linux root (x86)\e[23C│\e[24;54H│ Linux root (x86-64)\e[20C│\r\n                                                     │ Linux root (Alpha)                     │\e[K\r\n                                                     │ Linux root (ARC)                       │\e[K\r\n                                                     │ Linux root (ARM)                       │\e[K\r\n                                                     │ Linux root (ARM-64)                    │\e[K\r\n                                                     │ Linux root (IA-64)                     │\e[K\r\n                                                     │ Linux root (LoongArch-64)              │\e[K\r\n                                                     │ Linux root (MIPS-32 LE)                │\e[K\r\n                                                     │ Linux root (MIPS-64 LE)                │\e[K\e[33;54H└──────────────────────────────────────↓─┘\e[1m\e[35;57H0FC63DAF-8483-4772-8E79-3D69D8477DE4"
  - delay: 645
    content: "\e[22m\e[7m\e[20;55H Linux swap                             \e[27m\e[21;55H Linux filesystem\e[23X\e[1m\e[35;58H657FD6D-A4AB-43C4-84E5-0933C84B4F4F"
  - delay: 12
    content: "\e[22m"
  - delay: 546
    content: "\e[7m\e[19;55H HP-UX service                          "
  - delay: 19
    content: "\e[27m\e[20;55H Linux swap\e[29X\e[1m\e[35;57HE2A1E728-32E3-11D6-A682-7B03A0000000"
  - delay: 36
    content: "\e[22m\e[7m\e[18;55H HP-UX data                             \e[27m\e[19;55H HP-UX service\e[26X\e[1m\e[35;57H75894C1E-3AEB-11D3-B7C1"
  - delay: 11
    content: "\e[22m"
  - delay: 21
    content: "\e[7m\e[17;55H Microsoft Storage Spaces               "
  - delay: 11
    content: "\e[27m\e[18;55H HP-UX data\e[29X\e[1m\e[35;57HE75CAF8F-F680-4CEE-AFA3-B001E56EFC2D"
  - delay: 15
    content: "\e[22m\e[7m\e[16;55H IBM General Parallel Fs                \e[27m\e[17;55H Microsoft Storage Spaces\e[15X\e[1m\e[35;57H37AFFC90-EF7D-4E96-91C3-2D7AE055B174"
  - delay: 56
    content: "\e[22m\e[7m\e[15;55H Windows recovery environment           \e[27m\e[16;55H IBM General Parallel Fs\e[16X\e[16C"
  - delay: 22
    content: "\e[1m\e[35;57HDE94BBA4-06D1-4D40-A16A-BFD50179D6AC"
  - delay: 45
    content: "\e[22m\e[7m\e[14;55H Microsoft LDM data                     \e[27m\e[15;55H Windows recovery environment\e[11X\e[1m\e[35;57HAF9B60A0-1431-4F62-BC68-3311714A69AD"
  - delay: 18
    content: "\e[22m\e[7m\e[13;55H Microsoft LDM metadata                 \e[27m\e[14;55H Microsoft LDM data\e[21X\e[1m\e[35;57H5808C8AA-7E8F-42E0-85D2-E1E90434CFB3"
  - delay: 15
    content: "\e[22m\e[7m\e[12;55H Microsoft basic data                   \e[27m\e[13;55H Microsoft LDM metadata\e[17X\e[1m\e[35;57HEBD0A0A2-B9E5-4433-87C0-68B6B72699C7"
  - delay: 15
    content: "\e[22m\e[7m\e[11;55H Microsoft reserved                     \e[27m\e[12;55H Microsoft basic data\e[19X\e[1m\e[35;58H3C9E316-0B5C-4DB8-817D-F92DF00215AE"
  - delay: 52
    content: "\e[22m\e[7m\e[10;55H ONIE config                            "
  - delay: 11
    content: "\e[27m\e[11;55H Microsoft reserved\e[21X\e[1m\e[35;57HD4E6E2CD-4469-46F3-B5CB-1BFF57AFC149"
  - delay: 20
    content: "\e[22m\e[7m\e[9;55H ONIE boot                              \e[27m\e[10;55H ONIE config\e[28X\e[1m\e[35;57H7412F7D5-A156-4B13-81DC-867174929325"
  - delay: 30
    content: "\e[22m\e[7m\e[8;55H PowerPC PReP boot                      "
  - delay: 11
    content: "\e[27m\e[9;55H ONIE boot\e[30X\e[1m\e[35;57H9E1A2D38-C612-4316-AA26-8B49521E5A8B"
  - delay: 19
    content: "\e[22m\e[7m\e[7;55H Lenovo boot partition                  "
  - delay: 13
    content: "\e[27m\e[8;55H PowerPC PReP boot\e[22X\e[1m\e[35;57HBFBFAFE7-A34F-448A-9A5B-6213EB736C22"
  - delay: 15
    content: "\e[22m\e[7m\e[6;55H Sony boot partition                    \e[27m\e[7;55H Lenovo boot partition\e[18X\e[1m\e[35;57HF4019732-066E-4E12-8273-346C5641494F"
  - delay: 56
    content: "\e[22m\e[7m\e[5;55H BIOS boot                              \e[27m\e[6;55H Sony boot partition\e[20X\e[1m\e[35;57H21686148-6449-6E6F-744E-656564454649"
  - delay: 21
    content: "\e[22m"
  - delay: 16
    content: "\e[7m\e[4;55H Intel Fast Flash                       \e[27m\e[5;55H BIOS boot\e[30X\e[1m\e[35;57HD3BFE2DE-3DAF-11DF-BA40-E3A556D89593"
  - delay: 20
    content: "\e[22m\e[7m\e[3;55H MBR partition scheme                   "
  - delay: 12
    content: "\e[27m\e[4;55H Intel Fast Flash\e[23X\e[1m\e[35;57H024DEE41-33E7-11D3-9D69-0008C781F39F"
  - delay: 14
    content: "\e[22m\e[7m\e[2;55H EFI System                             \e[27m\e[3;55H MBR partition scheme\e[19X\e[1m\e[35;57HC12A7328-F81F-11D2-BA4B-00A0C93EC93B"
  - delay: 653
    content: "\e[22m\e[2J\e[H\e[65X\e[1m\e[65CDisk: /dev/nvme0n1\e[22m\e[K\r\n                                              Size: 476.94 GiB, 512110190592 bytes, 1000215216 sectors\e[K\r\n                                            Label: gpt, identifier: D6DE6A11-049B-424B-B50E-D7D9124BF8D5\e[K\r\n\e[K\r\n    \e[1mDevice\e[22m\e[33X\e[1m\e[33CStart\e[22m\e[18X\e[1m\e[18CEnd\e[22m\e[14X\e[1m\e[14CSectors\e[22m\e[14X\e[1m\e[14CSize Type\e[22m\e[K\r\n\e[K\r\n\e[K\r\n\e[K\r\n\e[K\r\n\e[K\r\n\e[K\r\n\e[K\r\n\e[K\r\n\e[K\r\n\e[K\r\n\e[K\r\n\e[K\r\n\e[K\r\n\e[K\r\n\e[K\r\n\e[K\r\n\e[K\r\n\e[K\r\n\e[K\r\n\e[K\r\n\e[K\r\n\e[K\r\n\e[K\r\n\e[K\r\n\e[K\r\n\e[K\r\n\e[K\r\n\e[K\r\n\e[K\r\n\e[K\e[148C"
  - delay: 10
    content: "\e[6;5H/dev/nvme0n1p1\e[26C2048\e[15C534527\e[15C532480\e[14C260M EFI System\e[7;5H/dev/nvme0n1p2\e[24C534528\e[15C567295\e[16C32768\e[15C16M Microsoft reserved\e[8;5H/dev/nvme0n1p3\e[24C567296\e[12C893530111\e[12C892962816\e[12C425.8G Microsoft basic data\e[9;5H/dev/nvme0n1p4\e[21C893530112\e[12C895737855\e[14C2207744\e[14C1.1G Windows recovery environment\e[7m\r\n>>  /dev/nvme0n1p5                     895737856            902029311              6291456                3G EFI System                             \e[32m\e[27m    Free space                         902029312           1000215182             98185871             46.8G\e[K\e[m\e[25;1H ┌────────────────────────────────────────────────────────────────────────────────────────────────────────────────────────────────────────────────┐\r\n │  Partition UUID: 39218F02-1C42-480D-8C2C-C72C87DF77ED\e[90C│\r\n │  Partition type: EFI System (C12A7328-F81F-11D2-BA4B-00A0C93EC93B)\e[77C│\r\n │ Filesystem UUID: 9072-315E\e[117C│\r\n │Filesystem LABEL: BOOT\e[122C│\r\n │\e[6CFilesystem: vfat\e[122C│\r\n └────────────────────────────────────────────────────────────────────────────────────────────────────────────────────────────────────────────────┘\e[32;34H[ Delete ]  [ Resize ]  [  Quit  ]  \e[7m[  Type  ]\e[27m  [  Help  ]  [  Write ]  [  Dump  ]\e[34m\e[34;61HChanged type of partition 5.\e[m\r\n\e[K\e[148C"
  - delay: 511
    content: "\e[32;70H[  Type  ]  \e[7m[  Help  ]\e[27m\e[34;1H\e[K\e[148C"
  - delay: 14
    content: "\e[1m\e[35;66HPrint help screen"
  - delay: 155
    content: "\e[22m\e[32;82H[  Help  ]  \e[7m[  Write ]\e[1m\e[27m\e[35;47HWrite partition table to disk (this might destroy data)"
  - delay: 16
    content: "\e[22m"
  - delay: 537
    content: "\e[?12l\e[?25h"
  - delay: 8
    content: "\e[?25l\e[32;1H Are you sure you want to write the partition table to disk?\e[K\e[35;47H \e[1mType \"yes\" or \"no\", or press ESC to leave this dialog.\e[32;62H\e[?25h"
  - delay: 632
    content: "\e[22my"
  - delay: 298
    content: e
  - delay: 183
    content: s
  - delay: 493
    content: "\r\e[K\e[?25l\e[148C"
  - delay: 21
    content: "\e[2J\e[H\e[65X\e[1m\e[65CDisk: /dev/nvme0n1\e[22m\e[K\r\n                                              Size: 476.94 GiB, 512110190592 bytes, 1000215216 sectors\e[K\r\n                                            Label: gpt, identifier: D6DE6A11-049B-424B-B50E-D7D9124BF8D5\e[K\r\n\e[K\r\n    \e[1mDevice\e[22m\e[33X\e[1m\e[33CStart\e[22m\e[18X\e[1m\e[18CEnd\e[22m\e[14X\e[1m\e[14CSectors\e[22m\e[14X\e[1m\e[14CSize Type\e[22m\e[K\r\n    /dev/nvme0n1p1                          2048               534527               532480              260M EFI System\e[K\r\n    /dev/nvme0n1p2                        534528               567295                32768               16M Microsoft reserved\e[K\r\n    /dev/nvme0n1p3                        567296            893530111            892962816            425.8G Microsoft basic data\e[K\r\n    /dev/nvme0n1p4                     893530112            895737855              2207744              1.1G Windows recovery environment\e[K\e[7m\r\n>>  /dev/nvme0n1p5                     895737856            902029311              6291456                3G EFI System                             \e[32m\e[27m    Free space                         902029312           1000215182             98185871             46.8G\e[K\e[m\r\n\e[K\r\n\e[K\r\n\e[K\r\n\e[K\r\n\e[K\r\n\e[K\r\n\e[K\r\n\e[K\r\n\e[K\r\n\e[K\r\n\e[K\r\n\e[K\r\n\e[K\r\n ┌────────────────────────────────────────────────────────────────────────────────────────────────────────────────────────────────────────────────┐ \r\n │  Partition UUID: 39218F02-1C42-480D-8C2C-C72C87DF77ED                                                                                          │ \r\n │  Partition type: EFI System (C12A7328-F81F-11D2-BA4B-00A0C93EC93B)                                                                             │ \r\n │ Filesystem UUID: 9072-315E                                                                                                                     │ \r\n │Filesystem LABEL: BOOT                                                                                                                          │ \r\n │      Filesystem: vfat                                                                                                                          │ \r\n └────────────────────────────────────────────────────────────────────────────────────────────────────────────────────────────────────────────────┘ \r\n                                 [ Delete ]  [ Resize ]  \e[7m[  Quit  ]\e[27m  [  Type  ]  [  Help  ]  [  Write ]  [  Dump  ]\e[K\r\n\e[K\r\n\e[55X\e[34m\e[55CThe partition table has been altered.\e[K\e[m\r\n\e[K\e[148C"
  - delay: 1407
    content: "\e[10;1H    /dev/nvme0n1p5                     895737856            902029311              6291456                3G EFI System                             \e[7m>>  Free space                         902029312           1000215182             98185871             46.8G                                        "
  - delay: 15
    content: "\e[27m\e[25;1H\e[K\r\n\e[K\r\n\e[K\r\n\e[K\r\n\e[K\r\n\e[K\r\n\e[K\r\n\e[45X\e[7m\e[45C[   New  ]\e[27m  [  Quit  ]  [  Help  ]  [  Write ]  [  Dump  ]\e[K\e[34;1H\e[K\e[1m\e[35;57HCreate new partition from free space"
  - delay: 1248
    content: "\e[?12l\e[22m\e[32;104H\e[?25h"
  - delay: 24
    content: "\e[?25l\r Partition size: 46.8G\e[K\e[1m\e[35;40HMay be followed by M for MiB, G for GiB, T for TiB, or S for sectors.\e[32;23H\e[?25h"
  - delay: 904
    content: "\e[22m\r\e[K\e[?25l\e[148C\e[2J"
  - delay: 22
    content: "\e[H\e[65X\e[1m\e[65CDisk: /dev/nvme0n1\e[22m\e[K\r\n                                              Size: 476.94 GiB, 512110190592 bytes, 1000215216 sectors\e[K\r\n                                            Label: gpt, identifier: D6DE6A11-049B-424B-B50E-D7D9124BF8D5\e[K\r\n\e[K\r\n    \e[1mDevice\e[22m\e[33X\e[1m\e[33CStart\e[22m\e[18X\e[1m\e[18CEnd\e[22m\e[14X\e[1m\e[14CSectors\e[22m\e[14X\e[1m\e[14CSize Type\e[22m\e[K\r\n    /dev/nvme0n1p1                          2048               534527               532480              260M EFI System\e[K\r\n    /dev/nvme0n1p2                        534528               567295                32768               16M Microsoft reserved\e[K\r\n    /dev/nvme0n1p3                        567296            893530111            892962816            425.8G Microsoft basic data\e[K\r\n    /dev/nvme0n1p4                     893530112            895737855              2207744              1.1G Windows recovery environment\e[K\r\n    /dev/nvme0n1p5                     895737856            902029311              6291456                3G EFI System\e[K\e[7m\r\n>>  /dev/nvme0n1p6                     902029312           1000214527             98185216             46.8G Linux filesystem                       \e[27m\r\n\e[K\r\n\e[K\r\n\e[K\r\n\e[K\r\n\e[K\r\n\e[K\r\n\e[K\r\n\e[K\r\n\e[K\r\n\e[K\r\n\e[K\r\n\e[K\r\n\e[K\r\n\e[K\r\n\e[K\r\n\e[K\r\n ┌────────────────────────────────────────────────────────────────────────────────────────────────────────────────────────────────────────────────┐ \r\n │Partition UUID: 868866B5-BA6B-4607-8F37-B769822E2BF0                                                                                            │ \r\n │Partition type: Linux filesystem (0FC63DAF-8483-4772-8E79-3D69D8477DE4)                                                                         │ \r\n └────────────────────────────────────────────────────────────────────────────────────────────────────────────────────────────────────────────────┘ \r\n                                 [ Delete ]  [ Resize ]  \e[7m[  Quit  ]\e[27m  [  Type  ]  [  Help  ]  [  Write ]  [  Dump  ]\e[K\r\n\e[K\r\n\e[K\r\n\e[K\e[148C"
  - delay: 1310
    content: "\e[32;58H[  Quit  ]  \e[7m[  Type  ]"
  - delay: 22
    content: "\e[27m\e[1m\e[35;62HChange the partition type"
  - delay: 307
    content: "\e[22m\e[32;70H[  Type  ]  \e[7m[  Help  ]\e[27m\e[35;62H    \e[1mPrint help screen\e[22m\e[K\e[66C"
  - delay: 242
    content: "\e[32;82H[  Help  ]  \e[7m[  Write ]"
  - delay: 16
    content: "\e[27m"
  - delay: 14
    content: "\e[1m\e[35;47HWrite partition table to disk (this might destroy data)"
  - delay: 516
    content: "\e[22m\e[7m\e[32;82H[  Help  ]\e[27m  [  Write ]\e[35;1H\e[65X\e[1m\e[65CPrint help screen\e[22m\e[K\e[66C"
  - delay: 161
    content: "\e[7m\e[32;70H[  Type  ]\e[27m  [  Help  ]"
  - delay: 15
    content: "\e[1m\e[35;62HChange the partition type"
  - delay: 146
    content: "\e[22m\e[7m\e[32;58H[  Quit  ]\e[27m  [  Type  ]"
  - delay: 18
    content: "\e[1m\e[35;57HQuit program without writing changes"
  - delay: 272
    content: "\e[22m\e[32;58H[  Quit  ]  \e[7m[  Type  ]\e[27m\e[35;1H\e[61X\e[1m\e[61CChange the partition type\e[22m\e[K\e[62C"
  - delay: 637
    content: "\e[32;70H[  Type  ]  \e[7m[  Help  ]\e[27m\e[35;62H    \e[1mPrint help screen\e[22m\e[K\e[66C"
  - delay: 312
    content: "\e[32;82H[  Help  ]  \e[7m[  Write ]"
  - delay: 22
    content: "\e[27m"
  - delay: 15
    content: "\e[1m\e[35;47HWrite partition table to disk (this might destroy data)"
  - delay: 541
    content: "\e[?12l\e[22m\e[?25h"
  - delay: 13
    content: "\e[?25l\e[32;1H Are you sure you want to write the partition table to disk?\e[K\e[35;47H \e[1mType \"yes\" or \"no\", or press ESC to leave this dialog.\e[32;62H\e[?25h"
  - delay: 816
    content: "\e[22my"
  - delay: 382
    content: e
  - delay: 111
    content: s
  - delay: 837
    content: "\r\e[K\e[?25l\e[148C"
  - delay: 23
    content: "\e[2J\e[H\e[65X\e[1m\e[65CDisk: /dev/nvme0n1\e[22m\e[K\r\n                                              Size: 476.94 GiB, 512110190592 bytes, 1000215216 sectors\e[K\r\n                                            Label: gpt, identifier: D6DE6A11-049B-424B-B50E-D7D9124BF8D5\e[K\r\n\e[K\r\n    \e[1mDevice\e[22m\e[33X\e[1m\e[33CStart\e[22m\e[18X\e[1m\e[18CEnd\e[22m\e[14X\e[1m\e[14CSectors\e[22m\e[K\r\n\e[K\r\n\e[K\r\n\e[K\r\n\e[K\r\n\e[K\r\n\e[K\r\n\e[K\r\n\e[K\r\n\e[K\r\n\e[K\r\n\e[K\r\n\e[K\r\n\e[K\r\n\e[K\r\n\e[K\r\n\e[K\r\n\e[K\r\n\e[K\r\n\e[K\r\n\e[K\r\n\e[K\r\n\e[K\r\n\e[K\r\n\e[K\r\n\e[K\r\n\e[K\r\n\e[K\r\n\e[K\r\n\e[K\r\n\e[K\e[148C"
  - delay: 17
    content: "\e[1m\e[5;105HSize Type\e[22m\e[K\e[6;5H/dev/nvme0n1p1\e[26C2048\e[15C534527\e[15C532480\e[14C260M EFI System\e[7;5H/dev/nvme0n1p2\e[24C534528\e[15C567295\e[16C32768\e[15C16M Microsoft reserved\e[8;5H/dev/nvme0n1p3\e[24C567296\e[12C893530111\e[12C892962816\e[12C425.8G Microsoft basic data\e[9;5H/dev/nvme0n1p4\e[21C893530112\e[12C895737855\e[14C2207744\e[14C1.1G Windows recovery environment\e[10;5H/dev/nvme0n1p5\e[21C895737856\e[12C902029311\e[14C6291456\e[16C3G EFI System"
  - delay: 16
    content: "\e[7m\r\n>>  /dev/nvme0n1p6                     902029312           1000214527             98185216             46.8G Linux filesystem                       \e[27m\e[28;1H ┌────────────────────────────────────────────────────────────────────────────────────────────────────────────────────────────────────────────────┐\r\n │Partition UUID: 868866B5-BA6B-4607-8F37-B769822E2BF0\e[92C│\r\n │Partition type: Linux filesystem (0FC63DAF-8483-4772-8E79-3D69D8477DE4)\e[73C│\r\n └────────────────────────────────────────────────────────────────────────────────────────────────────────────────────────────────────────────────┘\e[32;34H[ Delete ]  [ Resize ]  \e[7m[  Quit  ]\e[27m  [  Type  ]  [  Help  ]  [  Write ]  [  Dump  ]\e[34m\e[34;56HThe partition table has been altered.\e[m\r\n\e[K\e[148C"
  - delay: 1526
    content: "\e[?25l\e[?12l\r\e[?25h\e[?1049l\e[23;0;0t\e[?1l\e>\e[HWindows PowerShell\e[K\r\nCopyright (C) Microsoft Corporation. All rights reserved.\e[K\r\n\e[K\r\nInstall the latest PowerShell for new features and improvements! https://aka.ms/PSWindows\e[K\r\n\e[K\r\nPS C:\\Users\\ADVAN> \e[93mssh \e[37mroot@192.168.100.63\e[K\e[m\r\nroot@192.168.100.63's password:\e[K\r\nTo install \e[38;2;23;147;209mArch Linux \e[mfollow the installation guide:\e[K\r\nhttps://wiki.archlinux.org/title/Installation_guide\e[K\r\n\e[K\r\nFor Wi-Fi, authenticate to the wireless network using the \e[35miwctl \e[mutility.\e[K\r\nFor mobile broadband (WWAN) modems, connect with the \e[35mmmcli \e[mutility.\e[K\r\nEthernet, WLAN and WWAN interfaces using DHCP should work automatically.\e[K\r\n\e[K\r\nAfter connecting to the internet, the installation guide can be accessed\e[K\r\nvia the convenience script \e[35mInstallation_guide\e[m.\e[K\r\n\e[K\e[41m\r\n   \e[40m \e[44m \e[40m \e[41m \e[46m \e[45m \e[41m \e[46m \e[43m \e[41m \e[44m \e[45m \e[40m \e[44m \e[40m \e[41m \e[44m \e[41m  \e[46m \e[42m \e[41m \e[44m \e[43m \e[41m \e[45m \e[40m  \e[44m \e[40m \e[41m \e[44m \e[42m \e[41m \e[46m \e[44m \e[41m \e[46m \e[47m \e[m\e[K\e[31m\e[1m\r\nroot\e[m@archiso \e[1m~ \e[22m# lsblk\e[K\r\nNAME        MAJ:MIN RM   SIZE RO TYPE MOUNTPOINTS\e[K\r\nloop0         7:0    0 973.1M  1 loop /run/archiso/airootfs\e[K\r\nsda           8:0    1  28.9G  0 disk\e[K\r\n├─sda1        8:1    1   1.2G  0 part /run/archiso/bootmnt\e[K\r\n└─sda2        8:2    1   253M  0 part\e[K\r\nnvme0n1     259:0    0 476.9G  0 disk\e[K\r\n├─nvme0n1p1 259:1    0   260M  0 part\e[K\r\n├─nvme0n1p2 259:2    0    16M  0 part\e[K\r\n├─nvme0n1p3 259:3    0 425.8G  0 part\e[K\r\n├─nvme0n1p4 259:4    0   1.1G  0 part\e[K\r\n└─nvme0n1p6 259:11   0  46.8G  0 part\e[K\e[31m\e[1m\r\nroot\e[m@archiso \e[1m~ \e[22m# cfdisk /dev/nvme0n1\e[K\r\n\e[K\r\n\e[K\r\n\e[K\r\n\e[K\e[?25h\nSyncing disks.\r\n\e[?1h\e=\e[?2004h"
  - delay: 10
    content: "\e[31m\e[1mroot\e[m@archiso \e[1m~ \e[22m#                                                                                                                                    \e[35;18H\e]0;root@archiso: ~\a"
  - delay: 1034
    content: cfdisk /dev/nvme0n1
  - delay: 458
    content: "\e[?25l\e[35;18Hlsblk\e[14X\e[?25h"
  - delay: 674
    content: "\e[?1l\e>\e[?2004l\r\n\e]0;root@archiso: lsblk\a"
  - delay: 6
    content: "NAME        MAJ:MIN RM   SIZE RO TYPE MOUNTPOINTS\r\nloop0         7:0    0 973.1M  1 loop /run/archiso/airootfs\r\nsda           8:0    1  28.9G  0 disk\r\n├─sda1        8:1    1   1.2G  0 part /run/archiso/bootmnt\r\n└─sda2        8:2    1   253M  0 part\r\nnvme0n1     259:0    0 476.9G  0 disk\r\n├─nvme0n1p1 259:1    0   260M  0 part\r\n├─nvme0n1p2 259:2    0    16M  0 part\r\n├─nvme0n1p3 259:3    0 425.8G  0 part\r\n├─nvme0n1p4 259:4    0   1.1G  0 part\r\n├─nvme0n1p5 259:10   0     3G  0 part\r\n└─nvme0n1p6 259:11   0  46.8G  0 part\r\e[?1h\e="
  - delay: 8
    content: "\n\e[31m\e[1mroot\e[m@archiso \e[1m~ \e[22m#                                                                                                                                    \e[35;18H\e]0;root@archiso: ~\a"
  - delay: 18
    content: "\e[?2004h"
  - delay: 4833
    content: p
  - delay: 310
    content: "\bpv"
  - delay: 308
    content: c
  - delay: 304
    content: e
  - delay: 913
    content: "\b \b"
  - delay: 293
    content: r
  - delay: 416
    content: e
  - delay: 399
    content: a
  - delay: 212
    content: t
  - delay: 118
    content: e
  - delay: 1503
    content: ' '
  - delay: 620
    content: /
  - delay: 242
    content: d
  - delay: 167
    content: e
  - delay: 360
    content: v
  - delay: 620
    content: /
  - delay: 568
    content: 'n'
  - delay: 268
    content: v
  - delay: 186
    content: m
  - delay: 320
    content: e
  - delay: 288
    content: '0'
  - delay: 277
    content: 'n'
  - delay: 377
    content: '1'
  - delay: 295
    content: p
  - delay: 528
    content: '6'
  - delay: 678
    content: "\e[?1l\e>\e[?2004l\r\n"
  - delay: 23
    content: "\e]0;root@archiso: pvcreate /dev/nvme0n1p6\a"
  - delay: 19
    content: "  Physical volume \"/dev/nvme0n1p6\" successfully created.\r\n"
  - delay: 13
    content: "\e[31m\e[1mroot\e[m@archiso \e[1m~ \e[22m#                                                                                                                                    \e[35;18H\e]0;root@archiso: ~\a"
  - delay: 8
    content: "\e[?1h\e=\e[?2004h"
  - delay: 5551
    content: v
  - delay: 160
    content: "\bvg"
  - delay: 347
    content: c
  - delay: 308
    content: r
  - delay: 307
    content: e
  - delay: 325
    content: a
  - delay: 91
    content: t
  - delay: 340
    content: w
  - delay: 890
    content: "\b \b"
  - delay: 328
    content: e
  - delay: 563
    content: ' '
  - delay: 1360
    content: s
  - delay: 200
    content: 'y'
  - delay: 127
    content: s
  - delay: 154
    content: t
  - delay: 188
    content: e
  - delay: 352
    content: m
  - delay: 277
    content: ' '
  - delay: 1090
    content: /
  - delay: 206
    content: d
  - delay: 111
    content: e
  - delay: 383
    content: v
  - delay: 1593
    content: /
  - delay: 1030
    content: 'n'
  - delay: 258
    content: v
  - delay: 187
    content: m
  - delay: 410
    content: e
  - delay: 920
    content: '0'
  - delay: 354
    content: 'n'
  - delay: 240
    content: '1'
  - delay: 470
    content: p
  - delay: 1075
    content: '6'
  - delay: 20374
    content: "\e[?1l\e>\e[?2004l\r\n"
  - delay: 18
    content: "\e]0;root@archiso: vgcreate system /dev/nvme0n1p6\a"
  - delay: 17
    content: "  Volume group \"system\" successfully created\r\n"
  - delay: 12
    content: "\e[?1h\e=\e[?2004h\e[31m\e[1mroot\e[m@archiso \e[1m~ \e[22m#                                                                                                                                    \e[35;18H\e]0;root@archiso: ~\a"
  - delay: 2405
    content: l
  - delay: 309
    content: "\blv"
  - delay: 421
    content: c
  - delay: 219
    content: r
  - delay: 182
    content: e
  - delay: 207
    content: a
  - delay: 170
    content: t
  - delay: 288
    content: e
  - delay: 3449
    content: ' '
  - delay: 900
    content: '-'
  - delay: 511
    content: L
  - delay: 928
    content: ' '
  - delay: 614
    content: '1'
  - delay: 168
    content: '0'
  - delay: 521
    content: G
  - delay: 542
    content: ' '
  - delay: 2408
    content: s
  - delay: 147
    content: 'y'
  - delay: 134
    content: s
  - delay: 137
    content: t
  - delay: 240
    content: e
  - delay: 288
    content: m
  - delay: 402
    content: ' '
  - delay: 538
    content: '-'
  - delay: 2322
    content: 'n'
  - delay: 209
    content: ' '
  - delay: 318
    content: r
  - delay: 160
    content: o
  - delay: 155
    content: o
  - delay: 207
    content: t
  - delay: 7691
    content: "\e[?1l\e>\e[?2004l\r\n"
  - delay: 20
    content: "\e]0;root@archiso: lvcreate -L 10G system -n root\a"
  - delay: 40
    content: "  Logical volume \"root\" created.\r\n"
  - delay: 19
    content: "\e[?1h\e=\e[31m\e[1mroot\e[m@archiso \e[1m~ \e[22m#                                                                                                                                    \e[35;18H\e]0;root@archiso: ~\a"
  - delay: 13
    content: "\e[?2004h"
  - delay: 1061
    content: lvcreate -L 10G system -n root
  - delay: 9106
    content: "\b \b"
  - delay: 76
    content: "\b \b"
  - delay: 205
    content: "\b \b"
  - delay: 204
    content: "\b \b"
  - delay: 217
    content: "\b"
  - delay: 602
    content: v
  - delay: 512
    content: a
  - delay: 412
    content: r
  - delay: 207
    content: s
  - delay: 1477
    content: "\b"
  - delay: 189
    content: "\b"
  - delay: 173
    content: "\b"
  - delay: 167
    content: "\b"
  - delay: 1038
    content: "\e[?25l vars\e[35;44H\e[?25h"
  - delay: 1525
    content: "\e[?1l\e>\e[?2004l\r\n"
  - delay: 19
    content: "\e]0;root@archiso: lvcreate -L 10G system -n vars\a"
  - delay: 41
    content: "  Logical volume \"vars\" created.\r\n"
  - delay: 22
    content: "\e[?1h\e=\e[?2004h\e[31m\e[1mroot\e[m@archiso \e[1m~ \e[22m#                                                                                                                                    \e[35;18H\e]0;root@archiso: ~\a"
  - delay: 4368
    content: lvcreate -L 10G system -n vars
  - delay: 297
    content: "\b"
  - delay: 507
    content: "\b"
  - delay: 105
    content: "\e[?25l\e[35;44H\e[?25h"
  - delay: 27
    content: "\b"
  - delay: 74
    content: "\e[?25l\e[35;41H\e[?25h"
  - delay: 20
    content: "\b"
  - delay: 81
    content: "\b"
  - delay: 12
    content: "\b"
  - delay: 17
    content: "\b"
  - delay: 51
    content: "\e[?25l\e[35;35H\e[?25h"
  - delay: 77
    content: "\b"
  - delay: 13
    content: "\b"
  - delay: 14
    content: "\b"
  - delay: 202
    content: "\b"
  - delay: 364
    content: "\e[1C"
  - delay: 630
    content: "\bG system -n vars                                                                                                      \e[35;31H"
  - delay: 580
    content: "\e[1C"
  - delay: 554
    content: "\e[1C"
  - delay: 63
    content: "\e[1C"
  - delay: 63
    content: "\e[2C"
  - delay: 18
    content: "\e[1C"
  - delay: 61
    content: "\e[1C"
  - delay: 16
    content: "\e[1C"
  - delay: 53
    content: "\e[1C"
  - delay: 23
    content: "\e[1C"
  - delay: 37
    content: "\e[1C"
  - delay: 38
    content: "\e[1C"
  - delay: 42
    content: "\e[1C"
  - delay: 23
    content: "\e[1C"
  - delay: 20
    content: "\e[1C"
  - delay: 47
    content: "\e[1C"
  - delay: 1114
    content: "\b \b"
  - delay: 139
    content: "\b \b"
  - delay: 359
    content: "\b \b"
  - delay: 490
    content: l
  - delay: 149
    content: o
  - delay: 343
    content: g
  - delay: 2575
    content: "\e[?1l\e>\e[?2004l\r\n\e]0;root@archiso: lvcreate -L 1G system -n vlog\a"
  - delay: 42
    content: "  Logical volume \"vlog\" created.\r\n                                                                                                                                                    \e[35;1H"
  - delay: 7
    content: "\e[?1h\e=\e[?2004h"
  - delay: 16
    content: "\e[31m\e[1mroot\e[m@archiso \e[1m~ \e[22m#                                                                                                                                    \e[35;18H\e]0;root@archiso: ~\a"
  - delay: 757
    content: lvcreate -L 1G system -n vlog
  - delay: 217
    content: "\b"
  - delay: 601
    content: "\e[?25l\e[35;44H\e[?25h"
  - delay: 22
    content: "\b"
  - delay: 81
    content: "\e[?25l\e[35;41H\e[?25h"
  - delay: 12
    content: "\b"
  - delay: 91
    content: "\b"
  - delay: 18
    content: "\b"
  - delay: 84
    content: "\e[?25l\e[35;36H\e[?25h"
  - delay: 218
    content: "\b"
  - delay: 170
    content: "\b"
  - delay: 125
    content: "\b"
  - delay: 158
    content: "\b"
  - delay: 762
    content: "\b system -n vlog                                                                                                       \e[35;31H"
  - delay: 188
    content: "\b system -n vlog                                                                                                        \e[35;30H"
  - delay: 918
    content: "\e[?25l5 system -n vlog\e[35;31H\e[?25h"
  - delay: 342
    content: "\e[?25l1 system -n vlog\e[35;32H\e[?25h"
  - delay: 179
    content: "\e[?25l2 system -n vlog\e[35;33H\e[?25h"
  - delay: 2197
    content: "\e[?25lM system -n vlog\e[35;34H\e[?25h"
  - delay: 2913
    content: "\e[1C"
  - delay: 538
    content: "\e[1C"
  - delay: 98
    content: "\e[2C"
  - delay: 21
    content: "\e[1C"
  - delay: 89
    content: "\e[2C"
  - delay: 21
    content: "\e[1C"
  - delay: 74
    content: "\e[1C"
  - delay: 22
    content: "\e[2C"
  - delay: 80
    content: "\e[2C"
  - delay: 11
    content: "\e[1C"
  - delay: 92
    content: "\e[1C"
  - delay: 646
    content: "\b \b"
  - delay: 284
    content: "\b \b"
  - delay: 279
    content: "\b \b"
  - delay: 745
    content: a
  - delay: 472
    content: u
  - delay: 278
    content: d
  - delay: 2921
    content: "\e[?1l\e>\e[?2004l\r\n"
  - delay: 19
    content: "\e]0;root@archiso: lvcreate -L 512M system -n vaud\a"
  - delay: 44
    content: >-
      WARNING: ext4 signature detected on /dev/system/vaud at offset 1080. Wipe
      it? [y/n]: 
  - delay: 2173
    content: 'y'
  - delay: 313
    content: "\r\n"
  - delay: 14
    content: "  Wiping ext4 signature on /dev/system/vaud.\r\n  Logical volume \"vaud\" created.\r\n"
  - delay: 14
    content: "\e[?1h\e=\e[?2004h\e[31m\e[1mroot\e[m@archiso \e[1m~ \e[22m#                                                                                                                                    \e[35;18H\e]0;root@archiso: ~\a"
  - delay: 10232
    content: lvcreate -L 512M system -n vaud
  - delay: 535
    content: "\b"
  - delay: 581
    content: "\b"
  - delay: 105
    content: "\e[?25l\e[35;45H\e[?25h"
  - delay: 20
    content: "\e[?25l\e[35;43H\e[?25h"
  - delay: 34
    content: "\b"
  - delay: 51
    content: "\e[?25l\e[35;40H\e[?25h"
  - delay: 319
    content: "\b"
  - delay: 195
    content: "\b"
  - delay: 198
    content: "\b"
  - delay: 122
    content: "\b"
  - delay: 186
    content: "\b"
  - delay: 110
    content: "\b"
  - delay: 10026
    content: "\b system -n vaud                                                                                                     \e[35;33H"
  - delay: 106
    content: "\b system -n vaud                                                                                                      \e[35;32H"
  - delay: 591
    content: "\b system -n vaud                                                                                                       \e[35;31H"
  - delay: 228
    content: "\b system -n vaud                                                                                                        \e[35;30H"
  - delay: 717
    content: "\e[?25l4 system -n vaud\e[35;31H\e[?25h"
  - delay: 800
    content: "\e[?25lG system -n vaud\e[35;32H\e[?25h"
  - delay: 4137
    content: "\e[1C"
  - delay: 501
    content: "\e[1C"
  - delay: 16
    content: "\e[1C"
  - delay: 34
    content: "\e[1C"
  - delay: 50
    content: "\e[1C"
  - delay: 8
    content: "\e[1C"
  - delay: 91
    content: "\e[1C"
  - delay: 20
    content: "\e[1C"
  - delay: 83
    content: "\e[2C"
  - delay: 11
    content: "\e[2C"
  - delay: 95
    content: "\e[1C"
  - delay: 14
    content: "\e[1C"
  - delay: 14
    content: "\e[1C"
  - delay: 762
    content: "\b \b"
  - delay: 171
    content: "\b \b"
  - delay: 444
    content: "\b \b"
  - delay: 536
    content: t
  - delay: 471
    content: m
  - delay: 207
    content: p
  - delay: 9047
    content: "\e[?1l\e>\e[?2004l\r\n"
  - delay: 10
    content: "\e]0;root@archiso: lvcreate -L 4G system -n vtmp\a"
  - delay: 39
    content: >-
      WARNING: ext4 signature detected on /dev/system/vtmp at offset 1080. Wipe
      it? [y/n]: 
  - delay: 1389
    content: 'y'
  - delay: 516
    content: "\r\n  Wiping ext4 signature on /dev/system/vtmp.\r\n  Logical volume \"vtmp\" created.\r\n"
  - delay: 12
    content: "                                                                                                                                                    \e[35;1H\e[?1h\e=\e[?2004h"
  - delay: 12
    content: "\e[31m\e[1mroot\e[m@archiso \e[1m~ \e[22m#                                                                                                                                    \e[35;18H\e]0;root@archiso: ~\a"
  - delay: 3015
    content: lvcreate -L 4G system -n vtmp
  - delay: 417
    content: "\b"
  - delay: 587
    content: "\b"
  - delay: 12
    content: "\b"
  - delay: 47
    content: "\b"
  - delay: 54
    content: "\b"
  - delay: 23
    content: "\b"
  - delay: 16
    content: "\b"
  - delay: 77
    content: "\b"
  - delay: 17
    content: "\b"
  - delay: 42
    content: "\b"
  - delay: 20
    content: "\b"
  - delay: 34
    content: "\b"
  - delay: 28
    content: "\b"
  - delay: 20
    content: "\b"
  - delay: 321
    content: "\b"
  - delay: 259
    content: "\b"
  - delay: 678
    content: "\bG system -n vtmp                                                                                                       \e[35;30H"
  - delay: 1091
    content: "\e[?25l1G system -n vtmp\e[35;31H\e[?25h"
  - delay: 7338
    content: "\e[1C"
  - delay: 509
    content: "\e[1C"
  - delay: 108
    content: "\e[2C"
  - delay: 14
    content: "\e[1C"
  - delay: 87
    content: "\e[2C"
  - delay: 94
    content: "\e[4C"
  - delay: 101
    content: "\e[2C"
  - delay: 18
    content: "\e[1C"
  - delay: 103
    content: "\e[2C"
  - delay: 802
    content: "\b \b"
  - delay: 102
    content: "\b \b"
  - delay: 118
    content: "\b \b"
  - delay: 394
    content: "\b \b"
  - delay: 511
    content: h
  - delay: 148
    content: o
  - delay: 291
    content: m
  - delay: 453
    content: e
  - delay: 9352
    content: "\e[?1l\e>\e[?2004l\r\n"
  - delay: 19
    content: "\e]0;root@archiso: lvcreate -L 1G system -n home\a"
  - delay: 28
    content: >-
      WARNING: ext4 signature detected on /dev/system/home at offset 1080. Wipe
      it? [y/n]: 
  - delay: 1282
    content: 'y'
  - delay: 341
    content: "\r\n  Wiping ext4 signature on /dev/system/home.\r\n"
  - delay: 33
    content: "  Logical volume \"home\" created.\r\n\e[?1h\e=\e[?2004h"
  - delay: 9
    content: "\e[31m\e[1mroot\e[m@archiso \e[1m~ \e[22m#                                                                                                                                    \e[35;18H\e]0;root@archiso: ~\a"
  - delay: 3183
    content: lvcreate -L 1G system -n home
  - delay: 272
    content: "\b"
  - delay: 578
    content: "\b"
  - delay: 44
    content: "\b"
  - delay: 48
    content: "\b"
  - delay: 22
    content: "\b"
  - delay: 62
    content: "\b"
  - delay: 17
    content: "\b"
  - delay: 62
    content: "\b"
  - delay: 26
    content: "\b"
  - delay: 113
    content: "\e[?25l\e[35;34H\e[?25h"
  - delay: 101
    content: "\e[?25l\e[35;31H\e[?25h"
  - delay: 11
    content: "\b"
  - delay: 72
    content: "\b"
  - delay: 22
    content: "\b"
  - delay: 70
    content: "\b"
  - delay: 28
    content: "\b"
  - delay: 293
    content: "\e[1C"
  - delay: 386
    content: "\e[1C"
  - delay: 265
    content: "\e[1C"
  - delay: 650
    content: "\b 1G system -n home                                                                                                       \e[35;28H"
  - delay: 391
    content: "\e[?25ll 1G system -n home\e[35;29H\e[?25h"
  - delay: 999
    content: "\e[?25l5 1G system -n home\e[35;30H\e[?25h"
  - delay: 607
    content: "\e[?25l0 1G system -n home\e[35;31H\e[?25h"
  - delay: 2368
    content: "\e[?25l% 1G system -n home\e[35;32H\e[?25h"
  - delay: 2040
    content: "\e[?25lF 1G system -n home\e[35;33H\e[?25h"
  - delay: 605
    content: "\e[?25lR 1G system -n home\e[35;34H\e[?25h"
  - delay: 406
    content: "\e[?25lE 1G system -n home\e[35;35H\e[?25h"
  - delay: 126
    content: "\e[?25lE 1G system -n home\e[35;36H\e[?25h"
  - delay: 6250
    content: "\e[1C"
  - delay: 282
    content: "\e[1C"
  - delay: 140
    content: "\e[1C"
  - delay: 790
    content: "\b system -n home                                                                                                \e[35;38H"
  - delay: 506
    content: "\b system -n home                                                                                                 \e[35;37H"
  - delay: 395
    content: "system -n home                                                                                                  \e[35;36H"
  - delay: 918
    content: "\e[1C"
  - delay: 2970
    content: "\e[1C"
  - delay: 730
    content: "\e[1C"
  - delay: 619
    content: "\e[1C"
  - delay: 24
    content: "\e[1C"
  - delay: 74
    content: "\e[1C"
  - delay: 19
    content: "\e[1C"
  - delay: 84
    content: "\e[1C"
  - delay: 12
    content: "\e[3C"
  - delay: 80
    content: "\e[2C"
  - delay: 78
    content: "\e[1C"
  - delay: 14
    content: "\e[1C"
  - delay: 1126
    content: "\b \b"
  - delay: 164
    content: "\b \b"
  - delay: 145
    content: "\b \b"
  - delay: 341
    content: "\b \b"
  - delay: 518
    content: c
  - delay: 182
    content: r
  - delay: 288
    content: a
  - delay: 500
    content: b
  - delay: 1147
    content: "\e[?1l\e>\e[?2004l\r\n\e]0;root@archiso: lvcreate -l50%FREE system -n crab\a"
  - delay: 61
    content: >-
      WARNING: crypto_LUKS signature detected on /dev/system/crab at offset 0.
      Wipe it? [y/n]: 
  - delay: 1371
    content: 'y'
  - delay: 1230
    content: "\r\n"
  - delay: 12
    content: "  Wiping crypto_LUKS signature on /dev/system/crab.\r"
  - delay: 6
    content: "\nWARNING: crypto_LUKS signature detected on /dev/system/crab at offset 16384. Wipe it? [y/n]:\e[1C"
  - delay: 3792
    content: 'y'
  - delay: 708
    content: "\r\n  Wiping crypto_LUKS signature on /dev/system/crab.\r\n"
  - delay: 28
    content: "  Logical volume \"crab\" created.\r"
  - delay: 6
    content: "\e[?1h\e=\e[?2004h\n\e[31m\e[1mroot\e[m@archiso \e[1m~ \e[22m#                                                                                                                                    \e[35;18H\e]0;root@archiso: ~\a"
  - delay: 23019
    content: lvcreate -l50%FREE system -n crab
  - delay: 712
    content: "\b"
  - delay: 812
    content: "\b"
  - delay: 70
    content: "\b"
  - delay: 176
    content: "\b"
  - delay: 1260
    content: "\e[?25lrcrab\e[35;48H\e[?25h"
  - delay: 300
    content: "\e[?25locrab\e[35;49H\e[?25h"
  - delay: 174
    content: "\e[?25locrab\e[35;50H\e[?25h"
  - delay: 263
    content: "\e[?25ltcrab\e[35;51H\e[?25h"
  - delay: 582
    content: "\e[?25l crab\e[35;52H\e[?25h"
  - delay: 746
    content: "\e[?1l\e>\e[?2004l\r\n"
  - delay: 19
    content: "  Physical Volume \"crab\" not found in Volume Group \"system\".\r\e]0;root@archiso: lvcreate -l50%FREE system -n root crab\a\n"
  - delay: 22
    content: "\e[?1h\e=\e[?2004h\e[31m\e[1m5 root\e[m@archiso \e[1m~ \e[22m#                                                                                                                               :( \e[35;20H\e]0;root@archiso: ~\a"
  - delay: 8269
    content: m
  - delay: 130
    content: "\bmk"
  - delay: 581
    content: f
  - delay: 312
    content: s
  - delay: 715
    content: .
  - delay: 436
    content: v
  - delay: 217
    content: f
  - delay: 277
    content: a
  - delay: 223
    content: t
  - delay: 1283
    content: ' '
  - delay: 902
    content: '-'
  - delay: 704
    content: F
  - delay: 619
    content: '#'
  - delay: 952
    content: "\b \b"
  - delay: 309
    content: '3'
  - delay: 179
    content: '2'
  - delay: 954
    content: ' '
  - delay: 1400
    content: '-'
  - delay: 419
    content: 'n'
  - delay: 688
    content: ' '
  - delay: 709
    content: B
  - delay: 422
    content: O
  - delay: 154
    content: O
  - delay: 227
    content: T
  - delay: 2004
    content: ' '
  - delay: 785
    content: /
  - delay: 258
    content: d
  - delay: 154
    content: e
  - delay: 366
    content: v
  - delay: 800
    content: /
  - delay: 1631
    content: 'n'
  - delay: 269
    content: v
  - delay: 171
    content: m
  - delay: 321
    content: e
  - delay: 390
    content: '0'
  - delay: 336
    content: 'n'
  - delay: 394
    content: '1'
  - delay: 1005
    content: p
  - delay: 309
    content: '5'
  - delay: 12501
    content: "\e[?1l\e>\e[?2004l\e[K\r\n"
  - delay: 16
    content: "\e]0;root@archiso: mkfs.vfat -F32 -n BOOT /dev/nvme0n1p5\a"
  - delay: 37
    content: "mkfs.fat 4.2 (2021-01-31)\r\n"
  - delay: 75
    content: "                                                                                                                                                    \e[35;1H\e[?1h\e=\e[?2004h"
  - delay: 11
    content: "\e[31m\e[1mroot\e[m@archiso \e[1m~ \e[22m#                                                                                                                                    \e[35;18H\e]0;root@archiso: ~\a"
  - delay: 2964
    content: m
  - delay: 169
    content: "\bmk"
  - delay: 819
    content: f
  - delay: 818
    content: s
  - delay: 1104
    content: .
  - delay: 352
    content: e
  - delay: 343
    content: x
  - delay: 275
    content: t
  - delay: 470
    content: '4'
  - delay: 3997
    content: ' '
  - delay: 830
    content: /
  - delay: 307
    content: d
  - delay: 101
    content: e
  - delay: 312
    content: v
  - delay: 739
    content: /
  - delay: 1020
    content: s
  - delay: 201
    content: 'y'
  - delay: 127
    content: s
  - delay: 150
    content: t
  - delay: 312
    content: e
  - delay: 141
    content: 'n'
  - delay: 1002
    content: "\b \b"
  - delay: 376
    content: m
  - delay: 6680
    content: /
  - delay: 717
    content: r
  - delay: 207
    content: o
  - delay: 99
    content: o
  - delay: 204
    content: t
  - delay: 8299
    content: "\e[?1l\e>\e[?2004l\r\n"
  - delay: 18
    content: "\e]0;root@archiso: mkfs.ext4 /dev/system/root\a"
  - delay: 60
    content: "mke2fs 1.47.4 (6-Mar-2025)\r\n"
  - delay: 192
    content: "\e[?25lDiscarding device blocks:       0/2621440\e[35;27H\e[?25h"
  - delay: 13
    content: "done\e[28X\r\nCreating filesystem with 2621440 4k blocks and 655360 inodes\r\nFilesystem UUID: 7af0ddc5-b4c7-45ec-932a-0a450139ead4\r\nSuperblock backups stored on blocks:\r\n        32768, 98304, 163840, 229376, 294912, 819200, 884736, 1605632\r\n\e[?25l\nAllocating group tables:  0/80\e[35;26H\e[?25hdone\e[28X\r\nWriting inode tables: done\r"
  - delay: 12
    content: "\nCreating journal (16384 blocks):\e[1C"
  - delay: 727
    content: "done\r\nWriting superblocks and filesystem accounting information:\e[1C"
  - delay: 21
    content: "done\r\n\n                                                                                                                                                    \e[35;1H\e[?1h\e=\e[?2004h"
  - delay: 14
    content: "\e[31m\e[1mroot\e[m@archiso \e[1m~ \e[22m#                                                                                                                                    \e[35;18H\e]0;root@archiso: ~\a"
  - delay: 1313
    content: mkfs.ext4 /dev/system/root
  - delay: 2070
    content: "\b \b"
  - delay: 159
    content: "\b \b"
  - delay: 132
    content: "\b \b"
  - delay: 180
    content: "\b \b"
  - delay: 662
    content: v
  - delay: 368
    content: a
  - delay: 431
    content: r
  - delay: 174
    content: s
  - delay: 722
    content: "\e[?1l\e>\e[?2004l\r\n\e]0;root@archiso: mkfs.ext4 /dev/system/vars\a"
  - delay: 23
    content: "mke2fs 1.47.4 (6-Mar-2025)\r\n"
  - delay: 118
    content: "\e[?25lDiscarding device blocks:       0/2621440\e[35;27H\e[?25h"
  - delay: 12
    content: "done\e[28X\r\nCreating filesystem with 2621440 4k blocks and 655360 inodes\r\nFilesystem UUID: 2991f6b8-5aff-4e1c-ae07-8aecb2505382\r\nSuperblock backups stored on blocks:\r\n        32768, 98304, 163840, 229376, 294912, 819200, 884736, 1605632\r\n\e[?25l\nAllocating group tables:  0/80\e[35;26H\e[?25hdone\e[28X\r\nWriting inode tables: done\r"
  - delay: 16
    content: |+

  - delay: 13
    content: 'Creating journal (16384 blocks): '
  - delay: 588
    content: "done\r\nWriting superblocks and filesystem accounting information:\e[1Cdone\r\n\e[?1h\e="
  - delay: 19
    content: "\n\e[31m\e[1mroot\e[m@archiso \e[1m~ \e[22m#                                                                                                                                    \e[35;18H\e]0;root@archiso: ~\a\e[?2004h"
  - delay: 942
    content: mkfs.ext4 /dev/system/vars
  - delay: 824
    content: "\b \b"
  - delay: 136
    content: "\b \b"
  - delay: 151
    content: "\b \b"
  - delay: 1848
    content: t
  - delay: 512
    content: m
  - delay: 205
    content: p
  - delay: 1797
    content: "\e[?1l\e>\e[?2004l\r"
  - delay: 16
    content: "\nmke2fs 1.47.4 (6-Mar-2025)\r\e]0;root@archiso: mkfs.ext4 /dev/system/vtmp\a\n"
  - delay: 80
    content: "\e[?25lDiscarding device blocks:       0/1048576\e[35;27H\e[?25h"
  - delay: 23
    content: "done\e[28X\r\nCreating filesystem with 1048576 4k blocks and 262144 inodes\r\nFilesystem UUID: 6a9d1758-f9ec-4ff7-8331-be1048e283ee\r\nSuperblock backups stored on blocks:\r\n        32768, 98304, 163840, 229376, 294912, 819200, 884736\r\n\nAllocating group tables: done\r\nWriting inode tables: done\r"
  - delay: 5
    content: "\nCreating journal (16384 blocks):\e[1C"
  - delay: 150
    content: "done\r\n"
  - delay: 22
    content: "\e[?25lWriting superblocks and filesystem accounting information:      \e[35;60H\e[?25hdone\r\n\e[?1h\e=\e[?2004h"
  - delay: 14
    content: "\n\e[31m\e[1mroot\e[m@archiso \e[1m~ \e[22m#                                                                                                                                    \e[35;18H\e]0;root@archiso: ~\a"
  - delay: 2069
    content: mkfs.ext4 /dev/system/vtmp
  - delay: 838
    content: "\b \b"
  - delay: 136
    content: "\b \b"
  - delay: 159
    content: "\b \b"
  - delay: 714
    content: l
  - delay: 135
    content: o
  - delay: 318
    content: g
  - delay: 381
    content: "\e[?1l\e>\e[?2004l\r\n"
  - delay: 7
    content: "mke2fs 1.47.4 (6-Mar-2025)\r\e]0;root@archiso: mkfs.ext4 /dev/system/vlog\a"
  - delay: 10
    content: |+

  - delay: 104
    content: "Discarding device blocks: done\e[28X\r\nCreating filesystem with 262144 4k blocks and 65536 inodes\r\nFilesystem UUID: 8064619f-67ba-429b-8f64-4121abb7573f\r\nSuperblock backups stored on blocks:\r\n        32768, 98304, 163840, 229376\r\n\nAllocating group tables: done\r\nWriting inode tables: done\r\nCreating journal (8192 blocks):\e[1C"
  - delay: 81
    content: "done\r\n"
  - delay: 12
    content: "Writing superblocks and filesystem accounting information: done\r\n"
  - delay: 5
    content: "\n                                                                                                                                                    \e[35;1H\e]0;root@archiso: ~\a\e[?1h\e=\e[?2004h"
  - delay: 15
    content: "\e[31m\e[1mroot\e[m@archiso \e[1m~ \e[22m#                                                                                                                                    \e[35;18H"
  - delay: 1858
    content: mkfs.ext4 /dev/system/vlog
  - delay: 812
    content: "\b \b"
  - delay: 152
    content: "\b \b"
  - delay: 450
    content: "\b \b"
  - delay: 582
    content: a
  - delay: 437
    content: u
  - delay: 297
    content: d
  - delay: 1723
    content: "\e[?1l\e>\e[?2004l\r\nmke2fs 1.47.4 (6-Mar-2025)\r\e]0;root@archiso: mkfs.ext4 /dev/system/vaud\a\n"
  - delay: 17
    content: "Discarding device blocks: done\e[28X\r\nCreating filesystem with 131072 4k blocks and 32768 inodes\r\nFilesystem UUID: 2b74eff9-fd0c-4f6c-8d0a-b8df57ead06e\r\nSuperblock backups stored on blocks:\r\n        32768, 98304\r\n\nAllocating group tables: done\r\nWriting inode tables: done\r"
  - delay: 5
    content: |+

  - delay: 22
    content: 'Creating journal (4096 blocks): '
  - delay: 15
    content: "done\r"
  - delay: 9
    content: "\nWriting superblocks and filesystem accounting information:\e[1Cdone\r\n"
  - delay: 14
    content: "\n                                                                                                                                                    \e[35;1H\e[?1h\e=\e[?2004h"
  - delay: 15
    content: "\e[31m\e[1mroot\e[m@archiso \e[1m~ \e[22m#                                                                                                                                    \e[35;18H\e]0;root@archiso: ~\a"
  - delay: 1746
    content: mkfs.ext4 /dev/system/vaud
  - delay: 2057
    content: "\b \b"
  - delay: 123
    content: "\b \b"
  - delay: 382
    content: "\b \b"
  - delay: 858
    content: h
  - delay: 180
    content: o
  - delay: 360
    content: m
  - delay: 470
    content: e
  - delay: 1370
    content: "\b"
  - delay: 153
    content: "\b"
  - delay: 225
    content: "\b"
  - delay: 451
    content: "\b"
  - delay: 812
    content: "\e[?25l\bhome \e[35;40H\e[?25h"
  - delay: 4848
    content: "\e[?1l\e>\e[?2004l\r\n"
  - delay: 7
    content: "mke2fs 1.47.4 (6-Mar-2025)\r\e]0;root@archiso: mkfs.ext4 /dev/system/home\a"
  - delay: 9
    content: |+

  - delay: 94
    content: "\e[?25lDiscarding device blocks:      0/262144\e[35;27H\e[?25h"
  - delay: 7
    content: "done\e[28X\r\nCreating filesystem with 262144 4k blocks and 65536 inodes\r\nFilesystem UUID: 645d9ee3-283a-4360-b404-fa4b3cc207b4\r\nSuperblock backups stored on blocks:\r\n        32768, 98304, 163840, 229376\r\n\nAllocating group tables: done\r\nWriting inode tables: done\r"
  - delay: 7
    content: |+

  - delay: 16
    content: 'Creating journal (8192 blocks): '
  - delay: 60
    content: "done\r\e[?25l\nWriting superblocks and filesystem accounting information: 0/8\e[35;60H\e[?25h"
  - delay: 9
    content: "done\r\n"
  - delay: 5
    content: "\e[?1h\e=\n\e[31m\e[1mroot\e[m@archiso \e[1m~ \e[22m#                                                                                                                                    \e[35;18H\e]0;root@archiso: ~\a\e[?2004h"
  - delay: 3378
    content: mkfs.ext4 /dev/system/home
  - delay: 2141
    content: "\b \b"
  - delay: 299
    content: "\b \b"
  - delay: 252
    content: "\b \b"
  - delay: 287
    content: "\b \b"
  - delay: 2460
    content: c
  - delay: 161
    content: r
  - delay: 297
    content: a
  - delay: 473
    content: b
  - delay: 1300
    content: "\e[?1l\e>\e[?2004l\r\n\e]0;root@archiso: mkfs.ext4 /dev/system/crab\amke2fs 1.47.4 (6-Mar-2025)\r"
  - delay: 18
    content: |+

  - delay: 67
    content: "\e[?25lDiscarding device blocks:       0/2662400\e[35;27H\e[?25h"
  - delay: 24
    content: "done\e[28X\r\nCreating filesystem with 2662400 4k blocks and 666496 inodes\r\nFilesystem UUID: c902a837-9be7-4749-8b7e-95cfa6db30de\r\nSuperblock backups stored on blocks:\r\n        32768, 98304, 163840, 229376, 294912, 819200, 884736, 1605632, 2654208\r\n\nAllocating group tables: done\r\e[?25l\nWriting inode tables:  0/82\e[35;23H\e[?25hdone\e[28X\r"
  - delay: 16
    content: "\nCreating journal (16384 blocks):\e[1C"
  - delay: 143
    content: "done\r\nWriting superblocks and filesystem accounting information:\e[1C"
  - delay: 13
    content: "\e[?25l     \e[35;60H\e[?25h"
  - delay: 16
    content: "done\r\n\n                                                                                                                                                    \e[35;1H\e]0;root@archiso: ~\a\e[?1h\e=\e[?2004h"
  - delay: 13
    content: "\e[31m\e[1mroot\e[m@archiso \e[1m~ \e[22m#                                                                                                                                    \e[35;18H"
  - delay: 4251
    content: c
  - delay: 206
    content: "\bcr"
  - delay: 448
    content: 'y'
  - delay: 312
    content: p
  - delay: 397
    content: t
  - delay: 422
    content: s
  - delay: 210
    content: e
  - delay: 364
    content: t
  - delay: 276
    content: u
  - delay: 275
    content: p
  - delay: 367
    content: ' '
  - delay: 770
    content: l
  - delay: 284
    content: u
  - delay: 734
    content: k
  - delay: 409
    content: s
  - delay: 536
    content: F
  - delay: 267
    content: o
  - delay: 193
    content: r
  - delay: 206
    content: m
  - delay: 169
    content: a
  - delay: 260
    content: t
  - delay: 770
    content: ' '
  - delay: 883
    content: /
  - delay: 229
    content: d
  - delay: 145
    content: e
  - delay: 263
    content: v
  - delay: 217
    content: /
  - delay: 3321
    content: s
  - delay: 163
    content: 'y'
  - delay: 118
    content: s
  - delay: 192
    content: t
  - delay: 309
    content: e
  - delay: 182
    content: m
  - delay: 1514
    content: /
  - delay: 9708
    content: c
  - delay: 11
    content: r
  - delay: 193
    content: a
  - delay: 335
    content: b
  - delay: 793
    content: "\e[?1l\e>\e[?2004l\r\n"
  - delay: 20
    content: "\e]0;root@archiso: cryptsetup luksFormat /dev/system/crab\a"
  - delay: 43
    content: "WARNING: Device /dev/system/crab already contains a 'ext4' superblock signature.\r\n\nWARNING!\r\n========\r\nThis will overwrite data on /dev/system/crab irrevocably.\r\n"
  - delay: 18
    content: "\nAre you sure? (Type 'yes' in capital letters):\e[1C"
  - delay: 2234
    content: 'Y'
  - delay: 294
    content: E
  - delay: 327
    content: S
  - delay: 1199
    content: "\r\n"
  - delay: 13
    content: 'Enter passphrase for /dev/system/crab: '
  - delay: 5415
    content: "\r\nVerify passphrase:\e[1C"
  - delay: 1519
    content: "\r\n"
  - delay: 6526
    content: "cryptsetup luksFormat /dev/system/crab  9.99s user 0.43s system 59% cpu 17.534 total\r\e[?1h\e=\e[?2004h\n\e[31m\e[1mroot\e[m@archiso \e[1m~ \e[22m#                                                                                                                                    \e[35;18H\e]0;root@archiso: ~\a"
  - delay: 2560
    content: c
  - delay: 323
    content: "\bcr"
  - delay: 495
    content: 'y'
  - delay: 515
    content: p
  - delay: 349
    content: t
  - delay: 982
    content: s
  - delay: 212
    content: e
  - delay: 299
    content: t
  - delay: 297
    content: u
  - delay: 401
    content: p
  - delay: 317
    content: ' '
  - delay: 742
    content: l
  - delay: 331
    content: u
  - delay: 185
    content: k
  - delay: 308
    content: s
  - delay: 655
    content: O
  - delay: 242
    content: p
  - delay: 241
    content: e
  - delay: 888
    content: 'n'
  - delay: 3218
    content: ' '
  - delay: 469
    content: /
  - delay: 409
    content: d
  - delay: 120
    content: e
  - delay: 502
    content: v
  - delay: 915
    content: /
  - delay: 1150
    content: s
  - delay: 284
    content: 'y'
  - delay: 229
    content: s
  - delay: 303
    content: t
  - delay: 237
    content: e
  - delay: 450
    content: m
  - delay: 1229
    content: /
  - delay: 3184
    content: ' '
  - delay: 825
    content: "\b"
  - delay: 537
    content: c
  - delay: 172
    content: r
  - delay: 320
    content: a
  - delay: 400
    content: b
  - delay: 976
    content: /
  - delay: 436
    content: c
  - delay: 209
    content: r
  - delay: 213
    content: a
  - delay: 737
    content: b
  - delay: 1578
    content: "\b \b"
  - delay: 183
    content: "\b \b"
  - delay: 214
    content: "\b \b"
  - delay: 191
    content: "\b \b"
  - delay: 237
    content: "\b \b"
  - delay: 610
    content: ' '
  - delay: 568
    content: c
  - delay: 250
    content: r
  - delay: 210
    content: a
  - delay: 488
    content: b
  - delay: 16144
    content: "\e[?1l\e>\e[?2004l\r\n"
  - delay: 23
    content: "\e]0;root@archiso: cryptsetup luksOpen /dev/system/crab crab\a"
  - delay: 15
    content: 'Enter passphrase for /dev/system/crab: '
  - delay: 2075
    content: "\r\n"
  - delay: 2263
    content: "                                                                                                                                                    \e[35;1H\e[?1h\e=\e[?2004h"
  - delay: 13
    content: "\e[31m\e[1mroot\e[m@archiso \e[1m~ \e[22m#                                                                                                                                    \e[35;18H\e]0;root@archiso: ~\a"
  - delay: 1852
    content: m
  - delay: 115
    content: "\bmk"
  - delay: 419
    content: f
  - delay: 182
    content: s
  - delay: 971
    content: .
  - delay: 1248
    content: e
  - delay: 404
    content: x
  - delay: 235
    content: t
  - delay: 463
    content: '4'
  - delay: 2816
    content: ' '
  - delay: 645
    content: /
  - delay: 399
    content: de
  - delay: 298
    content: v
  - delay: 206
    content: /
  - delay: 1034
    content: m
  - delay: 216
    content: a
  - delay: 235
    content: p
  - delay: 120
    content: p
  - delay: 186
    content: e
  - delay: 159
    content: r
  - delay: 1571
    content: /
  - delay: 2679
    content: c
  - delay: 194
    content: r
  - delay: 138
    content: a
  - delay: 493
    content: b
  - delay: 9358
    content: "\e[?1l\e>\e[?2004l\r\n"
  - delay: 5
    content: "mke2fs 1.47.4 (6-Mar-2025)\r\e]0;root@archiso: mkfs.ext4 /dev/mapper/crab\a"
  - delay: 15
    content: |+

  - delay: 30
    content: "Creating filesystem with 2658304 4k blocks and 665184 inodes\r\nFilesystem UUID: 61c509c4-5942-46d8-9e3a-662bd8e7fd5a\r\nSuperblock backups stored on blocks:\r\n        32768, 98304, 163840, 229376, 294912, 819200, 884736, 1605632, 2654208\r\n\nAllocating group tables: done\r\e[?25l\nWriting inode tables:  0/82\e[35;23H\e[?25hdone\e[28X\r"
  - delay: 15
    content: |+

  - delay: 15
    content: 'Creating journal (16384 blocks): '
  - delay: 177
    content: "done\r\nWriting superblocks and filesystem accounting information:\e[1C"
  - delay: 18
    content: "done\r\n\e[?1h\e=\e[?2004h"
  - delay: 6
    content: "\n\e[31m\e[1mroot\e[m@archiso \e[1m~ \e[22m#                                                                                                                                    \e[35;18H\e]0;root@archiso: ~\a"
  - delay: 2994
    content: m
  - delay: 102
    content: "\bmo"
  - delay: 296
    content: u
  - delay: 211
    content: 'n'
  - delay: 200
    content: t
  - delay: 512
    content: ' '
  - delay: 1120
    content: /
  - delay: 232
    content: d
  - delay: 100
    content: e
  - delay: 368
    content: v
  - delay: 644
    content: /
  - delay: 801
    content: s
  - delay: 206
    content: 'y'
  - delay: 91
    content: s
  - delay: 179
    content: t
  - delay: 211
    content: e
  - delay: 377
    content: m
  - delay: 1522
    content: /
  - delay: 791
    content: r
  - delay: 177
    content: o
  - delay: 133
    content: o
  - delay: 220
    content: t
  - delay: 948
    content: /
  - delay: 2119
    content: "\b \b"
  - delay: 529
    content: ' '
  - delay: 598
    content: /
  - delay: 413
    content: m
  - delay: 115
    content: 'n'
  - delay: 374
    content: t
  - delay: 3622
    content: "\e[?1l\e>\e[?2004l\r\n\e]0;root@archiso: mount /dev/system/root /mnt\a"
  - delay: 25
    content: "                                                                                                                                                    \e[35;1H\e[?1h\e=\e[?2004h"
  - delay: 20
    content: "\e[31m\e[1mroot\e[m@archiso \e[1m~ \e[22m#                                                                                                                                    \e[35;18H\e]0;root@archiso: ~\a"
  - delay: 3129
    content: m
  - delay: 86
    content: "\bmo"
  - delay: 303
    content: u
  - delay: 209
    content: 'n'
  - delay: 205
    content: t
  - delay: 610
    content: ' '
  - delay: 632
    content: '-'
  - delay: 187
    content: '-'
  - delay: 1126
    content: m
  - delay: 865
    content: k
  - delay: 344
    content: d
  - delay: 174
    content: i
  - delay: 308
    content: r
  - delay: 878
    content: ' '
  - delay: 522
    content: '-'
  - delay: 420
    content: o
  - delay: 1507
    content: ' '
  - delay: 375
    content: u
  - delay: 159
    content: i
  - delay: 338
    content: d
  - delay: 1942
    content: '='
  - delay: 1442
    content: '0'
  - delay: 997
    content: ','
  - delay: 396
    content: g
  - delay: 161
    content: i
  - delay: 274
    content: d
  - delay: 1590
    content: '='
  - delay: 3590
    content: '0'
  - delay: 2509
    content: ','
  - delay: 585
    content: d
  - delay: 151
    content: m
  - delay: 232
    content: a
  - delay: 158
    content: s
  - delay: 290
    content: k
  - delay: 3658
    content: '='
  - delay: 1020
    content: '0'
  - delay: 207
    content: '0'
  - delay: 414
    content: '7'
  - delay: 130
    content: '7'
  - delay: 628
    content: ','
  - delay: 434
    content: f
  - delay: 210
    content: m
  - delay: 160
    content: a
  - delay: 366
    content: s
  - delay: 193
    content: k
  - delay: 1408
    content: '='
  - delay: 1259
    content: '0'
  - delay: 121
    content: '0'
  - delay: 382
    content: '7'
  - delay: 127
    content: '7'
  - delay: 7681
    content: ' '
  - delay: 411
    content: /
  - delay: 511
    content: d
  - delay: 204
    content: e
  - delay: 410
    content: v
  - delay: 2710
    content: /
  - delay: 498
    content: 'n'
  - delay: 192
    content: v
  - delay: 593
    content: m
  - delay: 385
    content: e
  - delay: 974
    content: '0'
  - delay: 296
    content: 'n'
  - delay: 623
    content: '1'
  - delay: 1237
    content: p
  - delay: 591
    content: '5'
  - delay: 4107
    content: ' '
  - delay: 1208
    content: /
  - delay: 1225
    content: m
  - delay: 437
    content: 'n'
  - delay: 342
    content: t
  - delay: 1797
    content: /
  - delay: 455
    content: b
  - delay: 299
    content: o
  - delay: 187
    content: o
  - delay: 326
    content: t
  - delay: 4353
    content: "\e[?1l\e>\e[?2004l\r\n\e]0;root@archiso: mount --mkdir -o uid=0,gid=0,dmask=0077,fmask=0077 /dev/nvme0n1p5 /mnt/boot\a"
  - delay: 70
    content: "\e[?1h\e=\e[?2004h\e[31m\e[1mroot\e[m@archiso \e[1m~ \e[22m#                                                                                                                                    \e[35;18H\e]0;root@archiso: ~\a"
  - delay: 6482
    content: m
  - delay: 103
    content: "\bmo"
  - delay: 307
    content: u
  - delay: 206
    content: 'n'
  - delay: 406
    content: t
  - delay: 722
    content: ' '
  - delay: 382
    content: '-'
  - delay: 143
    content: '-'
  - delay: 284
    content: m
  - delay: 142
    content: k
  - delay: 287
    content: d
  - delay: 161
    content: i
  - delay: 262
    content: r
  - delay: 2193
    content: ' '
  - delay: 1027
    content: '-'
  - delay: 395
    content: o
  - delay: 1836
    content: ' '
  - delay: 463
    content: r
  - delay: 247
    content: w
  - delay: 676
    content: ','
  - delay: 1270
    content: 'n'
  - delay: 178
    content: o
  - delay: 242
    content: d
  - delay: 151
    content: e
  - delay: 329
    content: v
  - delay: 5018
    content: ','
  - delay: 309
    content: 'n'
  - delay: 285
    content: o
  - delay: 408
    content: s
  - delay: 205
    content: u
  - delay: 208
    content: i
  - delay: 201
    content: d
  - delay: 3679
    content: ','
  - delay: 365
    content: r
  - delay: 172
    content: e
  - delay: 326
    content: l
  - delay: 173
    content: a
  - delay: 349
    content: t
  - delay: 261
    content: i
  - delay: 219
    content: m
  - delay: 191
    content: e
  - delay: 6258
    content: ' '
  - delay: 807
    content: /
  - delay: 1027
    content: d
  - delay: 223
    content: e
  - delay: 389
    content: v
  - delay: 3686
    content: /
  - delay: 1033
    content: s
  - delay: 506
    content: 'y'
  - delay: 714
    content: s
  - delay: 409
    content: t
  - delay: 305
    content: e
  - delay: 386
    content: m
  - delay: 1055
    content: /
  - delay: 3684
    content: v
  - delay: 222
    content: a
  - delay: 289
    content: r
  - delay: 203
    content: s
  - delay: 3606
    content: ' '
  - delay: 550
    content: /
  - delay: 570
    content: m
  - delay: 499
    content: 'n'
  - delay: 406
    content: t
  - delay: 1726
    content: /
  - delay: 388
    content: v
  - delay: 394
    content: a
  - delay: 317
    content: r
  - delay: 35987
    content: "\e[?1l\e>\e[?2004l\r\n\e]0;root@archiso: mount --mkdir -o rw,nodev,nosuid,relatime /dev/system/vars /mnt/var\a"
  - delay: 24
    content: "\e[?1h\e=\e[?2004h\e[31m\e[1mroot\e[m@archiso \e[1m~ \e[22m#                                                                                                                                    \e[35;18H\e]0;root@archiso: ~\a"
  - delay: 891
    content: 'mount --mkdir -o rw,nodev,nosuid,relatime /dev/system/vars /mnt/var'
  - delay: 540
    content: "\b"
  - delay: 556
    content: "\b"
  - delay: 39
    content: "\b"
  - delay: 26
    content: "\b"
  - delay: 43
    content: "\b"
  - delay: 48
    content: "\b"
  - delay: 58
    content: "\e[?25l\e[35;77H\e[?25h"
  - delay: 37
    content: "\b"
  - delay: 10
    content: "\b"
  - delay: 47
    content: "\b"
  - delay: 41
    content: "\b"
  - delay: 27
    content: "\b"
  - delay: 45
    content: "\b"
  - delay: 12
    content: "\b"
  - delay: 52
    content: "\b"
  - delay: 46
    content: "\b"
  - delay: 44
    content: "\e[?25l\e[35;66H\e[?25h"
  - delay: 60
    content: "\b"
  - delay: 18
    content: "\b"
  - delay: 35
    content: "\b"
  - delay: 51
    content: "\b"
  - delay: 47
    content: "\b"
  - delay: 23
    content: "\b"
  - delay: 17
    content: "\b"
  - delay: 14
    content: "\b"
  - delay: 77
    content: "\b"
  - delay: 17
    content: "\b"
  - delay: 15
    content: "\b"
  - delay: 59
    content: "\b"
  - delay: 47
    content: "\b"
  - delay: 18
    content: "\b"
  - delay: 41
    content: "\b"
  - delay: 21
    content: "\b"
  - delay: 413
    content: "\e[1C"
  - delay: 1068
    content: "\e[?25lnrelatime /dev/system/vars /mnt/var\e[35;52H\e[?25h"
  - delay: 271
    content: "\e[?25lorelatime /dev/system/vars /mnt/var\e[35;53H\e[?25h"
  - delay: 547
    content: "\e[?25lerelatime /dev/system/vars /mnt/var\e[35;54H\e[?25h"
  - delay: 230
    content: "\e[?25lxrelatime /dev/system/vars /mnt/var\e[35;55H\e[?25h"
  - delay: 172
    content: "\e[?25lerelatime /dev/system/vars /mnt/var\e[35;56H\e[?25h"
  - delay: 299
    content: "\e[?25lcrelatime /dev/system/vars /mnt/var\e[35;57H\e[?25h"
  - delay: 1921
    content: "\e[?25l/relatime /dev/system/vars /mnt/var\e[35;58H\e[?25h"
  - delay: 1659
    content: "\brelatime /dev/system/vars /mnt/var                                                          \e[35;57H"
  - delay: 403
    content: "\e[?25l,relatime /dev/system/vars /mnt/var\e[35;58H\e[?25h"
  - delay: 1026
    content: "\e[1C"
  - delay: 569
    content: "\e[1C"
  - delay: 20
    content: "\e[1C"
  - delay: 15
    content: "\e[1C"
  - delay: 45
    content: "\e[1C"
  - delay: 33
    content: "\e[1C"
  - delay: 18
    content: "\e[1C"
  - delay: 58
    content: "\e[1C"
  - delay: 46
    content: "\e[1C"
  - delay: 20
    content: "\e[1C"
  - delay: 14
    content: "\e[1C"
  - delay: 71
    content: "\e[1C"
  - delay: 22
    content: "\e[1C"
  - delay: 36
    content: "\e[1C"
  - delay: 41
    content: "\e[1C"
  - delay: 17
    content: "\e[1C"
  - delay: 29
    content: "\e[1C"
  - delay: 18
    content: "\e[1C"
  - delay: 78
    content: "\e[1C"
  - delay: 16
    content: "\e[1C"
  - delay: 42
    content: "\e[1C"
  - delay: 7804
    content: "\e[1C"
  - delay: 110
    content: "\e[1C"
  - delay: 204
    content: "\e[1C"
  - delay: 93
    content: "\e[1C"
  - delay: 920
    content: "\b /mnt/var                                                          \e[35;82H"
  - delay: 146
    content: "\b /mnt/var                                                           \e[35;81H"
  - delay: 541
    content: "\b /mnt/var                                                            \e[35;80H"
  - delay: 534
    content: "\e[?25lt /mnt/var\e[35;81H\e[?25h"
  - delay: 487
    content: "\e[?25lm /mnt/var\e[35;82H\e[?25h"
  - delay: 169
    content: "\e[?25lp /mnt/var\e[35;83H\e[?25h"
  - delay: 686
    content: "\e[1C"
  - delay: 569
    content: "\e[1C"
  - delay: 44
    content: "\e[1C"
  - delay: 44
    content: "\e[1C"
  - delay: 23
    content: "\e[1C"
  - delay: 44
    content: "\e[1C"
  - delay: 18
    content: "\e[1C"
  - delay: 53
    content: "\e[1C"
  - delay: 22
    content: "\e[1C"
  - delay: 1986
    content: /
  - delay: 552
    content: t
  - delay: 480
    content: m
  - delay: 222
    content: p
  - delay: 1390
    content: "\e[?1l\e>\e[?2004l\r\n\e]0;root@archiso: mount --mkdir -o rw,nodev,nosuid,noexec,relatime /dev/system/vtmp /mnt/var/tm\a"
  - delay: 20
    content: "\e[?1h\e=\e[?2004h"
  - delay: 5
    content: "\e[31m\e[1mroot\e[m@archiso \e[1m~ \e[22m#                                                                                                                                    \e[35;18H\e]0;root@archiso: ~\a"
  - delay: 814
    content: >-
      mount --mkdir -o rw,nodev,nosuid,noexec,relatime /dev/system/vtmp
      /mnt/var/tmp
  - delay: 378
    content: "\b"
  - delay: 561
    content: "\b"
  - delay: 48
    content: "\b"
  - delay: 62
    content: "\b"
  - delay: 20
    content: "\b"
  - delay: 28
    content: "\e[?25l\e[35;89H\e[?25h"
  - delay: 80
    content: "\b"
  - delay: 17
    content: "\b"
  - delay: 43
    content: "\b"
  - delay: 18
    content: "\b"
  - delay: 69
    content: "\e[?25l\e[35;83H\e[?25h"
  - delay: 35
    content: "\b"
  - delay: 5767
    content: "\e[1C"
  - delay: 837
    content: "\b /mnt/var/tmp                                                      \e[35;82H"
  - delay: 87
    content: "\b /mnt/var/tmp                                                       \e[35;81H"
  - delay: 513
    content: "\b /mnt/var/tmp                                                        \e[35;80H"
  - delay: 432
    content: "\e[?25ll /mnt/var/tmp\e[35;81H\e[?25h"
  - delay: 183
    content: "\e[?25lo /mnt/var/tmp\e[35;82H\e[?25h"
  - delay: 297
    content: "\e[?25lg /mnt/var/tmp\e[35;83H\e[?25h"
  - delay: 1931
    content: "\e[1C"
  - delay: 584
    content: "\e[1C"
  - delay: 44
    content: "\e[1C"
  - delay: 33
    content: "\e[1C"
  - delay: 17
    content: "\e[1C"
  - delay: 43
    content: "\e[1C"
  - delay: 65
    content: "\e[2C"
  - delay: 54
    content: "\e[1C"
  - delay: 23
    content: "\e[1C"
  - delay: 36
    content: "\e[1C"
  - delay: 22
    content: "\e[1C"
  - delay: 46
    content: "\e[1C"
  - delay: 660
    content: "\b \b"
  - delay: 182
    content: "\b \b"
  - delay: 408
    content: "\b \b"
  - delay: 435
    content: l
  - delay: 179
    content: o
  - delay: 380
    content: g
  - delay: 6030
    content: "\e[?1l\e>\e[?2004l\r\n\e]0;root@archiso: mount --mkdir -o rw,nodev,nosuid,noexec,relatime /dev/system/vlog /mnt/var/lo\a"
  - delay: 30
    content: "\e[?1h\e=\e[?2004h\e[31m\e[1mroot\e[m@archiso \e[1m~ \e[22m#                                                                                                                                    \e[35;18H\e]0;root@archiso: ~\a"
  - delay: 890
    content: >-
      mount --mkdir -o rw,nodev,nosuid,noexec,relatime /dev/system/vlog
      /mnt/var/log
  - delay: 5735
    content: "\b"
  - delay: 618
    content: "\e[?25l\e[35;92H\e[?25h"
  - delay: 97
    content: "\e[?25l\e[35;90H\e[?25h"
  - delay: 12
    content: "\e[?25l\e[35;88H\e[?25h"
  - delay: 121
    content: "\b"
  - delay: 72
    content: "\e[?25l\e[35;84H\e[?25h"
  - delay: 12
    content: "\b"
  - delay: 90
    content: "\e[?25l\e[35;81H\e[?25h"
  - delay: 419
    content: "\e[1C"
  - delay: 199
    content: "\e[1C"
  - delay: 640
    content: "\b /mnt/var/log                                                      \e[35;82H"
  - delay: 160
    content: "\b /mnt/var/log                                                       \e[35;81H"
  - delay: 342
    content: "\b /mnt/var/log                                                        \e[35;80H"
  - delay: 3235
    content: "\e[?25la /mnt/var/log\e[35;81H\e[?25h"
  - delay: 536
    content: "\e[?25lu /mnt/var/log\e[35;82H\e[?25h"
  - delay: 768
    content: "\e[?25ld /mnt/var/log\e[35;83H\e[?25h"
  - delay: 866
    content: "\e[1C"
  - delay: 554
    content: "\e[1C"
  - delay: 62
    content: "\e[1C"
  - delay: 17
    content: "\e[1C"
  - delay: 45
    content: "\e[1C"
  - delay: 17
    content: "\e[1C"
  - delay: 44
    content: "\e[1C"
  - delay: 35
    content: "\e[1C"
  - delay: 42
    content: "\e[2C"
  - delay: 56
    content: "\e[1C"
  - delay: 49
    content: "\e[1C"
  - delay: 23
    content: "\e[1C"
  - delay: 757
    content: "\b \b"
  - delay: 161
    content: "\b \b"
  - delay: 459
    content: "\b \b"
  - delay: 3125
    content: l
  - delay: 134
    content: o
  - delay: 464
    content: g
  - delay: 2283
    content: /
  - delay: 1095
    content: a
  - delay: 599
    content: u
  - delay: 348
    content: d
  - delay: 386
    content: i
  - delay: 293
    content: t
  - delay: 23772
    content: "\e[?1l\e>\e[?2004l\r\n"
  - delay: 17
    content: "\e]0;root@archiso: mount --mkdir -o rw,nodev,nosuid,noexec,relatime /dev/system/vaud \a"
  - delay: 8
    content: "\e[?1h\e=\e[?2004h"
  - delay: 8
    content: "\e[31m\e[1mroot\e[m@archiso \e[1m~ \e[22m#                                                                                                                                    \e[35;18H\e]0;root@archiso: ~\a"
  - delay: 5304
    content: >-
      mount --mkdir -o rw,nodev,nosuid,noexec,relatime /dev/system/vaud
      /mnt/var/log/audit
  - delay: 291
    content: "\b"
  - delay: 638
    content: "\b"
  - delay: 81
    content: "\e[?25l\e[35;97H\e[?25h"
  - delay: 15
    content: "\b"
  - delay: 89
    content: "\e[?25l\e[35;94H\e[?25h"
  - delay: 21
    content: "\b"
  - delay: 79
    content: "\b"
  - delay: 16
    content: "\e[?25l\e[35;90H\e[?25h"
  - delay: 13
    content: "\b"
  - delay: 71
    content: "\b"
  - delay: 23
    content: "\b"
  - delay: 83
    content: "\b"
  - delay: 214
    content: "\b"
  - delay: 168
    content: "\b"
  - delay: 157
    content: "\b"
  - delay: 772
    content: "\b /mnt/var/log/audit                                                \e[35;82H"
  - delay: 182
    content: "\b /mnt/var/log/audit                                                 \e[35;81H"
  - delay: 1208
    content: "\b /mnt/var/log/audit                                                  \e[35;80H"
  - delay: 213
    content: "\b /mnt/var/log/audit                                                   \e[35;79H"
  - delay: 585
    content: "\e[?25lh /mnt/var/log/audit\e[35;80H\e[?25h"
  - delay: 244
    content: "\e[?25lo /mnt/var/log/audit\e[35;81H\e[?25h"
  - delay: 307
    content: "\e[?25lm /mnt/var/log/audit\e[35;82H\e[?25h"
  - delay: 439
    content: "\e[?25le /mnt/var/log/audit\e[35;83H\e[?25h"
  - delay: 791
    content: "\e[1C"
  - delay: 553
    content: "\e[1C"
  - delay: 38
    content: "\e[1C"
  - delay: 20
    content: "\e[1C"
  - delay: 48
    content: "\e[1C"
  - delay: 39
    content: "\e[1C"
  - delay: 40
    content: "\e[1C"
  - delay: 24
    content: "\e[1C"
  - delay: 30
    content: "\e[1C"
  - delay: 39
    content: "\e[1C"
  - delay: 40
    content: "\e[1C"
  - delay: 20
    content: "\e[1C"
  - delay: 47
    content: "\e[1C"
  - delay: 10
    content: "\e[1C"
  - delay: 48
    content: "\e[1C"
  - delay: 35
    content: "\e[1C"
  - delay: 40
    content: "\e[1C"
  - delay: 21
    content: "\e[1C"
  - delay: 45
    content: "\e[1C"
  - delay: 753
    content: "\b \b"
  - delay: 161
    content: "\b \b"
  - delay: 188
    content: "\b \b"
  - delay: 497
    content: "\b \b"
  - delay: 166
    content: "\b \b"
  - delay: 170
    content: "\b \b"
  - delay: 155
    content: "\b \b"
  - delay: 161
    content: "\b \b"
  - delay: 158
    content: "\b \b"
  - delay: 135
    content: "\b \b"
  - delay: 178
    content: "\b \b"
  - delay: 179
    content: "\b \b"
  - delay: 133
    content: "\b \b"
  - delay: 771
    content: h
  - delay: 337
    content: o
  - delay: 228
    content: m
  - delay: 460
    content: e
  - delay: 2822
    content: "\e[?1l\e>\e[?2004l\r\n"
  - delay: 13
    content: "\e]0;root@archiso: mount --mkdir -o rw,nodev,nosuid,noexec,relatime /dev/system/home /mnt/home\a"
  - delay: 16
    content: "\e[31m\e[1mroot\e[m@archiso \e[1m~ \e[22m#                                                                                                                                    \e[35;18H\e]0;root@archiso: ~\a\e[?1h\e=\e[?2004h"
  - delay: 14
    content: "                                                                                                                                   \e[35;18H"
  - delay: 23771
    content: p
  - delay: 206
    content: "\bpa"
  - delay: 305
    content: c
  - delay: 416
    content: s
  - delay: 101
    content: t
  - delay: 226
    content: r
  - delay: 95
    content: a
  - delay: 1329
    content: p
  - delay: 249
    content: ' '
  - delay: 757
    content: /
  - delay: 302
    content: m
  - delay: 180
    content: 'n'
  - delay: 552
    content: t
  - delay: 458
    content: ' '
  - delay: 577
    content: a
  - delay: 204
    content: m
  - delay: 328
    content: d
  - delay: 731
    content: '-'
  - delay: 391
    content: u
  - delay: 296
    content: c
  - delay: 273
    content: o
  - delay: 155
    content: d
  - delay: 136
    content: e
  - delay: 1147
    content: ' '
  - delay: 505
    content: l
  - delay: 218
    content: i
  - delay: 216
    content: 'n'
  - delay: 193
    content: u
  - delay: 277
    content: x
  - delay: 1122
    content: '-'
  - delay: 518
    content: l
  - delay: 249
    content: t
  - delay: 402
    content: s
  - delay: 1820
    content: ' '
  - delay: 728
    content: l
  - delay: 244
    content: i
  - delay: 197
    content: 'n'
  - delay: 178
    content: u
  - delay: 288
    content: x
  - delay: 1703
    content: '-'
  - delay: 402
    content: l
  - delay: 331
    content: t
  - delay: 346
    content: s
  - delay: 648
    content: '-'
  - delay: 474
    content: h
  - delay: 209
    content: e
  - delay: 209
    content: a
  - delay: 330
    content: d
  - delay: 221
    content: e
  - delay: 210
    content: r
  - delay: 271
    content: s
  - delay: 6045
    content: ' '
  - delay: 498
    content: l
  - delay: 205
    content: i
  - delay: 206
    content: 'n'
  - delay: 230
    content: u
  - delay: 802
    content: x
  - delay: 643
    content: '-'
  - delay: 1887
    content: f
  - delay: 179
    content: i
  - delay: 179
    content: r
  - delay: 251
    content: m
  - delay: 363
    content: w
  - delay: 197
    content: a
  - delay: 250
    content: r
  - delay: 170
    content: e
  - delay: 4168
    content: ' '
  - delay: 511
    content: l
  - delay: 307
    content: v
  - delay: 105
    content: m
  - delay: 1022
    content: '2'
  - delay: 123
    content: ' '
  - delay: 312
    content: b
  - delay: 113
    content: a
  - delay: 180
    content: s
  - delay: 238
    content: e
  - delay: 348
    content: ' '
  - delay: 291
    content: b
  - delay: 156
    content: a
  - delay: 203
    content: s
  - delay: 230
    content: e
  - delay: 528
    content: '-'
  - delay: 282
    content: d
  - delay: 129
    content: e
  - delay: 364
    content: v
  - delay: 146
    content: e
  - delay: 360
    content: l
  - delay: 1568
    content: ' '
  - delay: 941
    content: 'n'
  - delay: 212
    content: e
  - delay: 231
    content: o
  - delay: 289
    content: v
  - delay: 138
    content: i
  - delay: 200
    content: m
  - delay: 1072
    content: ' '
  - delay: 549
    content: o
  - delay: 151
    content: p
  - delay: 211
    content: e
  - delay: 239
    content: 'n'
  - delay: 312
    content: s
  - delay: 180
    content: s
  - delay: 139
    content: h
  - delay: 3815
    content: ' '
  - delay: 493
    content: 'n'
  - delay: 207
    content: e
  - delay: 206
    content: t
  - delay: 313
    content: w
  - delay: 198
    content: o
  - delay: 305
    content: r
  - delay: 127
    content: k
  - delay: 333
    content: m
  - delay: 109
    content: a
  - delay: 149
    content: 'n'
  - delay: 79
    content: a
  - delay: 514
    content: g
  - delay: 140
    content: e
  - delay: 196
    content: r
  - delay: 2162
    content: ' '
  - delay: 400
    content: g
  - delay: 197
    content: r
  - delay: 203
    content: u
  - delay: 205
    content: b
  - delay: 2842
    content: ' '
  - delay: 293
    content: e
  - delay: 309
    content: f
  - delay: 180
    content: i
  - delay: 268
    content: b
  - delay: 333
    content: o
  - delay: 151
    content: o
  - delay: 297
    content: t
  - delay: 3622
    content: "m\r\n\e[34;148Hm\r\n"
  - delay: 219
    content: g
  - delay: 309
    content: "\rgr"
  - delay: 4094
    content: ' '
  - delay: 191
    content: s
  - delay: 203
    content: u
  - delay: 409
    content: p
  - delay: 105
    content: e
  - delay: 203
    content: r
  - delay: 310
    content: f
  - delay: 201
    content: i
  - delay: 207
    content: l
  - delay: 202
    content: e
  - delay: 1534
    content: ' '
  - delay: 535
    content: p
  - delay: 166
    content: o
  - delay: 229
    content: d
  - delay: 185
    content: m
  - delay: 173
    content: a
  - delay: 181
    content: 'n'
  - delay: 1017
    content: ' '
  - delay: 409
