# The configurations that used for the recording, feel free to edit them
config:

  # Specify a command to be executed
  # like `/bin/bash -l`, `ls`, or any other commands
  # the default is bash for Linux
  # or powershell.exe for Windows
  command: powershell.exe
  
  # Specify the current working directory path
  # the default is the current working directory path
  cwd: C:\Users\HP
  
  # Export additional ENV variables
  env:
    recording: true
  
  # Explicitly set the number of columns
  # or use `auto` to take the current
  # number of columns of your shell
  cols: 133
  
  # Explicitly set the number of rows
  # or use `auto` to take the current
  # number of rows of your shell
  rows: 33
  
  # Amount of times to repeat GIF
  # If value is -1, play once
  # If value is 0, loop indefinitely
  # If value is a positive number, loop n times
  repeat: 0
  
  # Quality
  # 1 - 100
  quality: 100
  
  # Delay between frames in ms
  # If the value is `auto` use the actual recording delays
  frameDelay: auto
  
  # Maximum delay between frames in ms
  # Ignored if the `frameDelay` isn't set to `auto`
  # Set to `auto` to prevent limiting the max idle time
  maxIdleTime: 2000
  
  # The surrounding frame box
  # The `type` can be null, window, floating, or solid`
  # To hide the title use the value null
  # Don't forget to add a backgroundColor style with a null as type
  frameBox:
    type: floating
    title: Terminalizer
    style:
      border: 0px black solid
      # boxShadow: none
      # margin: 0px
  
  # Add a watermark image to the rendered gif
  # You need to specify an absolute path for
  # the image on your machine or a URL, and you can also
  # add your own CSS styles
  watermark:
    imagePath: null
    style:
      position: absolute
      right: 15px
      bottom: 15px
      width: 100px
      opacity: 0.9
  
  # Cursor style can be one of
  # `block`, `underline`, or `bar`
  cursorStyle: block
  
  # Font family
  # You can use any font that is installed on your machine
  # in CSS-like syntax
  fontFamily: "Monaco, Lucida Console, Ubuntu Mono, Monospace"
  
  # The size of the font
  fontSize: 12
  
  # The height of lines
  lineHeight: 1
  
  # The spacing between letters
  letterSpacing: 0
  
  # Theme
  theme:
    background: "transparent"
    foreground: "#afafaf"
    cursor: "#c7c7c7"
    black: "#232628"
    red: "#fc4384"
    green: "#b3e33b"
    yellow: "#ffa727"
    blue: "#75dff2"
    magenta: "#ae89fe"
    cyan: "#708387"
    white: "#d5d5d0"
    brightBlack: "#626566"
    brightRed: "#ff7fac"
    brightGreen: "#c8ed71"
    brightYellow: "#ebdf86"
    brightBlue: "#75dff2"
    brightMagenta: "#ae89fe"
    brightCyan: "#b1c6ca"
    brightWhite: "#f9f9f4"
  
# Records, feel free to edit them
records:
  - delay: 3776
    content: "\e[?9001h\e[?1004h"
  - delay: 1142
    content: "\e[?25l\e[2J\e[m\e[HWindows PowerShell\r\nCopyright (C) Microsoft Corporation. All rights reserved.\e[4;1HInstall the latest PowerShell for new features and improvements! https://aka.ms/PSWindows\e]0;C:\\WINDOWS\\System32\\WindowsPowerShell\\v1.0\\powershell.exe\a\e[?25h"
  - delay: 26
    content: "\e[?25l\e[6;1H\e[?25h"
  - delay: 2176
    content: 'PS C:\Users\HP> '
  - delay: 218130
    content: "\e[?25l"
  - delay: 23
    content: "\e[93ms\e[?25h"
  - delay: 132
    content: "\e[m\e[?25l"
  - delay: 9
    content: "\e[93m\bss\e[?25h"
  - delay: 657
    content: "\e[m\e[?25l"
  - delay: 18
    content: "\e[93m\e[6;17Hssh\e[?25h"
  - delay: 686
    content: "\e[m\e[?25l"
  - delay: 8
    content: "\e[93m\e[6;17Hssh \e[?25h"
  - delay: 932
    content: "\e[m\e[?25l"
  - delay: 15
    content: "\e[93m\e[6;17Hssh \e[37mr\e[?25h"
  - delay: 917
    content: "\e[m\e[?25l"
  - delay: 24
    content: "\e[93m\e[6;17Hssh \e[37mro\e[?25h"
  - delay: 124
    content: "\e[m\e[?25l"
  - delay: 18
    content: "\e[93m\e[6;17Hssh \e[37mroo\e[?25h"
  - delay: 310
    content: "\e[m\e[?25l"
  - delay: 24
    content: "\e[93m\e[6;17Hssh \e[37mroot\e[?25h"
  - delay: 1055
    content: "\e[m\e[?25l"
  - delay: 24
    content: "\e[93m\e[6;17Hssh \e[37mroot@\e[?25h"
  - delay: 1041
    content: "\e[m\e[?25l"
  - delay: 17
    content: "\e[93m\e[6;17Hssh \e[37mroot@1\e[?25h"
  - delay: 912
    content: "\e[m\e[?25l"
  - delay: 17
    content: "\e[93m\e[6;17Hssh \e[37mroot@12\e[?25h"
  - delay: 1324
    content: "\e[m\e[?25l"
  - delay: 15
    content: "\e[93m\e[6;17Hssh \e[37mroot@129\e[?25h"
  - delay: 861
    content: "\e[m\e[?25l"
  - delay: 22
    content: "\e[93m\e[6;17Hssh \e[37mroot@129.\e[?25h"
  - delay: 7882
    content: "\e[m\e[?25l"
  - delay: 14
    content: "\e[93m\e[6;17Hssh \e[37mroot@129 \b\e[?25h"
  - delay: 1676
    content: "\e[m\e[?25l"
  - delay: 9
    content: "\e[93m\e[6;17Hssh \e[37mroot@12 \b\e[?25h"
  - delay: 1713
    content: "\e[m\e[?25l"
  - delay: 22
    content: "\e[93m\e[6;17Hssh \e[37mroot@128\e[?25h"
  - delay: 5012
    content: "\e[m\e[?25l"
  - delay: 22
    content: "\e[93m\e[6;17Hssh \e[37mroot@128.\e[?25h"
  - delay: 26812
    content: "\e[m\e[?25l"
  - delay: 9
    content: "\e[93m\e[6;17Hssh \e[37mroot@128 \b\e[?25h"
  - delay: 249
    content: "\e[m\e[?25l"
  - delay: 22
    content: "\e[93m\e[6;17Hssh \e[37mroot@12 \b\e[?25h"
  - delay: 357
    content: "\e[m\e[?25l"
  - delay: 10
    content: "\e[93m\e[6;17Hssh \e[37mroot@1 \b\e[?25h"
  - delay: 16355
    content: "\e[m\e[?25l"
  - delay: 18
    content: "\e[93m\e[6;17Hssh \e[37mroot@19\e[?25h"
  - delay: 687
    content: "\e[m\e[?25l"
  - delay: 19
    content: "\e[93m\e[6;17Hssh \e[37mroot@1923\e[?25h"
  - delay: 1732
    content: "\e[m\e[?25l"
  - delay: 10
    content: "\e[93m\e[6;17Hssh \e[37mroot@192 \b\e[?25h"
  - delay: 1783
    content: "\e[m\e[?25l"
  - delay: 14
    content: "\e[93m\e[6;17Hssh \e[37mroot@192.\e[?25h"
  - delay: 568
    content: "\e[m\e[?25l"
  - delay: 22
    content: "\e[93m\e[6;17Hssh \e[37mroot@192.1\e[?25h"
  - delay: 572
    content: "\e[m\e[?25l"
  - delay: 22
    content: "\e[93m\e[6;17Hssh \e[37mroot@192.16\e[?25h"
  - delay: 301
    content: "\e[m\e[?25l"
  - delay: 22
    content: "\e[93m\e[6;17Hssh \e[37mroot@192.168\e[?25h"
  - delay: 772
    content: "\e[m\e[?25l"
  - delay: 22
    content: "\e[93m\e[6;17Hssh \e[37mroot@192.168.\e[?25h"
  - delay: 550
    content: "\e[m\e[?25l"
  - delay: 25
    content: "\e[93m\e[6;17Hssh \e[37mroot@192.168.1\e[?25h"
  - delay: 603
    content: "\e[m\e[?25l"
  - delay: 20
    content: "\e[93m\e[6;17Hssh \e[37mroot@192.168.10\e[?25h"
  - delay: 155
    content: "\e[m\e[?25l"
  - delay: 15
    content: "\e[93m\e[6;17Hssh \e[37mroot@192.168.100\e[?25h"
  - delay: 905
    content: "\e[m\e[?25l"
  - delay: 22
    content: "\e[93m\e[6;17Hssh \e[37mroot@192.168.100.\e[?25h"
  - delay: 579
    content: "\e[m\e[?25l"
  - delay: 13
    content: "\e[93m\e[6;17Hssh \e[37mroot@192.168.100.6\e[?25h"
  - delay: 225
    content: "\e[m\e[?25l"
  - delay: 13
    content: "\e[93m\e[6;17Hssh \e[37mroot@192.168.100.65\e[?25h"
  - delay: 552
    content: "\e[m\r\n"
  - delay: 3873
    content: 'root@192.168.100.65''s password: '
  - delay: 1781
    content: "\r\n"
  - delay: 2272
    content: "\e[?25lTo install \e[38;2;23;147;209mArch Linux \e[mfollow the installation guide:\r\nhttps://wiki.archlinux.org/title/Installation_guide\e[11;1HFor Wi-Fi, authenticate to the wireless network using the \e[35miwctl \e[mutility.\r\nFor mobile broadband (WWAN) modems, connect with the \e[35mmmcli \e[mutility.\r\nEthernet, WLAN and WWAN interfaces using DHCP should work automatically.\e[15;1HAfter connecting to the internet, the installation guide can be accessed\r\nvia the convenience script \e[35mInstallation_guide\e[m.\e[41m\e[18;1H   \e[40m \e[44m \e[40m \e[41m \e[46m \e[45m \e[41m \e[46m \e[43m \e[41m \e[44m \e[45m \e[40m \e[44m \e[40m \e[41m \e[44m \e[41m  \e[46m \e[42m \e[41m \e[44m \e[43m \e[41m \e[45m \e[40m  \e[44m \e[40m \e[41m \e[44m \e[42m \e[41m \e[46m \e[44m \e[41m \e[46m \e[47m \e[31m\e[49m\e[1m\r\nroot\e[m@archiso \e[1m~ \e[22m#                                                                                                                     \r\n\e[K\r\n\e[K\r\n\e[K\r\n\e[K\r\n\e[K\r\n\e[K\r\n\e[K\r\n\e[K\r\n\e[K\r\n\e[K\r\n\e[K\r\n\e[K\r\n\e[K\r\n\e[K\e[19;18H\e]0;root@archiso: ~\a\e[?25h\e[?1h\e=\e[?2004h"
  - delay: 528560
    content: l
  - delay: 447
    content: "\bls"
  - delay: 639
    content: b
  - delay: 452
    content: l
  - delay: 328
    content: k
  - delay: 482
    content: "\e[?1l\e>\e[?2004l\r\n\e]0;root@archiso: lsblk\a\e[?1h\e=\e[?2004h\e[?25lNAME        MAJ:MIN RM   SIZE RO TYPE MOUNTPOINTS\r\nloop0         7:0    0 973.1M  1 loop /run/archiso/airootfs\r\nsda           8:0    1   7.5G  0 disk \r\n├─sda1        8:1    1   1.2G  0 part \r\n└─sda2        8:2    1   253M  0 part \r\nnvme0n1     259:0    0 476.9G  0 disk \r\n├─nvme0n1p1 259:1    0   260M  0 part \r\n├─nvme0n1p2 259:2    0    16M  0 part \r\n├─nvme0n1p3 259:3    0 424.3G  0 part \r\n└─nvme0n1p4 259:4    0     2G  0 part \e[31m\e[1m\r\nroot\e[m@archiso \e[1m~ \e[22m#                                                                                                                     \r\n\e[K\r\n\e[K\r\n\e[K\e[30;18H\e]0;root@archiso: ~\a\e[?25h"
  - delay: 9314
    content: c
  - delay: 203
    content: "\bcf"
  - delay: 656
    content: ' '
  - delay: 449
    content: d
  - delay: 2099
    content: "\b \b"
  - delay: 353
    content: "\b"
  - delay: 833
    content: d
  - delay: 438
    content: i
  - delay: 716
    content: s
  - delay: 935
    content: k
  - delay: 945
    content: ' '
  - delay: 2398
    content: /
  - delay: 1016
    content: d
  - delay: 342
    content: e
  - delay: 501
    content: v
  - delay: 817
    content: /
  - delay: 3983
    content: 'n'
  - delay: 305
    content: v
  - delay: 432
    content: m
  - delay: 749
    content: e
  - delay: 983
    content: '0'
  - delay: 1061
    content: 'n'
  - delay: 643
    content: '1'
  - delay: 1307
    content: "\e[?1l\e>\e[?2004l\r\n"
  - delay: 18
    content: "\e]0;root@archiso: cfdisk /dev/nvme0n1\a"
  - delay: 88
    content: "\e[?1049h\e[22;0;0t\e[?1h\e=\e[?25l\e[H\e[K\r\n\e[K\r\n\e[K\r\n\e[K\r\n\e[K\r\n\e[K\r\n\e[K\r\n\e[K\r\n\e[K\r\n\e[K\r\n\e[K\r\n\e[K\r\n\e[K\r\n\e[K\r\n\e[K\r\n\e[K\r\n\e[K\r\n\e[K\r\n\e[K\r\n\e[K\r\n\e[K\r\n\e[K\r\n\e[K\r\n\e[K\r\n\e[K\r\n\e[K\r\n\e[K\r\n\e[K\r\n\e[K\r\n\e[K\r\n\e[K\r\n\e[K\r\n\e[K\e[133C"
  - delay: 16
    content: "\e[H\e[K\r\n\e[K\r\n\e[K\r\n\e[K\r\n\e[K\r\n\e[K\r\n\e[K\r\n\e[K\r\n\e[K\r\n\e[K\r\n\e[K\r\n\e[K\r\n\e[K\r\n\e[K\r\n\e[K\r\n\e[K\r\n\e[K\r\n\e[K\r\n\e[K\r\n\e[K\r\n\e[K\r\n\e[K\r\n\e[K\r\n\e[K\r\n\e[K\r\n\e[K\r\n\e[K\r\n\e[K\r\n\e[K\r\n\e[K\r\n\e[K\r\n\e[K\r\n\e[K\e[133C\e[?1049h\e[22;0;0t\e[?1h\e=\e[2J\e[H\e[57X\e[1m\e[57CDisk: /dev/nvme0n1\e[22m\e[K\r\n                                      Size: 476.94 GiB, 512110190592 bytes, 1000215216 sectors\e[K\r\n                                    Label: gpt, identifier: 99AC7597-8956-4056-8905-5E09C85539EB\e[K\r\n\e[K\r\n    \e[1mDevice\e[22m\e[29X\e[1m\e[29CStart\e[22m\e[16X\e[1m\e[16CEnd           Sectors           Size Type\e[22m\e[K\e[7m\r\n>>  /dev/nvme0n1p1                      2048             534527            532480           260M EFI System                          \e[27m    /dev/nvme0n1p2                    534528             567295             32768            16M Microsoft reserved\e[K\r\n    /dev/nvme0n1p3                    567296          890339327         889772032         424.3G Microsoft basic data\e[K\e[32m\r\n    Free space                     890339328          996118527         105779200          50.4G\e[K\e[m\r\n    /dev/nvme0n1p4                 996118528         1000214527           4096000             2G Windows recovery environment        \r\n\e[K\r\n\e[K\r\n\e[K\r\n\e[K\r\n\e[K\r\n\e[K\r\n\e[K\r\n\e[K\r\n\e[K\r\n\e[K\r\n\e[K\r\n\e[K\r\n\e[K\r\n\e[K\r\n\e[K\r\n\e[K\r\n\e[K\r\n\e[K\r\n\e[K\r\n                         [ Delete ]  [ Resize ]  \e[7m[  Quit  ]\e[27m  [  Type  ]  [  Help  ]  [  Write ]  [  Dump  ]\e[K\r\n\e[K\r\n\e[K\r\n\e[48X\e[1m\e[48CQuit program without writing changes\e[22m\e[K\e[49C"
  - delay: 202
    content: "\e[22;1H ┌─────────────────────────────────────────────────────────────────────────────────────────────────────────────────────────────────┐\r\n │  Partition name: EFI system partition\e[91C│\r\n │  Partition UUID: 00EC3489-AB7E-46FA-BE33-36BBED7C02A7\e[75C│\r\n │  Partition type: EFI System (C12A7328-F81F-11D2-BA4B-00A0C93EC93B)\e[62C│\r\n │ Filesystem UUID: C4D5-0939\e[102C│\r\n │Filesystem LABEL: SYSTEM_DRV"
  - delay: 16
    content: "\e[101C│\r\n │\e[6CFilesystem: vfat\e[107C│\r\n └─────────────────────────────────────────────────────────────────────────────────────────────────────────────────────────────────┘"
  - delay: 2143
    content: "\e[6;1H    /dev/nvme0n1p1                      2048             534527            532480           260M EFI System                          \e[7m>>  /dev/nvme0n1p2                    534528             567295             32768            16M Microsoft reserved                  \e[27m\e[22;1H\e[K\r\n\e[K\r\n\e[K\r\n ┌─────────────────────────────────────────────────────────────────────────────────────────────────────────────────────────────────┐\e[26;3HPartition name: Microsoft reserved partition\e[27;3HPartition UUID: 9BC129C8-E1BE-45FF-8962-A1AE34F7CD56\e[28;3HPartition type: Microsoft reserved (E3C9E316-0B5C-4DB8-817D-F92DF00215AE)"
  - delay: 284
    content: "\e[7;1H    /dev/nvme0n1p2                    534528             567295             32768            16M Microsoft reserved                  \e[11;1H\e[K\r\n\e[K\r\n\e[K\r\n\e[K\r\n\e[K\r\n\e[K\r\n\e[K\r\n\e[K\r\n\e[K\r\n\e[K\r\n\e[K\r\n ┌─────────────────────────────────────────────────────────────────────────────────────────────────────────────────────────────────┐ \r\n │  Partition name: Basic data partition                                                                                           │ \r\n │  Partition UUID: F7FEF5FA-2145-45B3-91D6-DB9EA7192E8A                                                                           │ \r\n │  Partition type: Microsoft basic data (EBD0A0A2-B9E5-4433-87C0-68B6B72699C7)                                                    │ \r\n │ Filesystem UUID: 01DCEBF43AA40E90                                                                                               │ \r\n │Filesystem LABEL: Windows-SSD                                                                                                    │ \r\n │      Filesystem: ntfs                                                                                                           │ "
  - delay: 21
    content: "\e[7m\e[8;1H>>  /dev/nvme0n1p3                    567296          890339327         889772032         424.3G Microsoft basic data                "
  - delay: 249
    content: "\e[27m\e[8;1H    /dev/nvme0n1p3                    567296          890339327         889772032         424.3G Microsoft basic data                \e[7m>>  Free space                     890339328          996118527         105779200          50.4G                                     \e[27m\e[22;1H\e[K\r\n\e[K\r\n\e[K\r\n\e[K\r\n ┌─────────────────────────────────────────────────────────────────────────────────────────────────────────────────────────────────┐\e[27;14HUUID: A8B5-8A55   \e[28;8HFilesystem: vfat \e[30;1H\e[37X\e[7m\e[37C[   New  ]\e[27m  [  Quit  ]  [  Help  ]  [  Write ]  [  Dump  ]\e[K\e[38C"
  - delay: 19
    content: "\e[1m\e[33;49HCreate new partition from free space"
  - delay: 7123
    content: "\e[?12l\e[22m\e[30;1H Partition size: 50.4G\e[K\e[1m\e[33;33HMay be followed by M for MiB, G for GiB, T for TiB, or S for sectors.\e[30;23H\e[?25h"
  - delay: 26
    content: "\e[22m"
  - delay: 4883
    content: "\b"
  - delay: 381
    content: "\b"
  - delay: 2485
    content: '4'
  - delay: 1219
    content: "\bG\e[K\b"
  - delay: 320
    content: "\bG\e[K\b"
  - delay: 267
    content: "\bG\e[K\b"
  - delay: 465
    content: "\bG\e[K\b"
  - delay: 2440
    content: "3G\b"
  - delay: 14478
    content: G
  - delay: 417
    content: "\a"
  - delay: 105
    content: "\a"
  - delay: 43
    content: "\a\a\a"
  - delay: 2486
    content: "\r\e[K\e[?25l\e[133C\e[2J"
  - delay: 14
    content: "\e[H\e[57X\e[1m\e[57CDisk: /dev/nvme0n1\e[22m\e[K\r\n                                      Size: 476.94 GiB, 512110190592 bytes, 1000215216 sectors\e[K\r\n                                    Label: gpt, identifier: 99AC7597-8956-4056-8905-5E09C85539EB\e[K\r\n\e[K\r\n    \e[1mDevice\e[22m\e[29X\e[1m\e[29CStart\e[22m\e[16X\e[1m\e[16CEnd           Sectors           Size Type\e[22m\e[K\r\n    /dev/nvme0n1p1                      2048             534527            532480           260M EFI System\e[K\r\n    /dev/nvme0n1p2                    534528             567295             32768            16M Microsoft reserved\e[K\r\n    /dev/nvme0n1p3                    567296          890339327         889772032         424.3G Microsoft basic data\e[K\e[7m\r\n>>  /dev/nvme0n1p4                 996118528         1000214527           4096000             2G Windows recovery environment        \e[27m    /dev/nvme0n1p5                 890339328          896630783           6291456             3G Linux filesystem\e[K\e[32m\r\n    Free space                     896630784          996118527          99487744          47.4G\e[K\e[m\r\n\e[K\r\n\e[K\r\n\e[K\r\n\e[K\r\n\e[K\r\n\e[K\r\n\e[K\r\n\e[K\r\n\e[K\r\n\e[K\r\n\e[K\r\n\e[K\r\n\e[K\r\n\e[K\r\n\e[K\r\n\e[K\r\n\e[K\r\n\e[K\r\n                   [ Delete ]  [ Resize ]  \e[7m[  Quit  ]\e[27m  [  Type  ]  [  Help  ]  [  Sort  ]  [  Write ]  [  Dump  ]\e[K\r\n\e[K\r\n\e[K\r\n\e[48X\e[1m\e[48CQuit program without writing changes\e[22m\e[K\e[49C"
  - delay: 20
    content: "\e[32m\e[11;1H    Free space                     896630784          996118527          99487744          47.4G\e[K\e[m\r\n\e[K\r\n\e[K\r\n\e[K\r\n\e[K\r\n\e[K\r\n\e[K\r\n\e[K\r\n\e[K\r\n\e[K\r\n ┌─────────────────────────────────────────────────────────────────────────────────────────────────────────────────────────────────┐ \r\n │  Partition name: Basic data partition                                                                                           │ \r\n │  Partition UUID: D9A5C3CD-494A-4D26-BB5A-58F225F5025E                                                                           │ \r\n │  Partition type: Windows recovery environment (DE94BBA4-06D1-4D40-A16A-BFD50179D6AC)                                            │ \r\n │      Attributes: RequiredPartition GUID:63                                                                                      │ \r\n │ Filesystem UUID: 344CD6284CD5E4A0                                                                                               │ \r\n │Filesystem LABEL: WINRE_DRV                                                                                                      │ \r\n │      Filesystem: ntfs                                                                                                           │ \r\n └─────────────────────────────────────────────────────────────────────────────────────────────────────────────────────────────────┘ \e[34m\e[32;37HNote that partition table entries are not in disk order now.\e[m\r\n\e[K\e[133C"
  - delay: 5717
    content: "\e[9;1H    /dev/nvme0n1p4                 996118528         1000214527           4096000             2G Windows recovery environment        \e[7m>>  /dev/nvme0n1p5                 890339328          896630783           6291456             3G Linux filesystem                    \e[27m\e[21;1H\e[K\r\n\e[K\r\n\e[K\r\n ┌─────────────────────────────────────────────────────────────────────────────────────────────────────────────────────────────────┐\e[25;4HPartition UUID: ACDEDCE2-8FBD-4D96-9DB3-2482C33E73E2\e[26;4HPartition type: Linux filesystem (0FC63DAF-8483-4772-8E79-3D69D8477DE4)\e[27;14HUUID: A8B5-8A55 \e[28;8HFilesystem: vfat \e[32;1H\e[K\e[1m\e[33;49HQuit program without writing changes"
  - delay: 11
    content: "\e[22m"
  - delay: 883
    content: "\e[30;44H[  Quit  ]  \e[7m[  Type  ]\e[27m\e[33;1H\e[54X\e[1m\e[54CChange the partition type\e[22m\e[K\e[54C"
  - delay: 260
    content: "\e[30;56H[  Type  ]  \e[7m[  Help  ]\e[27m\e[33;55H    \e[1mPrint help screen\e[22m\e[K\e[58C"
  - delay: 222
    content: "\e[30;68H[  Help  ]  \e[7m[  Sort  ]\e[1m\e[27m\e[33;57HFix partitions order"
  - delay: 10
    content: "\e[22m"
  - delay: 156
    content: "\e[30;80H[  Sort  ]  \e[7m[  Write ]\e[1m\e[27m\e[33;40HWrite partition table to disk (this might destroy data)"
  - delay: 20
    content: "\e[22m"
  - delay: 185
    content: "\e[30;92H[  Write ]  \e[7m[  Dump  ]\e[27m\e[33;40H \e[1mDump\e[20Csfdisk compatible script file\e[22m\e[K\e[40C"
  - delay: 851
    content: "\e[7m\e[30;92H[  Write ]\e[27m  [  Dump  ]\e[1m\e[33;40HWrite\e[20Cdisk (this might destroy data)"
  - delay: 20
    content: "\e[22m"
  - delay: 821
    content: "\e[?12l"
  - delay: 5
    content: "\e[30;1H Are you sure you want to write the partition table to disk?\e[K\e[1m\e[33;40HType \"yes\" or \"no\", or press ESC to leave this dialog.\e[22m\e[K\e[30;62H\e[?25h"
  - delay: 5735
    content: 'y'
  - delay: 325
    content: e
  - delay: 215
    content: s
  - delay: 707
    content: "\r\e[K\e[?25l\e[133C"
  - delay: 29
    content: "\e[2J\e[H\e[57X\e[1m\e[57CDisk: /dev/nvme0n1\e[22m\e[K\r\n                                      Size: 476.94 GiB, 512110190592 bytes, 1000215216 sectors\e[K\r\n                                    Label: gpt, identifier: 99AC7597-8956-4056-8905-5E09C85539EB\e[K\r\n\e[K\r\n    \e[1mDevice\e[22m\e[29X\e[1m\e[29CStart\e[22m\e[16X\e[1m\e[16CEnd           Sectors           Size Type\e[22m\e[K\r\n    /dev/nvme0n1p1                      2048             534527            532480           260M EFI System\e[K\r\n    /dev/nvme0n1p2                    534528             567295             32768            16M Microsoft reserved\e[K\r\n    /dev/nvme0n1p3                    567296          890339327         889772032         424.3G Microsoft basic data\e[K\r\n    /dev/nvme0n1p4                 996118528         1000214527           4096000             2G Windows recovery environment        \e[7m\r\n>>  /dev/nvme0n1p5                 890339328          896630783           6291456             3G Linux filesystem                    \e[32m\e[27m    Free space                     896630784          996118527          99487744          47.4G\e[K\e[m\r\n\e[K\r\n\e[K\r\n\e[K\r\n\e[K\r\n\e[K\r\n\e[K\r\n\e[K\r\n\e[K\r\n\e[K\r\n\e[K\r\n\e[K\r\n\e[K\r\n ┌─────────────────────────────────────────────────────────────────────────────────────────────────────────────────────────────────┐ \r\n │ Partition UUID: ACDEDCE2-8FBD-4D96-9DB3-2482C33E73E2                                                                            │ \r\n │ Partition type: Linux filesystem (0FC63DAF-8483-4772-8E79-3D69D8477DE4)                                                         │ \r\n │Filesystem UUID: A8B5-8A55                                                                                                       │ \r\n │     Filesystem: vfat                                                                                                            │ \r\n └─────────────────────────────────────────────────────────────────────────────────────────────────────────────────────────────────┘ \r\n                   [ Delete ]  [ Resize ]  \e[7m[  Quit  ]\e[27m  [  Type  ]  [  Help  ]  [  Sort  ]  [  Write ]  [  Dump  ]\e[K\r\n\e[K\r\n\e[K\r\n\e[K\e[133C"
  - delay: 12
    content: "\e[34m\e[32;49HThe partition table has been altered."
  - delay: 6645
    content: "\e[m\e[10;1H    /dev/nvme0n1p5                 890339328          896630783           6291456             3G Linux filesystem                    \e[7m>>  Free space                     896630784          996118527          99487744          47.4G                                     \e[27m\e[24;1H\e[K\r\n\e[K\r\n\e[K\r\n\e[K\r\n\e[K\r\n\e[K\r\n\e[31X\e[7m\e[31C[   New  ]\e[27m  [  Quit  ]  [  Help  ]  [  Sort  ]  [  Write ]  [  Dump  ]\e[K\e[32;1H\e[K\e[1m\e[33;49HCreate new partition from free space"
  - delay: 10
    content: "\e[22m"
  - delay: 1688
    content: "\e[7m\e[10;1H>>  /dev/nvme0n1p5                 890339328          896630783           6291456             3G Linux filesystem                    \e[32m\e[27m    Free space                     896630784          996118527          99487744          47.4G                                     \e[m\e[24;1H ┌─────────────────────────────────────────────────────────────────────────────────────────────────────────────────────────────────┐\r\n │ Partition UUID: ACDEDCE2-8FBD-4D96-9DB3-2482C33E73E2\e[76C│\r\n │ Partition type: Linux filesystem (0FC63DAF-8483-4772-8E79-3D69D8477DE4)\e[57C│\r\n │Filesystem UUID: A8B5-8A55\e[103C│\r\n │     Filesystem: vfat\e[108C│\r\n └─────────────────────────────────────────────────────────────────────────────────────────────────────────────────────────────────┘\e[30;20H[ Delete ]  [ Resize ]  \e[7m[  Quit  ]\e[27m  [  Type\e[8CHelp\e[8CSort \e[7CWrite ]  [  Dump  ]\e[1m\e[33;49HQuit program without writing changes"
  - delay: 10
    content: "\e[22m"
  - delay: 624
    content: "\e[30;44H[  Quit  ]  \e[7m[  Type  ]\e[27m\e[33;1H\e[54X\e[1m\e[54CChange the partition type\e[22m\e[K\e[54C"
  - delay: 288
    content: "\e[30;56H[  Type  ]  \e[7m[  Help  ]\e[27m\e[33;55H    \e[1mPrint help screen\e[22m\e[K\e[58C"
  - delay: 1256
    content: "\e[7m\e[30;56H[  Type  ]\e[27m  [  Help  ]\e[1m\e[33;55HChange the partition type"
  - delay: 25
    content: "\e[22m"
  - delay: 3940
    content: "\e[1;46H┌\e[1m Select partition type \e[22m─────────────────┐\r\n                                             │ EFI System                             │\e[K\r\n                                             │ MBR partition scheme                   │\e[K\e[4;46H│ Intel Fast Flash\e[23C│\r\n                                             │ BIOS boot                              │\e[K\r\n                                             │ Sony boot partition\e[9C           │\e[K\r\n                                             │ Lenovo boot partition\e[8C          │\e[K\r\n                                             │ PowerPC PReP boot\e[8C              │\e[K\r\n                                             │ ONIE boot       \e[11C            │\e[K\r\n                                             │ ONIE config                            │                                                                                           │ Microsoft reserved                     │                                              \e[12;46H│ Microsoft basic data\e[19C│\e[13;46H│ Microsoft LDM metadata\e[17C│\e[14;46H│ Microsoft LDM data\e[21C│\e[15;46H│ Windows recovery environment\e[11C│\e[16;46H│ IBM General Parallel Fs"
  - delay: 46
    content: "\e[16C│\e[17;46H│ Microsoft Storage Spaces\e[15C│\e[18;46H│ HP-UX data\e[29C│\e[19;46H│ HP-UX service\e[26C│\e[20;46H│ Linux swap\e[29C│\e[21;46H│\e[7m Linux filesystem                       \e[27m│\e[22;46H│ Linux server data\e[22C│\e[23;46H│ Linux root (x86)\e[23C│\r\n                                             │ Linux root (x86-64)                    │\e[K\r\n                                             │ Linux root (Alpha)                     │\e[K\r\n                                             │ Linux root (ARC)                       │\e[K\r\n                                             │ Linux root (ARM)                       │\e[K\r\n                                             │ Linux root (ARM-64)                    │\e[K\r\n                                             │ Linux root (IA-64)                     │\e[K\r\n                                             │ Linux root (LoongArch-64)              │\e[K\e[31;46H└──────────────────────────────────────↓─┘\e[1m\e[33;49H0FC63DAF-8483-4772-8E79-3D69D8477DE4"
  - delay: 24
    content: "\e[22m"
  - delay: 2623
    content: "\e[7m\e[20;47H Linux swap                             \e[27m\e[21;47H Linux filesystem\e[23X\e[1m\e[33;50H657FD6D-A4AB-43C4-84E5-0933C84B4F4F"
  - delay: 16
    content: "\e[22m"
  - delay: 401
    content: "\e[7m\e[19;47H HP-UX service                          \e[27m\e[20;47H Linux swap\e[29X\e[1m\e[33;49HE2A1E728-32E3-11D6-A682-7B03A0000000"
  - delay: 15
    content: "\e[22m"
  - delay: 19
    content: "\e[7m\e[18;47H HP-UX data                             \e[27m\e[19;47H HP-UX service\e[26X\e[1m\e[33;49H75894C1E-3AEB-11D3-B7C1"
  - delay: 21
    content: "\e[22m"
  - delay: 25
    content: "\e[7m\e[17;47H Microsoft Storage Spaces               \e[27m\e[18;47H HP-UX data\e[29X\e[1m\e[33;49HE75CAF8F-F680-4CEE-AFA3-B001E56EFC2D"
  - delay: 45
    content: "\e[22m\e[7m\e[16;47H IBM General Parallel Fs                \e[27m\e[17;47H Microsoft Storage Spaces\e[15X\e[1m\e[33;49H37AFFC90-EF7D-4E96-91C3-2D7AE055B174"
  - delay: 16
    content: "\e[22m"
  - delay: 33
    content: "\e[7m\e[15;47H Windows recovery environment           \e[27m\e[16;47H IBM General Parallel Fs\e[16X\e[1m\e[33;49HDE94BBA4-06D1-4D40-A16A-BFD50179D6AC"
  - delay: 14
    content: "\e[22m\e[7m\e[13;47H Microsoft LDM metadata                 \e[27m\e[14;47H Microsoft LDM data\e[21X\e[15;47H Windows recovery environment\e[11X\e[1m\e[33;49H5808C8AA-7E8F-42E0-85D2-E1E90434CFB3"
  - delay: 50
    content: "\e[22m\e[7m\e[11;47H Microsoft reserved                     \e[27m\e[12;47H Microsoft basic data\e[19X\e[13;47H Microsoft LDM metadata\e[17X\e[1m\e[33;49HE3C9E316-0B5C-4DB8-817D-F92DF00215AE"
  - delay: 12
    content: "\e[22m"
  - delay: 15
    content: "\e[7m\e[10;47H ONIE config                            \e[27m\e[11;47H Microsoft reserved\e[21X\e[1m\e[33;49HD4E6E2CD-4469-46F3-B5CB-1BFF57AFC149"
  - delay: 32
    content: "\e[22m\e[7m\e[9;47H ONIE boot                              \e[27m\e[10;47H ONIE config\e[28X\e[1m\e[33;49H7412F7D5-A156-4B13-81DC-867174929325"
  - delay: 17
    content: "\e[22m"
  - delay: 15
    content: "\e[7m\e[8;47H PowerPC PReP boot                      \e[27m\e[9;47H ONIE boot\e[30X\e[1m\e[33;49H9E1A2D38-C612-4316-AA26-8B49521E5A8B"
  - delay: 54
    content: "\e[22m\e[7m\e[7;47H Lenovo boot partition                  \e[27m\e[8;47H PowerPC PReP boot\e[22X\e[1m\e[33;49HBFBFAFE7-A34F-448A-9A5B-6213EB736C22"
  - delay: 11
    content: "\e[22m\e[7m\e[6;47H Sony boot partition                    \e[27m\e[7;47H Lenovo boot partition\e[18X\e[1m\e[33;49HF4019732-066E-4E12-8273-346C5641494F"
  - delay: 34
    content: "\e[22m\e[7m\e[5;47H BIOS boot                              \e[27m\e[6;47H Sony boot partition\e[20X\e[1m\e[33;49H21686148-6449-6E6F-744E-656564454649"
  - delay: 12
    content: "\e[22m"
  - delay: 31
    content: "\e[7m\e[3;47H MBR partition scheme                   \e[27m\e[4;47H Intel Fast Flash\e[23X\e[5;47H BIOS boot\e[30X\e[1m\e[33;49H024DEE41-33E7-11D3-9D69-0008C781F39F"
  - delay: 17
    content: "\e[22m"
  - delay: 18
    content: "\e[7m\e[2;47H EFI System                             \e[27m\e[3;47H MBR partition scheme\e[19X\e[1m\e[33;49HC12A7328-F81F-11D2-BA4B-00A0C93EC93B"
  - delay: 15
    content: "\e[22m"
  - delay: 1053
    content: "\e[2J\e[H\e[57X\e[1m\e[57CDisk: /dev/nvme0n1\e[22m\e[K\r\n                                      Size: 476.94 GiB, 512110190592 bytes, 1000215216 sectors\e[K\r\n                                    Label: gpt, identifier: 99AC7597-8956-4056-8905-5E09C85539EB\e[K\r\n\e[K\r\n    \e[1mDevice\e[22m\e[29X\e[1m\e[29CStart\e[22m\e[16X\e[1m\e[16CEnd           Sectors           Size Type\e[22m\e[K\r\n    /dev/nvme0n1p1                      2048             534527            532480           260M EFI System\e[K\r\n    /dev/nvme0n1p2                    534528             567295             32768            16M Microsoft reserved\e[K\r\n    /dev/nvme0n1p3                    567296          890339327         889772032         424.3G Microsoft basic data\e[K\r\n    /dev/nvme0n1p4                 996118528         1000214527           4096000\e[K\r\n\e[K\r\n\e[K\r\n\e[K\r\n\e[K\r\n\e[K\r\n\e[K\r\n\e[K\r\n\e[K\r\n\e[K\r\n\e[K\r\n\e[K\r\n\e[K\r\n\e[K\r\n\e[K\r\n\e[K\r\n\e[K\r\n\e[K\r\n\e[K\r\n\e[K\r\n\e[K\r\n\e[K\r\n\e[K\r\n\e[K\r\n\e[K\e[133C"
  - delay: 9
    content: "\e[9;95H2G Windows recovery environment\e[7m\r\n>>  /dev/nvme0n1p5                 890339328          896630783           6291456             3G EFI System                          \e[32m\e[27m    Free space                     896630784          996118527          99487744          47.4G\e[K\e[m\e[24;1H ┌─────────────────────────────────────────────────────────────────────────────────────────────────────────────────────────────────┐\r\n │ Partition UUID: ACDEDCE2-8FBD-4D96-9DB3-2482C33E73E2\e[76C│\r\n │ Partition type: EFI System (C12A7328-F81F-11D2-BA4B-00A0C93EC93B)\e[63C│\r\n │Filesystem UUID: A8B5-8A55\e[103C│\r\n │     Filesystem: vfat\e[108C│\r\n └─────────────────────────────────────────────────────────────────────────────────────────────────────────────────────────────────┘\e[30;20H[ Delete ]  [ Resize ]  [  Quit  ]  \e[7m[  Type  ]\e[27m  [  Help  ]  [  Sort  ]  [  Write ]  [  Dump  ]\e[34m\e[32;53HChanged type of partition 5.\e[m\r\n\e[K\e[133C"
  - delay: 1850
    content: "\e[30;56H[  Type  ]  \e[7m[  Help  ]\e[27m\e[32;1H\e[K\e[1m\e[33;59HPrint help screen"
  - delay: 28
    content: "\e[22m"
  - delay: 279
    content: "\e[30;68H[  Help  ]  \e[7m[  Sort  ]\e[1m\e[27m\e[33;57HFix partitions order"
  - delay: 18
    content: "\e[22m"
  - delay: 195
    content: "\e[30;80H[  Sort  ]  \e[7m[  Write ]\e[1m\e[27m\e[33;40HWrite partition table to disk (this might destroy data)"
  - delay: 11
    content: "\e[22m"
  - delay: 1516
    content: "\e[?12l\e[30;1H Are you sure you want to write the partition table to disk?\e[K\e[1m\e[33;40HType \"yes\" or \"no\", or press ESC to leave this dialog.\e[22m\e[K\e[30;62H\e[?25h"
  - delay: 1165
    content: "\r\e[K\e[?25l\e[133C\e[2J\e[H\e[57X\e[1m\e[57CDisk: /dev/nvme0n1\e[22m\e[K\r\n                                      Size: 476.94 GiB, 512110190592 bytes, 1000215216 sectors\e[K\r\n                                    Label: gpt, identifier: 99AC7597-8956-4056-8905-5E09C85539EB\e[K\r\n\e[K\r\n    \e[1mDevice\e[22m\e[29X\e[1m\e[29CStart\e[22m\e[16X\e[1m\e[16CEnd           Sectors           Size Type\e[22m\e[K\r\n    /dev/nvme0n1p1                      2048             534527            532480           260M EFI System\e[K\r\n    /dev/nvme0n1p2                    534528             567295             32768            16M Microsoft reserved\e[K\r\n    /dev/nvme0n1p3                    567296          890339327         889772032         424.3G Microsoft basic data\e[K\r\n    /dev/nvme0n1p4                 996118528         1000214527           4096000             2G Windows recovery environment        \e[7m\r\n>>  /dev/nvme0n1p5                 890339328          896630783           6291456             3G EFI System                          \e[32m\e[27m    Free space                     896630784          996118527          99487744          47.4G\e[K\e[m\r\n\e[K\r\n\e[K\r\n\e[K\r\n\e[K\r\n\e[K\r\n\e[K\r\n\e[K\r\n\e[K\r\n\e[K\r\n\e[K\r\n\e[K\r\n\e[K\r\n ┌─────────────────────────────────────────────────────────────────────────────────────────────────────────────────────────────────┐ \r\n │ Partition UUID: ACDEDCE2-8FBD-4D96-9DB3-2482C33E73E2                                                                            │ \r\n │ Partition type: EFI System (C12A7328-F81F-11D2-BA4B-00A0C93EC93B)                                                               │ \r\n │Filesystem UUID: A8B5-8A55                                                                                                       │ \r\n │     Filesystem: vfat                                                                                                            │ \r\n └─────────────────────────────────────────────────────────────────────────────────────────────────────────────────────────────────┘ \r\n                   [ Delete ]  [ Resize ]  [  Quit  ]  [  Type  ]  [  Help  ]  [  Sort  ]  \e[7m[  Write ]\e[27m  [  Dump  ]\e[K\r\n\e[K\r\n\e[47X\e[34m\e[47CDid not write partition table to disk.\e[K\e[m\r\n\e[K\e[133C"
  - delay: 2943
    content: "\e[?12l\e[30;1H Are you sure you want to write the partition table to disk?\e[K\e[32;1H\e[K\e[1m\e[33;40HType \"yes\" or \"no\", or press ESC to leave this dialog.\e[30;62H\e[?25h"
  - delay: 5
    content: "\e[22m"
  - delay: 886
    content: 'y'
  - delay: 430
    content: e
  - delay: 248
    content: s
  - delay: 740
    content: "\r\e[K\e[?25l\e[133C"
  - delay: 37
    content: "\e[2J\e[H\e[57X\e[1m\e[57CDisk: /dev/nvme0n1\e[22m\e[K\r\n                                      Size: 476.94 GiB, 512110190592 bytes, 1000215216 sectors\e[K\r\n                                    Label: gpt, identifier: 99AC7597-8956-4056-8905-5E09C85539EB\e[K\r\n\e[K\r\n    \e[1mDevice\e[22m\e[29X\e[1m\e[29CStart\e[22m\e[16X\e[1m\e[16CEnd           Sectors           Size Type\e[22m\e[K\r\n    /dev/nvme0n1p1                      2048             534527            532480           260M EFI System\e[K\r\n    /dev/nvme0n1p2                    534528             567295             32768            16M Microsoft reserved\e[K\r\n    /dev/nvme0n1p3                    567296\e[K\r\n\e[K\r\n\e[K\r\n\e[K\r\n\e[K\r\n\e[K\r\n\e[K\r\n\e[K\r\n\e[K\r\n\e[K\r\n\e[K\r\n\e[K\r\n\e[K\r\n\e[K\r\n\e[K\r\n\e[K\r\n\e[K\r\n\e[K\r\n\e[K\r\n\e[K\r\n\e[K\r\n\e[K\r\n\e[K\r\n\e[K\r\n\e[K\r\n\e[K\e[133C"
  - delay: 21
    content: "\e[8;55H890339327\e[9C889772032\e[9C424.3G Microsoft basic data\e[9;5H/dev/nvme0n1p4\e[17C996118528\e[9C1000214527\e[11C4096000\e[13C2G Windows recovery environment\e[7m\r\n>>  /dev/nvme0n1p5                 890339328          896630783           6291456             3G EFI System                          \e[32m\e[27m    Free space                     896630784          996118527          99487744          47.4G\e[K\e[m\e[24;1H ┌─────────────────────────────────────────────────────────────────────────────────────────────────────────────────────────────────┐\r\n │ Partition UUID: ACDEDCE2-8FBD-4D96-9DB3-2482C33E73E2\e[76C│\r\n │ Partition type: EFI System (C12A7328-F81F-11D2-BA4B-00A0C93EC93B)\e[63C│\r\n │Filesystem UUID: A8B5-8A55\e[103C│\r\n │     Filesystem: vfat\e[108C│\r\n └─────────────────────────────────────────────────────────────────────────────────────────────────────────────────────────────────┘\e[30;20H[ Delete ]  [ Resize ]  \e[7m[  Quit  ]\e[27m  [  Type  ]  [  Help  ]  [  Sort  ]  [  Write ]  [  Dump  ]\e[34m\e[32;49HThe partition table has been altered.\e[m\r\n\e[K\e[133C"
  - delay: 3185
    content: "\e[10;1H    /dev/nvme0n1p5                 890339328          896630783           6291456             3G EFI System                          \e[7m>>  Free space                     896630784          996118527          99487744          47.4G                                     \e[27m\e[24;1H\e[K\r\n\e[K\r\n\e[K\r\n\e[K\r\n\e[K\r\n\e[K\r\n\e[31X\e[7m\e[31C[   New  ]\e[27m  [  Quit  ]  [  Help  ]  [  Sort  ]  [  Write ]  [  Dump  ]\e[K\e[32;1H\e[K\e[1m\e[33;49HCreate new partition from free space"
  - delay: 11
    content: "\e[22m"
  - delay: 882
    content: "\e[?12l\e[30;1H Partition size: 47.4G\e[K\e[1m\e[33;33HMay be followed by M for MiB, G for GiB, T for TiB, or S for sectors.\e[30;23H\e[?25h"
  - delay: 8
    content: "\e[22m"
  - delay: 1824
    content: "\r\e[K\e[?25l\e[133C"
  - delay: 7
    content: "\e[2J"
  - delay: 9
    content: "\e[H\e[57X\e[1m\e[57CDisk: /dev/nvme0n1\e[22m\e[K\r\n                                      Size: 476.94 GiB, 512110190592 bytes, 1000215216 sectors\e[K\r\n                                    Label: gpt, identifier: 99AC7597-8956-4056-8905-5E09C85539EB\e[K\r\n\e[K\r\n    \e[1mDevice\e[22m\e[29X\e[1m\e[29CStart\e[22m\e[16X\e[1m\e[16CEnd           Sectors           Size Type\e[22m\e[K\r\n    /dev/nvme0n1p1                      2048             534527            532480           260M EFI System\e[K\r\n    /dev/nvme0n1p2                    534528             567295             32768            16M Microsoft reserved\e[K\r\n    /dev/nvme0n1p3                    567296          890339327         889772032         424.3G Microsoft basic data\e[K\r\n    /dev/nvme0n1p4                 996118528         1000214527           4096000             2G Windows recovery environment        \r\n    /dev/nvme0n1p5                 890339328          896630783           6291456             3G EFI System\e[K\e[7m\r\n>>  /dev/nvme0n1p6                 896630784          996118527          99487744          47.4G Linux filesystem                    \e[27m\r\n\e[K\r\n\e[K\r\n\e[K\r\n\e[K\r\n\e[K\r\n\e[K\r\n\e[K\r\n\e[K\r\n\e[K\r\n\e[K\r\n\e[K\r\n\e[K\r\n\e[K\r\n\e[K\r\n ┌─────────────────────────────────────────────────────────────────────────────────────────────────────────────────────────────────┐ \r\n │Partition UUID: 1048222F-DCD8-4C28-BC5D-34E92F729957                                                                             │ \r\n │Partition type: Linux filesystem (0FC63DAF-8483-4772-8E79-3D69D8477DE4)                                                          │ \r\n └─────────────────────────────────────────────────────────────────────────────────────────────────────────────────────────────────┘ \r\n                   [ Delete ]  [ Resize ]  \e[7m[  Quit  ]\e[27m  [  Type  ]  [  Help  ]  [  Sort  ]  [  Write ]  [  Dump  ]\e[K\r\n\e[K\r\n\e[K\r\n\e[K\e[133C"
  - delay: 2238
    content: "\e[30;44H[  Quit  ]  \e[7m[  Type  ]\e[1m\e[27m\e[33;55HChange the partition type"
  - delay: 19
    content: "\e[22m"
  - delay: 506
    content: "\e[30;56H[  Type  ]  \e[7m[  Help  ]\e[27m\e[33;55H    \e[1mPrint help screen\e[22m\e[K\e[58C"
  - delay: 42
    content: "\e[30;68H[  Help  ]  [  Sort  ]  \e[7m[  Write ]\e[1m\e[27m\e[33;40HWrite partition table to disk (this might destroy data)"
  - delay: 10
    content: "\e[22m"
  - delay: 139
    content: "\e[30;92H[  Write ]  \e[7m[  Dump  ]\e[27m\e[33;40H \e[1mDump\e[20Csfdisk compatible script file\e[22m\e[K\e[40C"
  - delay: 1622
    content: "\e[7m\e[30;92H[  Write ]\e[27m  [  Dump  ]\e[1m\e[33;40HWrite\e[20Cdisk (this might destroy data)"
  - delay: 13
    content: "\e[22m"
  - delay: 2072
    content: "\e[?12l\e[30;1H Are you sure you want to write the partition table to disk?\e[K\e[1m\e[33;40HType \"yes\" or \"no\", or press ESC to leave this dialog.\e[22m\e[K\e[30;62H\e[?25h"
  - delay: 624
    content: 'y'
  - delay: 410
    content: e
  - delay: 280
    content: s
  - delay: 861
    content: "\r\e[K\e[?25l\e[133C"
  - delay: 39
    content: "\e[2J"
  - delay: 6
    content: "\e[H\e[57X\e[1m\e[57CDisk: /dev/nvme0n1\e[22m\e[K\r\n                                      Size: 476.94 GiB, 512110190592 bytes, 1000215216 sectors\e[K\r\n                                    Label: gpt, identifier: 99AC7597-8956-4056-8905-5E09C85539EB\e[K\r\n\e[K\r\n    \e[1mDevice\e[22m\e[29X\e[1m\e[29CStart\e[22m\e[16X\e[1m\e[16CEnd           Sectors           Size Type\e[22m\e[K\r\n    /dev/nvme0n1p1                      2048             534527            532480           260M EFI System\e[K\r\n    /dev/nvme0n1p2                    534528             567295             32768            16M Microsoft reserved\e[K\r\n    /dev/nvme0n1p3                    567296          890339327         889772032         424.3G Microsoft basic data\e[K\r\n    /dev/nvme0n1p4                 996118528         1000214527           4096000             2G Windows recovery environment        \r\n    /dev/nvme0n1p5                 890339328          896630783           6291456\e[K\r\n\e[K\r\n\e[K\r\n\e[K\r\n\e[K\r\n\e[K\r\n\e[K\r\n\e[K\r\n\e[K\r\n\e[K\r\n\e[K\r\n\e[K\r\n\e[K\r\n\e[K\r\n\e[K\r\n\e[K\r\n\e[K\r\n\e[K\r\n\e[K\r\n\e[K\r\n\e[K\r\n\e[K\r\n\e[K\r\n\e[K\e[133C"
  - delay: 23
    content: "\e[10;95H3G EFI System\e[7m\r\n>>  /dev/nvme0n1p6                 896630784          996118527          99487744          47.4G Linux filesystem                    \e[27m\e[26;1H ┌─────────────────────────────────────────────────────────────────────────────────────────────────────────────────────────────────┐\r\n │Partition UUID: 1048222F-DCD8-4C28-BC5D-34E92F729957\e[77C│\r\n │Partition type: Linux filesystem (0FC63DAF-8483-4772-8E79-3D69D8477DE4)\e[58C│\r\n └─────────────────────────────────────────────────────────────────────────────────────────────────────────────────────────────────┘\e[30;20H[ Delete ]  [ Resize ]  \e[7m[  Quit  ]\e[27m  [  Type  ]  [  Help  ]  [  Sort  ]  [  Write ]  [  Dump  ]\e[34m\e[32;49HThe partition table has been altered.\e[m\r\n\e[K\e[133C"
  - delay: 2957
    content: "\e[30;44H[  Quit  ]  \e[7m[  Type  ]\e[27m\e[32;1H\e[K\e[1m\e[33;55HChange the partition type"
  - delay: 19
    content: "\e[22m"
  - delay: 82107
    content: "\e[7m\e[30;44H[  Quit  ]\e[27m  [  Type  ]\e[1m\e[33;49HQuit program without writing changes"
  - delay: 18
    content: "\e[22m"
  - delay: 613
    content: "\e[7m\e[30;32H[ Resize ]\e[27m  [  Quit  ]\e[1m\e[33;48HReduce or enlarge the current partition"
  - delay: 25
    content: "\e[22m"
  - delay: 2006
    content: "\e[30;32H[ Resize ]  \e[7m[  Quit  ]\e[27m\e[33;48H \e[1mQuit program without writing changes\e[22m\e[K\e[49C"
  - delay: 4105
    content: "\e[?25l\e[?12l\r\e[?25h\e[?1049l\e[23;0;0t\e[?1l\e>\e[HWindows PowerShell\e[K\r\nCopyright (C) Microsoft Corporation. All rights reserved.\e[K\r\n\e[K\r\nInstall the latest PowerShell for new features and improvements! https://aka.ms/PSWindows\e[K\r\n\e[K\r\nPS C:\\Users\\HP> \e[93mssh \e[37mroot@192.168.100.65\e[K\e[m\r\nroot@192.168.100.65's password:\e[K\r\nTo install \e[38;2;23;147;209mArch Linux \e[mfollow the installation guide:\e[K\r\nhttps://wiki.archlinux.org/title/Installation_guide\e[K\r\n\e[K\r\nFor Wi-Fi, authenticate to the wireless network using the \e[35miwctl \e[mutility.\e[K\r\nFor mobile broadband (WWAN) modems, connect with the \e[35mmmcli \e[mutility.\e[K\r\nEthernet, WLAN and WWAN interfaces using DHCP should work automatically.\e[K\r\n\e[K\r\nAfter connecting to the internet, the installation guide can be accessed\e[K\r\nvia the convenience script \e[35mInstallation_guide\e[m.\e[K\r\n\e[K\e[41m\r\n   \e[40m \e[44m \e[40m \e[41m \e[46m \e[45m \e[41m \e[46m \e[43m \e[41m \e[44m \e[45m \e[40m \e[44m \e[40m \e[41m \e[44m \e[41m  \e[46m \e[42m \e[41m \e[44m \e[43m \e[41m \e[45m \e[40m  \e[44m \e[40m \e[41m \e[44m \e[42m \e[41m \e[46m \e[44m \e[41m \e[46m \e[47m \e[m\e[K\e[31m\e[1m\r\nroot\e[m@archiso \e[1m~ \e[22m# lsblk\e[K\r\nNAME        MAJ:MIN RM   SIZE RO TYPE MOUNTPOINTS\e[K\r\nloop0         7:0    0 973.1M  1 loop /run/archiso/airootfs\e[K\r\nsda           8:0    1   7.5G  0 disk\e[K\r\n├─sda1        8:1    1   1.2G  0 part\e[K\r\n└─sda2        8:2    1   253M  0 part\e[K\r\nnvme0n1     259:0    0 476.9G  0 disk\e[K\r\n├─nvme0n1p1 259:1    0   260M  0 part\e[K\r\n├─nvme0n1p2 259:2    0    16M  0 part\e[K\r\n├─nvme0n1p3 259:3    0 424.3G  0 part\e[K\r\n└─nvme0n1p4 259:4    0     2G  0 part\e[K\e[31m\e[1m\r\nroot\e[m@archiso \e[1m~ \e[22m# cfdisk /dev/nvme0n1\e[K\r\n\e[K\r\n\e[K\r\n\e[K\e[?25h\n\e[?12l\e[23;0;0t\e[?1l\e>"
  - delay: 23
    content: |+

  - delay: 14
    content: "Syncing disks.\r\e[?1h\e=\e[?2004h\n\e[31m\e[1mroot\e[m@archiso \e[1m~ \e[22m#                                                                                                                     \e[33;18H\e]0;root@archiso: ~\a"
  - delay: 1990
    content: l
  - delay: 676
    content: "\bls"
  - delay: 604
    content: b
  - delay: 435
    content: l
  - delay: 252
    content: k
  - delay: 807
    content: "\e[?1l\e>\e[?2004l\r\n"
  - delay: 15
    content: "NAME        MAJ:MIN RM   SIZE RO TYPE MOUNTPOINTS\r\e]0;root@archiso: lsblk\a\nloop0         7:0    0 973.1M  1 loop /run/archiso/airootfs\r\nsda           8:0    1   7.5G  0 disk\r\n├─sda1        8:1    1   1.2G  0 part\r\n└─sda2        8:2    1   253M  0 part\r\nnvme0n1     259:0    0 476.9G  0 disk\r\n├─nvme0n1p1 259:5    0   260M  0 part\r\n├─nvme0n1p2 259:6    0    16M  0 part\r\n├─nvme0n1p3 259:7    0 424.3G  0 part\r\n├─nvme0n1p4 259:8    0     2G  0 part\r\n├─nvme0n1p5 259:9    0     3G  0 part\r\n└─nvme0n1p6 259:11   0  47.4G  0 part\r\e[?1h\e=\e[?2004h\n\e[31m\e[1mroot\e[m@archiso \e[1m~ \e[22m#                                                                                                                     \e[33;18H\e]0;root@archiso: ~\a"
  - delay: 18609
    content: c
  - delay: 99
    content: "\bcf"
  - delay: 909
    content: d
  - delay: 512
    content: i
  - delay: 548
    content: s
  - delay: 1049
    content: k
  - delay: 1550
    content: ' '
  - delay: 870
    content: /
  - delay: 537
    content: d
  - delay: 381
    content: e
  - delay: 414
    content: v
  - delay: 638
    content: /
  - delay: 600
    content: 'n'
  - delay: 503
    content: v
  - delay: 515
    content: m
  - delay: 442
    content: e
  - delay: 1148
    content: '0'
  - delay: 867
    content: 'n'
  - delay: 572
    content: '1'
  - delay: 8036
    content: "\e[?1l\e>\e[?2004l\r\n\e]0;root@archiso: cfdisk /dev/nvme0n1\a"
  - delay: 35
    content: "\e[?1049h\e[22;0;0t\e[?1h\e=\e[2J\e[?25l\e[H\e[57X\e[1m\e[57CDisk: /dev/nvme0n1\e[22m\e[K\r\n                                      Size: 476.94 GiB, 512110190592 bytes, 1000215216 sectors\e[K\r\n                                    Label: gpt, identifier: 99AC7597-8956-4056-8905-5E09C85539EB\e[K\r\n\e[K\r\n    \e[1mDevice\e[22m\e[29X\e[1m\e[29CStart\e[22m\e[16X\e[1m\e[16CEnd           Sectors           Size Type\e[22m\e[K\e[7m\r\n>>  /dev/nvme0n1p1                      2048             534527            532480           260M EFI System                          \e[27m    /dev/nvme0n1p2                    534528             567295             32768            16M Microsoft reserved\e[K\r\n    /dev/nvme0n1p3                    567296          890339327         889772032         424.3G Microsoft basic data\e[K\r\n    /dev/nvme0n1p4                 996118528         1000214527           4096000             2G Windows recovery environment        \r\n    /dev/nvme0n1p5                 890339328          896630783           6291456             3G EFI System\e[K\r\n    /dev/nvme0n1p6                 896630784          996118527          99487744          47.4G Linux filesystem\e[K\r\n\e[K\r\n\e[K\r\n\e[K\r\n\e[K\r\n\e[K\r\n\e[K\r\n\e[K\r\n\e[K\r\n\e[K\r\n\e[K\r\n\e[K\r\n\e[K\r\n\e[K\r\n\e[K\r\n\e[K\r\n\e[K\r\n\e[K\r\n\e[K\r\n                   [ Delete ]  [ Resize ]  \e[7m[  Quit  ]\e[27m  [  Type  ]  [  Help  ]  [  Sort  ]  [  Write ]  [  Dump  ]\e[K\r\n\e[K\r\n\e[K\r\n\e[48X\e[1m\e[48CQuit program without writing changes\e[22m\e[K\e[49C"
  - delay: 10
    content: "\e[H\e[K\r\n\e[K\r\n\e[K\r\n\e[K\r\n\e[K\r\n\e[K\r\n\e[K\r\n\e[K\r\n\e[K\r\n\e[K\r\n\e[K\r\n\e[K\r\n\e[K\r\n\e[K\r\n\e[K\r\n\e[K\r\n\e[K\r\n\e[K\r\n\e[K\r\n\e[K\r\n\e[K\r\n\e[K\r\n\e[K\r\n\e[K\r\n\e[K\r\n\e[K\r\n\e[K\r\n\e[K\r\n\e[K\r\n\e[K\r\n\e[K\r\n\e[K\r\n\e[K\e[133C\e[?1049h\e[22;0;0t\e[?1h\e=\e[2J\e[H\e[K\r\n\e[K\r\n\e[K\r\n\e[K\r\n\e[K\r\n\e[K\r\n\e[K\r\n\e[K\r\n\e[K\r\n\e[K\r\n\e[K\r\n\e[K\r\n\e[K\r\n\e[K\r\n\e[K\r\n\e[K\r\n\e[K\r\n\e[K\r\n\e[K\r\n\e[K\r\n\e[K\r\n\e[K\r\n\e[K\r\n\e[K\r\n\e[K\r\n\e[K\r\n\e[K\r\n\e[K\r\n\e[K\r\n\e[K\r\n\e[K\r\n\e[K\r\n\e[K\e[133C\e[?1049h\e[22;0;0t\e[?1h\e=\e[2J\e[H\e[K\r\n\e[K\r\n\e[K\r\n\e[K\r\n\e[K\r\n\e[K\r\n\e[K\r\n\e[K\r\n\e[K\r\n\e[K\r\n\e[K\r\n\e[K\r\n\e[K\r\n\e[K\r\n\e[K\r\n\e[K\r\n\e[K\r\n\e[K\r\n\e[K\r\n\e[K\r\n\e[K\r\n\e[K\r\n\e[K\r\n\e[K\r\n\e[K\r\n\e[K\r\n\e[K\r\n\e[K\r\n\e[K\r\n\e[K\r\n\e[K\r\n\e[K\r\n\e[K\e[133C\e[?1049h\e[22;0;0t\e[?1h\e=\e[2J"
  - delay: 11
    content: "\e[H\e[K\r\n\e[K\r\n\e[K\r\n\e[K\r\n\e[K\r\n\e[K\r\n\e[K\r\n\e[K\r\n\e[K\r\n\e[K\r\n\e[K\r\n\e[K\r\n\e[K\r\n\e[K\r\n\e[K\r\n\e[K\r\n\e[K\r\n\e[K\r\n\e[K\r\n\e[K\r\n\e[K\r\n\e[K\r\n\e[K\r\n\e[K\r\n\e[K\r\n\e[K\r\n\e[K\r\n\e[K\r\n\e[K\r\n\e[K\r\n\e[K\r\n\e[K\r\n\e[K\e[133C\e[?1049h\e[22;0;0t\e[?1h\e=\e[2J\e[H\e[K\r\n\e[K\r\n\e[K\r\n\e[K\r\n\e[K\r\n\e[K\r\n\e[K\r\n\e[K\r\n\e[K\r\n\e[K\r\n\e[K\r\n\e[K\r\n\e[K\r\n\e[K\r\n\e[K\r\n\e[K\r\n\e[K\r\n\e[K\r\n\e[K\r\n\e[K\r\n\e[K\r\n\e[K\r\n\e[K\r\n\e[K\r\n\e[K\r\n\e[K\r\n\e[K\r\n\e[K\r\n\e[K\r\n\e[K\r\n\e[K\r\n\e[K\r\n\e[K\e[133C\e[?1049h\e[22;0;0t\e[?1h\e=\e[2J\e[H\e[57X\e[1m\e[57CDisk: /dev/nvme0n1\e[22m\e[K\r\n                                      Size: 476.94 GiB, 512110190592 bytes, 1000215216 sectors\e[K\r\n                                    Label: gpt, identifier: 99AC7597-8956-4056-8905-5E09C85539EB\e[K\r\n\e[K\r\n    \e[1mDevice\e[22m\e[29X\e[1m\e[29CStart\e[22m\e[16X\e[1m\e[16CEnd           Sectors           Size Type\e[22m\e[K\e[7m\r\n>>  /dev/nvme0n1p1                      2048             534527            532480           260M EFI System                          \e[27m    /dev/nvme0n1p2                    534528             567295             32768            16M Microsoft reserved\e[K\r\n    /dev/nvme0n1p3                    567296          890339327         889772032         424.3G Microsoft basic data\e[K\r\n    /dev/nvme0n1p4                 996118528         1000214527           4096000             2G Windows recovery environment        \r\n    /dev/nvme0n1p5                 890339328          896630783           6291456             3G EFI System\e[K\r\n    /dev/nvme0n1p6                 896630784          996118527          99487744          47.4G Linux filesystem\e[K\r\n\e[K\r\n\e[K\r\n\e[K\r\n\e[K\r\n\e[K\r\n\e[K\r\n\e[K\r\n\e[K\r\n\e[K\r\n\e[K\r\n\e[K\r\n\e[K\r\n\e[K\r\n\e[K\r\n\e[K\r\n\e[K\r\n\e[K\r\n\e[K\r\n                   [ Delete ]  [ Resize ]  \e[7m[  Quit  ]\e[27m  [  Type  ]  [  Help  ]  [  Sort  ]  [  Write ]  [  Dump  ]\e[K\r\n\e[K\r\n\e[K\r\n\e[48X\e[1m\e[48CQuit program without writing changes\e[22m\e[K\e[49C"
  - delay: 124
    content: "\e[22;1H ┌─────────────────────────────────────────────────────────────────────────────────────────────────────────────────────────────────┐\r\n │  Partition name: EFI system partition\e[91C│\r\n │  Partition UUID: 00EC3489-AB7E-46FA-BE33-36BBED7C02A7\e[75C│\r\n │  Partition type: EFI System (C12A7328-F81F-11D2-BA4B-00A0C93EC93B)\e[62C│\r\n │ Filesystem UUID: C4D5-0939\e[102C│\r\n │Filesystem LABEL: SYSTEM_DRV\e[101C│\r\n │\e[6CFilesystem: vfat\e[107C│\r\n └─────────────────────────────────────────────────────────────────────────────────────────────────────────────────────────────────┘\e[34m\e[32;37HNote that partition table entries are not in disk order now."
  - delay: 14
    content: "\e[m"
  - delay: 3996
    content: "\e[?25l\e[?12l\r\n\e[?25h\e[?1049l\e[23;0;0t\e[?1l\e>\e[41m\e[H   \e[40m \e[44m \e[40m \e[41m \e[46m \e[45m \e[41m \e[46m \e[43m \e[41m \e[44m \e[45m \e[40m \e[44m \e[40m \e[41m \e[44m \e[41m  \e[46m \e[42m \e[41m \e[44m \e[43m \e[41m \e[45m \e[40m  \e[44m \e[40m \e[41m \e[44m \e[42m \e[41m \e[46m \e[44m \e[41m \e[46m \e[47m \e[m\e[K\e[31m\e[1m\r\nroot\e[m@archiso \e[1m~ \e[22m# lsblk\e[K\r\nNAME        MAJ:MIN RM   SIZE RO TYPE MOUNTPOINTS\e[K\r\nloop0         7:0    0 973.1M  1 loop /run/archiso/airootfs\e[K\r\nsda           8:0    1   7.5G  0 disk\e[K\r\n├─sda1        8:1    1   1.2G  0 part\e[K\r\n└─sda2        8:2    1   253M  0 part\e[K\r\nnvme0n1     259:0    0 476.9G  0 disk\e[K\r\n├─nvme0n1p1 259:1    0   260M  0 part\e[K\r\n├─nvme0n1p2 259:2    0    16M  0 part\e[K\r\n├─nvme0n1p3 259:3    0 424.3G  0 part\e[K\r\n└─nvme0n1p4 259:4    0     2G  0 part\e[K\e[31m\e[1m\r\nroot\e[m@archiso \e[1m~ \e[22m# cfdisk /dev/nvme0n1\e[K\r\n\e[K\r\n\e[K\r\n\e[K\r\n\e[K\r\nSyncing disks.\e[K\e[31m\e[1m\r\nroot\e[m@archiso \e[1m~ \e[22m# lsblk\e[K\r\nNAME        MAJ:MIN RM   SIZE RO TYPE MOUNTPOINTS\e[K\r\nloop0         7:0    0 973.1M  1 loop /run/archiso/airootfs\e[K\r\nsda           8:0    1   7.5G  0 disk\e[K\r\n├─sda1        8:1    1   1.2G  0 part\e[K\r\n└─sda2        8:2    1   253M  0 part\e[K\r\nnvme0n1     259:0    0 476.9G  0 disk\e[K\r\n├─nvme0n1p1 259:5    0   260M  0 part\e[K\r\n├─nvme0n1p2 259:6    0    16M  0 part\e[K\r\n├─nvme0n1p3 259:7    0 424.3G  0 part\e[K\r\n├─nvme0n1p4 259:8    0     2G  0 part\e[K\r\n├─nvme0n1p5 259:9    0     3G  0 part\e[K\r\n└─nvme0n1p6 259:11   0  47.4G  0 part\e[K\e[31m\e[1m\r\nroot\e[m@archiso \e[1m~ \e[22m# cfdisk /dev/nvme0n1\e[K\r\n\e[K\e[?25h\n"
  - delay: 8
    content: "\e[?12l\e[23;0;0t\e[?1l\e>"
  - delay: 11
    content: "\e[?1h\e=\e[?2004h"
  - delay: 11
    content: "\n\e[31m\e[1mroot\e[m@archiso \e[1m~ \e[22m#                                                                                                                     \e[33;18H\e]0;root@archiso: ~\a"
  - delay: 4079
    content: l
  - delay: 393
    content: "\bls"
  - delay: 1700
    content: b
  - delay: 520
    content: l
  - delay: 324
    content: k
  - delay: 1365
    content: "\e[?1l\e>\e[?2004l\r\n\e]0;root@archiso: lsblk\a"
  - delay: 19
    content: "NAME        MAJ:MIN RM   SIZE RO TYPE MOUNTPOINTS\r\nloop0         7:0    0 973.1M  1 loop /run/archiso/airootfs\r\nsda           8:0    1   7.5G  0 disk\r\n├─sda1        8:1    1   1.2G  0 part\r\n└─sda2        8:2    1   253M  0 part\r\nnvme0n1     259:0    0 476.9G  0 disk\r\n├─nvme0n1p1 259:5    0   260M  0 part\r\n├─nvme0n1p2 259:6    0    16M  0 part\r\n├─nvme0n1p3 259:7    0 424.3G  0 part\r\n├─nvme0n1p4 259:8    0     2G  0 part\r\n├─nvme0n1p5 259:9    0     3G  0 part\r\n└─nvme0n1p6 259:11   0  47.4G  0 part\r\e[?1h\e=\e[?2004h"
  - delay: 13
    content: "\n\e[31m\e[1mroot\e[m@archiso \e[1m~ \e[22m#                                                                                                                     \e[33;18H\e]0;root@archiso: ~\a"
  - delay: 4861
    content: p
  - delay: 1421
    content: "\bpv"
  - delay: 237
    content: c
  - delay: 352
    content: r
  - delay: 339
    content: e
  - delay: 244
    content: a
  - delay: 416
    content: t
  - delay: 292
    content: e
  - delay: 1768
    content: ' '
  - delay: 1090
    content: /
  - delay: 577
    content: d
  - delay: 261
    content: e
  - delay: 456
    content: v
  - delay: 1294
    content: /
  - delay: 113321
    content: "\b \b"
  - delay: 495
    content: "\b \b"
  - delay: 12
    content: "\e[?25l\e[33;28H  \e[33;28H\e[?25h"
  - delay: 59
    content: "\e[?25l\b \e[33;26H\e[?25h"
  - delay: 74
    content: "\b \b"
  - delay: 9
    content: "\b \b"
  - delay: 52
    content: "\b \b"
  - delay: 10
    content: "\b \b"
  - delay: 56
    content: "\e[?25l\e[33;20H  \e[33;20H\e[?25h"
  - delay: 24
    content: "\e[?25l\e[33;18Hp \b\e[?25h"
  - delay: 63
    content: "\b \b"
  - delay: 1564
    content: l
  - delay: 476
    content: "\bls"
  - delay: 651
    content: b
  - delay: 359
    content: l
  - delay: 263
    content: k
  - delay: 427
    content: ' '
  - delay: 963
    content: '-'
  - delay: 579
    content: f
  - delay: 926
    content: "\e[?1l\e>\e[?2004l\r"
  - delay: 16
    content: "\n\e]0;root@archiso: lsblk -f\a"
  - delay: 26
    content: "NAME        FSTYPE   FSVER            LABEL       UUID                                 FSAVAIL FSUSE% MOUNTPOINTS\r\nloop0       squashfs 4.0                                                                     0   100% /run/archiso/airootfs\r\nsda         iso9660  Joliet Extension ARCH_202605 2026-05-01-06-05-08-00\r\n├─sda1      iso9660  Joliet Extension ARCH_202605 2026-05-01-06-05-08-00\r\n└─sda2      vfat     FAT32            ARCHISO_EFI 69F4-4294\r\nnvme0n1\r\n├─nvme0n1p1 vfat     FAT32            SYSTEM_DRV  C4D5-0939\r\n├─nvme0n1p2\r\n├─nvme0n1p3 ntfs                      Windows-SSD 01DCEBF43AA40E90\r\n├─nvme0n1p4 ntfs                      WINRE_DRV   344CD6284CD5E4A0\r\n├─nvme0n1p5 vfat     FAT32                        A8B5-8A55\r\n└─nvme0n1p6\r\e[?1h\e=\e[?2004h"
  - delay: 6
    content: "\n\e[31m\e[1mroot\e[m@archiso \e[1m~ \e[22m#                                                                                                                     \e[33;18H\e]0;root@archiso: ~\a"
  - delay: 89864
    content: p
  - delay: 471
    content: "\bpv"
  - delay: 331
    content: c
  - delay: 411
    content: r
  - delay: 260
    content: e
  - delay: 331
    content: a
  - delay: 328
    content: t
  - delay: 370
    content: e
  - delay: 1579
    content: ' '
  - delay: 1012
    content: /
  - delay: 548
    content: d
  - delay: 269
    content: e
  - delay: 555
    content: v
  - delay: 2327
    content: /
  - delay: 12288
    content: 'n'
  - delay: 665
    content: v
  - delay: 1103
    content: m
  - delay: 695
    content: e
  - delay: 1256
    content: '0'
  - delay: 1449
    content: 'n'
  - delay: 2308
    content: '1'
  - delay: 1282
    content: p
  - delay: 508
    content: '6'
  - delay: 1797
    content: "\e[?1l\e>\e[?2004l\r"
  - delay: 9
    content: "\n\e]0;root@archiso: pvcreate /dev/nvme0n1p6\a"
  - delay: 47
    content: "  Physical volume \"/dev/nvme0n1p6\" successfully created.\r\n"
  - delay: 24
    content: "\e[?1h\e=\e[?2004h"
  - delay: 7
    content: "\e[31m\e[1mroot\e[m@archiso \e[1m~ \e[22m#                                                                                                                     \e[33;18H\e]0;root@archiso: ~\a"
  - delay: 10867
    content: v
  - delay: 906
    content: "\bvg"
  - delay: 882
    content: c
  - delay: 359
    content: r
  - delay: 267
    content: e
  - delay: 373
    content: a
  - delay: 409
    content: t
  - delay: 356
    content: e
  - delay: 2181
    content: ' '
  - delay: 9935
    content: s
  - delay: 445
    content: 'y'
  - delay: 540
    content: s
  - delay: 411
    content: t
  - delay: 417
    content: e
  - delay: 1011
    content: m
  - delay: 1583
    content: ' '
  - delay: 4911
    content: /
  - delay: 625
    content: d
  - delay: 341
    content: e
  - delay: 799
    content: v
  - delay: 2340
    content: /
  - delay: 1395
    content: 'n'
  - delay: 427
    content: v
  - delay: 456
    content: m
  - delay: 666
    content: e
  - delay: 1656
    content: '0'
  - delay: 1138
    content: 'n'
  - delay: 2558
    content: '1'
  - delay: 787
    content: p
  - delay: 613
    content: '2'
  - delay: 4220
    content: "\b \b"
  - delay: 1140
    content: '6'
  - delay: 5154
    content: "\e[?1l\e>\e[?2004l\r"
  - delay: 10
    content: "\n\e]0;root@archiso: vgcreate system /dev/nvme0n1p6\a"
  - delay: 42
    content: "  Volume group \"system\" successfully created\r\n"
  - delay: 28
    content: "\e[?1h\e=\e[?2004h\e[31m\e[1mroot\e[m@archiso \e[1m~ \e[22m#                                                                                                                     \e[33;18H\e]0;root@archiso: ~\a"
  - delay: 8881
    content: l
  - delay: 645
    content: "\blv"
  - delay: 460
    content: c
  - delay: 893
    content: r
  - delay: 230
    content: e
  - delay: 332
    content: a
  - delay: 356
    content: t
  - delay: 291
    content: e
  - delay: 1478
    content: ' '
  - delay: 1189
    content: '-'
  - delay: 2364
    content: L
  - delay: 1897
    content: ' '
  - delay: 766
    content: s
  - delay: 531
    content: i
  - delay: 632
    content: z
  - delay: 1159
    content: e
  - delay: 1316
    content: ' '
  - delay: 24373
    content: '1'
  - delay: 632
    content: '0'
  - delay: 573
    content: g
  - delay: 1764
    content: "\b \b"
  - delay: 1228
    content: G
  - delay: 608
    content: ' '
  - delay: 18645
    content: s
  - delay: 400
    content: 'y'
  - delay: 390
    content: s
  - delay: 460
    content: t
  - delay: 444
    content: e
  - delay: 608
    content: m
  - delay: 2000
    content: ' '
  - delay: 5630
    content: '-'
  - delay: 1002
    content: 'n'
  - delay: 402
    content: ' '
  - delay: 805
    content: r
  - delay: 639
    content: o
  - delay: 170
    content: o
  - delay: 761
    content: t
  - delay: 34521
    content: "\b"
  - delay: 443
    content: "\b"
  - delay: 53
    content: "\b"
  - delay: 48
    content: "\e[?25l\e[33;48H\e[?25h"
  - delay: 66
    content: "\e[?25l\e[33;46H\e[?25h"
  - delay: 24
    content: "\b"
  - delay: 58
    content: "\b"
  - delay: 19
    content: "\b"
  - delay: 43
    content: "\e[?25l\e[33;41H\e[?25h"
  - delay: 42
    content: "\b"
  - delay: 26
    content: "\b"
  - delay: 38
    content: "\b"
  - delay: 9
    content: "\b"
  - delay: 41
    content: "\b"
  - delay: 24
    content: "\b"
  - delay: 22
    content: "\b"
  - delay: 262
    content: "\b"
  - delay: 1174
    content: "\e[1C"
  - delay: 1014
    content: "\b 10G system -n root                                                                                  \e[33;33H"
  - delay: 218
    content: "\b 10G system -n root                                                                                   \e[33;32H"
  - delay: 169
    content: "\b 10G system -n root                                                                                    \e[33;31H"
  - delay: 153
    content: "\b 10G system -n root                                                                                     \e[33;30H"
  - delay: 308
    content: "10G system -n root                                                                                      \e[33;29H"
  - delay: 1416
    content: "\e[1C"
  - delay: 1089
    content: "\b10G system -n root                                                                                       \e[33;29H"
  - delay: 727
    content: "\e[?25l 10G system -n root\e[33;30H\e[?25h"
  - delay: 19649
    content: "\e[1C"
  - delay: 457
    content: "\e[1C"
  - delay: 43
    content: "\e[2C"
  - delay: 35
    content: "\e[1C"
  - delay: 32
    content: "\e[1C"
  - delay: 37
    content: "\e[1C"
  - delay: 26
    content: "\e[1C"
  - delay: 36
    content: "\e[1C"
  - delay: 17
    content: "\e[1C"
  - delay: 54
    content: "\e[1C"
  - delay: 20
    content: "\e[1C"
  - delay: 28
    content: "\e[2C"
  - delay: 35
    content: "\e[1C"
  - delay: 40
    content: "\e[1C"
  - delay: 35
    content: "\e[1C"
  - delay: 35
    content: "\e[1C"
  - delay: 859
    content: "\e[?1l\e>\e[?2004l\r"
  - delay: 5
    content: "\n\e]0;root@archiso: lvcreate -L 10G system -n root\a"
  - delay: 83
    content: "  Logical volume \"root\" created.\r\n"
  - delay: 32
    content: "                                                                                                                                     \e[33;1H\e[?1h\e=\e[?2004h"
  - delay: 8
    content: "\e[31m\e[1mroot\e[m@archiso \e[1m~ \e[22m#                                                                                                                     \e[33;18H\e]0;root@archiso: ~\a"
  - delay: 2687
    content: lvcreate -L 10G system -n root
  - delay: 3174
    content: "\b \b"
  - delay: 325
    content: "\b \b"
  - delay: 236
    content: "\b \b"
  - delay: 715
    content: "\b \b"
  - delay: 806
    content: v
  - delay: 458
    content: a
  - delay: 832
    content: r
  - delay: 292
    content: s
  - delay: 6480
    content: "\e[?1l\e>\e[?2004l\r"
  - delay: 9
    content: "\n\e]0;root@archiso: lvcreate -L 10G system -n vars\a"
  - delay: 76
    content: "  Logical volume \"vars\" created.\r\n"
  - delay: 26
    content: "\e[?1h\e=\e[?2004h"
  - delay: 14
    content: "\e[31m\e[1mroot\e[m@archiso \e[1m~ \e[22m#                                                                                                                     \e[33;18H\e]0;root@archiso: ~\a"
  - delay: 2110
    content: lvcreate -L 10G system -n vars
  - delay: 5952
    content: "\b"
  - delay: 432
    content: "\b"
  - delay: 55
    content: "\e[?25l\e[33;44H\e[?25h"
  - delay: 62
    content: "\b"
  - delay: 17
    content: "\b"
  - delay: 19
    content: "\b"
  - delay: 16
    content: "\b"
  - delay: 37
    content: "\b"
  - delay: 36
    content: "\e[?25l\e[33;37H\e[?25h"
  - delay: 75
    content: "\e[?25l\e[33;35H\e[?25h"
  - delay: 47
    content: "\b"
  - delay: 20
    content: "\b"
  - delay: 33
    content: "\b"
  - delay: 30
    content: "\e[?25l\e[33;30H\e[?25h"
  - delay: 67
    content: "\b"
  - delay: 989
    content: "\e[1C"
  - delay: 270
    content: "\e[1C"
  - delay: 451
    content: "\e[1C"
  - delay: 1216
    content: "\bG system -n vars                                                                                       \e[33;31H"
  - delay: 2505
    content: "\e[1C"
  - delay: 245
    content: "\e[1C"
  - delay: 201
    content: "\e[1C"
  - delay: 193
    content: "\e[1C"
  - delay: 220
    content: "\e[1C"
  - delay: 178
    content: "\e[1C"
  - delay: 198
    content: "\e[1C"
  - delay: 211
    content: "\e[1C"
  - delay: 169
    content: "\e[1C"
  - delay: 179
    content: "\e[1C"
  - delay: 201
    content: "\e[1C"
  - delay: 373
    content: "\e[1C"
  - delay: 254
    content: "\e[1C"
  - delay: 186
    content: "\e[1C"
  - delay: 197
    content: "\e[1C"
  - delay: 221
    content: "\e[1C"
  - delay: 16200
    content: "\b \b"
  - delay: 126
    content: "\b \b"
  - delay: 173
    content: "\b \b"
  - delay: 858
    content: l
  - delay: 258
    content: o
  - delay: 408
    content: g
  - delay: 7193
    content: "\e[?1l\e>\e[?2004l\r\n"
  - delay: 11
    content: "\e]0;root@archiso: lvcreate -L 1G system -n vlog\a"
  - delay: 58
    content: "  Logical volume \"vlog\" created.\r\n"
  - delay: 16
    content: "\e[?1h\e=\e[?2004h\e[31m\e[1mroot\e[m@archiso \e[1m~ \e[22m#                                                                                                                     \e[33;18H\e]0;root@archiso: ~\a"
  - delay: 3287
    content: lvcreate -L 1G system -n vlog
  - delay: 3892
    content: "\b"
  - delay: 443
    content: "\b"
  - delay: 22
    content: "\b"
  - delay: 29
    content: "\b"
  - delay: 14
    content: "\b"
  - delay: 35
    content: "\e[?25l\e[33;40H\e[?25h"
  - delay: 50
    content: "\b"
  - delay: 10
    content: "\b"
  - delay: 45
    content: "\b"
  - delay: 54
    content: "\b"
  - delay: 12
    content: "\b"
  - delay: 22
    content: "\b"
  - delay: 62
    content: "\e[?25l\e[33;32H\e[?25h"
  - delay: 11
    content: "\b"
  - delay: 66
    content: "\b"
  - delay: 123
    content: "\b"
  - delay: 884
    content: "\e[1C"
  - delay: 300
    content: "\e[1C"
  - delay: 277
    content: "\e[1C"
  - delay: 918
    content: "\b system -n vlog                                                                                        \e[33;31H"
  - delay: 294
    content: "\b system -n vlog                                                                                         \e[33;30H"
  - delay: 944
    content: "\e[?25l5 system -n vlog\e[33;31H\e[?25h"
  - delay: 684
    content: "\e[?25l1 system -n vlog\e[33;32H\e[?25h"
  - delay: 259
    content: "\e[?25l2 system -n vlog\e[33;33H\e[?25h"
  - delay: 1102
    content: "\e[?25lm system -n vlog\e[33;34H\e[?25h"
  - delay: 1940
    content: "\b system -n vlog                                                                                      \e[33;33H"
  - delay: 2149
    content: "\e[?25lM system -n vlog\e[33;34H\e[?25h"
  - delay: 2323
    content: "\e[1C"
  - delay: 504
    content: "\e[1C"
  - delay: 35
    content: "\e[1C"
  - delay: 28
    content: "\e[2C"
  - delay: 70
    content: "\e[2C"
  - delay: 60
    content: "\e[1C"
  - delay: 14
    content: "\e[1C"
  - delay: 16
    content: "\e[1C"
  - delay: 31
    content: "\e[1C"
  - delay: 31
    content: "\e[1C"
  - delay: 43
    content: "\e[1C"
  - delay: 36
    content: "\e[2C"
  - delay: 2111
    content: "\b \b"
  - delay: 262
    content: "\b \b"
  - delay: 150
    content: "\b \b"
  - delay: 130
    content: "\b \b"
  - delay: 4601
    content: v
  - delay: 549
    content: a
  - delay: 531
    content: u
  - delay: 423
    content: d
  - delay: 981
    content: "\e[?1l\e>\e[?2004l\r"
  - delay: 14
    content: "\n\e]0;root@archiso: lvcreate -L 512M system -n vaud\a"
  - delay: 49
    content: "  Logical volume \"vaud\" created.\r\n"
  - delay: 20
    content: "\e[?1h\e=\e[?2004h"
  - delay: 6
    content: "\e[31m\e[1mroot\e[m@archiso \e[1m~ \e[22m#                                                                                                                     \e[33;18H\e]0;root@archiso: ~\a"
  - delay: 12073
    content: lvcreate -L 512M system -n vaud
  - delay: 1245
    content: "\b \b"
  - delay: 237
    content: "\b \b"
  - delay: 149
    content: "\b \b"
  - delay: 167
    content: "\b \b"
  - delay: 3115
    content: v
  - delay: 349
    content: t
  - delay: 729
    content: m
  - delay: 276
    content: p
  - delay: 1021
    content: "\b"
  - delay: 220
    content: "\b"
  - delay: 170
    content: "\b"
  - delay: 149
    content: "\b"
  - delay: 210
    content: "\b"
  - delay: 476
    content: "\b"
  - delay: 10
    content: "\b"
  - delay: 54
    content: "\b"
  - delay: 53
    content: "\e[?25l\e[33;39H\e[?25h"
  - delay: 68
    content: "\b"
  - delay: 129
    content: "\b"
  - delay: 140
    content: "\b"
  - delay: 193
    content: "\b"
  - delay: 376
    content: "\b"
  - delay: 864
    content: "\b system -n vtmp                                                                                      \e[33;33H"
  - delay: 156
    content: "\b system -n vtmp                                                                                       \e[33;32H"
  - delay: 172
    content: "\b system -n vtmp                                                                                        \e[33;31H"
  - delay: 457
    content: "\b system -n vtmp                                                                                         \e[33;30H"
  - delay: 1509
    content: "\e[?25l4 system -n vtmp\e[33;31H\e[?25h"
  - delay: 705
    content: "\e[?25lG system -n vtmp\e[33;32H\e[?25h"
  - delay: 1444
    content: "\e[1C"
  - delay: 526
    content: "\e[1C"
  - delay: 36
    content: "\e[2C"
  - delay: 78
    content: "\e[1C"
  - delay: 19
    content: "\e[1C"
  - delay: 38
    content: "\e[2C"
  - delay: 44
    content: "\e[1C"
  - delay: 12
    content: "\e[1C"
  - delay: 28
    content: "\e[1C"
  - delay: 50
    content: "\e[1C"
  - delay: 16
    content: "\e[1C"
  - delay: 29
    content: "\e[1C"
  - delay: 58
    content: "\e[1C"
  - delay: 9107
    content: "\e[?1l\e>\e[?2004l\r"
  - delay: 10
    content: "\n\e]0;root@archiso: lvcreate -L 4G system -n vtmp\a"
  - delay: 56
    content: "  Logical volume \"vtmp\" created.\r\n"
  - delay: 39
    content: "\e[?1h\e=\e[?2004h\e[31m\e[1mroot\e[m@archiso \e[1m~ \e[22m#                                                                                                                     \e[33;18H\e]0;root@archiso: ~\a"
  - delay: 10130
    content: lvcreate -L 4G system -n vtmp
  - delay: 1132
    content: "\b \b"
  - delay: 187
    content: "\b \b"
  - delay: 191
    content: "\b \b"
  - delay: 279
    content: "\b \b"
  - delay: 722
    content: H
  - delay: 380
    content: O
  - delay: 381
    content: M
  - delay: 469
    content: E
  - delay: 1371
    content: "\b \b"
  - delay: 176
    content: "\b \b"
  - delay: 131
    content: "\b \b"
  - delay: 179
    content: "\b \b"
  - delay: 1841
    content: h
  - delay: 431
    content: o
  - delay: 298
    content: m
  - delay: 470
    content: e
  - delay: 1124
    content: "\b"
  - delay: 501
    content: "\b"
  - delay: 12
    content: "\b"
  - delay: 61
    content: "\e[?25l\e[33;42H\e[?25h"
  - delay: 18
    content: "\b"
  - delay: 584
    content: "\b"
  - delay: 502
    content: "\e[?25l\e[33;38H\e[?25h"
  - delay: 46
    content: "\b"
  - delay: 19
    content: "\b"
  - delay: 31
    content: "\b"
  - delay: 871
    content: "\b"
  - delay: 228
    content: "\b"
  - delay: 242
    content: "\b"
  - delay: 561
    content: "\b"
  - delay: 838
    content: "\bG system -n home                                                                                        \e[33;30H"
  - delay: 685
    content: "\e[?25l1G system -n home\e[33;31H\e[?25h"
  - delay: 6337
    content: "\e[1C"
  - delay: 458
    content: "\e[1C"
  - delay: 27
    content: "\e[1C"
  - delay: 36
    content: "\e[1C"
  - delay: 38
    content: "\e[2C"
  - delay: 27
    content: "\e[1C"
  - delay: 42
    content: "\e[1C"
  - delay: 48
    content: "\e[1C"
  - delay: 24
    content: "\e[2C"
  - delay: 73
    content: "\e[1C"
  - delay: 24
    content: "\e[1C"
  - delay: 29
    content: "\e[2C"
  - delay: 50
    content: "\e[1C"
  - delay: 7630
    content: "\e[?1l\e>\e[?2004l\r\n\e]0;root@archiso: lvcreate -L 1G system -n home\a"
  - delay: 59
    content: "  Logical volume \"home\" created.\r\n"
  - delay: 39
    content: "                                                                                                                                     \e[33;1H\e[?1h\e=\e[?2004h"
  - delay: 11
    content: "\e[31m\e[1mroot\e[m@archiso \e[1m~ \e[22m#                                                                                                                     \e[33;18H\e]0;root@archiso: ~\a"
  - delay: 6333
    content: lvcreate -L 1G system -n home
  - delay: 1150
    content: "\b"
  - delay: 1506
    content: "\e[1C"
  - delay: 6044
    content: "\b \b"
  - delay: 498
    content: "\b \b"
  - delay: 49
    content: "\b \b"
  - delay: 17
    content: "\b \b"
  - delay: 61
    content: "\e[?25l\e[33;41H \b\e[?25h"
  - delay: 15
    content: "\b \b"
  - delay: 35
    content: "\b"
  - delay: 22
    content: "\b \b"
  - delay: 62
    content: "\b \b"
  - delay: 30
    content: "\b \b"
  - delay: 27
    content: "\e[?25l\e[33;34H  \e[33;34H\e[?25h"
  - delay: 36
    content: "\b \b"
  - delay: 11
    content: "\b"
  - delay: 29
    content: "\b \b"
  - delay: 42
    content: "\b \b"
  - delay: 42
    content: "\b"
  - delay: 50
    content: "\b \b"
  - delay: 14
    content: "\b \b"
  - delay: 34
    content: "\b"
  - delay: 33
    content: "\e[?25l\e[33;24H  \e[33;24H\e[?25h"
  - delay: 2207
    content: t
  - delay: 328
    content: e
  - delay: 462
    content: ' '
  - delay: 1732
    content: '-'
  - delay: 1549
    content: l
  - delay: 3978
    content: '5'
  - delay: 1438
    content: '0'
  - delay: 4605
    content: '%'
  - delay: 4200
    content: F
  - delay: 143
    content: R
  - delay: 250
    content: E
  - delay: 158
    content: E
  - delay: 861
    content: ' '
  - delay: 8828
    content: s
  - delay: 591
    content: 'y'
  - delay: 419
    content: s
  - delay: 409
    content: t
  - delay: 371
    content: e
  - delay: 1381
    content: m
  - delay: 164
    content: ' '
  - delay: 961
    content: '-'
  - delay: 392
    content: 'n'
  - delay: 280
    content: ' '
  - delay: 1685
    content: v
  - delay: 360
    content: r
  - delay: 375
    content: a
  - delay: 800
    content: b
  - delay: 3585
    content: "\b \b"
  - delay: 169
    content: "\b \b"
  - delay: 113
    content: "\b \b"
  - delay: 220
    content: "\b \b"
  - delay: 783
    content: c
  - delay: 377
    content: r
  - delay: 404
    content: a
  - delay: 520
    content: b
  - delay: 32845
    content: "\b"
  - delay: 178
    content: "\b"
  - delay: 395
    content: "\b"
  - delay: 191
    content: "\b"
  - delay: 1224
    content: "\e[?25lrcrab\e[33;48H\e[?25h"
  - delay: 818
    content: "\e[?25locrab\e[33;49H\e[?25h"
  - delay: 141
    content: "\e[?25locrab\e[33;50H\e[?25h"
  - delay: 797
    content: "\e[?25ltcrab\e[33;51H\e[?25h"
  - delay: 606
    content: "\e[?25l crab\e[33;52H\e[?25h"
  - delay: 33748
    content: "\e[?1l\e>\e[?2004l\r\n"
  - delay: 17
    content: "\e]0;root@archiso: lvcreate -l50%FREE system -n root crab\a"
  - delay: 27
    content: "  Physical Volume \"crab\" not found in Volume Group \"system\".\r\n"
  - delay: 21
    content: "\e[?1h\e=\e[?2004h"
  - delay: 12
    content: "\e[31m\e[1m5 root\e[m@archiso \e[1m~ \e[22m#                                                                                                                :( \e[33;20H\e]0;root@archiso: ~\a"
  - delay: 5446
    content: lvcreate -l50%FREE system -n root crab
  - delay: 1312
    content: "\b"
  - delay: 278
    content: "\b"
  - delay: 239
    content: "\b"
  - delay: 150
    content: "\b"
  - delay: 179
    content: "\b"
  - delay: 943
    content: "\e[?25l\b crab \e[33;52H\e[?25h"
  - delay: 170
    content: "\e[?25l\b crab \e[33;51H\e[?25h"
  - delay: 179
    content: "\e[?25l\b crab \e[33;50H\e[?25h"
  - delay: 162
    content: "\e[?25l\b crab \e[33;49H\e[?25h"
  - delay: 593
    content: "\e[?25lcrab \e[33;48H\e[?25h"
  - delay: 1335
    content: "\e[1C"
  - delay: 928
    content: "\e[?25l\bcrab \e[33;48H\e[?25h"
  - delay: 642
    content: "\e[?25l crab\e[33;49H\e[?25h"
  - delay: 1100
    content: "\e[1C"
  - delay: 520
    content: "\e[1C"
  - delay: 14
    content: "\e[1C"
  - delay: 46
    content: "\e[1C"
  - delay: 1346
    content: "\e[?1l\e>\e[?2004l\e[K\r\n"
  - delay: 16
    content: "\e]0;root@archiso: lvcreate -l50%FREE system -n crab\a"
  - delay: 50
    content: "  Logical volume \"crab\" created.\r\n"
  - delay: 17
    content: "                                                                                                                                     \e[33;1H\e[?1h\e=\e[?2004h"
  - delay: 15
    content: "\e[31m\e[1mroot\e[m@archiso \e[1m~ \e[22m#                                                                                                                     \e[33;18H\e]0;root@archiso: ~\a"
  - delay: 117354
    content: m
  - delay: 1320
    content: "\bmk"
  - delay: 737
    content: f
  - delay: 392
    content: s
  - delay: 13318
    content: .
  - delay: 743
    content: v
  - delay: 1168
    content: f
  - delay: 491
    content: a
  - delay: 433
    content: t
  - delay: 2459
    content: ' '
  - delay: 1293
    content: '-'
  - delay: 2751
    content: F
  - delay: 891
    content: '3'
  - delay: 305
    content: '2'
  - delay: 1643
    content: ' '
  - delay: 1426
    content: '-'
  - delay: 486
    content: 'n'
  - delay: 665
    content: ' '
  - delay: 1745
    content: B
  - delay: 1055
    content: O
  - delay: 190
    content: O
  - delay: 841
    content: T
  - delay: 1590
    content: ' '
  - delay: 1449
    content: /
  - delay: 523
    content: d
  - delay: 396
    content: e
  - delay: 734
    content: v
  - delay: 1626
    content: /
  - delay: 13398
    content: 'n'
  - delay: 309
    content: v
  - delay: 371
    content: m
  - delay: 516
    content: e
  - delay: 2710
    content: '0'
  - delay: 563
    content: 'n'
  - delay: 1020
    content: '1'
  - delay: 812
    content: p
  - delay: 479
    content: '5'
  - delay: 13500
    content: "\e[?1l\e>\e[?2004l\r"
  - delay: 16
    content: "\n\e]0;root@archiso: mkfs.vfat -F32 -n BOOT /dev/nvme0n1p5\a"
  - delay: 27
    content: "mkfs.fat 4.2 (2021-01-31)\r\n"
  - delay: 96
    content: "                                                                                                                                     \e[33;1H\e[?1h\e=\e[?2004h"
  - delay: 13
    content: "\e[31m\e[1mroot\e[m@archiso \e[1m~ \e[22m#                                                                                                                     \e[33;18H\e]0;root@archiso: ~\a"
  - delay: 32914
    content: mkfs.vfat -F32 -n BOOT /dev/nvme0n1p5
  - delay: 997
    content: "\b \b"
  - delay: 493
    content: "\b \b"
  - delay: 59
    content: "\e[?25l\e[33;51H  \e[33;51H\e[?25h"
  - delay: 31
    content: "\b \b"
  - delay: 35
    content: "\b \b"
  - delay: 42
    content: "\b \b"
  - delay: 31
    content: "\b \b"
  - delay: 17
    content: "\e[?25l\e[33;45H  \e[33;45H\e[?25h"
  - delay: 43
    content: "\b \b"
  - delay: 59
    content: "\e[?25l\e[33;42H  \e[33;42H\e[?25h"
  - delay: 24
    content: "\b \b"
  - delay: 15
    content: "\b"
  - delay: 62
    content: "\b \b"
  - delay: 33
    content: "\e[?25l\e[33;37H  \e[33;37H\e[?25h"
  - delay: 36
    content: "\b \b"
  - delay: 41
    content: "\b"
  - delay: 34
    content: "\b \b"
  - delay: 35
    content: "\b \b"
  - delay: 40
    content: "\e[?25l\e[33;31H \b\e[?25h"
  - delay: 51
    content: "\b \b"
  - delay: 19
    content: "\b \b"
  - delay: 14
    content: "\b \b"
  - delay: 175
    content: "\b"
  - delay: 150
    content: "\b \b"
  - delay: 143
    content: "\b \b"
  - delay: 177
    content: "\b \b"
  - delay: 155
    content: "\b \b"
  - delay: 2622
    content: e
  - delay: 443
    content: x
  - delay: 490
    content: t
  - delay: 2549
    content: '4'
  - delay: 362
    content: ' '
  - delay: 570
    content: ./
  - delay: 1627
    content: "\b \b"
  - delay: 465
    content: "\b \b"
  - delay: 917
    content: /
  - delay: 527
    content: d
  - delay: 261
    content: e
  - delay: 621
    content: v
  - delay: 1289
    content: /
  - delay: 6263
    content: s
  - delay: 1284
    content: 'y'
  - delay: 390
    content: s
  - delay: 542
    content: t
  - delay: 330
    content: e
  - delay: 648
    content: m
  - delay: 733
    content: /
  - delay: 2319
    content: r
  - delay: 565
    content: o
  - delay: 93
    content: o
  - delay: 310
    content: t
  - delay: 1700
    content: "\e[?1l\e>\e[?2004l\r"
  - delay: 5
    content: "\n\e]0;root@archiso: mkfs.ext4 /dev/system/root\a"
  - delay: 48
    content: "mke2fs 1.47.4 (6-Mar-2025)\r\n"
  - delay: 100
    content: "\e[?25lDiscarding device blocks:       0/2621440\e[33;27H\e[?25h"
  - delay: 64
    content: "done\e[28X\r\nCreating filesystem with 2621440 4k blocks and 655360 inodes\r\nFilesystem UUID: a79ffdb7-d884-4778-8944-ec737e741cfc\r\nSuperblock backups stored on blocks:\r\n        32768, 98304, 163840, 229376, 294912, 819200, 884736, 1605632\r\n\nAllocating group tables: done\r\nWriting inode tables: done\e[28X\r"
  - delay: 13
    content: "\nCreating journal (16384 blocks):\e[1C"
  - delay: 232
    content: "done\r\e[?25l\nWriting superblocks and filesystem accounting information:  0/80\e[33;60H\e[?25h"
  - delay: 8
    content: "done \r\n"
  - delay: 6
    content: "\e[?1h\e=\e[?2004h"
  - delay: 6
    content: "\n\e[31m\e[1mroot\e[m@archiso \e[1m~ \e[22m#                                                                                                                     \e[33;18H\e]0;root@archiso: ~\a"
  - delay: 14870
    content: mkfs.ext4 /dev/system/root
  - delay: 1680
    content: "\b \b"
  - delay: 261
    content: "\b \b"
  - delay: 451
    content: "\b \b"
  - delay: 333
    content: "\b \b"
  - delay: 3519
    content: v
  - delay: 334
    content: a
  - delay: 349
    content: r
  - delay: 272
    content: s
  - delay: 754
    content: "\e[?1l\e>\e[?2004l\r"
  - delay: 11
    content: "\n\e]0;root@archiso: mkfs.ext4 /dev/system/vars\amke2fs 1.47.4 (6-Mar-2025)\r"
  - delay: 15
    content: |+

  - delay: 57
    content: "/dev/system/vars contains `DIY-Thermocam raw data (Lepton 2.x), scale 8192--13505, spot sensor temperature 0.000000, unit celsius, co\r\n\e[32;133Holor scheme 0, calibration: offset -2305843009213693952.000000, slope 0.014287' data\r\nProceed anyway? (y,N)\e[1C"
  - delay: 1902
    content: '^[[A'
  - delay: 3470
    content: "\b \b"
  - delay: 561
    content: "\b \b"
  - delay: 261
    content: "\e[?25l\e[33;23H  \e[33;23H\e[?25h"
  - delay: 15050
    content: 'y'
  - delay: 1659
    content: "\r\n"
  - delay: 39
    content: "\e[?25lDiscarding device blocks:       0/2621440\e[33;27H\e[?25hdone\e[28X\r\nCreating filesystem with 2621440 4k blocks and 655360 inodes\r\nFilesystem UUID: 2a1f7aee-4062-441c-b496-1d84c801da03\r\nSuperblock backups stored on blocks:\r\n        32768, 98304, 163840, 229376, 294912, 819200, 884736, 1605632\r\n\nAllocating group tables: done\r\nWriting inode tables: done\r"
  - delay: 10
    content: |+

  - delay: 19
    content: 'Creating journal (16384 blocks): '
  - delay: 265
    content: "done\r\nWriting superblocks and filesystem accounting information:\e[1Cdone\r\n"
  - delay: 7
    content: "\e[?1h\e=\e[?2004h\n\e[31m\e[1mroot\e[m@archiso \e[1m~ \e[22m#                                                                                                                     \e[33;18H\e]0;root@archiso: ~\a"
  - delay: 4542
    content: mkfs.ext4 /dev/system/vars
  - delay: 1209
    content: "\b \b"
  - delay: 281
    content: "\b \b"
  - delay: 234
    content: "\b \b"
  - delay: 349
    content: "\b \b"
  - delay: 2532
    content: v
  - delay: 496
    content: l
  - delay: 273
    content: o
  - delay: 385
    content: g
  - delay: 1149
    content: "\e[?1l\e>\e[?2004l\r\n"
  - delay: 15
    content: "mke2fs 1.47.4 (6-Mar-2025)\r\e]0;root@archiso: mkfs.ext4 /dev/system/vlog\a\n"
  - delay: 65
    content: "\e[?25lDiscarding device blocks:      0/262144\e[33;27H\e[?25hdone\e[28X\r"
  - delay: 6
    content: "\nCreating filesystem with 262144 4k blocks and 65536 inodes\r\nFilesystem UUID: 3a15ecb6-c973-4286-9bf2-344b8adf14e8\r\nSuperblock backups stored on blocks:\r\n        32768, 98304, 163840, 229376\r\n\nAllocating group tables: done\r\nWriting inode tables: done\r"
  - delay: 5
    content: "\nCreating journal (8192 blocks):\e[1C"
  - delay: 129
    content: "done\r\n"
  - delay: 9
    content: "Writing superblocks and filesystem accounting information: done\r\n\n                                                                                                                                     \e[33;1H\e[?1h\e=\e[?2004h"
  - delay: 17
    content: "\e[31m\e[1mroot\e[m@archiso \e[1m~ \e[22m#                                                                                                                     \e[33;18H\e]0;root@archiso: ~\a"
  - delay: 2249
    content: mkfs.ext4 /dev/system/vlog
  - delay: 1645
    content: "\b \b"
  - delay: 124
    content: "\b \b"
  - delay: 200
    content: "\b \b"
  - delay: 261
    content: "\b \b"
  - delay: 2891
    content: v
  - delay: 400
    content: a
  - delay: 542
    content: u
  - delay: 386
    content: d
  - delay: 899
    content: "\e[?1l\e>\e[?2004l\r"
  - delay: 10
    content: "\n\e]0;root@archiso: mkfs.ext4 /dev/system/vaud\amke2fs 1.47.4 (6-Mar-2025)\r"
  - delay: 10
    content: |+

  - delay: 55
    content: "Discarding device blocks: done\e[28X\r\nCreating filesystem with 131072 4k blocks and 32768 inodes\r\nFilesystem UUID: 933217dd-8bad-46c0-a728-31923ca2715a\r\nSuperblock backups stored on blocks:\r\n        32768, 98304\r\n\nAllocating group tables: done\r\nWriting inode tables: done\r"
  - delay: 21
    content: "\nCreating journal (4096 blocks):\e[1C"
  - delay: 44
    content: "done\r\e[?25l\nWriting superblocks and filesystem accounting information: 0/4\e[33;60H\e[?25hdone\r\n\e[?1h\e=\e[?2004h"
  - delay: 8
    content: "\n\e[31m\e[1mroot\e[m@archiso \e[1m~ \e[22m#                                                                                                                     \e[33;18H\e]0;root@archiso: ~\a"
  - delay: 4266
    content: mkfs.ext4 /dev/system/vaud
  - delay: 1200
    content: "\b \b"
  - delay: 180
    content: "\b \b"
  - delay: 541
    content: "\b \b"
  - delay: 659
    content: t
  - delay: 610
    content: m
  - delay: 368
    content: p
  - delay: 765
    content: "\e[?1l\e>\e[?2004l\r"
  - delay: 10
    content: "\n\e]0;root@archiso: mkfs.ext4 /dev/system/vtmp\a"
  - delay: 8
    content: "mke2fs 1.47.4 (6-Mar-2025)\r"
  - delay: 9
    content: |+

  - delay: 62
    content: "Discarding device blocks: done\e[28X\r\n"
  - delay: 11
    content: "Creating filesystem with 1048576 4k blocks and 262144 inodes\r\nFilesystem UUID: c6ff9668-a601-4703-8578-fa3fdc7fbc26\r\nSuperblock backups stored on blocks:\r\n        32768, 98304, 163840, 229376, 294912, 819200, 884736\r\n\nAllocating group tables: done\r\nWriting inode tables: done\r\nCreating journal (16384 blocks):\e[1C"
  - delay: 275
    content: "done\r\n"
  - delay: 7
    content: "Writing superblocks and filesystem accounting information: done \r\n\n                                                                                                                                     \e[33;1H\e[?1h\e=\e[?2004h"
  - delay: 14
    content: "\e[31m\e[1mroot\e[m@archiso \e[1m~ \e[22m#                                                                                                                     \e[33;18H\e]0;root@archiso: ~\a"
  - delay: 4075
    content: mkfs.ext4 /dev/system/vtmp
  - delay: 1162
    content: "\b \b"
  - delay: 151
    content: "\b \b"
  - delay: 198
    content: "\b \b"
  - delay: 221
    content: "\b \b"
  - delay: 601
    content: h
  - delay: 428
    content: o
  - delay: 330
    content: m
  - delay: 520
    content: e
  - delay: 616
    content: "\e[?1l\e>\e[?2004l\r"
  - delay: 12
    content: "\n\e]0;root@archiso: mkfs.ext4 /dev/system/home\amke2fs 1.47.4 (6-Mar-2025)\r"
  - delay: 9
    content: |+

  - delay: 54
    content: "\e[?25lDiscarding device blocks:      0/262144\e[33;27H\e[?25hdone\e[28X\r\nCreating filesystem with 262144 4k blocks and 65536 inodes\r\nFilesystem UUID: 49c7a0dc-1a0b-41ff-b6a1-f69cf5ade5e0\r\nSuperblock backups stored on blocks:\r\n        32768, 98304, 163840, 229376\r\n\nAllocating group tables: done\r\nWriting inode tables: done\r"
  - delay: 15
    content: "\nCreating journal (8192 blocks):\e[1C"
  - delay: 128
    content: "done\r\nWriting superblocks and filesystem accounting information:\e[1C"
  - delay: 6
    content: "done\r\n"
  - delay: 6
    content: "\e[?1h\e=\e[?2004h\n\e[31m\e[1mroot\e[m@archiso \e[1m~ \e[22m#                                                                                                                     \e[33;18H\e]0;root@archiso: ~\a"
  - delay: 114013
    content: c
  - delay: 416
    content: "\bcr"
  - delay: 355
    content: 'y'
  - delay: 626
    content: p
  - delay: 1459
    content: t
  - delay: 730
    content: s
  - delay: 319
    content: e
  - delay: 396
    content: t
  - delay: 435
    content: u
  - delay: 631
    content: p
  - delay: 929
    content: ' '
  - delay: 1988
    content: l
  - delay: 355
    content: u
  - delay: 358
    content: k
  - delay: 477
    content: s
  - delay: 2010
    content: F
  - delay: 1551
    content: o
  - delay: 438
    content: r
  - delay: 693
    content: m
  - delay: 508
    content: a
  - delay: 1918
    content: t
  - delay: 371
    content: ' '
  - delay: 623
    content: /
  - delay: 487
    content: d
  - delay: 479
    content: e
  - delay: 940
    content: v
  - delay: 2293
    content: /
  - delay: 617
    content: s
  - delay: 472
    content: 'y'
  - delay: 284
    content: s
  - delay: 662
    content: t
  - delay: 319
    content: e
  - delay: 775
    content: m
  - delay: 3551
    content: /
  - delay: 12504
    content: c
  - delay: 277
    content: r
  - delay: 289
    content: a
  - delay: 552
    content: b
  - delay: 1025
    content: "\e[?1l\e>\e[?2004l\r"
  - delay: 13
    content: "\n\e]0;root@archiso: cryptsetup luksFormat /dev/system/crab\a"
  - delay: 57
    content: "\nWARNING!\r\n========\r\nThis will overwrite data on /dev/system/crab irrevocably.\r\n\nAre you sure? (Type 'yes' in capital letters):\e[1C"
  - delay: 8733
    content: 'Y'
  - delay: 437
    content: E
  - delay: 268
    content: S
  - delay: 924
    content: "\r\nEnter passphrase for /dev/system/crab:\e[1C"
  - delay: 14143
    content: "\r\nVerify passphrase:\e[1C"
  - delay: 2682
    content: "\r\n"
  - delay: 8952
    content: "cryptsetup luksFormat /dev/system/crab  24.90s user 0.55s system 70% cpu 36.206 total\r\n                                                                                                                                     \e[33;1H\e[?1h\e=\e[?2004h"
  - delay: 29
    content: "\e[31m\e[1mroot\e[m@archiso \e[1m~ \e[22m#                                                                                                                     \e[33;18H\e]0;root@archiso: ~\a"
  - delay: 21096
    content: m
  - delay: 832
    content: "\bmo"
  - delay: 334
    content: u
  - delay: 303
    content: 'n'
  - delay: 809
    content: t
  - delay: 524
    content: ' '
  - delay: 577
    content: /
  - delay: 692
    content: d
  - delay: 237
    content: e
  - delay: 461
    content: v
  - delay: 1090
    content: /
  - delay: 972
    content: s
  - delay: 439
    content: 'y'
  - delay: 417
    content: s
  - delay: 365
    content: t
  - delay: 1106
    content: e
  - delay: 852
    content: m
  - delay: 2447
    content: /
  - delay: 1170
    content: r
  - delay: 854
    content: o
  - delay: 204
    content: o
  - delay: 391
    content: t
  - delay: 1210
    content: ' '
  - delay: 551
    content: /
  - delay: 420
    content: m
  - delay: 308
    content: 'n'
  - delay: 316
    content: t
  - delay: 11210
    content: "\e[?1l\e>\e[?2004l\r\n\e]0;root@archiso: mount /dev/system/root /mnt\a"
  - delay: 35
    content: "                                                                                                                                     \e[33;1H"
  - delay: 10
    content: "\e[?1h\e=\e[?2004h"
  - delay: 7
    content: "\e[31m\e[1mroot\e[m@archiso \e[1m~ \e[22m#                                                                                                                     \e[33;18H\e]0;root@archiso: ~\a"
  - delay: 50119
    content: l
  - delay: 619
    content: "\bls"
  - delay: 666
    content: b
  - delay: 685
    content: l
  - delay: 253
    content: k
  - delay: 1557
    content: "\e[?1l\e>\e[?2004l\r\n\e]0;root@archiso: lsblk\a"
  - delay: 12
    content: "NAME            MAJ:MIN RM   SIZE RO TYPE MOUNTPOINTS\r\nloop0             7:0    0 973.1M  1 loop /run/archiso/airootfs\r\nsda               8:0    1   7.5G  0 disk\r\n├─sda1            8:1    1   1.2G  0 part\r\n└─sda2            8:2    1   253M  0 part\r\nnvme0n1         259:0    0 476.9G  0 disk\r\n├─nvme0n1p1     259:5    0   260M  0 part\r\n├─nvme0n1p2     259:6    0    16M  0 part\r\n├─nvme0n1p3     259:7    0 424.3G  0 part\r\n├─nvme0n1p4     259:8    0     2G  0 part\r\n├─nvme0n1p5     259:9    0     3G  0 part\r\n└─nvme0n1p6     259:11   0  47.4G  0 part\r\n  ├─system-root 253:0    0    10G  0 lvm  /mnt\r\n  ├─system-vars 253:1    0    10G  0 lvm\r\n  ├─system-vlog 253:2    0     1G  0 lvm\r\n  ├─system-vaud 253:3    0   512M  0 lvm\r\n  ├─system-vtmp 253:4    0     4G  0 lvm\r\n  ├─system-home 253:5    0     1G  0 lvm\r\n  └─system-crab 253:6    0  10.5G  0 lvm\r\e[?1h\e=\e[?2004h"
  - delay: 9
    content: "\n\e[31m\e[1mroot\e[m@archiso \e[1m~ \e[22m#                                                                                                                     \e[33;18H\e]0;root@archiso: ~\a"
  - delay: 21887
    content: m
  - delay: 275
    content: "\bmo"
  - delay: 379
    content: u
  - delay: 407
    content: 'n'
  - delay: 613
    content: t
  - delay: 2658
    content: ' '
  - delay: 663
    content: '-'
  - delay: 130
    content: '-'
  - delay: 1124
    content: m
  - delay: 80
    content: k
  - delay: 515
    content: d
  - delay: 491
    content: i
  - delay: 387
    content: r
  - delay: 661
    content: ' '
  - delay: 4213
    content: '-'
  - delay: 329
    content: o
  - delay: 707
    content: ' '
  - delay: 2356
    content: u
  - delay: 262
    content: i
  - delay: 521
    content: d
  - delay: 1260
    content: '='
  - delay: 1246
    content: '0'
  - delay: 7758
    content: ','
  - delay: 5018
    content: g
  - delay: 378
    content: i
  - delay: 556
    content: d
  - delay: 2035
    content: '='
  - delay: 1079
    content: '0'
  - delay: 3747
    content: ','
  - delay: 498
    content: d
  - delay: 668
    content: m
  - delay: 563
    content: a
  - delay: 267
    content: s
  - delay: 5571
    content: k
  - delay: 849
    content: '='
  - delay: 2143
    content: '0'
  - delay: 426
    content: '0'
  - delay: 783
    content: '7'
  - delay: 246
    content: '7'
  - delay: 3128
    content: ','
  - delay: 2970
